synthetic_sales_data.csv
date,sales,store_id,product_id,price,promotion,holiday,weekday,month,year
01-01-2020,212.9,1,1,72.98,0,1,2,1,2020
02-01-2020,186.3,1,1,42.44,0,0,3,1,2020
03-01-2020,182.3,1,1,57.72,0,0,4,1,2020
04-01-2020,207.2,1,1,41.86,0,0,5,1,2020
05-01-2020,174.2,1,1,55.87,0,0,6,1,2020
06-01-2020,186.4,1,1,48.19,0,0,0,1,2020
07-01-2020,177.7,1,1,62.88,0,0,1,1,2020
08-01-2020,157.0,1,1,73.07,0,0,2,1,2020
09-01-2020,124.3,1,1,95.37,0,0,3,1,2020
10-01-2020,248.5,1,1,13.92,0,0,4,1,2020
11-01-2020,177.4,1,1,51.82,0,0,5,1,2020
12-01-2020,188.6,1,1,59.72,0,0,6,1,2020
13-01-2020,220.9,1,1,23.04,0,0,0,1,2020
14-01-2020,196.3,1,1,49.69,0,0,1,1,2020
15-01-2020,157.0,1,1,90.6,1,0,2,1,2020
16-01-2020,155.5,1,1,96.78,0,0,3,1,2020
17-01-2020,285.5,1,1,25.96,0,1,4,1,2020
18-01-2020,182.3,1,1,98.33,1,1,5,1,2020
19-01-2020,180.6,1,1,85.16,1,0,6,1,2020
20-01-2020,164.2,1,1,62.33,0,0,0,1,2020
21-01-2020,249.9,1,1,40.69,1,0,1,1,2020
22-01-2020,180.2,1,1,83.2,1,0,2,1,2020
23-01-2020,252.2,1,1,16.02,0,0,3,1,2020
24-01-2020,244.9,1,1,13.85,0,0,4,1,2020
25-01-2020,146.3,1,1,81.91,0,0,5,1,2020
26-01-2020,180.3,1,1,58.01,0,0,6,1,2020
27-01-2020,259.8,1,1,36.49,0,1,0,1,2020
28-01-2020,178.9,1,1,54.45,0,0,1,1,2020
29-01-2020,208.3,1,1,39.65,0,0,2,1,2020
30-01-2020,222.1,1,1,81,1,1,3,1,2020
31-01-2020,126.1,1,1,99.09,0,0,4,1,2020
01-02-2020,128.3,1,1,96.04,0,0,5,2,2020
02-02-2020,263.2,1,1,14.67,0,0,6,2,2020
03-02-2020,225.1,1,1,44.05,0,0,0,2,2020
04-02-2020,201.9,1,1,78.73,1,0,1,2,2020
05-02-2020,214.8,1,1,79.1,1,0,2,2,2020
06-02-2020,247.0,1,1,52.41,1,0,3,2,2020
07-02-2020,192.1,1,1,57.68,0,0,4,2,2020
08-02-2020,146.1,1,1,86.25,0,0,5,2,2020
09-02-2020,273.8,1,1,17.89,0,0,6,2,2020
10-02-2020,210.3,1,1,76.98,1,0,0,2,2020
11-02-2020,211.8,1,1,63.47,0,0,1,2,2020
12-02-2020,271.7,1,1,30.98,1,0,2,2,2020
13-02-2020,202.1,1,1,57.75,0,0,3,2,2020
14-02-2020,194.7,1,1,73.74,0,0,4,2,2020
15-02-2020,297.1,1,1,20.07,1,0,5,2,2020
16-02-2020,165.3,1,1,88.18,0,0,6,2,2020
17-02-2020,159.9,1,1,94.42,0,0,0,2,2020
18-02-2020,253.1,1,1,22.3,0,0,1,2,2020
19-02-2020,186.6,1,1,88.04,1,0,2,2,2020
20-02-2020,244.6,1,1,31.82,0,0,3,2,2020
21-02-2020,182.9,1,1,72.93,0,0,4,2,2020
22-02-2020,328.8,1,1,10.21,1,0,5,2,2020
23-02-2020,214.7,1,1,44.17,0,0,6,2,2020
24-02-2020,266.5,1,1,11.06,0,0,0,2,2020
25-02-2020,155.3,1,1,86.67,0,0,1,2,2020
26-02-2020,268.7,1,1,65.3,0,1,2,2,2020
27-02-2020,248.1,1,1,43.4,0,0,3,2,2020
28-02-2020,251.3,1,1,21.68,0,0,4,2,2020
29-02-2020,161.1,1,1,97.67,0,0,5,2,2020
01-03-2020,192.3,1,1,94.1,1,0,6,3,2020
02-03-2020,212.8,1,1,87.54,0,1,0,3,2020
03-03-2020,152.0,1,1,99.18,0,0,1,3,2020
04-03-2020,231.9,1,1,53.07,0,0,2,3,2020
05-03-2020,158.6,1,1,91.39,0,0,3,3,2020
06-03-2020,163.3,1,1,95.47,0,0,4,3,2020
07-03-2020,199.4,1,1,79.31,1,0,5,3,2020
08-03-2020,252.2,1,1,29.62,0,0,6,3,2020
09-03-2020,232.9,1,1,71.5,1,0,0,3,2020
10-03-2020,303.8,1,1,25.36,1,0,1,3,2020
11-03-2020,318.1,1,1,23.55,1,0,2,3,2020
12-03-2020,310.0,1,1,33.01,1,0,3,3,2020
13-03-2020,206.3,1,1,65.33,0,0,4,3,2020
14-03-2020,276.2,1,1,20,0,0,5,3,2020
15-03-2020,171.1,1,1,77.98,0,0,6,3,2020
16-03-2020,331.3,1,1,14.05,1,0,0,3,2020
17-03-2020,197.8,1,1,89.47,1,0,1,3,2020
18-03-2020,244.1,1,1,41.88,0,0,2,3,2020
19-03-2020,226.0,1,1,46.37,0,0,3,3,2020
20-03-2020,222.5,1,1,85.88,0,1,4,3,2020
21-03-2020,272.3,1,1,44.41,1,0,5,3,2020
22-03-2020,285.1,1,1,34.58,1,0,6,3,2020
23-03-2020,266.8,1,1,21.62,0,0,0,3,2020
24-03-2020,254.8,1,1,30.34,0,0,1,3,2020
25-03-2020,278.7,1,1,11.68,0,0,2,3,2020
26-03-2020,228.5,1,1,41.24,0,0,3,3,2020
27-03-2020,243.9,1,1,83.16,1,1,4,3,2020
28-03-2020,281.9,1,1,30.14,0,0,5,3,2020
29-03-2020,190.1,1,1,93.97,1,0,6,3,2020
30-03-2020,228.7,1,1,45.91,0,0,0,3,2020
31-03-2020,217.4,1,1,51.44,0,0,1,3,2020
01-04-2020,195.9,1,1,92.15,0,1,2,4,2020
02-04-2020,274.3,1,1,39.51,1,0,3,4,2020
03-04-2020,350.6,1,1,10.93,1,0,4,4,2020
04-04-2020,259.1,1,1,20.35,0,0,5,4,2020
05-04-2020,198.7,1,1,67.07,0,0,6,4,2020
06-04-2020,242.6,1,1,27.93,0,0,0,4,2020
07-04-2020,264.0,1,1,80.33,1,1,1,4,2020
08-04-2020,226.3,1,1,74.44,1,0,2,4,2020
09-04-2020,340.9,1,1,39.71,1,1,3,4,2020
10-04-2020,218.2,1,1,40.6,0,0,4,4,2020
11-04-2020,212.0,1,1,47.5,0,0,5,4,2020
12-04-2020,218.6,1,1,52.97,0,0,6,4,2020
13-04-2020,218.9,1,1,41.46,0,0,0,4,2020
14-04-2020,164.2,1,1,98.41,1,0,1,4,2020
15-04-2020,238.9,1,1,36.34,0,0,2,4,2020
16-04-2020,177.7,1,1,76.24,0,0,3,4,2020
17-04-2020,191.8,1,1,71.84,0,0,4,4,2020
18-04-2020,230.2,1,1,48.56,0,0,5,4,2020
19-04-2020,264.4,1,1,77.81,1,1,6,4,2020
20-04-2020,175.0,1,1,95.56,0,1,0,4,2020
21-04-2020,188.5,1,1,83.86,1,0,1,4,2020
22-04-2020,316.7,1,1,15.52,1,0,2,4,2020
23-04-2020,180.4,1,1,69.06,0,0,3,4,2020
24-04-2020,251.6,1,1,32.06,0,0,4,4,2020
25-04-2020,262.4,1,1,53.8,1,0,5,4,2020
26-04-2020,382.8,1,1,28.53,1,1,6,4,2020
27-04-2020,203.9,1,1,45.85,0,0,0,4,2020
28-04-2020,244.5,1,1,21.96,0,0,1,4,2020
29-04-2020,177.0,1,1,80.93,0,0,2,4,2020
30-04-2020,300.5,1,1,35.96,1,0,3,4,2020
01-05-2020,184.6,1,1,41.54,0,0,4,5,2020
02-05-2020,173.5,1,1,73.94,0,0,5,5,2020
03-05-2020,201.9,1,1,65.86,1,0,6,5,2020
04-05-2020,230.4,1,1,43.79,1,0,0,5,2020
05-05-2020,162.8,1,1,70.27,0,0,1,5,2020
06-05-2020,218.4,1,1,15.58,0,0,2,5,2020
07-05-2020,185.6,1,1,83.04,1,0,3,5,2020
08-05-2020,142.1,1,1,87.46,0,0,4,5,2020
09-05-2020,180.4,1,1,82.92,1,0,5,5,2020
10-05-2020,140.1,1,1,88.82,0,0,6,5,2020
11-05-2020,263.3,1,1,30.57,1,0,0,5,2020
12-05-2020,123.6,1,1,94.37,0,0,1,5,2020
13-05-2020,126.9,1,1,94.45,0,0,2,5,2020
14-05-2020,144.0,1,1,80.46,0,0,3,5,2020
15-05-2020,252.7,1,1,22.54,1,0,4,5,2020
16-05-2020,151.0,1,1,95.47,1,0,5,5,2020
17-05-2020,164.2,1,1,60.29,0,0,6,5,2020
18-05-2020,176.2,1,1,93.09,1,0,0,5,2020
19-05-2020,125.6,1,1,93.51,0,0,1,5,2020
20-05-2020,128.8,1,1,90.67,0,0,2,5,2020
21-05-2020,136.0,1,1,96.68,0,0,3,5,2020
22-05-2020,193.7,1,1,43.72,0,0,4,5,2020
23-05-2020,228.5,1,1,21.86,0,0,5,5,2020
24-05-2020,287.1,1,1,25.64,0,1,6,5,2020
25-05-2020,167.8,1,1,96.25,0,1,0,5,2020
26-05-2020,219.3,1,1,61.86,0,1,1,5,2020
27-05-2020,178.3,1,1,84.79,1,0,2,5,2020
28-05-2020,291.2,1,1,27.36,0,1,3,5,2020
29-05-2020,199.3,1,1,77.69,1,0,4,5,2020
30-05-2020,144.1,1,1,87.09,0,0,5,5,2020
31-05-2020,195.3,1,1,59.22,0,0,6,5,2020
01-06-2020,100.8,1,1,80.65,0,0,0,6,2020
02-06-2020,156.7,1,1,46.83,0,0,1,6,2020
03-06-2020,181.1,1,1,53.43,0,1,2,6,2020
04-06-2020,119.7,1,1,76.51,0,0,3,6,2020
05-06-2020,112.4,1,1,85.08,0,0,4,6,2020
06-06-2020,195.2,1,1,48.23,0,1,5,6,2020
07-06-2020,138.4,1,1,35.03,0,0,6,6,2020
08-06-2020,145.2,1,1,55.6,0,0,0,6,2020
09-06-2020,159.4,1,1,53.11,0,0,1,6,2020
10-06-2020,119.1,1,1,73.53,0,0,2,6,2020
11-06-2020,125.9,1,1,73.86,0,0,3,6,2020
12-06-2020,197.8,1,1,38.87,1,0,4,6,2020
13-06-2020,147.2,1,1,43.22,0,0,5,6,2020
14-06-2020,139.8,1,1,53.38,0,0,6,6,2020
15-06-2020,157.7,1,1,67.34,1,0,0,6,2020
16-06-2020,130.3,1,1,61.08,0,0,1,6,2020
17-06-2020,150.6,1,1,46.15,0,0,2,6,2020
18-06-2020,181.9,1,1,61.95,1,0,3,6,2020
19-06-2020,108.3,1,1,95.35,0,0,4,6,2020
20-06-2020,156.1,1,1,53.3,0,0,5,6,2020
21-06-2020,134.3,1,1,89.39,1,0,6,6,2020
22-06-2020,135.9,1,1,57.13,0,0,0,6,2020
23-06-2020,185.2,1,1,10.25,0,0,1,6,2020
24-06-2020,154.9,1,1,49.81,0,0,2,6,2020
25-06-2020,155.0,1,1,31.54,0,0,3,6,2020
26-06-2020,140.8,1,1,81.28,0,0,4,6,2020
27-06-2020,142.6,1,1,43.77,0,0,5,6,2020
28-06-2020,149.4,1,1,67,0,0,6,6,2020
29-06-2020,136.5,1,1,73.41,0,0,0,6,2020
30-06-2020,106.2,1,1,79.57,0,0,1,6,2020
01-07-2020,102.1,1,1,66.99,0,0,2,7,2020
02-07-2020,118.4,1,1,34.18,0,0,3,7,2020
03-07-2020,122.8,1,1,78.33,1,0,4,7,2020
04-07-2020,132.4,1,1,29.8,0,0,5,7,2020
05-07-2020,126.4,1,1,40.13,0,0,6,7,2020
06-07-2020,147.2,1,1,51.25,0,1,0,7,2020
07-07-2020,81.6,1,1,95.72,1,0,1,7,2020
08-07-2020,120.4,1,1,54.9,0,0,2,7,2020
09-07-2020,159.3,1,1,11.3,1,0,3,7,2020
10-07-2020,170.8,1,1,17.03,1,0,4,7,2020
11-07-2020,65.6,1,1,98.53,0,0,5,7,2020
12-07-2020,110.8,1,1,42.8,0,0,6,7,2020
13-07-2020,152.1,1,1,10.17,0,0,0,7,2020
14-07-2020,143.4,1,1,18.21,0,0,1,7,2020
01-01-2020,183.0,1,2,65.79,0,0,2,1,2020
02-01-2020,158.5,1,2,77,0,0,3,1,2020
03-01-2020,226.3,1,2,25.19,0,0,4,1,2020
04-01-2020,156.5,1,2,70.2,0,0,5,1,2020
05-01-2020,150.1,1,2,73.02,0,0,6,1,2020
06-01-2020,149.7,1,2,93.57,0,0,0,1,2020
07-01-2020,227.6,1,2,25.68,0,0,1,1,2020
08-01-2020,137.1,1,2,91.47,0,0,2,1,2020
09-01-2020,230.9,1,2,42.84,1,0,3,1,2020
10-01-2020,128.6,1,2,90.31,0,0,4,1,2020
11-01-2020,269.5,1,2,25.95,0,1,5,1,2020
12-01-2020,150.9,1,2,83.7,0,0,6,1,2020
13-01-2020,247.4,1,2,16.25,0,0,0,1,2020
14-01-2020,230.6,1,2,19.89,0,0,1,1,2020
15-01-2020,199.4,1,2,28.35,0,0,2,1,2020
16-01-2020,253.4,1,2,34.81,0,1,3,1,2020
17-01-2020,121.9,1,2,97.84,0,0,4,1,2020
18-01-2020,154.8,1,2,79.82,0,0,5,1,2020
19-01-2020,168.9,1,2,59.96,0,0,6,1,2020
20-01-2020,190.8,1,2,41.83,0,0,0,1,2020
21-01-2020,136.0,1,2,86.17,0,0,1,1,2020
22-01-2020,229.9,1,2,74.95,1,1,2,1,2020
23-01-2020,160.9,1,2,69.98,0,0,3,1,2020
24-01-2020,214.3,1,2,26.5,0,0,4,1,2020
25-01-2020,193.5,1,2,74.88,1,0,5,1,2020
26-01-2020,227.7,1,2,41.61,1,0,6,1,2020
27-01-2020,140.2,1,2,86.51,0,0,0,1,2020
28-01-2020,159.7,1,2,51.4,0,0,1,1,2020
29-01-2020,274.0,1,2,12.05,1,0,2,1,2020
30-01-2020,159.3,1,2,71.13,0,0,3,1,2020
31-01-2020,177.3,1,2,56.44,0,0,4,1,2020
01-02-2020,271.1,1,2,42.49,1,0,5,2,2020
02-02-2020,183.2,1,2,58.96,0,0,6,2,2020
03-02-2020,312.0,1,2,44.32,0,1,0,2,2020
04-02-2020,222.6,1,2,46.05,0,0,1,2,2020
05-02-2020,239.7,1,2,72.77,0,1,2,2,2020
06-02-2020,138.2,1,2,83.23,0,0,3,2,2020
07-02-2020,242.4,1,2,57.55,1,0,4,2,2020
08-02-2020,243.0,1,2,52.16,1,0,5,2,2020
09-02-2020,175.6,1,2,77.57,0,0,6,2,2020
10-02-2020,213.8,1,2,49.33,0,0,0,2,2020
11-02-2020,240.3,1,2,35.21,0,0,1,2,2020
12-02-2020,253.8,1,2,25.06,0,0,2,2,2020
13-02-2020,199.5,1,2,60.04,0,0,3,2,2020
14-02-2020,226.4,1,2,37.36,0,0,4,2,2020
15-02-2020,156.0,1,2,86.33,0,0,5,2,2020
16-02-2020,267.5,1,2,12.74,0,0,6,2,2020
17-02-2020,158.7,1,2,77.44,0,0,0,2,2020
18-02-2020,166.1,1,2,77.69,0,0,1,2,2020
19-02-2020,173.6,1,2,74.57,0,0,2,2,2020
20-02-2020,162.4,1,2,81.92,0,0,3,2,2020
21-02-2020,263.5,1,2,13.55,0,0,4,2,2020
22-02-2020,294.0,1,2,38.62,0,1,5,2,2020
23-02-2020,221.9,1,2,70.21,1,0,6,2,2020
24-02-2020,213.6,1,2,68.22,1,0,0,2,2020
25-02-2020,225.3,1,2,43.59,0,0,1,2,2020
26-02-2020,279.7,1,2,68.26,1,1,2,2,2020
27-02-2020,348.6,1,2,50.3,1,1,3,2,2020
28-02-2020,159.9,1,2,92.74,0,0,4,2,2020
29-02-2020,167.7,1,2,78.35,0,0,5,2,2020
01-03-2020,190.5,1,2,73.07,0,0,6,3,2020
02-03-2020,217.9,1,2,52.55,0,0,0,3,2020
03-03-2020,222.6,1,2,78.1,1,0,1,3,2020
04-03-2020,357.9,1,2,22.44,0,1,2,3,2020
05-03-2020,310.3,1,2,39.77,1,0,3,3,2020
06-03-2020,277.2,1,2,16.92,0,0,4,3,2020
07-03-2020,163.0,1,2,98.43,0,0,5,3,2020
08-03-2020,281.3,1,2,18.9,0,0,6,3,2020
09-03-2020,197.1,1,2,78.36,0,0,0,3,2020
10-03-2020,221.4,1,2,80.46,1,0,1,3,2020
11-03-2020,220.2,1,2,81.5,1,0,2,3,2020
12-03-2020,194.0,1,2,70.21,0,0,3,3,2020
13-03-2020,191.8,1,2,95.6,1,0,4,3,2020
14-03-2020,222.8,1,2,63.47,0,0,5,3,2020
15-03-2020,268.0,1,2,24.3,0,0,6,3,2020
16-03-2020,202.5,1,2,88.78,1,0,0,3,2020
17-03-2020,260.0,1,2,18.76,0,0,1,3,2020
18-03-2020,179.8,1,2,83.8,0,0,2,3,2020
19-03-2020,170.0,1,2,79.2,0,0,3,3,2020
20-03-2020,251.0,1,2,40.67,0,0,4,3,2020
21-03-2020,225.4,1,2,46.19,0,0,5,3,2020
22-03-2020,238.7,1,2,34.24,0,0,6,3,2020
23-03-2020,280.7,1,2,60.34,0,1,0,3,2020
24-03-2020,204.0,1,2,64.45,0,0,1,3,2020
25-03-2020,251.5,1,2,30.95,0,0,2,3,2020
26-03-2020,207.5,1,2,86.11,1,0,3,3,2020
27-03-2020,222.2,1,2,85.47,1,0,4,3,2020
28-03-2020,252.2,1,2,41.91,0,0,5,3,2020
29-03-2020,254.9,1,2,26.61,0,0,6,3,2020
30-03-2020,179.9,1,2,80.89,0,0,0,3,2020
31-03-2020,171.4,1,2,78.58,0,0,1,3,2020
01-04-2020,243.3,1,2,33.92,0,0,2,4,2020
02-04-2020,183.3,1,2,64.22,0,0,3,4,2020
03-04-2020,287.8,1,2,42.59,1,0,4,4,2020
04-04-2020,233.9,1,2,40.13,0,0,5,4,2020
05-04-2020,191.5,1,2,74.6,0,0,6,4,2020
06-04-2020,175.0,1,2,77.35,0,0,0,4,2020
07-04-2020,158.8,1,2,95,0,0,1,4,2020
08-04-2020,197.7,1,2,68,0,0,2,4,2020
09-04-2020,249.7,1,2,22.95,0,0,3,4,2020
10-04-2020,183.1,1,2,73.42,0,0,4,4,2020
11-04-2020,147.9,1,2,87.64,0,0,5,4,2020
12-04-2020,309.1,1,2,21.74,1,0,6,4,2020
13-04-2020,189.5,1,2,67.91,0,0,0,4,2020
14-04-2020,404.7,1,2,14.61,1,1,1,4,2020
15-04-2020,316.1,1,2,21.44,1,0,2,4,2020
16-04-2020,177.4,1,2,86.94,0,0,3,4,2020
17-04-2020,259.1,1,2,17.14,0,0,4,4,2020
18-04-2020,225.7,1,2,42.18,0,0,5,4,2020
19-04-2020,278.9,1,2,33.5,1,0,6,4,2020
20-04-2020,163.4,1,2,79.55,0,0,0,4,2020
21-04-2020,257.3,1,2,59.37,0,1,1,4,2020
22-04-2020,252.3,1,2,48.22,1,0,2,4,2020
23-04-2020,240.2,1,2,35.46,0,0,3,4,2020
24-04-2020,189.4,1,2,81.45,1,0,4,4,2020
25-04-2020,180.2,1,2,68.37,0,0,5,4,2020
26-04-2020,155.1,1,2,88.26,0,0,6,4,2020
27-04-2020,261.2,1,2,25,0,0,0,4,2020
28-04-2020,262.4,1,2,34.75,1,0,1,4,2020
29-04-2020,182.1,1,2,75.38,0,0,2,4,2020
30-04-2020,188.2,1,2,93.03,1,0,3,4,2020
01-05-2020,369.4,1,2,16.13,1,1,4,5,2020
02-05-2020,144.7,1,2,88.56,0,0,5,5,2020
03-05-2020,210.7,1,2,46.86,0,0,6,5,2020
04-05-2020,254.3,1,2,37.87,1,0,0,5,2020
05-05-2020,242.7,1,2,12.1,0,0,1,5,2020
06-05-2020,178.7,1,2,70.93,1,0,2,5,2020
07-05-2020,145.2,1,2,76.87,0,0,3,5,2020
08-05-2020,154.6,1,2,78.93,0,0,4,5,2020
09-05-2020,160.3,1,2,70.05,0,0,5,5,2020
10-05-2020,223.7,1,2,12.53,0,0,6,5,2020
11-05-2020,242.9,1,2,12.83,0,0,0,5,2020
12-05-2020,221.3,1,2,53.49,1,0,1,5,2020
13-05-2020,148.8,1,2,66.88,0,0,2,5,2020
14-05-2020,383.9,1,2,12.31,1,1,3,5,2020
15-05-2020,130.7,1,2,98.59,1,0,4,5,2020
16-05-2020,268.5,1,2,26.51,1,0,5,5,2020
17-05-2020,217.4,1,2,19.6,0,0,6,5,2020
18-05-2020,191.8,1,2,49.18,0,0,0,5,2020
19-05-2020,188.7,1,2,45.67,0,0,1,5,2020
20-05-2020,166.0,1,2,73.45,0,0,2,5,2020
21-05-2020,161.7,1,2,91.13,1,0,3,5,2020
22-05-2020,209.9,1,2,62.33,1,0,4,5,2020
23-05-2020,190.3,1,2,40.77,0,0,5,5,2020
24-05-2020,227.7,1,2,64.92,0,1,6,5,2020
25-05-2020,231.6,1,2,58.51,1,0,0,5,2020
26-05-2020,127.9,1,2,93.08,0,0,1,5,2020
27-05-2020,167.3,1,2,61.04,0,0,2,5,2020
28-05-2020,169.6,1,2,88.8,1,0,3,5,2020
29-05-2020,170.2,1,2,72.31,0,0,4,5,2020
30-05-2020,136.0,1,2,89.47,0,0,5,5,2020
31-05-2020,188.4,1,2,49.28,0,0,6,5,2020
01-06-2020,169.4,1,2,34.66,0,0,0,6,2020
02-06-2020,248.3,1,2,10.46,0,1,1,6,2020
03-06-2020,190.4,1,2,48.87,1,0,2,6,2020
04-06-2020,105.0,1,2,89.17,0,0,3,6,2020
05-06-2020,143.8,1,2,54.55,0,0,4,6,2020
06-06-2020,152.4,1,2,43.96,0,0,5,6,2020
07-06-2020,210.5,1,2,27.1,1,0,6,6,2020
08-06-2020,141.1,1,2,90.34,0,1,0,6,2020
09-06-2020,105.7,1,2,99.32,0,0,1,6,2020
10-06-2020,193.6,1,2,16.31,0,0,2,6,2020
11-06-2020,152.7,1,2,48.23,0,0,3,6,2020
12-06-2020,154.1,1,2,84.09,1,0,4,6,2020
13-06-2020,129.8,1,2,51.6,0,0,5,6,2020
14-06-2020,112.6,1,2,89.38,0,0,6,6,2020
15-06-2020,291.7,1,2,17.38,1,1,0,6,2020
16-06-2020,148.3,1,2,62.45,1,0,1,6,2020
17-06-2020,217.6,1,2,12.82,1,0,2,6,2020
18-06-2020,120.0,1,2,76.91,0,0,3,6,2020
19-06-2020,181.5,1,2,14.69,0,0,4,6,2020
20-06-2020,161.6,1,2,60.4,1,0,5,6,2020
21-06-2020,97.4,1,2,90.56,0,0,6,6,2020
22-06-2020,92.8,1,2,98.63,0,0,0,6,2020
23-06-2020,162.7,1,2,48.16,0,0,1,6,2020
24-06-2020,163.4,1,2,31.53,0,0,2,6,2020
25-06-2020,171.3,1,2,44.89,0,0,3,6,2020
26-06-2020,207.6,1,2,28.96,1,0,4,6,2020
27-06-2020,128.6,1,2,68.6,0,0,5,6,2020
28-06-2020,142.5,1,2,59.98,0,0,6,6,2020
29-06-2020,141.9,1,2,52.11,0,0,0,6,2020
30-06-2020,112.6,1,2,73.68,0,0,1,6,2020
01-07-2020,148.3,1,2,38.39,1,0,2,7,2020
02-07-2020,104.4,1,2,96.32,1,0,3,7,2020
03-07-2020,102.4,1,2,68.05,0,0,4,7,2020
04-07-2020,176.5,1,2,21.41,1,0,5,7,2020
05-07-2020,119.9,1,2,31.68,0,0,6,7,2020
06-07-2020,76.6,1,2,97.6,0,0,0,7,2020
07-07-2020,123.8,1,2,41.92,0,0,1,7,2020
08-07-2020,137.5,1,2,27.97,0,0,2,7,2020
09-07-2020,152.5,1,2,38.82,1,0,3,7,2020
10-07-2020,82.2,1,2,85.3,0,0,4,7,2020
11-07-2020,126.7,1,2,47.4,1,0,5,7,2020
12-07-2020,175.9,1,2,22.85,1,0,6,7,2020
13-07-2020,83.2,1,2,70.93,0,0,0,7,2020
14-07-2020,107.8,1,2,71.4,1,0,1,7,2020
