synthetic_sales_data.csv
date,sales,store_id,product_id,price,promotion,holiday,weekday,month,year
01-01-2020,176.6,1,3,71.32,0,0,2,1,2020
02-01-2020,243.0,1,3,32.81,1,0,3,1,2020
03-01-2020,166.0,1,3,65.14,0,0,4,1,2020
04-01-2020,193.7,1,3,62.07,1,0,5,1,2020
05-01-2020,203.3,1,3,39.49,0,0,6,1,2020
06-01-2020,159.2,1,3,51.09,0,0,0,1,2020
07-01-2020,184.0,1,3,52.19,0,0,1,1,2020
08-01-2020,197.4,1,3,42.32,0,0,2,1,2020
09-01-2020,204.6,1,3,67.09,1,0,3,1,2020
10-01-2020,194.4,1,3,57.62,0,0,4,1,2020
11-01-2020,204.1,1,3,27.92,0,0,5,1,2020
12-01-2020,159.8,1,3,97.7,0,1,6,1,2020
13-01-2020,152.5,1,3,91.65,1,0,0,1,2020
14-01-2020,197.6,1,3,54.87,0,0,1,1,2020
15-01-2020,189.7,1,3,62.98,1,0,2,1,2020
16-01-2020,210.4,1,3,66.95,1,0,3,1,2020
17-01-2020,167.9,1,3,73.44,0,0,4,1,2020
18-01-2020,217.6,1,3,29.29,0,0,5,1,2020
19-01-2020,302.8,1,3,16.38,0,1,6,1,2020
20-01-2020,225.8,1,3,24.85,0,0,0,1,2020
21-01-2020,247.3,1,3,29.81,1,0,1,1,2020
22-01-2020,134.4,1,3,97.48,0,0,2,1,2020
23-01-2020,159.3,1,3,74.31,0,0,3,1,2020
24-01-2020,194.1,1,3,29.42,0,0,4,1,2020
25-01-2020,221.0,1,3,63.67,1,0,5,1,2020
26-01-2020,210.1,1,3,65.15,1,0,6,1,2020
27-01-2020,127.8,1,3,88.52,0,0,0,1,2020
28-01-2020,179.3,1,3,68.77,0,0,1,1,2020
29-01-2020,217.6,1,3,26.23,0,0,2,1,2020
30-01-2020,156.3,1,3,70.29,0,0,3,1,2020
31-01-2020,277.1,1,3,17.37,1,0,4,1,2020
01-02-2020,248.5,1,3,38.09,0,0,5,2,2020
02-02-2020,177.7,1,3,82.7,0,0,6,2,2020
03-02-2020,204.8,1,3,58.58,0,0,0,2,2020
04-02-2020,203.2,1,3,53.38,0,0,1,2,2020
05-02-2020,296.4,1,3,34.5,0,1,2,2,2020
06-02-2020,265.6,1,3,46.61,0,1,3,2,2020
07-02-2020,250.9,1,3,29.42,0,0,4,2,2020
08-02-2020,235.7,1,3,28.34,0,0,5,2,2020
09-02-2020,287.9,1,3,74.49,1,1,6,2,2020
10-02-2020,217.1,1,3,52.15,0,0,0,2,2020
11-02-2020,338.3,1,3,12.43,1,0,1,2,2020
12-02-2020,227.1,1,3,73.52,0,1,2,2,2020
13-02-2020,160.7,1,3,86.72,0,0,3,2,2020
14-02-2020,220.6,1,3,71.78,1,0,4,2,2020
15-02-2020,142.9,1,3,99.35,0,0,5,2,2020
16-02-2020,267.4,1,3,18.97,0,0,6,2,2020
17-02-2020,244.0,1,3,35.43,0,0,0,2,2020
18-02-2020,203.2,1,3,91.7,0,1,1,2,2020
19-02-2020,179.0,1,3,73.39,0,0,2,2,2020
20-02-2020,292.4,1,3,32.82,1,0,3,2,2020
21-02-2020,319.4,1,3,14.18,1,0,4,2,2020
22-02-2020,244.0,1,3,36.29,0,0,5,2,2020
23-02-2020,164.4,1,3,88.37,0,0,6,2,2020
24-02-2020,222.7,1,3,32.07,0,0,0,2,2020
25-02-2020,284.7,1,3,12.52,0,0,1,2,2020
26-02-2020,179.3,1,3,62.69,0,0,2,2,2020
27-02-2020,196.4,1,3,85.57,1,0,3,2,2020
28-02-2020,228.5,1,3,39.9,0,0,4,2,2020
29-02-2020,208.0,1,3,53.93,0,0,5,2,2020
01-03-2020,229.8,1,3,49.29,0,0,6,3,2020
02-03-2020,272.3,1,3,43.17,1,0,0,3,2020
03-03-2020,320.1,1,3,22.63,1,0,1,3,2020
04-03-2020,211.3,1,3,69.29,1,0,2,3,2020
05-03-2020,177.4,1,3,68.13,0,0,3,3,2020
06-03-2020,177.8,1,3,85.28,0,0,4,3,2020
07-03-2020,167.7,1,3,79.03,0,0,5,3,2020
08-03-2020,216.7,1,3,65.64,0,0,6,3,2020
09-03-2020,266.8,1,3,21.73,0,0,0,3,2020
10-03-2020,202.0,1,3,58.82,0,0,1,3,2020
11-03-2020,271.8,1,3,18.73,0,0,2,3,2020
12-03-2020,214.2,1,3,74.87,1,0,3,3,2020
13-03-2020,223.6,1,3,40.48,0,0,4,3,2020
14-03-2020,275.6,1,3,13.65,0,0,5,3,2020
15-03-2020,271.2,1,3,40.84,1,0,6,3,2020
16-03-2020,220.9,1,3,46.55,0,0,0,3,2020
17-03-2020,243.0,1,3,43.51,0,0,1,3,2020
18-03-2020,237.7,1,3,41.96,0,0,2,3,2020
19-03-2020,286.9,1,3,15.3,0,0,3,3,2020
20-03-2020,178.6,1,3,78.84,0,0,4,3,2020
21-03-2020,179.0,1,3,82,0,0,5,3,2020
22-03-2020,253.0,1,3,25.88,0,0,6,3,2020
23-03-2020,213.1,1,3,84.41,1,0,0,3,2020
24-03-2020,180.4,1,3,76.85,0,0,1,3,2020
25-03-2020,180.0,1,3,74.26,0,0,2,3,2020
26-03-2020,194.2,1,3,77.81,0,0,3,3,2020
27-03-2020,238.7,1,3,64.07,1,0,4,3,2020
28-03-2020,198.5,1,3,69.67,0,0,5,3,2020
29-03-2020,164.5,1,3,91.06,0,0,6,3,2020
30-03-2020,202.9,1,3,61.67,0,0,0,3,2020
31-03-2020,224.7,1,3,54.59,0,0,1,3,2020
01-04-2020,239.0,1,3,27.81,0,0,2,4,2020
02-04-2020,298.5,1,3,36.16,1,0,3,4,2020
03-04-2020,252.5,1,3,20.96,0,0,4,4,2020
04-04-2020,243.6,1,3,31.97,0,0,5,4,2020
05-04-2020,252.1,1,3,10.51,0,0,6,4,2020
06-04-2020,254.9,1,3,30.68,0,0,0,4,2020
07-04-2020,237.3,1,3,40.63,0,0,1,4,2020
08-04-2020,155.5,1,3,89.86,0,0,2,4,2020
09-04-2020,240.1,1,3,77.36,0,1,3,4,2020
10-04-2020,192.5,1,3,98.64,0,1,4,4,2020
11-04-2020,180.7,1,3,72.76,0,0,5,4,2020
12-04-2020,178.5,1,3,66.6,0,0,6,4,2020
13-04-2020,165.7,1,3,81.62,0,0,0,4,2020
14-04-2020,171.2,1,3,74.35,0,0,1,4,2020
15-04-2020,176.3,1,3,55.43,0,0,2,4,2020
16-04-2020,210.5,1,3,51.61,0,0,3,4,2020
17-04-2020,218.0,1,3,42.26,0,0,4,4,2020
18-04-2020,165.8,1,3,85.73,0,0,5,4,2020
19-04-2020,154.2,1,3,85.51,0,0,6,4,2020
20-04-2020,224.2,1,3,63.06,1,0,0,4,2020
21-04-2020,204.8,1,3,37.45,0,0,1,4,2020
22-04-2020,235.3,1,3,72.77,0,1,2,4,2020
23-04-2020,159.2,1,3,90.34,0,0,3,4,2020
24-04-2020,221.6,1,3,62.31,1,0,4,4,2020
25-04-2020,216.2,1,3,66.23,1,0,5,4,2020
26-04-2020,356.6,1,3,10.1,0,1,6,4,2020
27-04-2020,260.3,1,3,18.62,0,0,0,4,2020
28-04-2020,230.5,1,3,42.39,0,0,1,4,2020
29-04-2020,253.0,1,3,20.7,0,0,2,4,2020
30-04-2020,207.7,1,3,84.17,1,0,3,4,2020
01-05-2020,139.2,1,3,99.92,1,0,4,5,2020
02-05-2020,236.4,1,3,48.42,1,0,5,5,2020
03-05-2020,176.4,1,3,53.56,0,0,6,5,2020
04-05-2020,157.3,1,3,76.47,0,0,0,5,2020
05-05-2020,182.1,1,3,52.87,0,0,1,5,2020
06-05-2020,171.3,1,3,79.07,0,0,2,5,2020
07-05-2020,309.7,1,3,11.17,0,1,3,5,2020
08-05-2020,246.1,1,3,32.78,1,0,4,5,2020
09-05-2020,232.4,1,3,58.63,1,0,5,5,2020
10-05-2020,164.9,1,3,71.4,0,0,6,5,2020
11-05-2020,217.2,1,3,67.06,0,1,0,5,2020
12-05-2020,221.6,1,3,34.31,0,0,1,5,2020
13-05-2020,185.9,1,3,45.27,0,0,2,5,2020
14-05-2020,282.2,1,3,14.28,1,0,3,5,2020
15-05-2020,229.3,1,3,33.71,1,0,4,5,2020
16-05-2020,229.1,1,3,55.52,1,0,5,5,2020
17-05-2020,224.9,1,3,21.55,0,0,6,5,2020
18-05-2020,164.3,1,3,84.74,0,0,0,5,2020
19-05-2020,128.0,1,3,87.6,0,0,1,5,2020
20-05-2020,174.4,1,3,63.09,0,0,2,5,2020
21-05-2020,122.4,1,3,99.11,0,0,3,5,2020
22-05-2020,284.3,1,3,37.53,0,1,4,5,2020
23-05-2020,142.9,1,3,79.26,0,0,5,5,2020
24-05-2020,188.6,1,3,77.37,1,0,6,5,2020
25-05-2020,206.6,1,3,59.36,1,0,0,5,2020
26-05-2020,139.8,1,3,82.84,0,0,1,5,2020
27-05-2020,178.6,1,3,59.46,0,0,2,5,2020
28-05-2020,208.6,1,3,26.61,0,0,3,5,2020
29-05-2020,178.1,1,3,52.15,0,0,4,5,2020
30-05-2020,182.5,1,3,79.92,1,0,5,5,2020
31-05-2020,253.4,1,3,17.01,0,0,6,5,2020
01-06-2020,153.8,1,3,46.22,0,0,0,6,2020
02-06-2020,169.4,1,3,34.79,0,0,1,6,2020
03-06-2020,159.1,1,3,31.64,0,0,2,6,2020
04-06-2020,134.4,1,3,54.26,0,0,3,6,2020
05-06-2020,195.9,1,3,27.06,0,1,4,6,2020
06-06-2020,204.9,1,3,41.95,0,1,5,6,2020
07-06-2020,178.9,1,3,28.33,0,0,6,6,2020
08-06-2020,112.9,1,3,77.29,0,0,0,6,2020
09-06-2020,171.3,1,3,57.28,1,0,1,6,2020
10-06-2020,176.7,1,3,15.33,0,0,2,6,2020
11-06-2020,129.3,1,3,94.81,0,1,3,6,2020
12-06-2020,137.9,1,3,74.3,1,0,4,6,2020
13-06-2020,115.3,1,3,95.48,1,0,5,6,2020
14-06-2020,136.0,1,3,49.86,0,0,6,6,2020
15-06-2020,186.6,1,3,35.07,1,0,0,6,2020
16-06-2020,132.3,1,3,90.27,1,0,1,6,2020
17-06-2020,196.3,1,3,39.84,0,0,2,6,2020
18-06-2020,160.5,1,3,52.41,0,0,3,6,2020
19-06-2020,115.5,1,3,99.71,0,0,4,6,2020
20-06-2020,197.7,1,3,38.34,1,0,5,6,2020
21-06-2020,148.4,1,3,52.73,0,0,6,6,2020
22-06-2020,161.8,1,3,33.04,0,0,0,6,2020
23-06-2020,163.6,1,3,45.14,0,0,1,6,2020
24-06-2020,104.5,1,3,84.48,0,0,2,6,2020
25-06-2020,177.7,1,3,27.88,0,0,3,6,2020
26-06-2020,128.8,1,3,89.4,1,0,4,6,2020
27-06-2020,228.8,1,3,33.1,0,1,5,6,2020
28-06-2020,125.4,1,3,79.87,0,0,6,6,2020
29-06-2020,120.4,1,3,83.53,0,0,0,6,2020
30-06-2020,202.6,1,3,59.29,0,1,1,6,2020
01-07-2020,98.1,1,3,57.42,0,0,2,7,2020
02-07-2020,106.3,1,3,61.04,0,0,3,7,2020
03-07-2020,127.6,1,3,24.24,0,0,4,7,2020
04-07-2020,123.9,1,3,41.04,0,0,5,7,2020
05-07-2020,112.4,1,3,31.9,0,0,6,7,2020
06-07-2020,131.3,1,3,36.23,0,0,0,7,2020
07-07-2020,81.0,1,3,72.83,0,0,1,7,2020
08-07-2020,84.3,1,3,90.3,0,0,2,7,2020
09-07-2020,117.1,1,3,78.41,0,0,3,7,2020
10-07-2020,183.4,1,3,53.18,1,1,4,7,2020
11-07-2020,141.7,1,3,53.7,1,0,5,7,2020
12-07-2020,104.9,1,3,62.68,0,0,6,7,2020
13-07-2020,111.5,1,3,49.6,0,0,0,7,2020
14-07-2020,101.2,1,3,86.62,0,1,1,7,2020
01-01-2020,224.1,1,4,66.82,0,1,2,1,2020
02-01-2020,212.8,1,4,55.96,1,0,3,1,2020
03-01-2020,124.8,1,4,90.14,0,0,4,1,2020
04-01-2020,271.5,1,4,31.2,1,0,5,1,2020
05-01-2020,203.7,1,4,36.6,0,0,6,1,2020
06-01-2020,226.0,1,4,48.94,1,0,0,1,2020
07-01-2020,134.4,1,4,97.46,0,0,1,1,2020
08-01-2020,182.2,1,4,64.45,0,0,2,1,2020
09-01-2020,220.5,1,4,19.04,0,0,3,1,2020
10-01-2020,225.9,1,4,27.37,0,0,4,1,2020
11-01-2020,121.2,1,4,85.85,0,0,5,1,2020
12-01-2020,223.5,1,4,57.18,1,0,6,1,2020
13-01-2020,191.9,1,4,74.07,1,0,0,1,2020
14-01-2020,171.9,1,4,59.92,0,0,1,1,2020
15-01-2020,204.4,1,4,99.75,1,1,2,1,2020
16-01-2020,229.5,1,4,17.19,0,0,3,1,2020
17-01-2020,240.4,1,4,48,1,0,4,1,2020
18-01-2020,270.5,1,4,19.78,1,0,5,1,2020
19-01-2020,166.8,1,4,93.97,1,0,6,1,2020
20-01-2020,155.5,1,4,87.47,0,0,0,1,2020
21-01-2020,185.5,1,4,51.1,0,0,1,1,2020
22-01-2020,194.0,1,4,51.86,0,0,2,1,2020
23-01-2020,177.3,1,4,49.4,0,0,3,1,2020
24-01-2020,176.0,1,4,58.66,0,0,4,1,2020
25-01-2020,208.2,1,4,41.97,0,0,5,1,2020
26-01-2020,207.6,1,4,33.57,0,0,6,1,2020
27-01-2020,159.7,1,4,58.72,0,0,0,1,2020
28-01-2020,218.6,1,4,30.44,0,0,1,1,2020
29-01-2020,275.3,1,4,17.19,1,0,2,1,2020
30-01-2020,254.2,1,4,45.58,0,1,3,1,2020
31-01-2020,187.3,1,4,86.17,1,0,4,1,2020
01-02-2020,158.7,1,4,91.76,0,0,5,2,2020
02-02-2020,187.5,1,4,70.59,0,0,6,2,2020
03-02-2020,189.5,1,4,83.43,1,0,0,2,2020
04-02-2020,172.3,1,4,91.5,1,0,1,2,2020
05-02-2020,198.7,1,4,68.73,0,0,2,2,2020
06-02-2020,300.7,1,4,23.38,0,1,3,2,2020
07-02-2020,146.1,1,4,98.18,0,0,4,2,2020
08-02-2020,312.0,1,4,16.37,1,0,5,2,2020
09-02-2020,272.4,1,4,44.74,1,0,6,2,2020
10-02-2020,236.7,1,4,59.25,1,0,0,2,2020
11-02-2020,191.8,1,4,69.31,0,0,1,2,2020
12-02-2020,153.1,1,4,93.2,0,0,2,2,2020
13-02-2020,321.0,1,4,41.12,0,1,3,2,2020
14-02-2020,233.5,1,4,26.75,0,0,4,2,2020
15-02-2020,154.4,1,4,96.41,0,0,5,2,2020
16-02-2020,220.6,1,4,60.8,1,0,6,2,2020
17-02-2020,212.6,1,4,81.13,1,0,0,2,2020
18-02-2020,250.9,1,4,30.99,0,0,1,2,2020
19-02-2020,252.1,1,4,61.93,1,0,2,2,2020
20-02-2020,253.1,1,4,21.78,0,0,3,2,2020
21-02-2020,202.4,1,4,66.82,0,0,4,2,2020
22-02-2020,197.9,1,4,67.33,0,0,5,2,2020
23-02-2020,202.1,1,4,48.94,0,0,6,2,2020
24-02-2020,206.3,1,4,63.63,0,0,0,2,2020
25-02-2020,232.8,1,4,23.01,0,0,1,2,2020
26-02-2020,326.2,1,4,11.23,1,0,2,2,2020
27-02-2020,219.2,1,4,62.41,1,0,3,2,2020
28-02-2020,296.6,1,4,75.06,1,1,4,2,2020
29-02-2020,220.5,1,4,42.57,0,0,5,2,2020
01-03-2020,246.5,1,4,36.78,0,0,6,3,2020
02-03-2020,247.8,1,4,29.07,0,0,0,3,2020
03-03-2020,246.7,1,4,24.1,0,0,1,3,2020
04-03-2020,146.4,1,4,97.86,0,0,2,3,2020
05-03-2020,193.6,1,4,67.09,0,0,3,3,2020
06-03-2020,239.7,1,4,42.72,0,0,4,3,2020
07-03-2020,250.4,1,4,31.03,0,0,5,3,2020
08-03-2020,218.6,1,4,61.94,0,0,6,3,2020
09-03-2020,275.8,1,4,13.07,0,0,0,3,2020
10-03-2020,170.5,1,4,87.38,0,0,1,3,2020
11-03-2020,181.5,1,4,77.42,0,0,2,3,2020
12-03-2020,165.7,1,4,89.81,0,0,3,3,2020
13-03-2020,226.7,1,4,51.56,0,0,4,3,2020
14-03-2020,173.4,1,4,93.43,0,0,5,3,2020
15-03-2020,215.0,1,4,77.24,1,0,6,3,2020
16-03-2020,264.5,1,4,54.54,1,0,0,3,2020
17-03-2020,278.6,1,4,37.95,1,0,1,3,2020
18-03-2020,224.3,1,4,76.08,1,0,2,3,2020
19-03-2020,284.2,1,4,13.6,0,0,3,3,2020
20-03-2020,229.4,1,4,84.44,0,1,4,3,2020
21-03-2020,273.5,1,4,17.25,0,0,5,3,2020
22-03-2020,209.7,1,4,67.91,0,0,6,3,2020
23-03-2020,310.6,1,4,32.35,1,0,0,3,2020
24-03-2020,169.7,1,4,97.51,1,0,1,3,2020
25-03-2020,243.0,1,4,42.65,0,0,2,3,2020
26-03-2020,230.8,1,4,48.65,0,0,3,3,2020
27-03-2020,270.7,1,4,23.62,0,0,4,3,2020
28-03-2020,153.1,1,4,93.98,0,0,5,3,2020
29-03-2020,206.7,1,4,82.61,1,0,6,3,2020
30-03-2020,312.5,1,4,47.05,0,1,0,3,2020
31-03-2020,411.3,1,4,35.34,1,1,1,3,2020
01-04-2020,295.2,1,4,67.43,1,1,2,4,2020
02-04-2020,232.5,1,4,36.38,0,0,3,4,2020
03-04-2020,209.0,1,4,72.95,1,0,4,4,2020
04-04-2020,204.3,1,4,55.27,0,0,5,4,2020
05-04-2020,211.3,1,4,51.91,0,0,6,4,2020
06-04-2020,210.0,1,4,99.07,0,1,0,4,2020
07-04-2020,262.9,1,4,15.92,0,0,1,4,2020
08-04-2020,280.3,1,4,43.11,1,0,2,4,2020
09-04-2020,260.4,1,4,27.78,0,0,3,4,2020
10-04-2020,221.6,1,4,45.46,0,0,4,4,2020
11-04-2020,201.6,1,4,66.39,0,0,5,4,2020
12-04-2020,185.9,1,4,83.46,0,0,6,4,2020
13-04-2020,146.5,1,4,98.28,0,0,0,4,2020
14-04-2020,161.4,1,4,88.11,0,0,1,4,2020
15-04-2020,197.2,1,4,87.67,1,0,2,4,2020
16-04-2020,251.1,1,4,30.79,0,0,3,4,2020
17-04-2020,190.7,1,4,91.74,1,0,4,4,2020
18-04-2020,268.6,1,4,53.7,0,1,5,4,2020
19-04-2020,294.9,1,4,23.19,1,0,6,4,2020
20-04-2020,165.2,1,4,83.14,0,0,0,4,2020
21-04-2020,260.0,1,4,17.14,0,0,1,4,2020
22-04-2020,296.9,1,4,28.21,1,0,2,4,2020
23-04-2020,151.4,1,4,86.04,0,0,3,4,2020
24-04-2020,225.6,1,4,78.4,1,0,4,4,2020
25-04-2020,216.5,1,4,48.07,0,0,5,4,2020
26-04-2020,175.8,1,4,77.05,0,0,6,4,2020
27-04-2020,211.7,1,4,53.22,0,0,0,4,2020
28-04-2020,235.4,1,4,35.16,0,0,1,4,2020
29-04-2020,285.9,1,4,25,1,0,2,4,2020
30-04-2020,240.8,1,4,43.4,0,0,3,4,2020
01-05-2020,121.0,1,4,91.4,0,0,4,5,2020
02-05-2020,211.0,1,4,24.61,0,0,5,5,2020
03-05-2020,328.8,1,4,10.69,1,0,6,5,2020
04-05-2020,181.6,1,4,97.25,1,0,0,5,2020
05-05-2020,194.0,1,4,51.21,0,0,1,5,2020
06-05-2020,185.0,1,4,51.2,0,0,2,5,2020
07-05-2020,237.3,1,4,19.28,0,0,3,5,2020
08-05-2020,194.4,1,4,43.67,0,0,4,5,2020
09-05-2020,160.6,1,4,68.17,0,0,5,5,2020
10-05-2020,185.5,1,4,51.7,0,0,6,5,2020
11-05-2020,244.0,1,4,30.42,1,0,0,5,2020
12-05-2020,144.8,1,4,94.34,0,0,1,5,2020
13-05-2020,173.2,1,4,66.38,0,0,2,5,2020
14-05-2020,207.0,1,4,31.16,0,0,3,5,2020
15-05-2020,144.3,1,4,87.09,0,0,4,5,2020
16-05-2020,192.2,1,4,73.98,1,0,5,5,2020
17-05-2020,203.1,1,4,70.87,1,0,6,5,2020
18-05-2020,161.1,1,4,75.37,0,0,0,5,2020
19-05-2020,135.1,1,4,93.61,0,0,1,5,2020
20-05-2020,359.7,1,4,11.55,1,1,2,5,2020
21-05-2020,176.5,1,4,76.06,1,0,3,5,2020
22-05-2020,155.9,1,4,74.45,0,0,4,5,2020
23-05-2020,261.4,1,4,26.83,1,0,5,5,2020
24-05-2020,264.1,1,4,24.45,1,0,6,5,2020
25-05-2020,253.8,1,4,35.98,1,0,0,5,2020
26-05-2020,212.0,1,4,38.14,0,0,1,5,2020
27-05-2020,169.7,1,4,71.76,0,0,2,5,2020
28-05-2020,183.1,1,4,86.67,0,1,3,5,2020
29-05-2020,223.5,1,4,57.13,1,0,4,5,2020
30-05-2020,211.3,1,4,39.34,0,0,5,5,2020
31-05-2020,168.7,1,4,67.05,0,0,6,5,2020
01-06-2020,154.3,1,4,48.18,0,0,0,6,2020
02-06-2020,136.3,1,4,64.59,0,0,1,6,2020
03-06-2020,166.5,1,4,59.32,1,0,2,6,2020
04-06-2020,158.9,1,4,14.98,0,0,3,6,2020
05-06-2020,172.2,1,4,39.72,0,0,4,6,2020
06-06-2020,145.2,1,4,66.52,0,0,5,6,2020
07-06-2020,148.0,1,4,55.62,0,0,6,6,2020
08-06-2020,163.1,1,4,66.39,0,1,0,6,2020
09-06-2020,128.1,1,4,61.5,0,0,1,6,2020
10-06-2020,190.0,1,4,11.38,0,0,2,6,2020
11-06-2020,185.0,1,4,32.36,1,0,3,6,2020
12-06-2020,192.2,1,4,36.41,1,0,4,6,2020
13-06-2020,164.6,1,4,37.08,0,0,5,6,2020
14-06-2020,185.7,1,4,17.38,0,0,6,6,2020
15-06-2020,169.2,1,4,27.67,0,0,0,6,2020
16-06-2020,173.9,1,4,76.81,0,1,1,6,2020
17-06-2020,149.8,1,4,62.19,0,0,2,6,2020
18-06-2020,147.8,1,4,65.49,0,0,3,6,2020
19-06-2020,124.2,1,4,82.4,0,0,4,6,2020
20-06-2020,179.0,1,4,40.99,1,0,5,6,2020
21-06-2020,123.2,1,4,65.41,0,0,6,6,2020
22-06-2020,184.6,1,4,44.41,1,0,0,6,2020
23-06-2020,147.3,1,4,35.22,0,0,1,6,2020
24-06-2020,126.6,1,4,97.92,0,0,2,6,2020
25-06-2020,176.0,1,4,11.6,0,0,3,6,2020
26-06-2020,172.0,1,4,27.13,0,0,4,6,2020
27-06-2020,131.5,1,4,92.19,1,0,5,6,2020
28-06-2020,165.4,1,4,35.64,0,0,6,6,2020
29-06-2020,135.1,1,4,39.06,0,0,0,6,2020
30-06-2020,161.4,1,4,49.76,0,0,1,6,2020
01-07-2020,117.6,1,4,38.16,0,0,2,7,2020
02-07-2020,128.5,1,4,24.68,0,0,3,7,2020
03-07-2020,98.8,1,4,91.73,0,1,4,7,2020
04-07-2020,162.9,1,4,27.68,1,0,5,7,2020
05-07-2020,117.6,1,4,30.67,0,0,6,7,2020
06-07-2020,141.8,1,4,20.38,0,0,0,7,2020
07-07-2020,139.3,1,4,19.31,0,0,1,7,2020
08-07-2020,170.3,1,4,28.47,0,1,2,7,2020
09-07-2020,139.0,1,4,32.37,0,0,3,7,2020
10-07-2020,92.4,1,4,80.19,0,0,4,7,2020
11-07-2020,150.8,1,4,37.89,0,1,5,7,2020
12-07-2020,115.8,1,4,58.07,0,0,6,7,2020
13-07-2020,172.1,1,4,22.47,0,1,0,7,2020
14-07-2020,128.4,1,4,29.71,0,0,1,7,2020
