synthetic_sales_data.csv
date,sales,store_id,product_id,price,promotion,holiday,weekday,month,year
01-01-2020,215.4,1,5,53.29,1,0,2,1,2020
02-01-2020,175.8,1,5,61.2,0,0,3,1,2020
03-01-2020,212.6,1,5,41.46,0,0,4,1,2020
04-01-2020,178.0,1,5,67.05,0,0,5,1,2020
05-01-2020,208.2,1,5,57.36,1,0,6,1,2020
06-01-2020,146.5,1,5,80.62,0,0,0,1,2020
07-01-2020,248.2,1,5,38.29,1,0,1,1,2020
08-01-2020,271.7,1,5,24.44,0,1,2,1,2020
09-01-2020,217.5,1,5,26.27,0,0,3,1,2020
10-01-2020,182.2,1,5,34.23,0,0,4,1,2020
11-01-2020,180.7,1,5,80.07,1,0,5,1,2020
12-01-2020,178.7,1,5,61.33,0,0,6,1,2020
13-01-2020,189.2,1,5,73.21,1,0,0,1,2020
14-01-2020,168.5,1,5,68.39,0,0,1,1,2020
15-01-2020,262.9,1,5,21.49,1,0,2,1,2020
16-01-2020,182.9,1,5,58.66,0,0,3,1,2020
17-01-2020,184.3,1,5,73,1,0,4,1,2020
18-01-2020,206.4,1,5,40.64,0,0,5,1,2020
19-01-2020,264.4,1,5,16.45,1,0,6,1,2020
20-01-2020,257.7,1,5,31.51,1,0,0,1,2020
21-01-2020,281.9,1,5,17.72,1,0,1,1,2020
22-01-2020,209.9,1,5,23.6,0,0,2,1,2020
23-01-2020,212.2,1,5,25.85,0,0,3,1,2020
24-01-2020,222.7,1,5,29.16,0,0,4,1,2020
25-01-2020,215.4,1,5,47.79,1,0,5,1,2020
26-01-2020,226.0,1,5,10.65,0,0,6,1,2020
27-01-2020,195.8,1,5,37.69,0,0,0,1,2020
28-01-2020,230.4,1,5,19.62,0,0,1,1,2020
29-01-2020,258.6,1,5,21,1,0,2,1,2020
30-01-2020,215.9,1,5,37.33,0,0,3,1,2020
31-01-2020,173.3,1,5,52.59,0,0,4,1,2020
01-02-2020,215.3,1,5,66.84,1,0,5,2,2020
02-02-2020,139.0,1,5,97.87,0,0,6,2,2020
03-02-2020,201.6,1,5,82.21,1,0,0,2,2020
04-02-2020,282.2,1,5,37.76,1,0,1,2,2020
05-02-2020,147.9,1,5,95.52,0,0,2,2,2020
06-02-2020,301.1,1,5,28.63,1,0,3,2,2020
07-02-2020,177.6,1,5,90.36,1,0,4,2,2020
08-02-2020,183.2,1,5,74,0,0,5,2,2020
09-02-2020,259.3,1,5,34.33,0,0,6,2,2020
10-02-2020,206.1,1,5,57.15,0,0,0,2,2020
11-02-2020,188.7,1,5,68.9,0,0,1,2,2020
12-02-2020,181.2,1,5,91.54,1,0,2,2,2020
13-02-2020,156.6,1,5,82.09,0,0,3,2,2020
14-02-2020,181.5,1,5,84.37,1,0,4,2,2020
15-02-2020,202.5,1,5,47.37,0,0,5,2,2020
16-02-2020,159.6,1,5,93.13,0,0,6,2,2020
17-02-2020,220.6,1,5,46.8,0,0,0,2,2020
18-02-2020,210.7,1,5,60.9,0,0,1,2,2020
19-02-2020,220.8,1,5,39.45,0,0,2,2,2020
20-02-2020,221.5,1,5,41.59,0,0,3,2,2020
21-02-2020,200.8,1,5,59.09,0,0,4,2,2020
22-02-2020,214.5,1,5,48.11,0,0,5,2,2020
23-02-2020,125.0,1,5,99.08,0,0,6,2,2020
24-02-2020,220.2,1,5,79.81,0,1,0,2,2020
25-02-2020,272.5,1,5,14.95,0,0,1,2,2020
26-02-2020,200.6,1,5,76.52,0,0,2,2,2020
27-02-2020,242.3,1,5,64.05,1,0,3,2,2020
28-02-2020,279.9,1,5,64.77,1,1,4,2,2020
29-02-2020,194.3,1,5,58.17,0,0,5,2,2020
01-03-2020,248.7,1,5,31.49,0,0,6,3,2020
02-03-2020,286.9,1,5,22.43,0,0,0,3,2020
03-03-2020,245.2,1,5,36.07,0,0,1,3,2020
04-03-2020,185.9,1,5,75.82,0,0,2,3,2020
05-03-2020,347.0,1,5,55.6,1,1,3,3,2020
06-03-2020,247.1,1,5,36.93,0,0,4,3,2020
07-03-2020,262.5,1,5,21.01,0,0,5,3,2020
08-03-2020,263.8,1,5,27.55,0,0,6,3,2020
09-03-2020,220.4,1,5,75.49,1,0,0,3,2020
10-03-2020,237.1,1,5,45.7,0,0,1,3,2020
11-03-2020,207.2,1,5,85.08,1,0,2,3,2020
12-03-2020,220.8,1,5,61.2,0,0,3,3,2020
13-03-2020,197.1,1,5,63.52,0,0,4,3,2020
14-03-2020,210.6,1,5,63.32,0,0,5,3,2020
15-03-2020,254.0,1,5,25.36,0,0,6,3,2020
16-03-2020,287.3,1,5,34.68,1,0,0,3,2020
17-03-2020,299.3,1,5,22.21,1,0,1,3,2020
18-03-2020,202.1,1,5,61.48,0,0,2,3,2020
19-03-2020,206.3,1,5,64.86,0,0,3,3,2020
20-03-2020,186.8,1,5,81.42,0,0,4,3,2020
21-03-2020,232.1,1,5,42.24,0,0,5,3,2020
22-03-2020,295.3,1,5,45.99,0,1,6,3,2020
23-03-2020,211.2,1,5,53.5,0,0,0,3,2020
24-03-2020,202.6,1,5,54.49,0,0,1,3,2020
25-03-2020,270.4,1,5,21.88,0,0,2,3,2020
26-03-2020,324.1,1,5,17.68,1,0,3,3,2020
27-03-2020,207.9,1,5,95.29,0,1,4,3,2020
28-03-2020,278.9,1,5,80.42,1,1,5,3,2020
29-03-2020,267.2,1,5,12.95,0,0,6,3,2020
30-03-2020,271.2,1,5,10.66,0,0,0,3,2020
31-03-2020,243.4,1,5,67.41,1,0,1,3,2020
01-04-2020,156.6,1,5,82.18,0,0,2,4,2020
02-04-2020,144.1,1,5,98.05,0,0,3,4,2020
03-04-2020,182.3,1,5,72.3,0,0,4,4,2020
04-04-2020,187.6,1,5,97.74,1,0,5,4,2020
05-04-2020,158.7,1,5,78.77,0,0,6,4,2020
06-04-2020,202.3,1,5,68.17,0,0,0,4,2020
07-04-2020,148.8,1,5,96.2,0,0,1,4,2020
08-04-2020,166.5,1,5,71.31,0,0,2,4,2020
09-04-2020,244.3,1,5,58.02,1,0,3,4,2020
10-04-2020,248.7,1,5,17.14,0,0,4,4,2020
11-04-2020,278.1,1,5,42.96,1,0,5,4,2020
12-04-2020,170.4,1,5,82.39,0,0,6,4,2020
13-04-2020,296.6,1,5,37.46,1,0,0,4,2020
14-04-2020,137.0,1,5,99.21,0,0,1,4,2020
15-04-2020,182.2,1,5,96.31,1,0,2,4,2020
16-04-2020,170.7,1,5,90.72,0,0,3,4,2020
17-04-2020,245.1,1,5,29.72,0,0,4,4,2020
18-04-2020,241.7,1,5,39.79,0,0,5,4,2020
19-04-2020,155.4,1,5,84.9,0,0,6,4,2020
20-04-2020,239.2,1,5,23.33,0,0,0,4,2020
21-04-2020,153.6,1,5,95.1,0,0,1,4,2020
22-04-2020,182.2,1,5,76.16,0,0,2,4,2020
23-04-2020,299.0,1,5,30.09,1,0,3,4,2020
24-04-2020,174.3,1,5,99.55,0,1,4,4,2020
25-04-2020,228.9,1,5,66.73,1,0,5,4,2020
26-04-2020,172.7,1,5,81.67,0,0,6,4,2020
27-04-2020,222.8,1,5,40.67,0,0,0,4,2020
28-04-2020,220.9,1,5,64.06,1,0,1,4,2020
29-04-2020,194.1,1,5,75.14,0,0,2,4,2020
30-04-2020,236.7,1,5,29.84,0,0,3,4,2020
01-05-2020,220.4,1,5,54.29,1,0,4,5,2020
02-05-2020,197.8,1,5,73.9,1,0,5,5,2020
03-05-2020,262.3,1,5,32.47,1,0,6,5,2020
04-05-2020,270.3,1,5,23.13,0,1,0,5,2020
05-05-2020,191.2,1,5,53.83,0,0,1,5,2020
06-05-2020,183.4,1,5,49.72,0,0,2,5,2020
07-05-2020,136.4,1,5,80.74,0,0,3,5,2020
08-05-2020,211.4,1,5,42.07,0,0,4,5,2020
09-05-2020,169.5,1,5,82.25,0,0,5,5,2020
10-05-2020,180.9,1,5,89.93,1,0,6,5,2020
11-05-2020,157.9,1,5,77.34,0,0,0,5,2020
12-05-2020,219.8,1,5,32.56,0,0,1,5,2020
13-05-2020,159.8,1,5,92.32,1,0,2,5,2020
14-05-2020,214.0,1,5,45.27,1,0,3,5,2020
15-05-2020,210.3,1,5,89.47,0,1,4,5,2020
16-05-2020,282.0,1,5,22.26,1,0,5,5,2020
17-05-2020,208.3,1,5,65.27,1,0,6,5,2020
18-05-2020,179.7,1,5,71.04,0,0,0,5,2020
19-05-2020,206.2,1,5,43.72,0,0,1,5,2020
20-05-2020,218.7,1,5,31.01,0,0,2,5,2020
21-05-2020,207.8,1,5,56.31,0,0,3,5,2020
22-05-2020,182.3,1,5,35.39,0,0,4,5,2020
23-05-2020,229.3,1,5,74.16,1,1,5,5,2020
24-05-2020,262.0,1,5,18.17,1,0,6,5,2020
25-05-2020,232.6,1,5,81.54,1,1,0,5,2020
26-05-2020,242.4,1,5,14.16,0,0,1,5,2020
27-05-2020,220.2,1,5,51.55,1,0,2,5,2020
28-05-2020,167.2,1,5,69.73,0,0,3,5,2020
29-05-2020,170.0,1,5,70.31,0,0,4,5,2020
30-05-2020,136.5,1,5,78.78,0,0,5,5,2020
31-05-2020,158.7,1,5,79,0,0,6,5,2020
01-06-2020,159.0,1,5,61.11,1,0,0,6,2020
02-06-2020,177.0,1,5,19.64,0,0,1,6,2020
03-06-2020,152.8,1,5,62.69,1,0,2,6,2020
04-06-2020,124.6,1,5,74.28,0,0,3,6,2020
05-06-2020,139.8,1,5,58.33,0,0,4,6,2020
06-06-2020,194.5,1,5,13.46,0,0,5,6,2020
07-06-2020,118.8,1,5,94.64,1,0,6,6,2020
08-06-2020,194.9,1,5,54.97,0,1,0,6,2020
09-06-2020,206.2,1,5,15.59,1,0,1,6,2020
10-06-2020,123.3,1,5,85.43,0,0,2,6,2020
11-06-2020,110.5,1,5,81.37,0,0,3,6,2020
12-06-2020,108.4,1,5,84.1,0,0,4,6,2020
13-06-2020,129.3,1,5,80.55,0,0,5,6,2020
14-06-2020,94.0,1,5,90.38,0,0,6,6,2020
15-06-2020,176.4,1,5,43.68,0,0,0,6,2020
16-06-2020,151.1,1,5,61.64,0,0,1,6,2020
17-06-2020,171.9,1,5,38.96,0,0,2,6,2020
18-06-2020,168.3,1,5,48.28,0,0,3,6,2020
19-06-2020,140.9,1,5,89.84,1,0,4,6,2020
20-06-2020,154.9,1,5,73.74,0,1,5,6,2020
21-06-2020,122.4,1,5,57.46,0,0,6,6,2020
22-06-2020,111.5,1,5,91.65,1,0,0,6,2020
23-06-2020,192.9,1,5,16.54,0,0,1,6,2020
24-06-2020,112.2,1,5,92.78,0,0,2,6,2020
25-06-2020,148.6,1,5,45.25,0,0,3,6,2020
26-06-2020,152.5,1,5,38.17,0,0,4,6,2020
27-06-2020,119.3,1,5,64.99,0,0,5,6,2020
28-06-2020,133.9,1,5,51.98,0,0,6,6,2020
29-06-2020,194.6,1,5,84.22,1,1,0,6,2020
30-06-2020,151.1,1,5,73.98,1,0,1,6,2020
01-07-2020,108.6,1,5,54.07,0,0,2,7,2020
02-07-2020,176.0,1,5,38.43,0,1,3,7,2020
03-07-2020,126.2,1,5,45.92,0,0,4,7,2020
04-07-2020,131.3,1,5,54.42,1,0,5,7,2020
05-07-2020,171.7,1,5,31.22,0,1,6,7,2020
06-07-2020,97.2,1,5,88.37,0,0,0,7,2020
07-07-2020,153.1,1,5,22.23,1,0,1,7,2020
08-07-2020,123.2,1,5,37,0,0,2,7,2020
09-07-2020,160.8,1,5,33.12,1,0,3,7,2020
10-07-2020,60.2,1,5,99.86,0,0,4,7,2020
11-07-2020,104.4,1,5,80.31,1,0,5,7,2020
12-07-2020,145.4,1,5,24.98,0,0,6,7,2020
13-07-2020,65.6,1,5,91.56,0,0,0,7,2020
14-07-2020,95.9,1,5,37.91,0,0,1,7,2020
01-01-2020,229.2,2,1,12.94,0,0,2,1,2020
02-01-2020,226.0,2,1,29.69,0,0,3,1,2020
03-01-2020,216.7,2,1,15.13,0,0,4,1,2020
04-01-2020,225.5,2,1,46.51,1,0,5,1,2020
05-01-2020,244.3,2,1,10.6,0,0,6,1,2020
06-01-2020,208.7,2,1,64.77,0,1,0,1,2020
07-01-2020,171.6,2,1,71.38,0,0,1,1,2020
08-01-2020,236.0,2,1,17.18,0,0,2,1,2020
09-01-2020,197.4,2,1,43.05,0,0,3,1,2020
10-01-2020,250.9,2,1,17.6,0,0,4,1,2020
11-01-2020,171.3,2,1,62.15,0,0,5,1,2020
12-01-2020,205.1,2,1,44.48,0,0,6,1,2020
13-01-2020,157.0,2,1,72.78,0,0,0,1,2020
14-01-2020,187.0,2,1,50.19,0,0,1,1,2020
15-01-2020,234.3,2,1,13.74,0,0,2,1,2020
16-01-2020,218.5,2,1,51.85,1,0,3,1,2020
17-01-2020,272.3,2,1,16.38,1,0,4,1,2020
18-01-2020,195.2,2,1,33.51,0,0,5,1,2020
19-01-2020,244.1,2,1,34.68,1,0,6,1,2020
20-01-2020,159.2,2,1,97.04,1,0,0,1,2020
21-01-2020,206.6,2,1,47.29,1,0,1,1,2020
22-01-2020,238.3,2,1,51.03,1,0,2,1,2020
23-01-2020,368.2,2,1,15.44,1,1,3,1,2020
24-01-2020,186.5,2,1,51.67,0,0,4,1,2020
25-01-2020,132.4,2,1,98.66,0,0,5,1,2020
26-01-2020,216.8,2,1,41.83,0,0,6,1,2020
27-01-2020,235.2,2,1,27.49,0,0,0,1,2020
28-01-2020,147.6,2,1,77.67,0,0,1,1,2020
29-01-2020,133.9,2,1,90.64,0,0,2,1,2020
30-01-2020,226.6,2,1,15.16,0,0,3,1,2020
31-01-2020,203.1,2,1,54.73,1,0,4,1,2020
01-02-2020,225.0,2,1,47.09,0,0,5,2,2020
02-02-2020,228.3,2,1,52.24,0,0,6,2,2020
03-02-2020,197.5,2,1,56.01,0,0,0,2,2020
04-02-2020,215.3,2,1,46.06,0,0,1,2,2020
05-02-2020,228.4,2,1,61.87,1,0,2,2,2020
06-02-2020,200.3,2,1,71.48,0,0,3,2,2020
07-02-2020,177.4,2,1,78.38,1,0,4,2,2020
08-02-2020,320.0,2,1,23.8,0,1,5,2,2020
09-02-2020,225.8,2,1,37.65,0,0,6,2,2020
10-02-2020,280.2,2,1,24.86,0,0,0,2,2020
11-02-2020,287.0,2,1,50.04,0,1,1,2,2020
12-02-2020,306.5,2,1,18.74,1,0,2,2,2020
13-02-2020,209.2,2,1,60.69,0,0,3,2,2020
14-02-2020,217.7,2,1,57.41,0,0,4,2,2020
15-02-2020,396.4,2,1,11.47,1,1,5,2,2020
16-02-2020,242.1,2,1,23.41,0,0,6,2,2020
17-02-2020,242.0,2,1,56.85,1,0,0,2,2020
18-02-2020,317.1,2,1,14.69,1,0,1,2,2020
19-02-2020,229.5,2,1,31.92,0,0,2,2,2020
20-02-2020,281.6,2,1,39.19,1,0,3,2,2020
21-02-2020,325.9,2,1,16.94,1,0,4,2,2020
22-02-2020,251.7,2,1,66.34,0,1,5,2,2020
23-02-2020,181.1,2,1,63.28,0,0,6,2,2020
24-02-2020,225.1,2,1,47.83,0,0,0,2,2020
25-02-2020,257.7,2,1,28.95,0,0,1,2,2020
26-02-2020,159.7,2,1,85.92,0,0,2,2,2020
27-02-2020,241.1,2,1,25.42,0,0,3,2,2020
28-02-2020,270.5,2,1,12.61,0,0,4,2,2020
29-02-2020,305.1,2,1,18.89,1,0,5,2,2020
01-03-2020,240.4,2,1,39.77,0,0,6,3,2020
02-03-2020,226.3,2,1,50.12,0,0,0,3,2020
03-03-2020,302.8,2,1,10.74,0,0,1,3,2020
04-03-2020,207.4,2,1,67.18,0,0,2,3,2020
05-03-2020,174.7,2,1,76.93,0,0,3,3,2020
06-03-2020,293.7,2,1,23.29,1,0,4,3,2020
07-03-2020,278.6,2,1,48.54,1,0,5,3,2020
08-03-2020,271.7,2,1,14.74,0,0,6,3,2020
09-03-2020,313.3,2,1,34.67,1,0,0,3,2020
10-03-2020,161.9,2,1,96.61,0,0,1,3,2020
11-03-2020,218.1,2,1,95.07,0,1,2,3,2020
12-03-2020,161.6,2,1,88.73,0,0,3,3,2020
13-03-2020,271.2,2,1,45.4,1,0,4,3,2020
14-03-2020,321.5,2,1,19.12,1,0,5,3,2020
15-03-2020,164.4,2,1,97.21,0,0,6,3,2020
16-03-2020,211.9,2,1,73.41,1,0,0,3,2020
17-03-2020,237.4,2,1,40.4,0,0,1,3,2020
18-03-2020,216.8,2,1,67.48,0,0,2,3,2020
19-03-2020,140.2,2,1,99.63,0,0,3,3,2020
20-03-2020,179.0,2,1,62.38,0,0,4,3,2020
21-03-2020,164.2,2,1,77.18,0,0,5,3,2020
22-03-2020,244.8,2,1,30.43,0,0,6,3,2020
23-03-2020,267.9,2,1,56.54,0,1,0,3,2020
24-03-2020,352.6,2,1,20.9,0,1,1,3,2020
25-03-2020,204.4,2,1,54.97,0,0,2,3,2020
26-03-2020,217.6,2,1,82.07,1,0,3,3,2020
27-03-2020,254.0,2,1,24.08,0,0,4,3,2020
28-03-2020,255.6,2,1,30.8,0,0,5,3,2020
29-03-2020,205.7,2,1,66.48,0,0,6,3,2020
30-03-2020,182.9,2,1,91.56,1,0,0,3,2020
31-03-2020,204.0,2,1,57.86,0,0,1,3,2020
01-04-2020,171.1,2,1,81.54,0,0,2,4,2020
02-04-2020,173.6,2,1,76.72,0,0,3,4,2020
03-04-2020,183.1,2,1,78.07,0,0,4,4,2020
04-04-2020,250.0,2,1,21.86,0,0,5,4,2020
05-04-2020,186.0,2,1,92.66,1,0,6,4,2020
06-04-2020,137.0,2,1,98.99,0,0,0,4,2020
07-04-2020,181.2,2,1,69.9,0,0,1,4,2020
08-04-2020,169.5,2,1,91.41,0,0,2,4,2020
09-04-2020,245.6,2,1,58.29,1,0,3,4,2020
10-04-2020,198.5,2,1,80.08,1,0,4,4,2020
11-04-2020,237.0,2,1,61.97,1,0,5,4,2020
12-04-2020,202.3,2,1,63.21,0,0,6,4,2020
13-04-2020,157.3,2,1,96.64,0,0,0,4,2020
14-04-2020,298.2,2,1,29.01,1,0,1,4,2020
15-04-2020,203.1,2,1,66.1,0,0,2,4,2020
16-04-2020,155.5,2,1,91.63,0,0,3,4,2020
17-04-2020,154.2,2,1,80.31,0,0,4,4,2020
18-04-2020,243.9,2,1,31.52,0,0,5,4,2020
19-04-2020,219.1,2,1,48.99,0,0,6,4,2020
20-04-2020,189.1,2,1,69.3,0,0,0,4,2020
21-04-2020,267.3,2,1,11.91,0,0,1,4,2020
22-04-2020,221.2,2,1,86.58,0,1,2,4,2020
23-04-2020,142.6,2,1,92.41,0,0,3,4,2020
24-04-2020,163.9,2,1,81.7,0,0,4,4,2020
25-04-2020,174.0,2,1,80.13,0,0,5,4,2020
26-04-2020,287.2,2,1,49.29,0,1,6,4,2020
27-04-2020,172.4,2,1,64.62,0,0,0,4,2020
28-04-2020,319.9,2,1,17.81,1,0,1,4,2020
29-04-2020,235.1,2,1,25.99,0,0,2,4,2020
30-04-2020,254.9,2,1,25.88,0,0,3,4,2020
01-05-2020,166.3,2,1,81.76,0,0,4,5,2020
02-05-2020,167.4,2,1,70.86,0,0,5,5,2020
03-05-2020,225.7,2,1,34.47,0,0,6,5,2020
04-05-2020,138.0,2,1,98.64,0,0,0,5,2020
05-05-2020,154.2,2,1,72.54,0,0,1,5,2020
06-05-2020,267.8,2,1,27.15,1,0,2,5,2020
07-05-2020,193.4,2,1,66.63,1,0,3,5,2020
08-05-2020,179.7,2,1,63.14,0,0,4,5,2020
09-05-2020,231.6,2,1,11.91,0,0,5,5,2020
10-05-2020,143.7,2,1,78.3,0,0,6,5,2020
11-05-2020,174.6,2,1,55.89,0,0,0,5,2020
12-05-2020,247.5,2,1,19.01,0,0,1,5,2020
13-05-2020,197.8,2,1,64.33,1,0,2,5,2020
14-05-2020,242.1,2,1,37.65,1,0,3,5,2020
15-05-2020,142.7,2,1,68.39,0,0,4,5,2020
16-05-2020,195.2,2,1,51.11,0,0,5,5,2020
17-05-2020,293.4,2,1,36.35,0,1,6,5,2020
18-05-2020,132.0,2,1,72.32,0,0,0,5,2020
19-05-2020,182.7,2,1,66.52,0,0,1,5,2020
20-05-2020,169.4,2,1,85.27,1,0,2,5,2020
21-05-2020,220.8,2,1,32.01,0,0,3,5,2020
22-05-2020,125.1,2,1,99.91,0,0,4,5,2020
23-05-2020,155.3,2,1,95.95,1,0,5,5,2020
24-05-2020,142.2,2,1,82.96,0,0,6,5,2020
25-05-2020,156.6,2,1,74.56,0,0,0,5,2020
26-05-2020,231.7,2,1,43.07,1,0,1,5,2020
27-05-2020,193.2,2,1,36.66,0,0,2,5,2020
28-05-2020,218.4,2,1,33.24,0,0,3,5,2020
29-05-2020,192.9,2,1,60.05,0,0,4,5,2020
30-05-2020,199.0,2,1,77.14,0,1,5,5,2020
31-05-2020,309.8,2,1,14.61,0,1,6,5,2020
01-06-2020,194.3,2,1,10.01,0,0,0,6,2020
02-06-2020,224.4,2,1,11.98,1,0,1,6,2020
03-06-2020,112.3,2,1,79.37,0,0,2,6,2020
04-06-2020,136.4,2,1,56.91,0,0,3,6,2020
05-06-2020,156.3,2,1,53.65,0,0,4,6,2020
06-06-2020,184.7,2,1,49.12,1,0,5,6,2020
07-06-2020,140.0,2,1,87.12,1,0,6,6,2020
08-06-2020,165.8,2,1,40.33,0,0,0,6,2020
09-06-2020,133.0,2,1,85.72,1,0,1,6,2020
10-06-2020,133.1,2,1,54.53,0,0,2,6,2020
11-06-2020,173.0,2,1,72.64,0,1,3,6,2020
12-06-2020,184.6,2,1,11.01,0,0,4,6,2020
13-06-2020,142.0,2,1,71.28,0,0,5,6,2020
14-06-2020,140.9,2,1,80.24,1,0,6,6,2020
15-06-2020,142.7,2,1,91.64,1,0,0,6,2020
16-06-2020,136.2,2,1,88.27,1,0,1,6,2020
17-06-2020,154.1,2,1,35.99,0,0,2,6,2020
18-06-2020,98.0,2,1,95.6,0,0,3,6,2020
19-06-2020,145.6,2,1,56.43,0,0,4,6,2020
20-06-2020,170.4,2,1,38.9,0,0,5,6,2020
21-06-2020,134.3,2,1,52.08,0,0,6,6,2020
22-06-2020,187.4,2,1,10.3,0,0,0,6,2020
23-06-2020,152.1,2,1,81.65,0,1,1,6,2020
24-06-2020,144.1,2,1,64.28,0,0,2,6,2020
25-06-2020,159.0,2,1,72.9,1,0,3,6,2020
26-06-2020,147.3,2,1,43.2,0,0,4,6,2020
27-06-2020,141.2,2,1,71.21,0,0,5,6,2020
28-06-2020,158.0,2,1,41,0,0,6,6,2020
29-06-2020,234.6,2,1,42.19,0,1,0,6,2020
30-06-2020,175.7,2,1,47.36,1,0,1,6,2020
01-07-2020,98.4,2,1,96.64,0,0,2,7,2020
02-07-2020,119.8,2,1,77.69,1,0,3,7,2020
03-07-2020,119.1,2,1,35.7,0,0,4,7,2020
04-07-2020,138.3,2,1,33.13,0,0,5,7,2020
05-07-2020,97.9,2,1,73.42,0,0,6,7,2020
06-07-2020,78.7,2,1,91.79,0,0,0,7,2020
07-07-2020,135.3,2,1,23.28,0,0,1,7,2020
08-07-2020,99.2,2,1,79.76,1,0,2,7,2020
09-07-2020,69.4,2,1,91.86,0,0,3,7,2020
10-07-2020,133.4,2,1,21.89,0,0,4,7,2020
11-07-2020,102.3,2,1,56.49,0,0,5,7,2020
12-07-2020,94.9,2,1,77.47,0,0,6,7,2020
13-07-2020,80.6,2,1,77.59,0,0,0,7,2020
14-07-2020,84.9,2,1,55.57,0,0,1,7,2020
