synthetic_sales_data.csv
date,sales,store_id,product_id,price,promotion,holiday,weekday,month,year
01-01-2020,167.5,2,2,57.89,0,0,2,1,2020
02-01-2020,223.6,2,2,23.19,0,0,3,1,2020
03-01-2020,204.1,2,2,38.34,0,0,4,1,2020
04-01-2020,175.3,2,2,58.87,0,0,5,1,2020
05-01-2020,258.7,2,2,16.42,1,0,6,1,2020
06-01-2020,203.3,2,2,37.44,0,0,0,1,2020
07-01-2020,224.0,2,2,24.23,0,0,1,1,2020
08-01-2020,241.0,2,2,40.97,1,0,2,1,2020
09-01-2020,160.1,2,2,69.88,0,0,3,1,2020
10-01-2020,207.8,2,2,41.98,0,0,4,1,2020
11-01-2020,239.2,2,2,36.06,1,0,5,1,2020
12-01-2020,266.9,2,2,15.07,1,0,6,1,2020
13-01-2020,265.7,2,2,28.98,1,0,0,1,2020
14-01-2020,200.3,2,2,36.01,0,0,1,1,2020
15-01-2020,173.7,2,2,58.87,0,0,2,1,2020
16-01-2020,215.7,2,2,74.22,0,1,3,1,2020
17-01-2020,189.2,2,2,48.67,0,0,4,1,2020
18-01-2020,164.0,2,2,66.28,0,0,5,1,2020
19-01-2020,148.0,2,2,69.44,0,0,6,1,2020
20-01-2020,185.0,2,2,58.93,0,0,0,1,2020
21-01-2020,244.0,2,2,14.43,0,0,1,1,2020
22-01-2020,150.1,2,2,88.01,0,0,2,1,2020
23-01-2020,207.6,2,2,43.64,0,0,3,1,2020
24-01-2020,295.4,2,2,19.81,0,1,4,1,2020
25-01-2020,194.3,2,2,42.15,0,0,5,1,2020
26-01-2020,214.7,2,2,29.68,0,0,6,1,2020
27-01-2020,336.6,2,2,29.44,1,1,0,1,2020
28-01-2020,253.0,2,2,43.2,0,1,1,1,2020
29-01-2020,208.4,2,2,17.47,0,0,2,1,2020
30-01-2020,173.9,2,2,63.09,0,0,3,1,2020
31-01-2020,203.8,2,2,70.49,1,0,4,1,2020
01-02-2020,233.4,2,2,33.73,0,0,5,2,2020
02-02-2020,247.7,2,2,26.34,0,0,6,2,2020
03-02-2020,216.8,2,2,87.68,0,1,0,2,2020
04-02-2020,206.3,2,2,84.41,0,1,1,2,2020
05-02-2020,231.5,2,2,35.07,0,0,2,2,2020
06-02-2020,207.9,2,2,53.22,0,0,3,2,2020
07-02-2020,238.6,2,2,52.7,0,0,4,2,2020
08-02-2020,275.3,2,2,44.69,1,0,5,2,2020
09-02-2020,213.4,2,2,49.86,0,0,6,2,2020
10-02-2020,225.7,2,2,41.87,0,0,0,2,2020
11-02-2020,164.8,2,2,90.97,0,0,1,2,2020
12-02-2020,220.6,2,2,69.47,1,0,2,2,2020
13-02-2020,191.7,2,2,63.66,0,0,3,2,2020
14-02-2020,142.2,2,2,91.54,0,0,4,2,2020
15-02-2020,254.8,2,2,43.8,0,0,5,2,2020
16-02-2020,264.7,2,2,19.8,0,0,6,2,2020
17-02-2020,223.1,2,2,53.91,0,0,0,2,2020
18-02-2020,232.1,2,2,35.35,0,0,1,2,2020
19-02-2020,271.7,2,2,17.09,0,0,2,2,2020
20-02-2020,184.6,2,2,66.81,0,0,3,2,2020
21-02-2020,321.2,2,2,12.09,1,0,4,2,2020
22-02-2020,203.8,2,2,90.68,0,1,5,2,2020
23-02-2020,153.0,2,2,87.17,0,0,6,2,2020
24-02-2020,239.7,2,2,25.74,0,0,0,2,2020
25-02-2020,268.4,2,2,16.59,0,0,1,2,2020
26-02-2020,255.3,2,2,48.12,1,0,2,2,2020
27-02-2020,213.8,2,2,44.52,0,0,3,2,2020
28-02-2020,187.2,2,2,87.87,1,0,4,2,2020
29-02-2020,219.5,2,2,48.5,0,0,5,2,2020
01-03-2020,202.4,2,2,83.14,0,0,6,3,2020
02-03-2020,178.0,2,2,87.1,0,0,0,3,2020
03-03-2020,280.8,2,2,14.25,0,0,1,3,2020
04-03-2020,252.8,2,2,19.73,0,0,2,3,2020
05-03-2020,194.4,2,2,99.43,0,1,3,3,2020
06-03-2020,148.9,2,2,91.65,0,0,4,3,2020
07-03-2020,256.7,2,2,54.98,1,0,5,3,2020
08-03-2020,358.2,2,2,10.01,1,0,6,3,2020
09-03-2020,278.8,2,2,11.86,0,0,0,3,2020
10-03-2020,196.8,2,2,89.4,1,0,1,3,2020
11-03-2020,306.3,2,2,32.1,1,0,2,3,2020
12-03-2020,254.3,2,2,29,0,0,3,3,2020
13-03-2020,160.1,2,2,96.05,0,0,4,3,2020
14-03-2020,272.7,2,2,29.79,0,0,5,3,2020
15-03-2020,190.8,2,2,78.01,0,0,6,3,2020
16-03-2020,203.8,2,2,66.04,0,0,0,3,2020
17-03-2020,210.0,2,2,82.57,1,0,1,3,2020
18-03-2020,205.4,2,2,47.43,0,0,2,3,2020
19-03-2020,246.1,2,2,66.63,1,0,3,3,2020
20-03-2020,168.4,2,2,73.99,0,0,4,3,2020
21-03-2020,197.6,2,2,74.19,0,0,5,3,2020
22-03-2020,200.1,2,2,99.39,1,0,6,3,2020
23-03-2020,213.4,2,2,60.82,0,0,0,3,2020
24-03-2020,158.4,2,2,87.86,0,0,1,3,2020
25-03-2020,161.6,2,2,92.2,0,0,2,3,2020
26-03-2020,278.5,2,2,25.45,0,0,3,3,2020
27-03-2020,233.0,2,2,48.14,0,0,4,3,2020
28-03-2020,334.0,2,2,13.23,1,0,5,3,2020
29-03-2020,262.3,2,2,54.6,1,0,6,3,2020
30-03-2020,222.2,2,2,47.93,0,0,0,3,2020
31-03-2020,258.3,2,2,25.45,0,0,1,3,2020
01-04-2020,252.1,2,2,30.14,0,0,2,4,2020
02-04-2020,157.8,2,2,87.59,0,0,3,4,2020
03-04-2020,206.5,2,2,53.63,0,0,4,4,2020
04-04-2020,193.9,2,2,62.05,0,0,5,4,2020
05-04-2020,138.0,2,2,89.59,0,0,6,4,2020
06-04-2020,276.1,2,2,49.8,1,0,0,4,2020
07-04-2020,254.5,2,2,45.8,1,0,1,4,2020
08-04-2020,173.7,2,2,88.3,0,0,2,4,2020
09-04-2020,200.5,2,2,65.01,0,0,3,4,2020
10-04-2020,173.6,2,2,70.11,0,0,4,4,2020
11-04-2020,197.5,2,2,63.33,0,0,5,4,2020
12-04-2020,219.3,2,2,51.5,0,0,6,4,2020
13-04-2020,240.4,2,2,63.4,1,0,0,4,2020
14-04-2020,296.3,2,2,15.84,1,0,1,4,2020
15-04-2020,240.9,2,2,37.43,0,0,2,4,2020
16-04-2020,242.7,2,2,62.89,1,0,3,4,2020
17-04-2020,197.0,2,2,89.93,0,1,4,4,2020
18-04-2020,220.0,2,2,66.07,0,1,5,4,2020
19-04-2020,241.9,2,2,56.1,1,0,6,4,2020
20-04-2020,246.5,2,2,19.78,0,0,0,4,2020
21-04-2020,192.6,2,2,87.12,1,0,1,4,2020
22-04-2020,151.3,2,2,86.53,0,0,2,4,2020
23-04-2020,166.2,2,2,77.18,0,0,3,4,2020
24-04-2020,222.0,2,2,43.57,0,0,4,4,2020
25-04-2020,327.5,2,2,54.39,1,1,5,4,2020
26-04-2020,194.7,2,2,71.48,0,0,6,4,2020
27-04-2020,210.7,2,2,55.35,0,0,0,4,2020
28-04-2020,388.0,2,2,28.62,1,1,1,4,2020
29-04-2020,178.8,2,2,72.68,0,0,2,4,2020
30-04-2020,297.1,2,2,28.06,1,0,3,4,2020
01-05-2020,214.3,2,2,30.41,0,0,4,5,2020
02-05-2020,196.9,2,2,53.47,0,0,5,5,2020
03-05-2020,202.7,2,2,57.45,1,0,6,5,2020
04-05-2020,225.1,2,2,14.41,0,0,0,5,2020
05-05-2020,226.4,2,2,26.48,0,0,1,5,2020
06-05-2020,216.6,2,2,30.38,0,0,2,5,2020
07-05-2020,204.5,2,2,29.21,0,0,3,5,2020
08-05-2020,156.4,2,2,76.54,0,0,4,5,2020
09-05-2020,179.5,2,2,58.58,0,0,5,5,2020
10-05-2020,170.8,2,2,77,1,0,6,5,2020
11-05-2020,153.8,2,2,59.08,0,0,0,5,2020
12-05-2020,314.4,2,2,37.04,1,1,1,5,2020
13-05-2020,227.4,2,2,20.56,0,0,2,5,2020
14-05-2020,129.0,2,2,91.04,0,0,3,5,2020
15-05-2020,150.1,2,2,82.16,0,0,4,5,2020
16-05-2020,155.4,2,2,98.16,1,0,5,5,2020
17-05-2020,158.2,2,2,85.82,0,0,6,5,2020
18-05-2020,204.8,2,2,51.27,0,0,0,5,2020
19-05-2020,204.2,2,2,52.87,1,0,1,5,2020
20-05-2020,184.5,2,2,48.97,0,0,2,5,2020
21-05-2020,198.1,2,2,35.87,0,0,3,5,2020
22-05-2020,219.0,2,2,10.16,0,0,4,5,2020
23-05-2020,255.0,2,2,25.31,1,0,5,5,2020
24-05-2020,199.2,2,2,27.06,0,0,6,5,2020
25-05-2020,301.4,2,2,10.39,0,1,0,5,2020
26-05-2020,163.3,2,2,99.52,1,0,1,5,2020
27-05-2020,149.3,2,2,85.26,0,0,2,5,2020
28-05-2020,130.5,2,2,94.97,0,0,3,5,2020
29-05-2020,270.2,2,2,13.41,1,0,4,5,2020
30-05-2020,287.8,2,2,49.66,1,1,5,5,2020
31-05-2020,238.2,2,2,37.14,1,0,6,5,2020
01-06-2020,121.5,2,2,69.13,0,0,0,6,2020
02-06-2020,144.6,2,2,56.61,0,0,1,6,2020
03-06-2020,201.8,2,2,15.86,0,0,2,6,2020
04-06-2020,158.5,2,2,55.98,0,1,3,6,2020
05-06-2020,145.3,2,2,60.69,0,0,4,6,2020
06-06-2020,145.8,2,2,47.34,0,0,5,6,2020
07-06-2020,143.5,2,2,62.93,0,0,6,6,2020
08-06-2020,176.3,2,2,56.56,0,1,0,6,2020
09-06-2020,175.6,2,2,19.94,0,0,1,6,2020
10-06-2020,203.8,2,2,16.07,1,0,2,6,2020
11-06-2020,184.6,2,2,12.79,0,0,3,6,2020
12-06-2020,283.3,2,2,19.72,1,1,4,6,2020
13-06-2020,97.3,2,2,92.91,0,0,5,6,2020
14-06-2020,96.6,2,2,92.42,0,0,6,6,2020
15-06-2020,133.0,2,2,84.81,1,0,0,6,2020
16-06-2020,140.1,2,2,70.32,0,0,1,6,2020
17-06-2020,111.4,2,2,77.68,0,0,2,6,2020
18-06-2020,126.5,2,2,72.37,0,0,3,6,2020
19-06-2020,108.7,2,2,95.26,0,0,4,6,2020
20-06-2020,162.8,2,2,22.61,0,0,5,6,2020
21-06-2020,125.7,2,2,98.1,1,0,6,6,2020
22-06-2020,166.7,2,2,23.28,0,0,0,6,2020
23-06-2020,143.5,2,2,74.64,0,0,1,6,2020
24-06-2020,145.7,2,2,56.55,0,0,2,6,2020
25-06-2020,173.5,2,2,17.17,0,0,3,6,2020
26-06-2020,201.2,2,2,12.77,0,0,4,6,2020
27-06-2020,232.0,2,2,56,1,1,5,6,2020
28-06-2020,207.4,2,2,14.34,1,0,6,6,2020
29-06-2020,173.9,2,2,27.31,0,0,0,6,2020
30-06-2020,94.4,2,2,94.95,0,0,1,6,2020
01-07-2020,104.4,2,2,45.37,0,0,2,7,2020
02-07-2020,87.3,2,2,97.62,1,0,3,7,2020
03-07-2020,102.8,2,2,40.65,0,0,4,7,2020
04-07-2020,130.9,2,2,23.88,0,0,5,7,2020
05-07-2020,137.6,2,2,20.75,0,0,6,7,2020
06-07-2020,142.0,2,2,59.05,1,0,0,7,2020
07-07-2020,80.7,2,2,92.14,0,0,1,7,2020
08-07-2020,101.5,2,2,81.09,0,0,2,7,2020
09-07-2020,152.1,2,2,63.89,0,1,3,7,2020
10-07-2020,82.3,2,2,67.48,0,0,4,7,2020
11-07-2020,89.3,2,2,81.14,0,0,5,7,2020
12-07-2020,146.1,2,2,15.91,0,0,6,7,2020
13-07-2020,70.3,2,2,97.37,0,0,0,7,2020
14-07-2020,88.7,2,2,74.69,0,0,1,7,2020
01-01-2020,128.4,2,3,99.82,0,0,2,1,2020
02-01-2020,231.0,2,3,21.49,0,0,3,1,2020
03-01-2020,150.3,2,3,74.97,0,0,4,1,2020
04-01-2020,146.4,2,3,92.82,0,0,5,1,2020
05-01-2020,257.5,2,3,31.94,1,0,6,1,2020
06-01-2020,236.8,2,3,10.4,0,0,0,1,2020
07-01-2020,194.3,2,3,46.21,0,0,1,1,2020
08-01-2020,229.1,2,3,57.78,1,0,2,1,2020
09-01-2020,148.3,2,3,90.03,1,0,3,1,2020
10-01-2020,218.9,2,3,44.43,0,0,4,1,2020
11-01-2020,164.3,2,3,76.53,0,0,5,1,2020
12-01-2020,162.3,2,3,54.39,0,0,6,1,2020
13-01-2020,178.2,2,3,50.98,0,0,0,1,2020
14-01-2020,145.9,2,3,84.86,0,0,1,1,2020
15-01-2020,203.8,2,3,29.82,0,0,2,1,2020
16-01-2020,186.8,2,3,50.17,0,0,3,1,2020
17-01-2020,139.4,2,3,93.26,0,0,4,1,2020
18-01-2020,173.2,2,3,61.42,0,0,5,1,2020
19-01-2020,149.8,2,3,97.75,1,0,6,1,2020
20-01-2020,244.2,2,3,11.72,0,0,0,1,2020
21-01-2020,255.9,2,3,39.49,0,1,1,1,2020
22-01-2020,206.7,2,3,45.34,0,0,2,1,2020
23-01-2020,169.9,2,3,59.95,0,0,3,1,2020
24-01-2020,178.5,2,3,67.35,0,0,4,1,2020
25-01-2020,168.3,2,3,79.74,1,0,5,1,2020
26-01-2020,203.7,2,3,44.56,0,0,6,1,2020
27-01-2020,148.2,2,3,82.47,0,0,0,1,2020
28-01-2020,138.0,2,3,86.75,0,0,1,1,2020
29-01-2020,235.4,2,3,12.03,0,0,2,1,2020
30-01-2020,246.1,2,3,48.4,0,1,3,1,2020
31-01-2020,197.9,2,3,43.64,0,0,4,1,2020
01-02-2020,168.0,2,3,87.2,0,0,5,2,2020
02-02-2020,198.6,2,3,82.23,1,0,6,2,2020
03-02-2020,201.3,2,3,81.25,1,0,0,2,2020
04-02-2020,173.3,2,3,93.64,1,0,1,2,2020
05-02-2020,249.4,2,3,33.48,0,0,2,2,2020
06-02-2020,255.4,2,3,55.12,1,0,3,2,2020
07-02-2020,260.1,2,3,16.36,0,0,4,2,2020
08-02-2020,171.3,2,3,81.53,0,0,5,2,2020
09-02-2020,313.0,2,3,13.26,1,0,6,2,2020
10-02-2020,298.0,2,3,26.8,1,0,0,2,2020
11-02-2020,247.6,2,3,59.24,1,0,1,2,2020
12-02-2020,208.4,2,3,97.94,1,1,2,2,2020
13-02-2020,134.0,2,3,94.81,0,0,3,2,2020
14-02-2020,286.9,2,3,33.3,1,0,4,2,2020
15-02-2020,214.1,2,3,48.76,0,0,5,2,2020
16-02-2020,269.5,2,3,12.49,0,0,6,2,2020
17-02-2020,228.2,2,3,73.22,1,0,0,2,2020
18-02-2020,153.2,2,3,83.9,0,0,1,2,2020
19-02-2020,247.5,2,3,73.2,0,1,2,2,2020
20-02-2020,218.8,2,3,29.03,0,0,3,2,2020
21-02-2020,311.6,2,3,27.36,1,0,4,2,2020
22-02-2020,241.9,2,3,32.2,0,0,5,2,2020
23-02-2020,240.0,2,3,36.39,0,0,6,2,2020
24-02-2020,164.6,2,3,94.1,1,0,0,2,2020
25-02-2020,315.6,2,3,15.54,1,0,1,2,2020
26-02-2020,169.9,2,3,92.28,0,0,2,2,2020
27-02-2020,230.9,2,3,48.77,0,0,3,2,2020
28-02-2020,197.1,2,3,60.29,0,0,4,2,2020
29-02-2020,190.4,2,3,41.36,0,0,5,2,2020
01-03-2020,260.2,2,3,58.35,1,0,6,3,2020
02-03-2020,233.8,2,3,49.51,0,0,0,3,2020
03-03-2020,150.1,2,3,97.57,0,0,1,3,2020
04-03-2020,223.7,2,3,68.69,1,0,2,3,2020
05-03-2020,285.0,2,3,18.91,0,0,3,3,2020
06-03-2020,345.1,2,3,18.26,0,1,4,3,2020
07-03-2020,222.7,2,3,53.06,0,0,5,3,2020
08-03-2020,250.4,2,3,27.95,0,0,6,3,2020
09-03-2020,211.0,2,3,66.94,0,0,0,3,2020
10-03-2020,318.0,2,3,24.92,1,0,1,3,2020
11-03-2020,147.9,2,3,89.22,0,0,2,3,2020
12-03-2020,275.8,2,3,60.3,0,1,3,3,2020
13-03-2020,288.5,2,3,13.33,0,0,4,3,2020
14-03-2020,303.1,2,3,33.77,1,0,5,3,2020
15-03-2020,224.7,2,3,72.02,1,0,6,3,2020
16-03-2020,221.7,2,3,52.13,0,0,0,3,2020
17-03-2020,153.8,2,3,98.81,0,0,1,3,2020
18-03-2020,298.3,2,3,30.87,1,0,2,3,2020
19-03-2020,234.1,2,3,45.1,0,0,3,3,2020
20-03-2020,155.0,2,3,99.51,0,0,4,3,2020
21-03-2020,240.5,2,3,83.85,0,1,5,3,2020
22-03-2020,212.7,2,3,60.82,0,0,6,3,2020
23-03-2020,165.7,2,3,88.79,0,0,0,3,2020
24-03-2020,143.1,2,3,83.02,0,0,1,3,2020
25-03-2020,220.3,2,3,85.32,0,1,2,3,2020
26-03-2020,191.6,2,3,92.56,1,0,3,3,2020
27-03-2020,230.5,2,3,68.92,1,0,4,3,2020
28-03-2020,293.6,2,3,43.19,1,0,5,3,2020
29-03-2020,177.8,2,3,85.64,0,0,6,3,2020
30-03-2020,177.4,2,3,81.57,0,0,0,3,2020
31-03-2020,348.0,2,3,11.71,1,0,1,3,2020
01-04-2020,214.2,2,3,54.79,0,0,2,4,2020
02-04-2020,251.1,2,3,54.47,1,0,3,4,2020
03-04-2020,239.8,2,3,60.32,1,0,4,4,2020
04-04-2020,268.6,2,3,46.31,1,0,5,4,2020
05-04-2020,268.5,2,3,13.79,0,0,6,4,2020
06-04-2020,261.4,2,3,16.46,0,0,0,4,2020
07-04-2020,288.7,2,3,52.19,0,1,1,4,2020
08-04-2020,311.6,2,3,10.85,1,0,2,4,2020
09-04-2020,284.5,2,3,51.16,0,1,3,4,2020
10-04-2020,193.4,2,3,70.55,0,0,4,4,2020
11-04-2020,191.2,2,3,75.2,0,0,5,4,2020
12-04-2020,175.6,2,3,65.56,0,0,6,4,2020
13-04-2020,158.9,2,3,94.19,0,0,0,4,2020
14-04-2020,302.2,2,3,18.13,1,0,1,4,2020
15-04-2020,425.6,2,3,10.39,1,1,2,4,2020
16-04-2020,240.6,2,3,78.74,0,1,3,4,2020
17-04-2020,313.7,2,3,12.21,1,0,4,4,2020
18-04-2020,256.7,2,3,82.82,1,1,5,4,2020
19-04-2020,162.0,2,3,91.59,0,0,6,4,2020
20-04-2020,276.7,2,3,38.33,1,0,0,4,2020
21-04-2020,292.3,2,3,26.98,1,0,1,4,2020
22-04-2020,201.8,2,3,62.66,0,0,2,4,2020
23-04-2020,257.9,2,3,22.24,0,0,3,4,2020
24-04-2020,320.8,2,3,11.75,1,0,4,4,2020
25-04-2020,199.8,2,3,53.9,0,0,5,4,2020
26-04-2020,141.0,2,3,99.27,0,0,6,4,2020
27-04-2020,212.3,2,3,83.42,1,0,0,4,2020
28-04-2020,214.1,2,3,78.14,1,0,1,4,2020
29-04-2020,146.0,2,3,96.57,0,0,2,4,2020
30-04-2020,225.6,2,3,53.28,0,0,3,4,2020
01-05-2020,199.2,2,3,34.44,0,0,4,5,2020
02-05-2020,174.6,2,3,41.09,0,0,5,5,2020
03-05-2020,149.3,2,3,72.51,0,0,6,5,2020
04-05-2020,172.2,2,3,69.26,0,0,0,5,2020
05-05-2020,183.0,2,3,43.93,0,0,1,5,2020
06-05-2020,138.1,2,3,97.93,0,0,2,5,2020
07-05-2020,327.2,2,3,33.6,1,1,3,5,2020
08-05-2020,273.6,2,3,13.38,1,0,4,5,2020
09-05-2020,156.6,2,3,91.43,0,0,5,5,2020
10-05-2020,196.0,2,3,43.15,0,0,6,5,2020
11-05-2020,140.4,2,3,85.59,0,0,0,5,2020
12-05-2020,234.7,2,3,13.73,0,0,1,5,2020
13-05-2020,185.7,2,3,76.63,1,0,2,5,2020
14-05-2020,166.5,2,3,72.11,0,0,3,5,2020
15-05-2020,203.2,2,3,45.73,0,0,4,5,2020
16-05-2020,220.5,2,3,50.38,1,0,5,5,2020
17-05-2020,237.4,2,3,22,0,0,6,5,2020
18-05-2020,159.7,2,3,77.87,0,0,0,5,2020
19-05-2020,236.1,2,3,73.88,1,1,1,5,2020
20-05-2020,234.6,2,3,23.3,0,0,2,5,2020
21-05-2020,250.8,2,3,33.28,1,0,3,5,2020
22-05-2020,184.8,2,3,44.94,0,0,4,5,2020
23-05-2020,172.7,2,3,68.96,0,0,5,5,2020
24-05-2020,227.4,2,3,39.75,1,0,6,5,2020
25-05-2020,144.2,2,3,90.23,0,0,0,5,2020
26-05-2020,179.7,2,3,49.12,0,0,1,5,2020
27-05-2020,222.0,2,3,22.28,0,0,2,5,2020
28-05-2020,189.3,2,3,52.69,0,0,3,5,2020
29-05-2020,195.1,2,3,50.64,0,0,4,5,2020
30-05-2020,222.2,2,3,91.82,1,1,5,5,2020
31-05-2020,213.8,2,3,21.03,0,0,6,5,2020
01-06-2020,193.5,2,3,32.04,1,0,0,6,2020
02-06-2020,157.2,2,3,63.96,1,0,1,6,2020
03-06-2020,117.5,2,3,99.99,1,0,2,6,2020
04-06-2020,167.7,2,3,54.16,1,0,3,6,2020
05-06-2020,193.0,2,3,17.6,0,0,4,6,2020
06-06-2020,192.5,2,3,37.02,1,0,5,6,2020
07-06-2020,178.3,2,3,43.12,0,0,6,6,2020
08-06-2020,149.7,2,3,68.47,1,0,0,6,2020
09-06-2020,186.6,2,3,10.61,0,0,1,6,2020
10-06-2020,143.9,2,3,63.92,0,0,2,6,2020
11-06-2020,104.1,2,3,91.91,0,0,3,6,2020
12-06-2020,132.5,2,3,45.14,0,0,4,6,2020
13-06-2020,121.5,2,3,97.94,1,0,5,6,2020
14-06-2020,166.1,2,3,56.17,1,0,6,6,2020
15-06-2020,218.5,2,3,37.58,0,1,0,6,2020
16-06-2020,228.6,2,3,18.39,1,0,1,6,2020
17-06-2020,222.3,2,3,66.73,1,1,2,6,2020
18-06-2020,124.7,2,3,79.62,0,0,3,6,2020
19-06-2020,180.4,2,3,57.86,1,0,4,6,2020
20-06-2020,122.1,2,3,99,1,0,5,6,2020
21-06-2020,158.7,2,3,42.72,0,0,6,6,2020
22-06-2020,117.4,2,3,88.64,0,0,0,6,2020
23-06-2020,126.2,2,3,82.6,1,0,1,6,2020
24-06-2020,168.3,2,3,55.82,1,0,2,6,2020
25-06-2020,88.4,2,3,99.34,0,0,3,6,2020
26-06-2020,135.5,2,3,88.95,1,0,4,6,2020
27-06-2020,122.7,2,3,79.57,1,0,5,6,2020
28-06-2020,162.6,2,3,47.12,0,0,6,6,2020
29-06-2020,186.3,2,3,11.61,0,0,0,6,2020
30-06-2020,164.1,2,3,65.36,0,1,1,6,2020
01-07-2020,86.2,2,3,99.84,1,0,2,7,2020
02-07-2020,130.3,2,3,12.22,0,0,3,7,2020
03-07-2020,171.9,2,3,44.61,1,1,4,7,2020
04-07-2020,167.2,2,3,60.18,1,1,5,7,2020
05-07-2020,117.9,2,3,90.99,0,1,6,7,2020
06-07-2020,127.5,2,3,64.61,1,0,0,7,2020
07-07-2020,125.2,2,3,80.46,1,0,1,7,2020
08-07-2020,108.7,2,3,64.5,0,0,2,7,2020
09-07-2020,114.5,2,3,88.96,1,1,3,7,2020
10-07-2020,112.0,2,3,39.33,0,0,4,7,2020
11-07-2020,104.2,2,3,75.35,1,0,5,7,2020
12-07-2020,87.9,2,3,55.11,0,0,6,7,2020
13-07-2020,105.2,2,3,41.05,0,0,0,7,2020
14-07-2020,129.2,2,3,77.23,0,1,1,7,2020
