synthetic_sales_data.csv
date,sales,store_id,product_id,price,promotion,holiday,weekday,month,year
01-01-2020,188.0,2,4,50.13,0,0,2,1,2020
02-01-2020,221.4,2,4,54.1,1,0,3,1,2020
03-01-2020,252.5,2,4,42.23,1,0,4,1,2020
04-01-2020,206.2,2,4,35.07,0,0,5,1,2020
05-01-2020,203.8,2,4,23.97,0,0,6,1,2020
06-01-2020,152.1,2,4,78.09,0,0,0,1,2020
07-01-2020,170.7,2,4,78.98,1,0,1,1,2020
08-01-2020,299.1,2,4,13.17,0,1,2,1,2020
09-01-2020,230.8,2,4,37.94,1,0,3,1,2020
10-01-2020,173.0,2,4,89.72,1,0,4,1,2020
11-01-2020,199.7,2,4,40.44,0,0,5,1,2020
12-01-2020,206.8,2,4,60.63,1,0,6,1,2020
13-01-2020,201.1,2,4,19.72,0,0,0,1,2020
14-01-2020,233.0,2,4,20.6,0,0,1,1,2020
15-01-2020,193.4,2,4,44.21,0,0,2,1,2020
16-01-2020,141.9,2,4,81.74,0,0,3,1,2020
17-01-2020,125.9,2,4,95.21,0,0,4,1,2020
18-01-2020,232.8,2,4,36.46,1,0,5,1,2020
19-01-2020,299.6,2,4,15.68,0,1,6,1,2020
20-01-2020,251.6,2,4,51.76,0,1,0,1,2020
21-01-2020,128.4,2,4,92.19,0,0,1,1,2020
22-01-2020,215.7,2,4,31.96,0,0,2,1,2020
23-01-2020,170.8,2,4,59.13,0,0,3,1,2020
24-01-2020,232.5,2,4,13.04,0,0,4,1,2020
25-01-2020,153.0,2,4,85.99,0,0,5,1,2020
26-01-2020,147.3,2,4,68.8,0,0,6,1,2020
27-01-2020,177.3,2,4,44.67,0,0,0,1,2020
28-01-2020,170.2,2,4,86.83,1,0,1,1,2020
29-01-2020,203.2,2,4,54.27,1,0,2,1,2020
30-01-2020,185.0,2,4,78.17,1,0,3,1,2020
31-01-2020,141.7,2,4,89.09,0,0,4,1,2020
01-02-2020,274.6,2,4,34.58,1,0,5,2,2020
02-02-2020,336.9,2,4,22.49,0,1,6,2,2020
03-02-2020,249.9,2,4,17.81,0,0,0,2,2020
04-02-2020,229.3,2,4,43.39,0,0,1,2,2020
05-02-2020,228.1,2,4,31.16,0,0,2,2,2020
06-02-2020,210.9,2,4,50.6,0,0,3,2,2020
07-02-2020,269.3,2,4,10.2,0,0,4,2,2020
08-02-2020,275.4,2,4,17.24,0,0,5,2,2020
09-02-2020,170.3,2,4,88.93,1,0,6,2,2020
10-02-2020,190.4,2,4,61.82,0,0,0,2,2020
11-02-2020,144.7,2,4,93.75,0,0,1,2,2020
12-02-2020,176.5,2,4,77.09,0,0,2,2,2020
13-02-2020,173.1,2,4,93.67,1,0,3,2,2020
14-02-2020,174.4,2,4,71.63,0,0,4,2,2020
15-02-2020,390.7,2,4,26.54,1,1,5,2,2020
16-02-2020,231.0,2,4,82.35,0,1,6,2,2020
17-02-2020,249.3,2,4,55.44,1,0,0,2,2020
18-02-2020,227.9,2,4,52.07,0,0,1,2,2020
19-02-2020,202.8,2,4,52.81,0,0,2,2,2020
20-02-2020,236.5,2,4,25.58,0,0,3,2,2020
21-02-2020,183.0,2,4,73.83,0,0,4,2,2020
22-02-2020,223.6,2,4,47.26,0,0,5,2,2020
23-02-2020,179.1,2,4,87.18,1,0,6,2,2020
24-02-2020,325.0,2,4,26.49,1,0,0,2,2020
25-02-2020,163.3,2,4,83.9,0,0,1,2,2020
26-02-2020,222.5,2,4,43.31,0,0,2,2,2020
27-02-2020,279.6,2,4,45.02,1,0,3,2,2020
28-02-2020,242.1,2,4,32.78,0,0,4,2,2020
29-02-2020,153.5,2,4,94.05,0,0,5,2,2020
01-03-2020,344.4,2,4,20.16,0,1,6,3,2020
02-03-2020,214.3,2,4,76.23,0,0,0,3,2020
03-03-2020,292.1,2,4,44.42,1,0,1,3,2020
04-03-2020,211.6,2,4,53.04,0,0,2,3,2020
05-03-2020,312.2,2,4,14.38,0,0,3,3,2020
06-03-2020,263.2,2,4,54.31,1,0,4,3,2020
07-03-2020,195.5,2,4,87.88,1,0,5,3,2020
08-03-2020,257.5,2,4,13.66,0,0,6,3,2020
09-03-2020,231.8,2,4,77.8,1,0,0,3,2020
10-03-2020,161.0,2,4,81.21,0,0,1,3,2020
11-03-2020,177.5,2,4,80.41,0,0,2,3,2020
12-03-2020,204.7,2,4,62.37,0,0,3,3,2020
13-03-2020,195.5,2,4,96.01,1,0,4,3,2020
14-03-2020,216.5,2,4,57.61,0,0,5,3,2020
15-03-2020,276.3,2,4,20.25,0,0,6,3,2020
16-03-2020,171.5,2,4,80.5,0,0,0,3,2020
17-03-2020,253.4,2,4,64.44,0,1,1,3,2020
18-03-2020,265.8,2,4,16.84,0,0,2,3,2020
19-03-2020,224.2,2,4,73.01,1,0,3,3,2020
20-03-2020,269.1,2,4,17.04,0,0,4,3,2020
21-03-2020,236.9,2,4,69.16,1,0,5,3,2020
22-03-2020,318.5,2,4,15.62,1,0,6,3,2020
23-03-2020,344.4,2,4,16.36,1,0,0,3,2020
24-03-2020,164.5,2,4,87.56,0,0,1,3,2020
25-03-2020,319.0,2,4,23.79,1,0,2,3,2020
26-03-2020,301.8,2,4,29.01,1,0,3,3,2020
27-03-2020,235.7,2,4,37.18,0,0,4,3,2020
28-03-2020,262.0,2,4,33.96,0,0,5,3,2020
29-03-2020,170.0,2,4,80.91,0,0,6,3,2020
30-03-2020,230.8,2,4,67.28,1,0,0,3,2020
31-03-2020,240.4,2,4,65.53,1,0,1,3,2020
01-04-2020,155.3,2,4,93.71,0,0,2,4,2020
02-04-2020,206.9,2,4,54.39,0,0,3,4,2020
03-04-2020,197.2,2,4,92.17,0,1,4,4,2020
04-04-2020,227.8,2,4,60.79,1,0,5,4,2020
05-04-2020,304.5,2,4,21.69,1,0,6,4,2020
06-04-2020,253.6,2,4,51.35,1,0,0,4,2020
07-04-2020,233.6,2,4,38.84,0,0,1,4,2020
08-04-2020,195.7,2,4,64.56,0,0,2,4,2020
09-04-2020,311.7,2,4,17.87,1,0,3,4,2020
10-04-2020,238.0,2,4,22.55,0,0,4,4,2020
11-04-2020,214.8,2,4,54.97,0,0,5,4,2020
12-04-2020,280.5,2,4,33.48,1,0,6,4,2020
13-04-2020,199.7,2,4,77.58,1,0,0,4,2020
14-04-2020,286.0,2,4,28.37,1,0,1,4,2020
15-04-2020,237.1,2,4,69.91,0,1,2,4,2020
16-04-2020,226.5,2,4,83.31,0,1,3,4,2020
17-04-2020,215.9,2,4,62.92,0,0,4,4,2020
18-04-2020,252.2,2,4,46.94,0,0,5,4,2020
19-04-2020,210.9,2,4,48.72,0,0,6,4,2020
20-04-2020,318.3,2,4,21.64,1,0,0,4,2020
21-04-2020,242.0,2,4,34.57,0,0,1,4,2020
22-04-2020,264.8,2,4,27.58,0,0,2,4,2020
23-04-2020,257.7,2,4,10.84,0,0,3,4,2020
24-04-2020,235.0,2,4,68.41,1,0,4,4,2020
25-04-2020,408.6,2,4,22.98,1,1,5,4,2020
26-04-2020,257.2,2,4,12.17,0,0,6,4,2020
27-04-2020,260.2,2,4,52.65,1,0,0,4,2020
28-04-2020,182.9,2,4,78.93,0,0,1,4,2020
29-04-2020,253.4,2,4,50,1,0,2,4,2020
30-04-2020,243.9,2,4,33.66,0,0,3,4,2020
01-05-2020,186.0,2,4,45.29,0,0,4,5,2020
02-05-2020,155.5,2,4,80.61,0,0,5,5,2020
03-05-2020,241.8,2,4,34.99,1,0,6,5,2020
04-05-2020,269.4,2,4,22.26,1,0,0,5,2020
05-05-2020,217.7,2,4,32.41,0,0,1,5,2020
06-05-2020,242.4,2,4,32.07,1,0,2,5,2020
07-05-2020,235.6,2,4,13.94,0,0,3,5,2020
08-05-2020,189.5,2,4,67.61,1,0,4,5,2020
09-05-2020,183.1,2,4,73.82,1,0,5,5,2020
10-05-2020,163.3,2,4,87.02,0,0,6,5,2020
11-05-2020,148.4,2,4,73.55,0,0,0,5,2020
12-05-2020,187.6,2,4,42.85,0,0,1,5,2020
13-05-2020,125.7,2,4,95.91,0,0,2,5,2020
14-05-2020,238.2,2,4,36.71,1,0,3,5,2020
15-05-2020,285.3,2,4,12.41,1,0,4,5,2020
16-05-2020,196.1,2,4,46.8,0,0,5,5,2020
17-05-2020,152.1,2,4,83.99,0,0,6,5,2020
18-05-2020,246.1,2,4,49.62,0,1,0,5,2020
19-05-2020,218.1,2,4,56.89,1,0,1,5,2020
20-05-2020,366.7,2,4,20.45,1,1,2,5,2020
21-05-2020,189.8,2,4,59.47,0,0,3,5,2020
22-05-2020,188.0,2,4,80.91,0,1,4,5,2020
23-05-2020,132.0,2,4,99.82,0,0,5,5,2020
24-05-2020,311.8,2,4,16.02,0,1,6,5,2020
25-05-2020,150.4,2,4,83.68,0,0,0,5,2020
26-05-2020,235.8,2,4,19.12,0,0,1,5,2020
27-05-2020,242.2,2,4,29.18,1,0,2,5,2020
28-05-2020,251.7,2,4,42.28,0,1,3,5,2020
29-05-2020,274.6,2,4,13.78,1,0,4,5,2020
30-05-2020,188.8,2,4,81.83,1,0,5,5,2020
31-05-2020,202.5,2,4,69.22,1,0,6,5,2020
01-06-2020,137.2,2,4,90.7,0,0,0,6,2020
02-06-2020,126.6,2,4,88.65,1,0,1,6,2020
03-06-2020,148.0,2,4,81.17,1,0,2,6,2020
04-06-2020,217.3,2,4,42.9,0,1,3,6,2020
05-06-2020,142.1,2,4,67.09,1,0,4,6,2020
06-06-2020,204.9,2,4,28.45,1,0,5,6,2020
07-06-2020,180.8,2,4,39.26,0,0,6,6,2020
08-06-2020,157.9,2,4,78.39,1,0,0,6,2020
09-06-2020,124.4,2,4,91.56,1,0,1,6,2020
10-06-2020,100.4,2,4,87.96,0,0,2,6,2020
11-06-2020,231.3,2,4,22.59,1,0,3,6,2020
12-06-2020,179.0,2,4,48.24,1,0,4,6,2020
13-06-2020,127.4,2,4,93.8,1,0,5,6,2020
14-06-2020,97.7,2,4,95.02,0,0,6,6,2020
15-06-2020,167.3,2,4,10.15,0,0,0,6,2020
16-06-2020,135.6,2,4,63.91,0,0,1,6,2020
17-06-2020,165.4,2,4,21.66,0,0,2,6,2020
18-06-2020,147.6,2,4,54.36,0,0,3,6,2020
19-06-2020,143.8,2,4,50.69,0,0,4,6,2020
20-06-2020,98.3,2,4,87.98,0,0,5,6,2020
21-06-2020,209.0,2,4,47.94,0,1,6,6,2020
22-06-2020,175.0,2,4,28.14,0,0,0,6,2020
23-06-2020,153.7,2,4,44.89,0,0,1,6,2020
24-06-2020,139.5,2,4,57.79,0,0,2,6,2020
25-06-2020,155.0,2,4,66.05,1,0,3,6,2020
26-06-2020,118.3,2,4,79.04,0,0,4,6,2020
27-06-2020,176.4,2,4,19.42,0,0,5,6,2020
28-06-2020,152.0,2,4,88.63,0,1,6,6,2020
29-06-2020,112.2,2,4,94.57,0,0,0,6,2020
30-06-2020,192.8,2,4,16.55,0,0,1,6,2020
01-07-2020,166.1,2,4,17.17,1,0,2,7,2020
02-07-2020,85.5,2,4,97.43,0,0,3,7,2020
03-07-2020,111.5,2,4,64.18,1,0,4,7,2020
04-07-2020,124.2,2,4,58.56,1,0,5,7,2020
05-07-2020,150.4,2,4,25.46,1,0,6,7,2020
06-07-2020,157.4,2,4,41.7,1,0,0,7,2020
07-07-2020,145.4,2,4,45.52,1,0,1,7,2020
08-07-2020,136.7,2,4,12.77,0,0,2,7,2020
09-07-2020,137.0,2,4,35.6,0,0,3,7,2020
10-07-2020,119.1,2,4,38.96,0,0,4,7,2020
11-07-2020,130.7,2,4,31.78,0,0,5,7,2020
12-07-2020,138.1,2,4,49.57,1,0,6,7,2020
13-07-2020,97.7,2,4,81.55,0,0,0,7,2020
14-07-2020,149.8,2,4,33.87,1,0,1,7,2020
01-01-2020,136.9,2,5,79.1,0,0,2,1,2020
02-01-2020,218.2,2,5,28.21,0,0,3,1,2020
03-01-2020,179.2,2,5,46.77,0,0,4,1,2020
04-01-2020,365.6,2,5,12.73,1,1,5,1,2020
05-01-2020,200.2,2,5,40.24,0,0,6,1,2020
06-01-2020,128.3,2,5,93.01,0,0,0,1,2020
07-01-2020,358.5,2,5,21.57,1,1,1,1,2020
08-01-2020,195.2,2,5,45.38,0,0,2,1,2020
09-01-2020,167.3,2,5,78.71,1,0,3,1,2020
10-01-2020,270.7,2,5,35.14,0,1,4,1,2020
11-01-2020,217.4,2,5,26.02,0,0,5,1,2020
12-01-2020,277.4,2,5,13.23,1,0,6,1,2020
13-01-2020,164.8,2,5,75.27,0,0,0,1,2020
14-01-2020,151.0,2,5,68.44,0,0,1,1,2020
15-01-2020,169.2,2,5,65.23,0,0,2,1,2020
16-01-2020,158.3,2,5,84.33,0,0,3,1,2020
17-01-2020,164.3,2,5,89.45,1,0,4,1,2020
18-01-2020,176.3,2,5,63.81,0,0,5,1,2020
19-01-2020,166.8,2,5,84.4,1,0,6,1,2020
20-01-2020,247.2,2,5,21.15,0,0,0,1,2020
21-01-2020,157.9,2,5,64.2,0,0,1,1,2020
22-01-2020,171.5,2,5,55.8,0,0,2,1,2020
23-01-2020,198.1,2,5,45.43,0,0,3,1,2020
24-01-2020,159.6,2,5,73.07,0,0,4,1,2020
25-01-2020,150.5,2,5,92.81,0,0,5,1,2020
26-01-2020,222.4,2,5,58.76,1,0,6,1,2020
27-01-2020,186.5,2,5,42.58,0,0,0,1,2020
28-01-2020,229.2,2,5,17.06,0,0,1,1,2020
29-01-2020,156.1,2,5,70.09,0,0,2,1,2020
30-01-2020,208.5,2,5,61.09,1,0,3,1,2020
31-01-2020,148.1,2,5,82.93,0,0,4,1,2020
01-02-2020,240.0,2,5,33.88,0,0,5,2,2020
02-02-2020,200.9,2,5,92.71,1,0,6,2,2020
03-02-2020,292.2,2,5,35.48,1,0,0,2,2020
04-02-2020,228.7,2,5,47.89,0,0,1,2,2020
05-02-2020,161.0,2,5,93,0,0,2,2,2020
06-02-2020,206.9,2,5,49.06,0,0,3,2,2020
07-02-2020,212.8,2,5,73.9,1,0,4,2,2020
08-02-2020,221.1,2,5,78.94,1,0,5,2,2020
09-02-2020,171.5,2,5,80.14,0,0,6,2,2020
10-02-2020,200.7,2,5,52.04,0,0,0,2,2020
11-02-2020,174.7,2,5,92.74,1,0,1,2,2020
12-02-2020,186.8,2,5,93.36,0,1,2,2,2020
13-02-2020,195.3,2,5,88.8,1,0,3,2,2020
14-02-2020,191.8,2,5,63.75,0,0,4,2,2020
15-02-2020,248.9,2,5,53.85,1,0,5,2,2020
16-02-2020,164.2,2,5,88.23,0,0,6,2,2020
17-02-2020,198.5,2,5,68.67,0,0,0,2,2020
18-02-2020,219.6,2,5,52.88,0,0,1,2,2020
19-02-2020,158.1,2,5,95.62,0,0,2,2,2020
20-02-2020,286.9,2,5,31.52,1,0,3,2,2020
21-02-2020,257.1,2,5,29.57,0,0,4,2,2020
22-02-2020,139.7,2,5,97.63,0,0,5,2,2020
23-02-2020,200.7,2,5,59.83,0,0,6,2,2020
24-02-2020,175.8,2,5,98.31,1,0,0,2,2020
25-02-2020,136.0,2,5,90.43,0,0,1,2,2020
26-02-2020,262.0,2,5,38.91,0,0,2,2,2020
27-02-2020,158.7,2,5,95.29,0,0,3,2,2020
28-02-2020,186.5,2,5,75.52,0,0,4,2,2020
29-02-2020,262.9,2,5,26.96,0,0,5,2,2020
01-03-2020,230.0,2,5,50.67,0,0,6,3,2020
02-03-2020,201.1,2,5,59.94,0,0,0,3,2020
03-03-2020,278.7,2,5,14.01,0,0,1,3,2020
04-03-2020,247.2,2,5,34.13,0,0,2,3,2020
05-03-2020,242.5,2,5,99.27,1,1,3,3,2020
06-03-2020,186.1,2,5,84.21,0,0,4,3,2020
07-03-2020,244.5,2,5,70.43,1,0,5,3,2020
08-03-2020,263.4,2,5,52.43,1,0,6,3,2020
09-03-2020,175.1,2,5,75.49,0,0,0,3,2020
10-03-2020,263.6,2,5,29.77,0,0,1,3,2020
11-03-2020,236.6,2,5,48.26,0,0,2,3,2020
12-03-2020,325.4,2,5,18.83,1,0,3,3,2020
13-03-2020,256.6,2,5,59.52,1,0,4,3,2020
14-03-2020,373.3,2,5,10.02,0,1,5,3,2020
15-03-2020,243.3,2,5,42.8,0,0,6,3,2020
16-03-2020,200.7,2,5,72.78,0,0,0,3,2020
17-03-2020,262.5,2,5,60.3,1,0,1,3,2020
18-03-2020,177.1,2,5,96.26,1,0,2,3,2020
19-03-2020,212.7,2,5,50.59,0,0,3,3,2020
20-03-2020,234.4,2,5,38.24,0,0,4,3,2020
21-03-2020,245.0,2,5,26.47,0,0,5,3,2020
22-03-2020,356.0,2,5,20.6,0,1,6,3,2020
23-03-2020,179.8,2,5,96.32,1,0,0,3,2020
24-03-2020,214.7,2,5,47.2,0,0,1,3,2020
25-03-2020,307.5,2,5,24.74,1,0,2,3,2020
26-03-2020,259.4,2,5,24.26,0,0,3,3,2020
27-03-2020,225.7,2,5,55.95,0,0,4,3,2020
28-03-2020,286.2,2,5,77.36,1,1,5,3,2020
29-03-2020,193.5,2,5,93.04,1,0,6,3,2020
30-03-2020,433.8,2,5,15.39,1,1,0,3,2020
31-03-2020,241.7,2,5,32.42,0,0,1,3,2020
01-04-2020,162.0,2,5,96.15,1,0,2,4,2020
02-04-2020,262.3,2,5,12,0,0,3,4,2020
03-04-2020,234.3,2,5,61.4,1,0,4,4,2020
04-04-2020,210.2,2,5,71.31,1,0,5,4,2020
05-04-2020,183.6,2,5,73.75,0,0,6,4,2020
06-04-2020,270.6,2,5,15.97,0,0,0,4,2020
07-04-2020,263.1,2,5,23.97,0,0,1,4,2020
08-04-2020,268.6,2,5,23.86,0,0,2,4,2020
09-04-2020,271.8,2,5,12.52,0,0,3,4,2020
10-04-2020,139.9,2,5,90.04,0,0,4,4,2020
11-04-2020,263.2,2,5,25.68,0,0,5,4,2020
12-04-2020,219.3,2,5,75.44,1,0,6,4,2020
13-04-2020,297.2,2,5,18.46,1,0,0,4,2020
14-04-2020,336.3,2,5,20.89,0,1,1,4,2020
15-04-2020,257.5,2,5,25.65,0,0,2,4,2020
16-04-2020,267.6,2,5,50.74,1,0,3,4,2020
17-04-2020,182.6,2,5,72.93,0,0,4,4,2020
18-04-2020,232.4,2,5,42.68,0,0,5,4,2020
19-04-2020,143.5,2,5,96.3,0,0,6,4,2020
20-04-2020,220.8,2,5,70.68,1,0,0,4,2020
21-04-2020,238.8,2,5,35.41,0,0,1,4,2020
22-04-2020,186.2,2,5,70.3,0,0,2,4,2020
23-04-2020,241.7,2,5,26.7,0,0,3,4,2020
24-04-2020,202.7,2,5,65.45,0,0,4,4,2020
25-04-2020,166.3,2,5,84.27,0,0,5,4,2020
26-04-2020,208.1,2,5,52.57,0,0,6,4,2020
27-04-2020,203.8,2,5,48.8,0,0,0,4,2020
28-04-2020,184.6,2,5,89.92,1,0,1,4,2020
29-04-2020,271.4,2,5,46.48,1,0,2,4,2020
30-04-2020,149.9,2,5,88.39,0,0,3,4,2020
01-05-2020,168.9,2,5,86.56,1,0,4,5,2020
02-05-2020,197.3,2,5,42.42,0,0,5,5,2020
03-05-2020,217.4,2,5,68.88,1,0,6,5,2020
04-05-2020,140.1,2,5,86.43,0,0,0,5,2020
05-05-2020,331.1,2,5,30.27,1,1,1,5,2020
06-05-2020,221.1,2,5,62.36,0,1,2,5,2020
07-05-2020,205.5,2,5,63.97,1,0,3,5,2020
08-05-2020,217.9,2,5,60.94,1,0,4,5,2020
09-05-2020,129.2,2,5,98.27,0,0,5,5,2020
10-05-2020,203.4,2,5,46.33,0,0,6,5,2020
11-05-2020,168.5,2,5,60.45,0,0,0,5,2020
12-05-2020,200.2,2,5,89.02,1,1,1,5,2020
13-05-2020,255.3,2,5,10.05,0,0,2,5,2020
14-05-2020,227.1,2,5,27.91,0,0,3,5,2020
15-05-2020,217.4,2,5,20.84,0,0,4,5,2020
16-05-2020,200.6,2,5,54.08,0,0,5,5,2020
17-05-2020,134.9,2,5,89.16,0,0,6,5,2020
18-05-2020,174.5,2,5,60.37,0,0,0,5,2020
19-05-2020,175.8,2,5,84.11,1,0,1,5,2020
20-05-2020,168.2,2,5,84.31,1,0,2,5,2020
21-05-2020,152.4,2,5,73.82,0,0,3,5,2020
22-05-2020,217.0,2,5,25.76,0,0,4,5,2020
23-05-2020,135.7,2,5,67.61,0,0,5,5,2020
24-05-2020,171.7,2,5,77.49,1,0,6,5,2020
25-05-2020,155.2,2,5,73.29,0,0,0,5,2020
26-05-2020,128.2,2,5,95.04,0,0,1,5,2020
27-05-2020,164.8,2,5,55.9,0,0,2,5,2020
28-05-2020,205.4,2,5,65.64,1,0,3,5,2020
29-05-2020,197.5,2,5,46.33,0,0,4,5,2020
30-05-2020,139.3,2,5,87.61,0,0,5,5,2020
31-05-2020,205.0,2,5,23.56,0,0,6,5,2020
01-06-2020,148.2,2,5,61.59,0,0,0,6,2020
02-06-2020,189.0,2,5,30.73,0,0,1,6,2020
03-06-2020,161.3,2,5,15.22,0,0,2,6,2020
04-06-2020,131.7,2,5,64.98,0,0,3,6,2020
05-06-2020,140.2,2,5,89.04,1,0,4,6,2020
06-06-2020,176.9,2,5,10.09,0,0,5,6,2020
07-06-2020,166.4,2,5,58.63,1,0,6,6,2020
08-06-2020,152.6,2,5,44.47,0,0,0,6,2020
09-06-2020,185.2,2,5,10.04,0,0,1,6,2020
10-06-2020,154.6,2,5,63.11,1,0,2,6,2020
11-06-2020,96.8,2,5,99.29,0,0,3,6,2020
12-06-2020,174.6,2,5,50.12,1,0,4,6,2020
13-06-2020,166.7,2,5,93.49,1,1,5,6,2020
14-06-2020,165.1,2,5,41.5,0,0,6,6,2020
15-06-2020,107.8,2,5,86.21,0,0,0,6,2020
16-06-2020,202.0,2,5,74.46,1,1,1,6,2020
17-06-2020,190.8,2,5,37.98,1,0,2,6,2020
18-06-2020,133.8,2,5,68.04,0,0,3,6,2020
19-06-2020,162.2,2,5,31.17,0,0,4,6,2020
20-06-2020,137.1,2,5,59.34,0,0,5,6,2020
21-06-2020,154.4,2,5,58.04,0,0,6,6,2020
22-06-2020,160.9,2,5,31,0,0,0,6,2020
23-06-2020,223.4,2,5,60.19,1,1,1,6,2020
24-06-2020,254.5,2,5,32.36,1,1,2,6,2020
25-06-2020,135.8,2,5,60.99,0,0,3,6,2020
26-06-2020,169.4,2,5,19.26,0,0,4,6,2020
27-06-2020,201.9,2,5,57.7,1,1,5,6,2020
28-06-2020,190.6,2,5,32.91,1,0,6,6,2020
29-06-2020,189.8,2,5,12.84,0,0,0,6,2020
30-06-2020,141.8,2,5,78.3,1,0,1,6,2020
01-07-2020,112.2,2,5,83.75,1,0,2,7,2020
02-07-2020,149.1,2,5,25.13,0,0,3,7,2020
03-07-2020,154.2,2,5,28.8,1,0,4,7,2020
04-07-2020,118.4,2,5,50,0,0,5,7,2020
05-07-2020,115.7,2,5,36.22,0,0,6,7,2020
06-07-2020,113.9,2,5,50.53,0,0,0,7,2020
07-07-2020,75.5,2,5,79.35,0,0,1,7,2020
08-07-2020,138.2,2,5,69.82,0,1,2,7,2020
09-07-2020,68.8,2,5,85.54,0,0,3,7,2020
10-07-2020,112.9,2,5,52.64,0,0,4,7,2020
11-07-2020,143.8,2,5,45.55,1,0,5,7,2020
12-07-2020,119.8,2,5,30.71,0,0,6,7,2020
13-07-2020,100.6,2,5,58.42,0,0,0,7,2020
14-07-2020,161.4,2,5,29.68,0,1,1,7,2020
