synthetic_sales_data.csv
date,sales,store_id,product_id,price,promotion,holiday,weekday,month,year
01-01-2020,199.6,3,1,35.49,0,0,2,1,2020
02-01-2020,228.8,3,1,19.32,0,0,3,1,2020
03-01-2020,270.1,3,1,21.78,1,0,4,1,2020
04-01-2020,234.4,3,1,36.59,1,0,5,1,2020
05-01-2020,148.6,3,1,80.6,0,0,6,1,2020
06-01-2020,257.3,3,1,10.78,1,0,0,1,2020
07-01-2020,260.7,3,1,26.37,1,0,1,1,2020
08-01-2020,146.0,3,1,92.79,0,0,2,1,2020
09-01-2020,273.7,3,1,28.73,1,0,3,1,2020
10-01-2020,222.5,3,1,58.42,0,1,4,1,2020
11-01-2020,208.3,3,1,33.14,0,0,5,1,2020
12-01-2020,181.0,3,1,53.86,0,0,6,1,2020
13-01-2020,184.9,3,1,52.61,0,0,0,1,2020
14-01-2020,180.9,3,1,59.43,0,0,1,1,2020
15-01-2020,214.1,3,1,49.99,1,0,2,1,2020
16-01-2020,150.8,3,1,78.92,0,0,3,1,2020
17-01-2020,160.0,3,1,97.51,1,0,4,1,2020
18-01-2020,155.5,3,1,93.42,1,0,5,1,2020
19-01-2020,130.2,3,1,78.58,0,0,6,1,2020
20-01-2020,224.1,3,1,49.03,1,0,0,1,2020
21-01-2020,211.7,3,1,37.83,0,0,1,1,2020
22-01-2020,275.5,3,1,26.71,1,0,2,1,2020
23-01-2020,220.5,3,1,16.93,0,0,3,1,2020
24-01-2020,293.7,3,1,28.58,0,1,4,1,2020
25-01-2020,158.4,3,1,77.18,0,0,5,1,2020
26-01-2020,216.7,3,1,28.44,0,0,6,1,2020
27-01-2020,150.9,3,1,96.63,0,0,0,1,2020
28-01-2020,278.0,3,1,32,0,1,1,1,2020
29-01-2020,257.9,3,1,30.86,1,0,2,1,2020
30-01-2020,187.2,3,1,79.66,1,0,3,1,2020
31-01-2020,250.8,3,1,18.15,1,0,4,1,2020
01-02-2020,222.7,3,1,70.05,1,0,5,2,2020
02-02-2020,274.7,3,1,11.02,0,0,6,2,2020
03-02-2020,232.2,3,1,28.48,0,0,0,2,2020
04-02-2020,246.3,3,1,67.12,0,1,1,2,2020
05-02-2020,324.8,3,1,14.02,1,0,2,2,2020
06-02-2020,174.1,3,1,74.58,0,0,3,2,2020
07-02-2020,200.3,3,1,63.6,0,0,4,2,2020
08-02-2020,206.8,3,1,89.4,1,0,5,2,2020
09-02-2020,254.1,3,1,25.08,0,0,6,2,2020
10-02-2020,186.6,3,1,73.59,0,0,0,2,2020
11-02-2020,180.1,3,1,90.58,1,0,1,2,2020
12-02-2020,227.8,3,1,73.14,1,0,2,2,2020
13-02-2020,196.3,3,1,85.5,1,0,3,2,2020
14-02-2020,282.3,3,1,32.56,1,0,4,2,2020
15-02-2020,200.6,3,1,43.97,0,0,5,2,2020
16-02-2020,202.6,3,1,82.78,1,0,6,2,2020
17-02-2020,231.4,3,1,96.72,1,1,0,2,2020
18-02-2020,266.4,3,1,13.65,0,0,1,2,2020
19-02-2020,260.4,3,1,41.36,1,0,2,2,2020
20-02-2020,216.1,3,1,39.53,0,0,3,2,2020
21-02-2020,294.0,3,1,41.49,1,0,4,2,2020
22-02-2020,318.8,3,1,17.63,1,0,5,2,2020
23-02-2020,163.3,3,1,78,0,0,6,2,2020
24-02-2020,235.8,3,1,38.95,0,0,0,2,2020
25-02-2020,260.9,3,1,60.23,0,1,1,2,2020
26-02-2020,268.8,3,1,13.54,0,0,2,2,2020
27-02-2020,192.1,3,1,60.62,0,0,3,2,2020
28-02-2020,260.7,3,1,13.88,0,0,4,2,2020
29-02-2020,250.5,3,1,19.61,0,0,5,2,2020
01-03-2020,243.1,3,1,42.8,0,0,6,3,2020
02-03-2020,330.5,3,1,13.17,1,0,0,3,2020
03-03-2020,197.7,3,1,86.25,1,0,1,3,2020
04-03-2020,257.9,3,1,35.64,0,0,2,3,2020
05-03-2020,203.5,3,1,51.8,0,0,3,3,2020
06-03-2020,187.0,3,1,71.41,0,0,4,3,2020
07-03-2020,250.6,3,1,21.29,0,0,5,3,2020
08-03-2020,204.2,3,1,56.6,0,0,6,3,2020
09-03-2020,210.0,3,1,64.55,0,0,0,3,2020
10-03-2020,252.5,3,1,24.43,0,0,1,3,2020
11-03-2020,251.1,3,1,32.14,0,0,2,3,2020
12-03-2020,155.9,3,1,95.5,0,0,3,3,2020
13-03-2020,226.1,3,1,56.46,0,0,4,3,2020
14-03-2020,198.6,3,1,93.15,0,1,5,3,2020
15-03-2020,305.3,3,1,46.3,0,1,6,3,2020
16-03-2020,159.5,3,1,93.56,0,0,0,3,2020
17-03-2020,275.7,3,1,10.82,0,0,1,3,2020
18-03-2020,195.9,3,1,72.01,0,0,2,3,2020
19-03-2020,250.3,3,1,71.05,0,1,3,3,2020
20-03-2020,158.0,3,1,88.73,0,0,4,3,2020
21-03-2020,249.8,3,1,36.8,0,0,5,3,2020
22-03-2020,195.2,3,1,86.08,1,0,6,3,2020
23-03-2020,174.6,3,1,92.11,0,0,0,3,2020
24-03-2020,284.7,3,1,21.37,0,0,1,3,2020
25-03-2020,190.2,3,1,77.81,0,0,2,3,2020
26-03-2020,253.5,3,1,33.17,0,0,3,3,2020
27-03-2020,306.4,3,1,32.23,1,0,4,3,2020
28-03-2020,264.2,3,1,70.84,0,1,5,3,2020
29-03-2020,212.2,3,1,57.01,0,0,6,3,2020
30-03-2020,267.6,3,1,58.34,1,0,0,3,2020
31-03-2020,334.2,3,1,24.85,0,1,1,3,2020
01-04-2020,189.0,3,1,63.92,0,0,2,4,2020
02-04-2020,237.6,3,1,31.52,0,0,3,4,2020
03-04-2020,196.4,3,1,85.89,1,0,4,4,2020
04-04-2020,300.7,3,1,31.36,1,0,5,4,2020
05-04-2020,193.8,3,1,69.33,0,0,6,4,2020
06-04-2020,153.6,3,1,87.01,0,0,0,4,2020
07-04-2020,237.4,3,1,26.5,0,0,1,4,2020
08-04-2020,190.5,3,1,86.88,1,0,2,4,2020
09-04-2020,277.4,3,1,22.53,1,0,3,4,2020
10-04-2020,182.1,3,1,77.42,0,0,4,4,2020
11-04-2020,241.8,3,1,21.88,0,0,5,4,2020
12-04-2020,181.5,3,1,69.23,0,0,6,4,2020
13-04-2020,236.6,3,1,70.05,0,1,0,4,2020
14-04-2020,272.4,3,1,17.07,0,0,1,4,2020
15-04-2020,222.7,3,1,32.22,0,0,2,4,2020
16-04-2020,277.1,3,1,19.17,0,0,3,4,2020
17-04-2020,164.9,3,1,85.54,0,0,4,4,2020
18-04-2020,256.5,3,1,16.59,0,0,5,4,2020
19-04-2020,247.9,3,1,26.92,0,0,6,4,2020
20-04-2020,249.7,3,1,26,0,0,0,4,2020
21-04-2020,279.3,3,1,12.45,0,0,1,4,2020
22-04-2020,139.0,3,1,92.73,0,0,2,4,2020
23-04-2020,269.2,3,1,13.28,0,0,3,4,2020
24-04-2020,197.2,3,1,65.03,0,0,4,4,2020
25-04-2020,196.8,3,1,65.74,0,0,5,4,2020
26-04-2020,164.3,3,1,73.81,0,0,6,4,2020
27-04-2020,187.0,3,1,73.73,0,0,0,4,2020
28-04-2020,317.1,3,1,17.71,1,0,1,4,2020
29-04-2020,265.4,3,1,12.07,0,0,2,4,2020
30-04-2020,155.0,3,1,91.98,0,0,3,4,2020
01-05-2020,164.6,3,1,62.58,0,0,4,5,2020
02-05-2020,226.5,3,1,63.25,0,1,5,5,2020
03-05-2020,208.7,3,1,48.67,0,0,6,5,2020
04-05-2020,147.8,3,1,79.45,0,0,0,5,2020
05-05-2020,144.9,3,1,95.59,0,0,1,5,2020
06-05-2020,196.9,3,1,50.7,0,0,2,5,2020
07-05-2020,205.1,3,1,29.68,0,0,3,5,2020
08-05-2020,199.9,3,1,44.3,0,0,4,5,2020
09-05-2020,202.0,3,1,45.05,0,0,5,5,2020
10-05-2020,206.5,3,1,43.53,0,0,6,5,2020
11-05-2020,228.3,3,1,35.04,1,0,0,5,2020
12-05-2020,183.1,3,1,48.37,0,0,1,5,2020
13-05-2020,273.6,3,1,21.99,1,0,2,5,2020
14-05-2020,245.2,3,1,46.72,1,0,3,5,2020
15-05-2020,223.0,3,1,13.37,0,0,4,5,2020
16-05-2020,221.1,3,1,23.72,0,0,5,5,2020
17-05-2020,175.4,3,1,58.02,0,0,6,5,2020
18-05-2020,208.2,3,1,39.22,0,0,0,5,2020
19-05-2020,253.7,3,1,15.94,1,0,1,5,2020
20-05-2020,204.7,3,1,30.87,0,0,2,5,2020
21-05-2020,135.2,3,1,96.47,0,0,3,5,2020
22-05-2020,131.8,3,1,76.02,0,0,4,5,2020
23-05-2020,179.8,3,1,64.94,0,0,5,5,2020
24-05-2020,156.5,3,1,78.89,0,0,6,5,2020
25-05-2020,138.5,3,1,79.82,0,0,0,5,2020
26-05-2020,146.7,3,1,69.34,0,0,1,5,2020
27-05-2020,199.1,3,1,36.8,0,0,2,5,2020
28-05-2020,140.4,3,1,88.85,0,0,3,5,2020
29-05-2020,231.5,3,1,15.33,0,0,4,5,2020
30-05-2020,221.6,3,1,38.67,0,0,5,5,2020
31-05-2020,213.5,3,1,38.71,0,0,6,5,2020
01-06-2020,180.8,3,1,68.35,1,0,0,6,2020
02-06-2020,157.6,3,1,76.42,0,1,1,6,2020
03-06-2020,131.4,3,1,61.98,0,0,2,6,2020
04-06-2020,160.4,3,1,28.92,0,0,3,6,2020
05-06-2020,133.3,3,1,47.58,0,0,4,6,2020
06-06-2020,185.5,3,1,13.14,0,0,5,6,2020
07-06-2020,167.2,3,1,29.63,0,0,6,6,2020
08-06-2020,174.3,3,1,61.48,1,0,0,6,2020
09-06-2020,172.7,3,1,56.15,1,0,1,6,2020
10-06-2020,180.7,3,1,12.4,0,0,2,6,2020
11-06-2020,158.3,3,1,45.66,0,0,3,6,2020
12-06-2020,172.7,3,1,24.13,0,0,4,6,2020
13-06-2020,116.2,3,1,85.41,0,0,5,6,2020
14-06-2020,146.0,3,1,62.36,0,0,6,6,2020
15-06-2020,157.5,3,1,64.17,0,0,0,6,2020
16-06-2020,225.8,3,1,56.79,1,1,1,6,2020
17-06-2020,130.0,3,1,81.36,0,0,2,6,2020
18-06-2020,168.8,3,1,56.57,1,0,3,6,2020
19-06-2020,127.2,3,1,88.39,0,0,4,6,2020
20-06-2020,128.0,3,1,58.61,0,0,5,6,2020
21-06-2020,188.8,3,1,31.29,1,0,6,6,2020
22-06-2020,152.0,3,1,40.89,0,0,0,6,2020
23-06-2020,94.0,3,1,95.3,0,0,1,6,2020
24-06-2020,169.2,3,1,26.21,0,0,2,6,2020
25-06-2020,139.3,3,1,63.38,0,0,3,6,2020
26-06-2020,195.7,3,1,14.6,1,0,4,6,2020
27-06-2020,152.4,3,1,80.65,0,1,5,6,2020
28-06-2020,151.0,3,1,42.64,0,0,6,6,2020
29-06-2020,185.5,3,1,13.5,0,0,0,6,2020
30-06-2020,98.3,3,1,95.86,0,0,1,6,2020
01-07-2020,113.2,3,1,73.41,1,0,2,7,2020
02-07-2020,144.3,3,1,21.24,1,0,3,7,2020
03-07-2020,146.5,3,1,45.85,1,0,4,7,2020
04-07-2020,113.7,3,1,57.21,0,0,5,7,2020
05-07-2020,138.0,3,1,31.2,0,0,6,7,2020
06-07-2020,169.3,3,1,19.01,1,0,0,7,2020
07-07-2020,132.8,3,1,30.16,0,0,1,7,2020
08-07-2020,153.0,3,1,37.54,1,0,2,7,2020
09-07-2020,120.4,3,1,21.44,0,0,3,7,2020
10-07-2020,129.7,3,1,25.62,0,0,4,7,2020
11-07-2020,107.5,3,1,89.86,0,1,5,7,2020
12-07-2020,83.4,3,1,84.17,0,0,6,7,2020
13-07-2020,109.7,3,1,37.36,0,0,0,7,2020
14-07-2020,149.7,3,1,31.65,1,0,1,7,2020
01-01-2020,183.3,3,2,50.99,0,0,2,1,2020
02-01-2020,148.5,3,2,75.49,0,0,3,1,2020
03-01-2020,132.4,3,2,89.13,0,0,4,1,2020
04-01-2020,170.6,3,2,85.31,1,0,5,1,2020
05-01-2020,142.8,3,2,76.1,0,0,6,1,2020
06-01-2020,144.1,3,2,93.45,0,0,0,1,2020
07-01-2020,144.6,3,2,84.55,0,0,1,1,2020
08-01-2020,135.2,3,2,79.63,0,0,2,1,2020
09-01-2020,161.1,3,2,67.46,0,0,3,1,2020
10-01-2020,216.7,3,2,24.4,0,0,4,1,2020
11-01-2020,201.7,3,2,45.15,0,0,5,1,2020
12-01-2020,229.6,3,2,48.82,1,0,6,1,2020
13-01-2020,176.1,3,2,86.01,1,0,0,1,2020
14-01-2020,171.6,3,2,86.78,1,0,1,1,2020
15-01-2020,242.1,3,2,17.57,0,0,2,1,2020
16-01-2020,257.7,3,2,30.08,1,0,3,1,2020
17-01-2020,193.0,3,2,36.46,0,0,4,1,2020
18-01-2020,224.6,3,2,19.8,0,0,5,1,2020
19-01-2020,177.1,3,2,67.1,0,0,6,1,2020
20-01-2020,160.0,3,2,83.66,0,0,0,1,2020
21-01-2020,265.0,3,2,31.81,1,0,1,1,2020
22-01-2020,262.8,3,2,30.49,1,0,2,1,2020
23-01-2020,125.4,3,2,92.59,0,0,3,1,2020
24-01-2020,232.6,3,2,18.73,0,0,4,1,2020
25-01-2020,244.1,3,2,34.89,1,0,5,1,2020
26-01-2020,287.1,3,2,11.9,0,1,6,1,2020
27-01-2020,181.4,3,2,87.03,1,0,0,1,2020
28-01-2020,178.0,3,2,53.32,0,0,1,1,2020
29-01-2020,232.0,3,2,47.11,1,0,2,1,2020
30-01-2020,151.6,3,2,74.32,0,0,3,1,2020
31-01-2020,273.0,3,2,16.94,1,0,4,1,2020
01-02-2020,241.3,3,2,56.32,1,0,5,2,2020
02-02-2020,251.4,3,2,23.89,0,0,6,2,2020
03-02-2020,132.9,3,2,99.74,0,0,0,2,2020
04-02-2020,194.6,3,2,70.11,0,0,1,2,2020
05-02-2020,339.7,3,2,12.93,0,1,2,2,2020
06-02-2020,330.6,3,2,19.98,0,1,3,2,2020
07-02-2020,226.5,3,2,28.37,0,0,4,2,2020
08-02-2020,216.2,3,2,76.04,1,0,5,2,2020
09-02-2020,201.7,3,2,57.32,0,0,6,2,2020
10-02-2020,265.6,3,2,27.25,0,0,0,2,2020
11-02-2020,157.2,3,2,91.59,0,0,1,2,2020
12-02-2020,272.7,3,2,41.29,1,0,2,2,2020
13-02-2020,264.2,3,2,37.95,1,0,3,2,2020
14-02-2020,163.3,3,2,75.61,0,0,4,2,2020
15-02-2020,261.9,3,2,14.74,0,0,5,2,2020
16-02-2020,155.9,3,2,75.06,0,0,6,2,2020
17-02-2020,174.5,3,2,83.3,0,0,0,2,2020
18-02-2020,271.3,3,2,37.9,1,0,1,2,2020
19-02-2020,203.6,3,2,62.14,0,0,2,2,2020
20-02-2020,259.4,3,2,25.25,0,0,3,2,2020
21-02-2020,286.4,3,2,30.72,1,0,4,2,2020
22-02-2020,241.1,3,2,53.53,1,0,5,2,2020
23-02-2020,219.8,3,2,47.37,0,0,6,2,2020
24-02-2020,190.9,3,2,64.38,0,0,0,2,2020
25-02-2020,231.6,3,2,70.36,1,0,1,2,2020
26-02-2020,268.5,3,2,17.23,0,0,2,2,2020
27-02-2020,162.4,3,2,91.3,0,0,3,2,2020
28-02-2020,222.4,3,2,44.79,0,0,4,2,2020
29-02-2020,262.3,3,2,11.83,0,0,5,2,2020
01-03-2020,225.0,3,2,82.72,1,0,6,3,2020
02-03-2020,260.2,3,2,68.59,0,1,0,3,2020
03-03-2020,298.7,3,2,15.57,0,0,1,3,2020
04-03-2020,184.6,3,2,99.29,0,1,2,3,2020
05-03-2020,301.4,3,2,26.87,1,0,3,3,2020
06-03-2020,185.8,3,2,98.27,0,1,4,3,2020
07-03-2020,321.7,3,2,15.4,1,0,5,3,2020
08-03-2020,245.6,3,2,76.91,0,1,6,3,2020
09-03-2020,205.6,3,2,58.18,0,0,0,3,2020
10-03-2020,181.8,3,2,78,0,0,1,3,2020
11-03-2020,239.3,3,2,65.17,1,0,2,3,2020
12-03-2020,185.1,3,2,87.33,0,0,3,3,2020
13-03-2020,165.7,3,2,88.95,0,0,4,3,2020
14-03-2020,165.8,3,2,85.41,0,0,5,3,2020
15-03-2020,264.6,3,2,63.14,0,1,6,3,2020
16-03-2020,215.2,3,2,58.51,0,0,0,3,2020
17-03-2020,272.2,3,2,15.48,0,0,1,3,2020
18-03-2020,197.0,3,2,84.81,1,0,2,3,2020
19-03-2020,176.2,3,2,93.19,0,0,3,3,2020
20-03-2020,214.5,3,2,49.64,0,0,4,3,2020
21-03-2020,242.1,3,2,54.44,1,0,5,3,2020
22-03-2020,235.6,3,2,37.79,0,0,6,3,2020
23-03-2020,312.4,3,2,15.92,1,0,0,3,2020
24-03-2020,163.8,3,2,90.32,0,0,1,3,2020
25-03-2020,361.6,3,2,48.09,1,1,2,3,2020
26-03-2020,260.6,3,2,34.12,0,0,3,3,2020
27-03-2020,200.1,3,2,66.1,0,0,4,3,2020
28-03-2020,266.5,3,2,20.62,0,0,5,3,2020
29-03-2020,265.9,3,2,55.88,1,0,6,3,2020
30-03-2020,280.4,3,2,79.91,1,1,0,3,2020
31-03-2020,183.2,3,2,73.7,0,0,1,3,2020
01-04-2020,318.8,3,2,21.78,1,0,2,4,2020
02-04-2020,177.8,3,2,95.14,1,0,3,4,2020
03-04-2020,176.7,3,2,73.09,0,0,4,4,2020
04-04-2020,230.1,3,2,45.12,0,0,5,4,2020
05-04-2020,232.7,3,2,69.16,1,0,6,4,2020
06-04-2020,200.5,3,2,47.08,0,0,0,4,2020
07-04-2020,217.2,3,2,43.28,0,0,1,4,2020
08-04-2020,174.9,3,2,77.58,0,0,2,4,2020
09-04-2020,150.1,3,2,94.66,0,0,3,4,2020
10-04-2020,199.1,3,2,61.36,0,0,4,4,2020
11-04-2020,237.5,3,2,44.93,0,0,5,4,2020
12-04-2020,221.9,3,2,72.3,1,0,6,4,2020
13-04-2020,275.4,3,2,13.57,0,0,0,4,2020
14-04-2020,275.8,3,2,13.85,0,0,1,4,2020
15-04-2020,299.7,3,2,21.6,1,0,2,4,2020
16-04-2020,204.4,3,2,53.53,0,0,3,4,2020
17-04-2020,286.8,3,2,41.81,0,1,4,4,2020
18-04-2020,274.5,3,2,10.88,0,0,5,4,2020
19-04-2020,154.7,3,2,90.12,0,0,6,4,2020
20-04-2020,267.4,3,2,42.38,1,0,0,4,2020
21-04-2020,186.6,3,2,64.93,0,0,1,4,2020
22-04-2020,308.6,3,2,19.58,1,0,2,4,2020
23-04-2020,268.8,3,2,18.42,0,0,3,4,2020
24-04-2020,312.3,3,2,20.53,1,0,4,4,2020
25-04-2020,246.3,3,2,28.9,0,0,5,4,2020
26-04-2020,217.4,3,2,48.37,0,0,6,4,2020
27-04-2020,286.3,3,2,13.19,0,0,0,4,2020
28-04-2020,279.4,3,2,16.68,0,0,1,4,2020
29-04-2020,228.9,3,2,34.03,0,0,2,4,2020
30-04-2020,279.9,3,2,10.83,0,0,3,4,2020
01-05-2020,145.9,3,2,83.24,0,0,4,5,2020
02-05-2020,158.1,3,2,76.01,0,0,5,5,2020
03-05-2020,213.7,3,2,40.93,0,0,6,5,2020
04-05-2020,157.5,3,2,77.73,0,0,0,5,2020
05-05-2020,237.1,3,2,21.97,0,0,1,5,2020
06-05-2020,233.9,3,2,12.87,0,0,2,5,2020
07-05-2020,167.5,3,2,69.24,0,0,3,5,2020
08-05-2020,266.2,3,2,43.68,0,1,4,5,2020
09-05-2020,149.6,3,2,68.84,0,0,5,5,2020
10-05-2020,272.3,3,2,34.48,0,1,6,5,2020
11-05-2020,154.7,3,2,96.63,1,0,0,5,2020
12-05-2020,175.3,3,2,67.96,0,0,1,5,2020
13-05-2020,302.9,3,2,43.5,1,1,2,5,2020
14-05-2020,142.2,3,2,95.2,0,0,3,5,2020
15-05-2020,189.1,3,2,86.58,0,1,4,5,2020
16-05-2020,288.2,3,2,26.94,0,1,5,5,2020
17-05-2020,229.1,3,2,19.21,0,0,6,5,2020
18-05-2020,303.6,3,2,22.34,0,1,0,5,2020
19-05-2020,150.1,3,2,92.26,0,0,1,5,2020
20-05-2020,184.5,3,2,37.67,0,0,2,5,2020
21-05-2020,199.7,3,2,51.4,0,0,3,5,2020
22-05-2020,248.7,3,2,34.05,1,0,4,5,2020
23-05-2020,206.9,3,2,39.3,0,0,5,5,2020
24-05-2020,199.3,3,2,56.41,1,0,6,5,2020
25-05-2020,184.8,3,2,65.17,1,0,0,5,2020
26-05-2020,269.6,3,2,29.24,1,0,1,5,2020
27-05-2020,174.0,3,2,53.81,0,0,2,5,2020
28-05-2020,210.7,3,2,23.87,0,0,3,5,2020
29-05-2020,148.2,3,2,98.69,1,0,4,5,2020
30-05-2020,211.1,3,2,23.3,0,0,5,5,2020
31-05-2020,289.5,3,2,15.98,1,0,6,5,2020
01-06-2020,163.4,3,2,34.5,0,0,0,6,2020
02-06-2020,155.9,3,2,38.69,0,0,1,6,2020
03-06-2020,100.2,3,2,93.9,0,0,2,6,2020
04-06-2020,151.0,3,2,55.63,0,0,3,6,2020
05-06-2020,99.4,3,2,92.74,0,0,4,6,2020
06-06-2020,225.9,3,2,28.29,1,0,5,6,2020
07-06-2020,218.9,3,2,30.61,1,0,6,6,2020
08-06-2020,159.5,3,2,48.47,0,0,0,6,2020
09-06-2020,101.4,3,2,99.87,0,0,1,6,2020
10-06-2020,139.5,3,2,53.33,0,0,2,6,2020
11-06-2020,135.1,3,2,72.73,0,0,3,6,2020
12-06-2020,208.4,3,2,11.94,0,0,4,6,2020
13-06-2020,152.1,3,2,42.02,0,0,5,6,2020
14-06-2020,161.6,3,2,35,0,0,6,6,2020
15-06-2020,178.9,3,2,56.05,1,0,0,6,2020
16-06-2020,187.3,3,2,18.75,0,0,1,6,2020
17-06-2020,111.7,3,2,94.51,1,0,2,6,2020
18-06-2020,103.7,3,2,91.02,0,0,3,6,2020
19-06-2020,163.5,3,2,62.45,1,0,4,6,2020
20-06-2020,158.2,3,2,40.6,0,0,5,6,2020
21-06-2020,154.2,3,2,65.26,0,0,6,6,2020
22-06-2020,182.2,3,2,50.68,1,0,0,6,2020
23-06-2020,163.2,3,2,32.92,0,0,1,6,2020
24-06-2020,156.6,3,2,44.14,0,0,2,6,2020
25-06-2020,228.0,3,2,12.72,1,0,3,6,2020
26-06-2020,127.7,3,2,66.91,0,0,4,6,2020
27-06-2020,181.5,3,2,46.54,1,0,5,6,2020
28-06-2020,120.1,3,2,89.32,0,0,6,6,2020
29-06-2020,112.1,3,2,81.94,0,0,0,6,2020
30-06-2020,143.8,3,2,60.47,0,0,1,6,2020
01-07-2020,128.8,3,2,37.55,0,0,2,7,2020
02-07-2020,104.8,3,2,67.21,0,0,3,7,2020
03-07-2020,93.5,3,2,89.97,0,0,4,7,2020
04-07-2020,166.8,3,2,35.41,1,0,5,7,2020
05-07-2020,169.8,3,2,17.28,1,0,6,7,2020
06-07-2020,150.1,3,2,70.63,1,1,0,7,2020
07-07-2020,116.3,3,2,46.93,0,0,1,7,2020
08-07-2020,89.6,3,2,69.09,0,0,2,7,2020
09-07-2020,130.8,3,2,67.96,0,1,3,7,2020
10-07-2020,120.6,3,2,48.42,0,0,4,7,2020
11-07-2020,125.6,3,2,93.21,1,1,5,7,2020
12-07-2020,100.1,3,2,42.13,0,0,6,7,2020
13-07-2020,152.3,3,2,27.75,1,0,0,7,2020
14-07-2020,132.3,3,2,17.49,0,0,1,7,2020
