synthetic_sales_data.csv
date,sales,store_id,product_id,price,promotion,holiday,weekday,month,year
01-01-2020,180.9,3,3,61.89,0,0,2,1,2020
02-01-2020,214.8,3,3,18.59,0,0,3,1,2020
03-01-2020,208.7,3,3,56.95,1,0,4,1,2020
04-01-2020,179.5,3,3,44.14,0,0,5,1,2020
05-01-2020,149.2,3,3,88.73,0,0,6,1,2020
06-01-2020,211.6,3,3,19.45,0,0,0,1,2020
07-01-2020,138.5,3,3,85.7,0,0,1,1,2020
08-01-2020,352.3,3,3,16.49,1,1,2,1,2020
09-01-2020,247.4,3,3,39.41,1,0,3,1,2020
10-01-2020,142.8,3,3,87.23,0,0,4,1,2020
11-01-2020,165.1,3,3,59.41,0,0,5,1,2020
12-01-2020,274.2,3,3,21.62,1,0,6,1,2020
13-01-2020,179.7,3,3,62.56,0,0,0,1,2020
14-01-2020,278.9,3,3,16.81,1,0,1,1,2020
15-01-2020,182.0,3,3,93.89,0,1,2,1,2020
16-01-2020,213.2,3,3,67.6,0,1,3,1,2020
17-01-2020,153.8,3,3,64.5,0,0,4,1,2020
18-01-2020,136.0,3,3,97.16,0,0,5,1,2020
19-01-2020,191.8,3,3,52.11,0,0,6,1,2020
20-01-2020,209.9,3,3,73.32,1,0,0,1,2020
21-01-2020,202.6,3,3,36.3,0,0,1,1,2020
22-01-2020,229.7,3,3,30.02,1,0,2,1,2020
23-01-2020,232.3,3,3,40.9,1,0,3,1,2020
24-01-2020,208.2,3,3,35.48,0,0,4,1,2020
25-01-2020,196.6,3,3,27.43,0,0,5,1,2020
26-01-2020,251.6,3,3,34.71,1,0,6,1,2020
27-01-2020,213.7,3,3,22.55,0,0,0,1,2020
28-01-2020,174.7,3,3,63.69,0,0,1,1,2020
29-01-2020,209.9,3,3,56.78,1,0,2,1,2020
30-01-2020,181.7,3,3,48.41,0,0,3,1,2020
31-01-2020,255.7,3,3,24.22,1,0,4,1,2020
01-02-2020,289.5,3,3,13.11,0,0,5,2,2020
02-02-2020,240.4,3,3,60.7,1,0,6,2,2020
03-02-2020,150.7,3,3,94.37,0,0,0,2,2020
04-02-2020,203.9,3,3,77.56,1,0,1,2,2020
05-02-2020,326.9,3,3,14.23,1,0,2,2,2020
06-02-2020,303.9,3,3,18.27,1,0,3,2,2020
07-02-2020,180.3,3,3,95.71,0,1,4,2,2020
08-02-2020,238.2,3,3,30.65,0,0,5,2,2020
09-02-2020,168.8,3,3,87.14,0,0,6,2,2020
10-02-2020,231.4,3,3,40.06,0,0,0,2,2020
11-02-2020,291.5,3,3,21.7,1,0,1,2,2020
12-02-2020,248.5,3,3,21.82,0,0,2,2,2020
13-02-2020,215.4,3,3,68.67,1,0,3,2,2020
14-02-2020,145.3,3,3,99.1,0,0,4,2,2020
15-02-2020,228.9,3,3,83.04,0,1,5,2,2020
16-02-2020,181.0,3,3,82.36,0,0,6,2,2020
17-02-2020,164.1,3,3,79.68,0,0,0,2,2020
18-02-2020,195.7,3,3,92.49,1,0,1,2,2020
19-02-2020,242.8,3,3,37.24,0,0,2,2,2020
20-02-2020,211.8,3,3,46.88,0,0,3,2,2020
21-02-2020,255.5,3,3,47.9,1,0,4,2,2020
22-02-2020,179.4,3,3,83.11,0,0,5,2,2020
23-02-2020,160.5,3,3,94.45,0,0,6,2,2020
24-02-2020,261.0,3,3,44.83,1,0,0,2,2020
25-02-2020,157.1,3,3,95.06,0,0,1,2,2020
26-02-2020,240.1,3,3,56.72,1,0,2,2,2020
27-02-2020,190.2,3,3,79.35,0,0,3,2,2020
28-02-2020,194.4,3,3,44.96,0,0,4,2,2020
29-02-2020,231.0,3,3,72.07,1,0,5,2,2020
01-03-2020,206.1,3,3,67.97,0,0,6,3,2020
02-03-2020,187.6,3,3,88.47,1,0,0,3,2020
03-03-2020,278.7,3,3,25.2,0,0,1,3,2020
04-03-2020,249.9,3,3,66.06,1,0,2,3,2020
05-03-2020,148.7,3,3,98.71,0,0,3,3,2020
06-03-2020,162.8,3,3,85.9,0,0,4,3,2020
07-03-2020,178.0,3,3,75.48,0,0,5,3,2020
08-03-2020,218.6,3,3,51.89,0,0,6,3,2020
09-03-2020,259.9,3,3,27.13,0,0,0,3,2020
10-03-2020,270.8,3,3,12.74,0,0,1,3,2020
11-03-2020,159.1,3,3,92.74,0,0,2,3,2020
12-03-2020,240.5,3,3,99.87,1,1,3,3,2020
13-03-2020,266.2,3,3,19.45,0,0,4,3,2020
14-03-2020,218.1,3,3,83.61,1,0,5,3,2020
15-03-2020,242.4,3,3,28.56,0,0,6,3,2020
16-03-2020,208.2,3,3,59.63,0,0,0,3,2020
17-03-2020,251.5,3,3,35.79,0,0,1,3,2020
18-03-2020,325.3,3,3,13.32,1,0,2,3,2020
19-03-2020,224.7,3,3,59.58,0,0,3,3,2020
20-03-2020,320.8,3,3,28.25,1,0,4,3,2020
21-03-2020,196.3,3,3,69.7,0,0,5,3,2020
22-03-2020,228.5,3,3,40.4,0,0,6,3,2020
23-03-2020,252.1,3,3,66.62,1,0,0,3,2020
24-03-2020,210.3,3,3,47.18,0,0,1,3,2020
25-03-2020,226.2,3,3,53.66,0,0,2,3,2020
26-03-2020,239.4,3,3,71.2,0,1,3,3,2020
27-03-2020,330.3,3,3,33.97,0,1,4,3,2020
28-03-2020,288.1,3,3,38.25,1,0,5,3,2020
29-03-2020,237.5,3,3,36.57,0,0,6,3,2020
30-03-2020,246.2,3,3,71.28,0,1,0,3,2020
31-03-2020,264.0,3,3,40.18,0,0,1,3,2020
01-04-2020,292.1,3,3,69.63,1,1,2,4,2020
02-04-2020,189.8,3,3,71.97,0,0,3,4,2020
03-04-2020,275.5,3,3,48.89,0,1,4,4,2020
04-04-2020,195.4,3,3,71.89,0,0,5,4,2020
05-04-2020,233.7,3,3,34.62,0,0,6,4,2020
06-04-2020,315.0,3,3,25.6,1,0,0,4,2020
07-04-2020,150.8,3,3,90.26,0,0,1,4,2020
08-04-2020,154.7,3,3,93,0,0,2,4,2020
09-04-2020,201.5,3,3,56.79,0,0,3,4,2020
10-04-2020,269.4,3,3,10.09,0,0,4,4,2020
11-04-2020,160.5,3,3,89.97,0,0,5,4,2020
12-04-2020,141.7,3,3,99.11,0,0,6,4,2020
13-04-2020,238.8,3,3,43.77,0,0,0,4,2020
14-04-2020,215.7,3,3,44.87,0,0,1,4,2020
15-04-2020,252.5,3,3,42.21,1,0,2,4,2020
16-04-2020,174.9,3,3,92.69,1,0,3,4,2020
17-04-2020,243.5,3,3,58.19,1,0,4,4,2020
18-04-2020,227.0,3,3,31.62,0,0,5,4,2020
19-04-2020,194.7,3,3,68.92,0,0,6,4,2020
20-04-2020,243.1,3,3,63.99,1,0,0,4,2020
21-04-2020,217.1,3,3,70.15,1,0,1,4,2020
22-04-2020,246.2,3,3,63.22,0,1,2,4,2020
23-04-2020,256.6,3,3,23.26,0,0,3,4,2020
24-04-2020,151.8,3,3,93.78,0,0,4,4,2020
25-04-2020,163.6,3,3,81.74,0,0,5,4,2020
26-04-2020,211.1,3,3,62.11,0,0,6,4,2020
27-04-2020,269.1,3,3,24.93,0,0,0,4,2020
28-04-2020,276.5,3,3,40.24,1,0,1,4,2020
29-04-2020,167.7,3,3,87.98,0,0,2,4,2020
30-04-2020,144.5,3,3,89.39,0,0,3,4,2020
01-05-2020,215.7,3,3,53.6,1,0,4,5,2020
02-05-2020,220.1,3,3,28.88,0,0,5,5,2020
03-05-2020,188.9,3,3,50.52,0,0,6,5,2020
04-05-2020,278.3,3,3,20.35,1,0,0,5,2020
05-05-2020,195.6,3,3,34.84,0,0,1,5,2020
06-05-2020,194.2,3,3,49.14,0,0,2,5,2020
07-05-2020,212.6,3,3,17.59,0,0,3,5,2020
08-05-2020,183.3,3,3,80.3,0,1,4,5,2020
09-05-2020,229.3,3,3,18.91,0,0,5,5,2020
10-05-2020,269.6,3,3,18.65,1,0,6,5,2020
11-05-2020,248.9,3,3,36.46,1,0,0,5,2020
12-05-2020,227.3,3,3,20.08,0,0,1,5,2020
13-05-2020,269.2,3,3,27.26,1,0,2,5,2020
14-05-2020,179.3,3,3,82.21,0,1,3,5,2020
15-05-2020,156.6,3,3,72.31,0,0,4,5,2020
16-05-2020,230.7,3,3,40.5,1,0,5,5,2020
17-05-2020,179.0,3,3,76.57,1,0,6,5,2020
18-05-2020,235.3,3,3,14.75,0,0,0,5,2020
19-05-2020,151.3,3,3,79.14,1,0,1,5,2020
20-05-2020,141.5,3,3,82.72,0,0,2,5,2020
21-05-2020,236.8,3,3,36.67,1,0,3,5,2020
22-05-2020,202.1,3,3,49.48,0,0,4,5,2020
23-05-2020,193.7,3,3,58.76,0,0,5,5,2020
24-05-2020,202.8,3,3,92.98,1,1,6,5,2020
25-05-2020,218.1,3,3,31.41,0,0,0,5,2020
26-05-2020,145.2,3,3,79.89,0,0,1,5,2020
27-05-2020,253.3,3,3,39.7,0,1,2,5,2020
28-05-2020,132.9,3,3,86.16,0,0,3,5,2020
29-05-2020,231.0,3,3,16.58,0,0,4,5,2020
30-05-2020,222.0,3,3,24.76,0,0,5,5,2020
31-05-2020,355.8,3,3,19.84,1,1,6,5,2020
01-06-2020,114.6,3,3,77.66,0,0,0,6,2020
02-06-2020,152.6,3,3,84.67,0,1,1,6,2020
03-06-2020,176.9,3,3,28.64,0,0,2,6,2020
04-06-2020,141.6,3,3,67.99,0,0,3,6,2020
05-06-2020,184.6,3,3,16.44,0,0,4,6,2020
06-06-2020,135.4,3,3,48.21,0,0,5,6,2020
07-06-2020,228.7,3,3,22.61,1,0,6,6,2020
08-06-2020,119.8,3,3,94.02,0,0,0,6,2020
09-06-2020,111.6,3,3,76.45,0,0,1,6,2020
10-06-2020,166.2,3,3,47.29,0,0,2,6,2020
11-06-2020,242.4,3,3,54.06,1,1,3,6,2020
12-06-2020,118.1,3,3,92.2,0,0,4,6,2020
13-06-2020,132.5,3,3,84.51,1,0,5,6,2020
14-06-2020,163.3,3,3,34.55,0,0,6,6,2020
15-06-2020,206.7,3,3,22.44,1,0,0,6,2020
16-06-2020,119.8,3,3,76.95,0,0,1,6,2020
17-06-2020,179.7,3,3,43.78,0,0,2,6,2020
18-06-2020,166.6,3,3,25.5,0,0,3,6,2020
19-06-2020,120.9,3,3,76.91,0,0,4,6,2020
20-06-2020,153.8,3,3,93.05,0,1,5,6,2020
21-06-2020,90.3,3,3,97.38,0,0,6,6,2020
22-06-2020,160.5,3,3,48.61,0,0,0,6,2020
23-06-2020,110.4,3,3,73.39,0,0,1,6,2020
24-06-2020,162.2,3,3,37.05,0,0,2,6,2020
25-06-2020,165.8,3,3,21.39,0,0,3,6,2020
26-06-2020,119.4,3,3,87.47,0,0,4,6,2020
27-06-2020,192.0,3,3,13.77,0,0,5,6,2020
28-06-2020,110.9,3,3,89.45,0,0,6,6,2020
29-06-2020,236.7,3,3,11.79,0,1,0,6,2020
30-06-2020,192.5,3,3,25.22,0,0,1,6,2020
01-07-2020,110.5,3,3,96.52,1,0,2,7,2020
02-07-2020,102.5,3,3,77.93,1,0,3,7,2020
03-07-2020,174.2,3,3,54.17,1,1,4,7,2020
04-07-2020,119.4,3,3,48.81,0,0,5,7,2020
05-07-2020,136.0,3,3,51.69,1,0,6,7,2020
06-07-2020,138.2,3,3,55.12,1,0,0,7,2020
07-07-2020,151.9,3,3,29.99,1,0,1,7,2020
08-07-2020,119.0,3,3,59.09,0,0,2,7,2020
09-07-2020,162.5,3,3,21.12,1,0,3,7,2020
10-07-2020,113.9,3,3,79.33,0,1,4,7,2020
11-07-2020,115.7,3,3,49.32,0,0,5,7,2020
12-07-2020,142.2,3,3,20.46,0,0,6,7,2020
13-07-2020,96.5,3,3,77.84,0,0,0,7,2020
14-07-2020,118.8,3,3,49.99,0,0,1,7,2020
01-01-2020,188.4,3,4,39.55,0,0,2,1,2020
02-01-2020,264.8,3,4,27.82,1,0,3,1,2020
03-01-2020,172.6,3,4,68.74,0,0,4,1,2020
04-01-2020,233.5,3,4,23.43,0,0,5,1,2020
05-01-2020,199.5,3,4,35.77,0,0,6,1,2020
06-01-2020,128.0,3,4,91.41,0,0,0,1,2020
07-01-2020,205.2,3,4,33.36,0,0,1,1,2020
08-01-2020,207.0,3,4,64.49,1,0,2,1,2020
09-01-2020,238.8,3,4,30.28,1,0,3,1,2020
10-01-2020,248.8,3,4,12.07,0,0,4,1,2020
11-01-2020,154.8,3,4,73.68,0,0,5,1,2020
12-01-2020,172.6,3,4,71.32,0,0,6,1,2020
13-01-2020,178.6,3,4,47.12,0,0,0,1,2020
14-01-2020,210.8,3,4,29.39,0,0,1,1,2020
15-01-2020,283.4,3,4,12.98,1,0,2,1,2020
16-01-2020,228.3,3,4,46.8,1,0,3,1,2020
17-01-2020,233.7,3,4,19.61,0,0,4,1,2020
18-01-2020,151.7,3,4,97.65,1,0,5,1,2020
19-01-2020,173.9,3,4,57.72,0,0,6,1,2020
20-01-2020,217.2,3,4,50.11,1,0,0,1,2020
21-01-2020,242.9,3,4,38.02,1,0,1,1,2020
22-01-2020,145.8,3,4,81.02,0,0,2,1,2020
23-01-2020,132.5,3,4,97.65,0,0,3,1,2020
24-01-2020,233.7,3,4,48.56,0,1,4,1,2020
25-01-2020,210.0,3,4,42.51,0,0,5,1,2020
26-01-2020,205.8,3,4,36.54,0,0,6,1,2020
27-01-2020,195.0,3,4,80.48,0,1,0,1,2020
28-01-2020,204.3,3,4,67,1,0,1,1,2020
29-01-2020,171.0,3,4,61.73,0,0,2,1,2020
30-01-2020,156.6,3,4,68.67,0,0,3,1,2020
31-01-2020,212.1,3,4,45.88,1,0,4,1,2020
01-02-2020,175.4,3,4,67.65,0,0,5,2,2020
02-02-2020,156.6,3,4,85.51,0,0,6,2,2020
03-02-2020,252.3,3,4,26.51,0,0,0,2,2020
04-02-2020,184.4,3,4,70.87,0,0,1,2,2020
05-02-2020,183.0,3,4,67.87,0,0,2,2,2020
06-02-2020,217.1,3,4,73.97,1,0,3,2,2020
07-02-2020,250.3,3,4,20.37,0,0,4,2,2020
08-02-2020,219.5,3,4,48.51,0,0,5,2,2020
09-02-2020,169.5,3,4,81.83,0,0,6,2,2020
10-02-2020,305.5,3,4,19.74,1,0,0,2,2020
11-02-2020,209.0,3,4,77.19,1,0,1,2,2020
12-02-2020,183.4,3,4,67.72,0,0,2,2,2020
13-02-2020,183.9,3,4,92.88,1,0,3,2,2020
14-02-2020,160.1,3,4,76.09,0,0,4,2,2020
15-02-2020,232.9,3,4,47.53,0,0,5,2,2020
16-02-2020,216.3,3,4,64.66,0,0,6,2,2020
17-02-2020,263.4,3,4,23.86,0,0,0,2,2020
18-02-2020,169.1,3,4,95.42,1,0,1,2,2020
19-02-2020,263.5,3,4,15.39,0,0,2,2,2020
20-02-2020,199.9,3,4,90.24,0,1,3,2,2020
21-02-2020,139.2,3,4,95.81,0,0,4,2,2020
22-02-2020,183.9,3,4,70.64,0,0,5,2,2020
23-02-2020,205.7,3,4,44.09,0,0,6,2,2020
24-02-2020,292.0,3,4,29.73,1,0,0,2,2020
25-02-2020,247.1,3,4,15.61,0,0,1,2,2020
26-02-2020,234.7,3,4,70.97,1,0,2,2,2020
27-02-2020,173.4,3,4,75.74,0,0,3,2,2020
28-02-2020,307.0,3,4,20.4,1,0,4,2,2020
29-02-2020,216.0,3,4,52.73,0,0,5,2,2020
01-03-2020,222.6,3,4,72.31,1,0,6,3,2020
02-03-2020,182.3,3,4,76.88,0,0,0,3,2020
03-03-2020,253.0,3,4,45.17,0,0,1,3,2020
04-03-2020,262.2,3,4,49.07,1,0,2,3,2020
05-03-2020,264.6,3,4,54.51,1,0,3,3,2020
06-03-2020,260.5,3,4,32.31,0,0,4,3,2020
07-03-2020,282.7,3,4,34.91,1,0,5,3,2020
08-03-2020,346.0,3,4,16.91,1,0,6,3,2020
09-03-2020,208.2,3,4,59.39,0,0,0,3,2020
10-03-2020,197.9,3,4,68.9,0,0,1,3,2020
11-03-2020,179.4,3,4,79.62,0,0,2,3,2020
12-03-2020,251.2,3,4,34.85,0,0,3,3,2020
13-03-2020,201.4,3,4,91.07,0,1,4,3,2020
14-03-2020,257.1,3,4,23.06,0,0,5,3,2020
15-03-2020,283.3,3,4,16.04,0,0,6,3,2020
16-03-2020,239.1,3,4,62.73,1,0,0,3,2020
17-03-2020,184.4,3,4,93.91,1,0,1,3,2020
18-03-2020,225.0,3,4,80.57,0,1,2,3,2020
19-03-2020,362.0,3,4,15.4,0,1,3,3,2020
20-03-2020,249.8,3,4,32.25,0,0,4,3,2020
21-03-2020,184.3,3,4,72.24,0,0,5,3,2020
22-03-2020,274.1,3,4,43.92,1,0,6,3,2020
23-03-2020,195.8,3,4,67.55,0,0,0,3,2020
24-03-2020,220.5,3,4,76.6,1,0,1,3,2020
25-03-2020,247.9,3,4,67.77,1,0,2,3,2020
26-03-2020,278.2,3,4,17.4,0,0,3,3,2020
27-03-2020,243.7,3,4,39.62,0,0,4,3,2020
28-03-2020,216.9,3,4,59.54,0,0,5,3,2020
29-03-2020,146.4,3,4,90.45,0,0,6,3,2020
30-03-2020,213.7,3,4,53.12,0,0,0,3,2020
31-03-2020,270.9,3,4,51.55,1,0,1,3,2020
01-04-2020,263.7,3,4,21.67,0,0,2,4,2020
02-04-2020,236.8,3,4,26.1,0,0,3,4,2020
03-04-2020,287.8,3,4,35.69,1,0,4,4,2020
04-04-2020,213.5,3,4,43.2,0,0,5,4,2020
05-04-2020,195.8,3,4,59.07,0,0,6,4,2020
06-04-2020,191.8,3,4,65.05,0,0,0,4,2020
07-04-2020,290.7,3,4,26.57,1,0,1,4,2020
08-04-2020,256.1,3,4,19.04,0,0,2,4,2020
09-04-2020,220.0,3,4,53.11,0,0,3,4,2020
10-04-2020,256.8,3,4,23.29,0,0,4,4,2020
11-04-2020,167.6,3,4,94.08,0,0,5,4,2020
12-04-2020,236.2,3,4,95.05,1,1,6,4,2020
13-04-2020,201.8,3,4,74.74,1,0,0,4,2020
14-04-2020,238.7,3,4,67.24,1,0,1,4,2020
15-04-2020,254.4,3,4,19.84,0,0,2,4,2020
16-04-2020,226.7,3,4,44.8,0,0,3,4,2020
17-04-2020,194.8,3,4,69.33,0,0,4,4,2020
18-04-2020,255.5,3,4,27.48,0,0,5,4,2020
19-04-2020,312.5,3,4,23.64,1,0,6,4,2020
20-04-2020,242.1,3,4,34.92,0,0,0,4,2020
21-04-2020,209.7,3,4,88.86,1,0,1,4,2020
22-04-2020,192.5,3,4,69.12,0,0,2,4,2020
23-04-2020,166.4,3,4,87.42,0,0,3,4,2020
24-04-2020,168.3,3,4,91.47,0,0,4,4,2020
25-04-2020,197.8,3,4,59.38,0,0,5,4,2020
26-04-2020,154.1,3,4,98.82,0,0,6,4,2020
27-04-2020,148.5,3,4,97.71,0,0,0,4,2020
28-04-2020,260.5,3,4,27.2,0,0,1,4,2020
29-04-2020,226.8,3,4,38.89,0,0,2,4,2020
30-04-2020,233.4,3,4,33.74,0,0,3,4,2020
01-05-2020,234.7,3,4,49.49,1,0,4,5,2020
02-05-2020,188.6,3,4,51.43,0,0,5,5,2020
03-05-2020,183.5,3,4,78.24,1,0,6,5,2020
04-05-2020,175.1,3,4,60.27,0,0,0,5,2020
05-05-2020,228.2,3,4,18.02,0,0,1,5,2020
06-05-2020,165.7,3,4,95.97,1,0,2,5,2020
07-05-2020,290.3,3,4,12.89,1,0,3,5,2020
08-05-2020,153.0,3,4,89.71,1,0,4,5,2020
09-05-2020,212.8,3,4,32,0,0,5,5,2020
10-05-2020,169.5,3,4,84.23,1,0,6,5,2020
11-05-2020,145.1,3,4,88.65,0,0,0,5,2020
12-05-2020,222.8,3,4,31.01,0,0,1,5,2020
13-05-2020,180.0,3,4,95.59,1,0,2,5,2020
14-05-2020,278.1,3,4,16.6,1,0,3,5,2020
15-05-2020,269.3,3,4,24.9,1,0,4,5,2020
16-05-2020,155.8,3,4,88.9,0,0,5,5,2020
17-05-2020,202.6,3,4,24.66,0,0,6,5,2020
18-05-2020,236.1,3,4,79.25,1,1,0,5,2020
19-05-2020,238.2,3,4,41,1,0,1,5,2020
20-05-2020,216.1,3,4,90.19,1,1,2,5,2020
21-05-2020,234.5,3,4,13.65,0,0,3,5,2020
22-05-2020,160.8,3,4,68.86,0,0,4,5,2020
23-05-2020,344.4,3,4,26.67,1,1,5,5,2020
24-05-2020,204.8,3,4,24.33,0,0,6,5,2020
25-05-2020,239.2,3,4,44.75,1,0,0,5,2020
26-05-2020,116.3,3,4,96.66,0,0,1,5,2020
27-05-2020,155.3,3,4,76.31,0,0,2,5,2020
28-05-2020,199.7,3,4,72.44,1,0,3,5,2020
29-05-2020,145.1,3,4,86.71,0,0,4,5,2020
30-05-2020,190.4,3,4,42.5,0,0,5,5,2020
31-05-2020,223.6,3,4,26.07,0,0,6,5,2020
01-06-2020,156.6,3,4,71.88,0,1,0,6,2020
02-06-2020,195.3,3,4,18.67,0,0,1,6,2020
03-06-2020,146.5,3,4,59.15,0,0,2,6,2020
04-06-2020,146.5,3,4,58.61,0,0,3,6,2020
05-06-2020,111.6,3,4,93.53,0,0,4,6,2020
06-06-2020,130.8,3,4,65.58,0,0,5,6,2020
07-06-2020,190.8,3,4,10.08,0,0,6,6,2020
08-06-2020,151.9,3,4,43.68,0,0,0,6,2020
09-06-2020,138.2,3,4,77.62,1,0,1,6,2020
10-06-2020,122.9,3,4,98.32,1,0,2,6,2020
11-06-2020,149.4,3,4,43.39,0,0,3,6,2020
12-06-2020,232.1,3,4,13.88,1,0,4,6,2020
13-06-2020,108.0,3,4,94.28,0,0,5,6,2020
14-06-2020,158.3,3,4,68.61,1,0,6,6,2020
15-06-2020,188.3,3,4,13.55,0,0,0,6,2020
16-06-2020,121.0,3,4,86.9,0,0,1,6,2020
17-06-2020,157.9,3,4,48.19,0,0,2,6,2020
18-06-2020,126.8,3,4,73.41,0,0,3,6,2020
19-06-2020,161.0,3,4,37.98,0,0,4,6,2020
20-06-2020,253.9,3,4,38.22,1,1,5,6,2020
21-06-2020,172.0,3,4,57.86,0,1,6,6,2020
22-06-2020,183.1,3,4,26.42,0,0,0,6,2020
23-06-2020,157.2,3,4,53.06,0,0,1,6,2020
24-06-2020,178.1,3,4,21.4,0,0,2,6,2020
25-06-2020,177.0,3,4,17.18,0,0,3,6,2020
26-06-2020,186.2,3,4,30.2,0,0,4,6,2020
27-06-2020,173.7,3,4,59.42,1,0,5,6,2020
28-06-2020,163.9,3,4,33.76,0,0,6,6,2020
29-06-2020,154.3,3,4,48.9,0,0,0,6,2020
30-06-2020,118.1,3,4,68.16,0,0,1,6,2020
01-07-2020,118.2,3,4,74.41,1,0,2,7,2020
02-07-2020,114.7,3,4,88.02,0,1,3,7,2020
03-07-2020,135.3,3,4,30.88,0,0,4,7,2020
04-07-2020,81.7,3,4,90.36,0,0,5,7,2020
05-07-2020,85.4,3,4,95.54,1,0,6,7,2020
06-07-2020,119.7,3,4,80.02,1,0,0,7,2020
07-07-2020,102.5,3,4,58.98,0,0,1,7,2020
08-07-2020,141.4,3,4,18.58,0,0,2,7,2020
09-07-2020,96.8,3,4,81.71,0,0,3,7,2020
10-07-2020,116.9,3,4,42.41,0,0,4,7,2020
11-07-2020,112.9,3,4,50.78,0,0,5,7,2020
12-07-2020,115.2,3,4,58.13,1,0,6,7,2020
13-07-2020,118.5,3,4,66.82,1,0,0,7,2020
14-07-2020,113.1,3,4,73.36,1,0,1,7,2020
