synthetic_sales_data.csv
date,sales,store_id,product_id,price,promotion,holiday,weekday,month,year
01-01-2020,137.1,3,5,96.23,0,0,2,1,2020
02-01-2020,241.9,3,5,14.15,0,0,3,1,2020
03-01-2020,220.9,3,5,29.81,0,0,4,1,2020
04-01-2020,142.7,3,5,95.26,0,0,5,1,2020
05-01-2020,146.3,3,5,86.02,1,0,6,1,2020
06-01-2020,177.8,3,5,65.23,0,0,0,1,2020
07-01-2020,202.8,3,5,36.24,0,0,1,1,2020
08-01-2020,241.6,3,5,19.28,0,0,2,1,2020
09-01-2020,184.1,3,5,47.71,0,0,3,1,2020
10-01-2020,230.1,3,5,40.02,1,0,4,1,2020
11-01-2020,185.5,3,5,52.03,0,0,5,1,2020
12-01-2020,211.7,3,5,93.49,1,1,6,1,2020
13-01-2020,271.8,3,5,22.8,0,1,0,1,2020
14-01-2020,153.7,3,5,85.92,0,0,1,1,2020
15-01-2020,181.9,3,5,71.12,1,0,2,1,2020
16-01-2020,234.1,3,5,47.87,1,0,3,1,2020
17-01-2020,232.7,3,5,36.92,1,0,4,1,2020
18-01-2020,250.8,3,5,42.29,1,0,5,1,2020
19-01-2020,183.9,3,5,62.54,0,0,6,1,2020
20-01-2020,148.0,3,5,98.76,1,0,0,1,2020
21-01-2020,209.3,3,5,36.24,0,0,1,1,2020
22-01-2020,255.8,3,5,53.39,0,1,2,1,2020
23-01-2020,147.3,3,5,74.68,0,0,3,1,2020
24-01-2020,323.6,3,5,24.25,1,1,4,1,2020
25-01-2020,222.0,3,5,21.65,0,0,5,1,2020
26-01-2020,137.6,3,5,99.43,0,0,6,1,2020
27-01-2020,165.7,3,5,66.84,0,0,0,1,2020
28-01-2020,220.0,3,5,34.22,0,0,1,1,2020
29-01-2020,183.1,3,5,55.61,0,0,2,1,2020
30-01-2020,167.9,3,5,51.07,0,0,3,1,2020
31-01-2020,358.3,3,5,23.39,1,1,4,1,2020
01-02-2020,192.4,3,5,60.28,0,0,5,2,2020
02-02-2020,185.3,3,5,66.17,0,0,6,2,2020
03-02-2020,308.2,3,5,27.53,1,0,0,2,2020
04-02-2020,228.1,3,5,68.89,1,0,1,2,2020
05-02-2020,292.2,3,5,24.03,1,0,2,2,2020
06-02-2020,162.4,3,5,90.03,0,0,3,2,2020
07-02-2020,254.7,3,5,60.18,1,0,4,2,2020
08-02-2020,218.7,3,5,55.06,0,0,5,2,2020
09-02-2020,295.6,3,5,26.13,1,0,6,2,2020
10-02-2020,265.8,3,5,11.94,0,0,0,2,2020
11-02-2020,253.0,3,5,31.03,0,0,1,2,2020
12-02-2020,265.9,3,5,19.24,0,0,2,2,2020
13-02-2020,423.5,3,5,10.69,1,1,3,2,2020
14-02-2020,154.0,3,5,89.77,0,0,4,2,2020
15-02-2020,122.1,3,5,97.77,0,0,5,2,2020
16-02-2020,216.1,3,5,49.19,0,0,6,2,2020
17-02-2020,265.7,3,5,18.61,0,0,0,2,2020
18-02-2020,147.7,3,5,86.93,0,0,1,2,2020
19-02-2020,229.9,3,5,63.44,1,0,2,2,2020
20-02-2020,264.0,3,5,13.9,0,0,3,2,2020
21-02-2020,237.9,3,5,31.97,0,0,4,2,2020
22-02-2020,172.0,3,5,77.06,0,0,5,2,2020
23-02-2020,213.8,3,5,63.83,0,0,6,2,2020
24-02-2020,144.1,3,5,92,0,0,0,2,2020
25-02-2020,191.5,3,5,64.83,0,0,1,2,2020
26-02-2020,299.9,3,5,20.15,1,0,2,2,2020
27-02-2020,308.4,3,5,32.32,0,1,3,2,2020
28-02-2020,262.8,3,5,21.85,0,0,4,2,2020
29-02-2020,166.2,3,5,91.51,0,0,5,2,2020
01-03-2020,156.2,3,5,86.47,0,0,6,3,2020
02-03-2020,283.0,3,5,49.26,1,0,0,3,2020
03-03-2020,239.3,3,5,74.18,1,0,1,3,2020
04-03-2020,191.5,3,5,95.2,1,0,2,3,2020
05-03-2020,225.2,3,5,35.11,0,0,3,3,2020
06-03-2020,274.7,3,5,60.31,0,1,4,3,2020
07-03-2020,165.5,3,5,93.94,0,0,5,3,2020
08-03-2020,232.6,3,5,50.27,0,0,6,3,2020
09-03-2020,344.5,3,5,15.61,1,0,0,3,2020
10-03-2020,282.6,3,5,40.97,1,0,1,3,2020
11-03-2020,220.8,3,5,55.5,0,0,2,3,2020
12-03-2020,143.2,3,5,87.98,0,0,3,3,2020
13-03-2020,248.2,3,5,59.61,1,0,4,3,2020
14-03-2020,246.4,3,5,36.52,0,0,5,3,2020
15-03-2020,157.6,3,5,98.75,0,0,6,3,2020
16-03-2020,173.5,3,5,82.69,0,0,0,3,2020
17-03-2020,227.2,3,5,45.48,0,0,1,3,2020
18-03-2020,171.4,3,5,82.5,0,0,2,3,2020
19-03-2020,164.3,3,5,84.73,0,0,3,3,2020
20-03-2020,259.8,3,5,23.62,0,0,4,3,2020
21-03-2020,198.1,3,5,61.62,0,0,5,3,2020
22-03-2020,154.8,3,5,86.86,0,0,6,3,2020
23-03-2020,217.2,3,5,86.55,1,0,0,3,2020
24-03-2020,180.1,3,5,76.05,0,0,1,3,2020
25-03-2020,155.5,3,5,90.67,0,0,2,3,2020
26-03-2020,212.9,3,5,54.95,0,0,3,3,2020
27-03-2020,225.1,3,5,45.23,0,0,4,3,2020
28-03-2020,241.6,3,5,35.27,0,0,5,3,2020
29-03-2020,249.5,3,5,33.62,0,0,6,3,2020
30-03-2020,314.0,3,5,28.87,1,0,0,3,2020
31-03-2020,201.6,3,5,65.3,0,0,1,3,2020
01-04-2020,215.1,3,5,73.82,1,0,2,4,2020
02-04-2020,165.6,3,5,88.23,0,0,3,4,2020
03-04-2020,133.6,3,5,98.93,0,0,4,4,2020
04-04-2020,208.7,3,5,74.82,1,0,5,4,2020
05-04-2020,236.4,3,5,42.87,0,0,6,4,2020
06-04-2020,206.5,3,5,64.83,0,0,0,4,2020
07-04-2020,212.9,3,5,74.38,1,0,1,4,2020
08-04-2020,241.4,3,5,35.05,0,0,2,4,2020
09-04-2020,254.1,3,5,58.37,0,1,3,4,2020
10-04-2020,187.1,3,5,63.66,0,0,4,4,2020
11-04-2020,296.0,3,5,22.63,1,0,5,4,2020
12-04-2020,135.7,3,5,99.43,0,0,6,4,2020
13-04-2020,221.7,3,5,50.06,0,0,0,4,2020
14-04-2020,242.9,3,5,10.81,0,0,1,4,2020
15-04-2020,285.7,3,5,49.84,0,1,2,4,2020
16-04-2020,252.0,3,5,27.79,0,0,3,4,2020
17-04-2020,224.3,3,5,45.09,0,0,4,4,2020
18-04-2020,235.3,3,5,65.57,1,0,5,4,2020
19-04-2020,163.5,3,5,92.34,1,0,6,4,2020
20-04-2020,181.3,3,5,70.87,0,0,0,4,2020
21-04-2020,240.4,3,5,35.6,0,0,1,4,2020
22-04-2020,193.6,3,5,82.41,1,0,2,4,2020
23-04-2020,168.7,3,5,80.47,0,0,3,4,2020
24-04-2020,218.9,3,5,38.78,0,0,4,4,2020
25-04-2020,286.3,3,5,38.86,1,0,5,4,2020
26-04-2020,228.1,3,5,65.56,1,0,6,4,2020
27-04-2020,243.4,3,5,53.05,1,0,0,4,2020
28-04-2020,265.2,3,5,60.58,0,1,1,4,2020
29-04-2020,206.1,3,5,85.25,0,1,2,4,2020
30-04-2020,270.4,3,5,13.18,0,0,3,4,2020
01-05-2020,191.1,3,5,53.53,0,0,4,5,2020
02-05-2020,247.2,3,5,45.11,1,0,5,5,2020
03-05-2020,188.8,3,5,45.48,0,0,6,5,2020
04-05-2020,266.6,3,5,19.04,1,0,0,5,2020
05-05-2020,182.3,3,5,81.76,1,0,1,5,2020
06-05-2020,236.7,3,5,10.12,0,0,2,5,2020
07-05-2020,181.0,3,5,85.27,1,0,3,5,2020
08-05-2020,222.4,3,5,50.28,1,0,4,5,2020
09-05-2020,226.0,3,5,35.09,0,0,5,5,2020
10-05-2020,212.8,3,5,24.79,0,0,6,5,2020
11-05-2020,144.8,3,5,86.94,0,0,0,5,2020
12-05-2020,276.3,3,5,21.61,1,0,1,5,2020
13-05-2020,187.8,3,5,55.58,0,0,2,5,2020
14-05-2020,292.5,3,5,19.24,0,1,3,5,2020
15-05-2020,220.5,3,5,52.15,1,0,4,5,2020
16-05-2020,249.3,3,5,36.2,1,0,5,5,2020
17-05-2020,166.1,3,5,90.73,1,0,6,5,2020
18-05-2020,173.8,3,5,75.78,0,0,0,5,2020
19-05-2020,195.5,3,5,38.7,0,0,1,5,2020
20-05-2020,182.7,3,5,56.15,0,0,2,5,2020
21-05-2020,244.8,3,5,42.97,1,0,3,5,2020
22-05-2020,312.3,3,5,12.04,0,1,4,5,2020
23-05-2020,209.2,3,5,26.87,0,0,5,5,2020
24-05-2020,295.7,3,5,15.66,0,1,6,5,2020
25-05-2020,165.4,3,5,53.32,0,0,0,5,2020
26-05-2020,294.5,3,5,21.5,0,1,1,5,2020
27-05-2020,240.8,3,5,48.07,1,0,2,5,2020
28-05-2020,218.5,3,5,31.37,0,0,3,5,2020
29-05-2020,163.8,3,5,73.22,0,0,4,5,2020
30-05-2020,160.5,3,5,60.85,0,0,5,5,2020
31-05-2020,238.9,3,5,48.75,1,0,6,5,2020
01-06-2020,153.6,3,5,88.26,0,1,0,6,2020
02-06-2020,115.3,3,5,85.82,0,0,1,6,2020
03-06-2020,161.1,3,5,36.06,0,0,2,6,2020
04-06-2020,141.5,3,5,47.46,0,0,3,6,2020
05-06-2020,98.1,3,5,97.28,0,0,4,6,2020
06-06-2020,156.0,3,5,31.29,0,0,5,6,2020
07-06-2020,201.2,3,5,31.54,1,0,6,6,2020
08-06-2020,143.8,3,5,67.61,0,0,0,6,2020
09-06-2020,179.3,3,5,26.6,0,0,1,6,2020
10-06-2020,156.0,3,5,50.91,0,0,2,6,2020
11-06-2020,132.3,3,5,77.41,1,0,3,6,2020
12-06-2020,181.3,3,5,62.85,1,0,4,6,2020
13-06-2020,166.4,3,5,48.9,0,0,5,6,2020
14-06-2020,152.7,3,5,51.68,0,0,6,6,2020
15-06-2020,156.5,3,5,53.65,0,0,0,6,2020
16-06-2020,142.6,3,5,57.96,0,0,1,6,2020
17-06-2020,115.3,3,5,86.51,0,0,2,6,2020
18-06-2020,135.3,3,5,52.86,0,0,3,6,2020
19-06-2020,139.4,3,5,85.28,1,0,4,6,2020
20-06-2020,170.4,3,5,27.45,0,0,5,6,2020
21-06-2020,150.7,3,5,35.65,0,0,6,6,2020
22-06-2020,164.9,3,5,30.96,0,0,0,6,2020
23-06-2020,133.6,3,5,64.6,0,0,1,6,2020
24-06-2020,135.2,3,5,47.7,0,0,2,6,2020
25-06-2020,242.5,3,5,24.04,0,1,3,6,2020
26-06-2020,169.1,3,5,46.98,0,0,4,6,2020
27-06-2020,215.9,3,5,31.77,1,0,5,6,2020
28-06-2020,155.1,3,5,57.25,0,0,6,6,2020
29-06-2020,164.9,3,5,53.28,0,0,0,6,2020
30-06-2020,125.3,3,5,88.98,0,0,1,6,2020
01-07-2020,77.5,3,5,96.15,0,0,2,7,2020
02-07-2020,140.9,3,5,60.95,0,1,3,7,2020
03-07-2020,116.5,3,5,33.9,0,0,4,7,2020
04-07-2020,108.6,3,5,41.96,0,0,5,7,2020
05-07-2020,132.3,3,5,49.3,1,0,6,7,2020
06-07-2020,106.3,3,5,68.64,0,0,0,7,2020
07-07-2020,133.5,3,5,54.33,0,1,1,7,2020
08-07-2020,131.1,3,5,72.35,1,0,2,7,2020
09-07-2020,126.6,3,5,30.05,0,0,3,7,2020
10-07-2020,114.4,3,5,63.88,0,0,4,7,2020
11-07-2020,115.8,3,5,41.45,0,0,5,7,2020
12-07-2020,153.2,3,5,29.2,1,0,6,7,2020
13-07-2020,127.5,3,5,60.68,1,0,0,7,2020
14-07-2020,84.2,3,5,91.32,0,0,1,7,2020
01-01-2020,214.1,4,1,30.08,0,0,2,1,2020
02-01-2020,159.9,4,1,75.4,0,0,3,1,2020
03-01-2020,213.7,4,1,34.07,0,0,4,1,2020
04-01-2020,214.9,4,1,28.63,0,0,5,1,2020
05-01-2020,198.5,4,1,72.94,0,1,6,1,2020
06-01-2020,202.6,4,1,48.12,0,0,0,1,2020
07-01-2020,163.8,4,1,65.42,0,0,1,1,2020
08-01-2020,227.6,4,1,17.39,0,0,2,1,2020
09-01-2020,348.7,4,1,23.19,1,1,3,1,2020
10-01-2020,231.7,4,1,12.81,0,0,4,1,2020
11-01-2020,256.6,4,1,32.48,1,0,5,1,2020
12-01-2020,168.4,4,1,83.36,1,0,6,1,2020
13-01-2020,152.1,4,1,87.65,0,0,0,1,2020
14-01-2020,155.0,4,1,75.01,0,0,1,1,2020
15-01-2020,202.0,4,1,39.24,0,0,2,1,2020
16-01-2020,219.1,4,1,47.06,0,1,3,1,2020
17-01-2020,262.2,4,1,36.18,1,0,4,1,2020
18-01-2020,360.5,4,1,12.06,1,1,5,1,2020
19-01-2020,182.0,4,1,80.42,1,0,6,1,2020
20-01-2020,204.6,4,1,35.93,0,0,0,1,2020
21-01-2020,200.1,4,1,76.28,1,0,1,1,2020
22-01-2020,224.2,4,1,33.24,0,0,2,1,2020
23-01-2020,267.8,4,1,31.07,0,1,3,1,2020
24-01-2020,177.7,4,1,50.92,0,0,4,1,2020
25-01-2020,160.5,4,1,71.26,0,0,5,1,2020
26-01-2020,220.0,4,1,35.52,0,0,6,1,2020
27-01-2020,163.0,4,1,69.01,0,0,0,1,2020
28-01-2020,188.1,4,1,31.76,0,0,1,1,2020
29-01-2020,228.3,4,1,19.1,0,0,2,1,2020
30-01-2020,271.2,4,1,54.61,1,1,3,1,2020
31-01-2020,230.4,4,1,51.16,1,0,4,1,2020
01-02-2020,347.3,4,1,43.48,1,1,5,2,2020
02-02-2020,311.2,4,1,19.52,1,0,6,2,2020
03-02-2020,198.7,4,1,68.1,0,0,0,2,2020
04-02-2020,214.8,4,1,74.25,0,1,1,2,2020
05-02-2020,183.3,4,1,85.64,0,0,2,2,2020
06-02-2020,203.0,4,1,50.97,0,0,3,2,2020
07-02-2020,171.7,4,1,77.26,0,0,4,2,2020
08-02-2020,201.5,4,1,44.07,0,0,5,2,2020
09-02-2020,259.7,4,1,53.39,0,1,6,2,2020
10-02-2020,220.1,4,1,47.92,0,0,0,2,2020
11-02-2020,236.9,4,1,73.98,0,1,1,2,2020
12-02-2020,235.4,4,1,59.55,1,0,2,2,2020
13-02-2020,199.6,4,1,65.5,0,0,3,2,2020
14-02-2020,254.1,4,1,82.98,1,1,4,2,2020
15-02-2020,172.0,4,1,84.73,0,0,5,2,2020
16-02-2020,229.3,4,1,57.65,1,0,6,2,2020
17-02-2020,303.6,4,1,14.7,1,0,0,2,2020
18-02-2020,247.8,4,1,23.78,0,0,1,2,2020
19-02-2020,273.7,4,1,32.61,1,0,2,2,2020
20-02-2020,206.9,4,1,62.36,0,0,3,2,2020
21-02-2020,242.6,4,1,32.39,0,0,4,2,2020
22-02-2020,178.8,4,1,75.46,0,0,5,2,2020
23-02-2020,248.6,4,1,20.58,0,0,6,2,2020
24-02-2020,241.6,4,1,31.03,0,0,0,2,2020
25-02-2020,144.4,4,1,98.32,0,0,1,2,2020
26-02-2020,209.7,4,1,46.71,0,0,2,2,2020
27-02-2020,197.9,4,1,48.61,0,0,3,2,2020
28-02-2020,272.8,4,1,10.32,0,0,4,2,2020
29-02-2020,254.7,4,1,16.31,0,0,5,2,2020
01-03-2020,139.1,4,1,98.59,0,0,6,3,2020
02-03-2020,243.7,4,1,66.52,0,1,0,3,2020
03-03-2020,266.4,4,1,55.16,1,0,1,3,2020
04-03-2020,285.6,4,1,21.84,0,0,2,3,2020
05-03-2020,272.9,4,1,16.79,0,0,3,3,2020
06-03-2020,268.8,4,1,68.12,0,1,4,3,2020
07-03-2020,356.4,4,1,11.43,1,0,5,3,2020
08-03-2020,357.4,4,1,10.71,1,0,6,3,2020
09-03-2020,195.8,4,1,77.36,0,0,0,3,2020
10-03-2020,225.6,4,1,50.75,0,0,1,3,2020
11-03-2020,196.9,4,1,63.45,0,0,2,3,2020
12-03-2020,298.7,4,1,31.49,1,0,3,3,2020
13-03-2020,242.4,4,1,35.71,0,0,4,3,2020
14-03-2020,360.8,4,1,14.41,0,1,5,3,2020
15-03-2020,214.3,4,1,66.39,0,0,6,3,2020
16-03-2020,200.1,4,1,99.68,0,1,0,3,2020
17-03-2020,177.0,4,1,79.64,0,0,1,3,2020
18-03-2020,228.7,4,1,47.48,0,0,2,3,2020
19-03-2020,356.8,4,1,45.19,1,1,3,3,2020
20-03-2020,288.5,4,1,11.1,0,0,4,3,2020
21-03-2020,234.9,4,1,47.71,0,0,5,3,2020
22-03-2020,157.8,4,1,95.38,0,0,6,3,2020
23-03-2020,192.2,4,1,67.09,0,0,0,3,2020
24-03-2020,356.6,4,1,47.61,1,1,1,3,2020
25-03-2020,289.4,4,1,35.15,1,0,2,3,2020
26-03-2020,213.2,4,1,52.97,0,0,3,3,2020
27-03-2020,274.5,4,1,23.53,0,0,4,3,2020
28-03-2020,241.8,4,1,35,0,0,5,3,2020
29-03-2020,331.5,4,1,34.98,0,1,6,3,2020
30-03-2020,258.1,4,1,36.35,0,0,0,3,2020
31-03-2020,217.8,4,1,77.6,1,0,1,3,2020
01-04-2020,218.7,4,1,40.13,0,0,2,4,2020
02-04-2020,134.6,4,1,93.44,0,0,3,4,2020
03-04-2020,230.4,4,1,56.28,0,0,4,4,2020
04-04-2020,203.2,4,1,82.85,1,0,5,4,2020
05-04-2020,218.6,4,1,82.2,1,0,6,4,2020
06-04-2020,213.9,4,1,49.54,0,0,0,4,2020
07-04-2020,178.1,4,1,83.8,0,0,1,4,2020
08-04-2020,232.3,4,1,55.47,1,0,2,4,2020
09-04-2020,311.9,4,1,24.27,1,0,3,4,2020
10-04-2020,174.7,4,1,70.54,0,0,4,4,2020
11-04-2020,147.9,4,1,96.64,0,0,5,4,2020
12-04-2020,353.5,4,1,16.58,0,1,6,4,2020
13-04-2020,191.4,4,1,68.44,0,0,0,4,2020
14-04-2020,220.3,4,1,52.08,0,0,1,4,2020
15-04-2020,232.8,4,1,31.54,0,0,2,4,2020
16-04-2020,268.7,4,1,20.52,0,0,3,4,2020
17-04-2020,236.9,4,1,88.13,1,1,4,4,2020
18-04-2020,196.1,4,1,63.71,0,0,5,4,2020
19-04-2020,222.4,4,1,41.87,0,0,6,4,2020
20-04-2020,206.4,4,1,92.5,0,1,0,4,2020
21-04-2020,172.5,4,1,81.11,0,0,1,4,2020
22-04-2020,252.3,4,1,16.4,0,0,2,4,2020
23-04-2020,214.6,4,1,83.99,1,0,3,4,2020
24-04-2020,193.4,4,1,82.66,1,0,4,4,2020
25-04-2020,259.5,4,1,17.98,0,0,5,4,2020
26-04-2020,143.4,4,1,93.58,0,0,6,4,2020
27-04-2020,202.2,4,1,54.54,0,0,0,4,2020
28-04-2020,263.6,4,1,15.86,0,0,1,4,2020
29-04-2020,252.0,4,1,48.01,1,0,2,4,2020
30-04-2020,238.9,4,1,34.05,0,0,3,4,2020
01-05-2020,224.4,4,1,14.5,0,0,4,5,2020
02-05-2020,154.9,4,1,83.6,0,0,5,5,2020
03-05-2020,194.9,4,1,45.67,0,0,6,5,2020
04-05-2020,156.7,4,1,81.08,0,0,0,5,2020
05-05-2020,129.8,4,1,93.74,0,0,1,5,2020
06-05-2020,280.3,4,1,14.47,1,0,2,5,2020
07-05-2020,144.9,4,1,97.04,0,0,3,5,2020
08-05-2020,261.4,4,1,29.46,1,0,4,5,2020
09-05-2020,234.4,4,1,38.38,1,0,5,5,2020
10-05-2020,228.9,4,1,23.65,0,0,6,5,2020
11-05-2020,170.7,4,1,56,0,0,0,5,2020
12-05-2020,201.2,4,1,66.18,1,0,1,5,2020
13-05-2020,217.2,4,1,51.79,1,0,2,5,2020
14-05-2020,217.6,4,1,19.84,0,0,3,5,2020
15-05-2020,281.7,4,1,27.17,0,1,4,5,2020
16-05-2020,246.9,4,1,37.74,1,0,5,5,2020
17-05-2020,279.4,4,1,27.36,0,1,6,5,2020
18-05-2020,226.8,4,1,49.03,1,0,0,5,2020
19-05-2020,163.2,4,1,66.3,0,0,1,5,2020
20-05-2020,211.0,4,1,28.3,0,0,2,5,2020
21-05-2020,185.5,4,1,50.94,0,0,3,5,2020
22-05-2020,209.7,4,1,34.4,0,0,4,5,2020
23-05-2020,225.3,4,1,18.61,0,0,5,5,2020
24-05-2020,220.1,4,1,36.48,0,0,6,5,2020
25-05-2020,155.4,4,1,76.24,0,0,0,5,2020
26-05-2020,212.9,4,1,31.21,0,0,1,5,2020
27-05-2020,240.8,4,1,14.07,0,0,2,5,2020
28-05-2020,146.1,4,1,79.74,0,0,3,5,2020
29-05-2020,133.8,4,1,89.74,0,0,4,5,2020
30-05-2020,181.9,4,1,62.08,0,0,5,5,2020
31-05-2020,222.9,4,1,25.95,0,0,6,5,2020
01-06-2020,172.1,4,1,33.32,0,0,0,6,2020
02-06-2020,147.5,4,1,57.19,0,0,1,6,2020
03-06-2020,153.3,4,1,46.84,0,0,2,6,2020
04-06-2020,159.6,4,1,33.56,0,0,3,6,2020
05-06-2020,147.7,4,1,66.11,1,0,4,6,2020
06-06-2020,175.4,4,1,33.36,0,0,5,6,2020
07-06-2020,160.1,4,1,23.34,0,0,6,6,2020
08-06-2020,100.1,4,1,96.86,0,0,0,6,2020
09-06-2020,103.8,4,1,86.7,0,0,1,6,2020
10-06-2020,165.6,4,1,60.76,1,0,2,6,2020
11-06-2020,112.6,4,1,89,0,0,3,6,2020
12-06-2020,175.8,4,1,34.88,0,0,4,6,2020
13-06-2020,178.1,4,1,40.27,1,0,5,6,2020
14-06-2020,170.9,4,1,35.81,0,0,6,6,2020
15-06-2020,227.0,4,1,11.83,1,0,0,6,2020
16-06-2020,262.3,4,1,26.96,1,1,1,6,2020
17-06-2020,180.1,4,1,17.77,0,0,2,6,2020
18-06-2020,138.9,4,1,80.09,1,0,3,6,2020
19-06-2020,119.8,4,1,78.43,0,0,4,6,2020
20-06-2020,245.1,4,1,17.68,0,1,5,6,2020
21-06-2020,187.8,4,1,18.07,0,0,6,6,2020
22-06-2020,144.8,4,1,46.13,0,0,0,6,2020
23-06-2020,152.7,4,1,84.47,0,1,1,6,2020
24-06-2020,239.5,4,1,23.27,1,0,2,6,2020
25-06-2020,152.7,4,1,37.21,0,0,3,6,2020
26-06-2020,170.6,4,1,37.58,0,0,4,6,2020
27-06-2020,130.3,4,1,75.57,0,0,5,6,2020
28-06-2020,120.0,4,1,95.55,0,0,6,6,2020
29-06-2020,133.6,4,1,81.55,1,0,0,6,2020
30-06-2020,143.2,4,1,66.06,0,0,1,6,2020
01-07-2020,125.5,4,1,47.18,0,1,2,7,2020
02-07-2020,106.0,4,1,80.8,1,0,3,7,2020
03-07-2020,146.5,4,1,14.93,0,0,4,7,2020
04-07-2020,68.0,4,1,95.83,0,0,5,7,2020
05-07-2020,106.1,4,1,60.6,0,0,6,7,2020
06-07-2020,160.1,4,1,15.71,1,0,0,7,2020
07-07-2020,139.9,4,1,44.03,1,0,1,7,2020
08-07-2020,144.3,4,1,16.85,0,0,2,7,2020
09-07-2020,109.9,4,1,57.57,0,0,3,7,2020
10-07-2020,127.5,4,1,54.26,0,1,4,7,2020
11-07-2020,119.6,4,1,67.02,1,0,5,7,2020
12-07-2020,132.7,4,1,57.33,1,0,6,7,2020
13-07-2020,124.8,4,1,29.34,0,0,0,7,2020
