synthetic_sales_data.csv
date,sales,store_id,product_id,price,promotion,holiday,weekday,month,year
01-01-2020,163.0,4,2,57.79,0,0,2,1,2020
02-01-2020,117.9,4,2,98.55,0,0,3,1,2020
03-01-2020,248.1,4,2,34.49,1,0,4,1,2020
04-01-2020,192.9,4,2,75.72,1,0,5,1,2020
05-01-2020,291.3,4,2,52.5,1,1,6,1,2020
06-01-2020,148.6,4,2,76.92,0,0,0,1,2020
07-01-2020,134.3,4,2,94.7,0,0,1,1,2020
08-01-2020,293.5,4,2,10.45,0,1,2,1,2020
09-01-2020,159.9,4,2,71.87,0,0,3,1,2020
10-01-2020,143.6,4,2,80.3,0,0,4,1,2020
11-01-2020,125.6,4,2,92.01,0,0,5,1,2020
12-01-2020,177.8,4,2,60.27,0,0,6,1,2020
13-01-2020,195.7,4,2,45.05,0,0,0,1,2020
14-01-2020,232.9,4,2,41.18,1,0,1,1,2020
15-01-2020,200.6,4,2,35.13,0,0,2,1,2020
16-01-2020,238.2,4,2,18.45,0,0,3,1,2020
17-01-2020,258.9,4,2,23.75,1,0,4,1,2020
18-01-2020,222.3,4,2,16.7,0,0,5,1,2020
19-01-2020,129.5,4,2,82.23,0,0,6,1,2020
20-01-2020,147.2,4,2,78.32,0,0,0,1,2020
21-01-2020,266.4,4,2,25.15,1,0,1,1,2020
22-01-2020,167.1,4,2,67.9,0,0,2,1,2020
23-01-2020,208.4,4,2,28.45,0,0,3,1,2020
24-01-2020,166.9,4,2,70.91,0,0,4,1,2020
25-01-2020,181.5,4,2,85.35,1,0,5,1,2020
26-01-2020,204.2,4,2,68.33,1,0,6,1,2020
27-01-2020,172.1,4,2,97.21,0,1,0,1,2020
28-01-2020,243.0,4,2,31.53,1,0,1,1,2020
29-01-2020,261.4,4,2,28.71,1,0,2,1,2020
30-01-2020,130.7,4,2,94.2,0,0,3,1,2020
31-01-2020,171.9,4,2,75.85,0,0,4,1,2020
01-02-2020,274.0,4,2,49.98,1,0,5,2,2020
02-02-2020,185.3,4,2,67.68,0,0,6,2,2020
03-02-2020,196.8,4,2,73.19,0,0,0,2,2020
04-02-2020,285.1,4,2,10.63,0,0,1,2,2020
05-02-2020,251.4,4,2,89.18,1,1,2,2,2020
06-02-2020,298.1,4,2,31.67,1,0,3,2,2020
07-02-2020,216.3,4,2,51.23,0,0,4,2,2020
08-02-2020,241.7,4,2,59.46,1,0,5,2,2020
09-02-2020,172.4,4,2,99.61,1,0,6,2,2020
10-02-2020,166.0,4,2,88.07,0,0,0,2,2020
11-02-2020,208.3,4,2,57.93,0,0,1,2,2020
12-02-2020,312.5,4,2,29.03,0,1,2,2,2020
13-02-2020,244.1,4,2,29.67,0,0,3,2,2020
14-02-2020,256.3,4,2,50.37,1,0,4,2,2020
15-02-2020,211.2,4,2,52.88,0,0,5,2,2020
16-02-2020,243.4,4,2,48.75,1,0,6,2,2020
17-02-2020,148.2,4,2,87.66,0,0,0,2,2020
18-02-2020,155.0,4,2,88,0,0,1,2,2020
19-02-2020,233.3,4,2,46.37,0,0,2,2,2020
20-02-2020,164.0,4,2,77.28,0,0,3,2,2020
21-02-2020,258.2,4,2,29.78,0,0,4,2,2020
22-02-2020,252.8,4,2,33.6,0,0,5,2,2020
23-02-2020,152.3,4,2,94.38,0,0,6,2,2020
24-02-2020,278.8,4,2,14.89,0,0,0,2,2020
25-02-2020,157.8,4,2,94.27,0,0,1,2,2020
26-02-2020,207.6,4,2,49.15,0,0,2,2,2020
27-02-2020,183.9,4,2,96.4,1,0,3,2,2020
28-02-2020,186.4,4,2,64.34,0,0,4,2,2020
29-02-2020,264.4,4,2,57.03,1,0,5,2,2020
01-03-2020,190.3,4,2,82.9,0,0,6,3,2020
02-03-2020,226.6,4,2,67.48,1,0,0,3,2020
03-03-2020,312.7,4,2,24.67,1,0,1,3,2020
04-03-2020,286.1,4,2,32.07,1,0,2,3,2020
05-03-2020,298.3,4,2,26.06,1,0,3,3,2020
06-03-2020,263.1,4,2,38.31,0,0,4,3,2020
07-03-2020,261.8,4,2,20.93,0,0,5,3,2020
08-03-2020,279.3,4,2,16.36,0,0,6,3,2020
09-03-2020,283.1,4,2,44.93,1,0,0,3,2020
10-03-2020,214.0,4,2,85.17,0,1,1,3,2020
11-03-2020,167.4,4,2,82.41,0,0,2,3,2020
12-03-2020,265.9,4,2,19.49,0,0,3,3,2020
13-03-2020,230.2,4,2,41.22,0,0,4,3,2020
14-03-2020,263.4,4,2,17.89,0,0,5,3,2020
15-03-2020,331.9,4,2,24.74,0,1,6,3,2020
16-03-2020,278.8,4,2,24.55,0,0,0,3,2020
17-03-2020,299.4,4,2,28.11,1,0,1,3,2020
18-03-2020,270.1,4,2,54.63,1,0,2,3,2020
19-03-2020,359.1,4,2,15.47,0,1,3,3,2020
20-03-2020,142.4,4,2,96.17,0,0,4,3,2020
21-03-2020,263.2,4,2,19.38,0,0,5,3,2020
22-03-2020,231.6,4,2,50.81,0,0,6,3,2020
23-03-2020,171.3,4,2,83.57,0,0,0,3,2020
24-03-2020,230.7,4,2,48.93,0,0,1,3,2020
25-03-2020,200.7,4,2,83.85,1,0,2,3,2020
26-03-2020,321.0,4,2,34.68,0,1,3,3,2020
27-03-2020,206.4,4,2,87.37,1,0,4,3,2020
28-03-2020,255.8,4,2,59.44,1,0,5,3,2020
29-03-2020,289.1,4,2,42.06,1,0,6,3,2020
30-03-2020,169.3,4,2,95.05,0,0,0,3,2020
31-03-2020,307.0,4,2,50.33,0,1,1,3,2020
01-04-2020,175.2,4,2,81.81,0,0,2,4,2020
02-04-2020,194.0,4,2,66.39,0,0,3,4,2020
03-04-2020,216.7,4,2,47.92,0,0,4,4,2020
04-04-2020,291.7,4,2,51.76,0,1,5,4,2020
05-04-2020,143.9,4,2,94.13,0,0,6,4,2020
06-04-2020,291.7,4,2,23.24,1,0,0,4,2020
07-04-2020,201.8,4,2,80.13,1,0,1,4,2020
08-04-2020,182.2,4,2,92.26,1,0,2,4,2020
09-04-2020,234.7,4,2,83.03,0,1,3,4,2020
10-04-2020,232.6,4,2,40.76,0,0,4,4,2020
11-04-2020,187.3,4,2,98.64,0,1,5,4,2020
12-04-2020,244.9,4,2,86.59,1,1,6,4,2020
13-04-2020,215.1,4,2,48.92,0,0,0,4,2020
14-04-2020,234.0,4,2,37.11,0,0,1,4,2020
15-04-2020,164.6,4,2,85.66,0,0,2,4,2020
16-04-2020,166.1,4,2,96.56,1,0,3,4,2020
17-04-2020,259.4,4,2,42.14,1,0,4,4,2020
18-04-2020,163.9,4,2,99,1,0,5,4,2020
19-04-2020,321.8,4,2,52.74,1,1,6,4,2020
20-04-2020,163.1,4,2,90,0,0,0,4,2020
21-04-2020,412.9,4,2,11.78,1,1,1,4,2020
22-04-2020,148.9,4,2,96.12,0,0,2,4,2020
23-04-2020,247.1,4,2,34.54,0,0,3,4,2020
24-04-2020,314.6,4,2,19.88,1,0,4,4,2020
25-04-2020,181.2,4,2,96.52,1,0,5,4,2020
26-04-2020,210.9,4,2,72.2,1,0,6,4,2020
27-04-2020,200.1,4,2,53.16,0,0,0,4,2020
28-04-2020,323.9,4,2,26.28,0,1,1,4,2020
29-04-2020,247.4,4,2,23.39,0,0,2,4,2020
30-04-2020,259.6,4,2,17.67,0,0,3,4,2020
01-05-2020,228.4,4,2,14.85,0,0,4,5,2020
02-05-2020,137.2,4,2,94.36,0,0,5,5,2020
03-05-2020,222.3,4,2,18.02,0,0,6,5,2020
04-05-2020,198.1,4,2,31.58,0,0,0,5,2020
05-05-2020,180.4,4,2,66.44,0,0,1,5,2020
06-05-2020,136.6,4,2,94.28,0,0,2,5,2020
07-05-2020,222.7,4,2,11.37,0,0,3,5,2020
08-05-2020,176.5,4,2,61.6,0,0,4,5,2020
09-05-2020,281.5,4,2,13.82,1,0,5,5,2020
10-05-2020,201.2,4,2,49.92,0,0,6,5,2020
11-05-2020,249.0,4,2,36.79,1,0,0,5,2020
12-05-2020,280.9,4,2,11.04,1,0,1,5,2020
13-05-2020,252.7,4,2,40.14,0,1,2,5,2020
14-05-2020,341.9,4,2,32.14,1,1,3,5,2020
15-05-2020,185.5,4,2,36.96,0,0,4,5,2020
16-05-2020,141.5,4,2,98.47,1,0,5,5,2020
17-05-2020,196.3,4,2,38.57,0,0,6,5,2020
18-05-2020,163.4,4,2,59.54,0,0,0,5,2020
19-05-2020,195.4,4,2,82.8,0,1,1,5,2020
20-05-2020,143.9,4,2,92.62,0,0,2,5,2020
21-05-2020,160.3,4,2,56.42,0,0,3,5,2020
22-05-2020,168.8,4,2,86.62,1,0,4,5,2020
23-05-2020,263.5,4,2,24.57,1,0,5,5,2020
24-05-2020,242.2,4,2,49.12,0,1,6,5,2020
25-05-2020,151.5,4,2,79.92,0,0,0,5,2020
26-05-2020,182.4,4,2,69.8,0,0,1,5,2020
27-05-2020,224.3,4,2,20.61,0,0,2,5,2020
28-05-2020,147.4,4,2,78.66,0,0,3,5,2020
29-05-2020,257.5,4,2,31.95,1,0,4,5,2020
30-05-2020,149.1,4,2,80.14,0,0,5,5,2020
31-05-2020,166.3,4,2,65.64,0,0,6,5,2020
01-06-2020,172.6,4,2,26.09,0,0,0,6,2020
02-06-2020,115.1,4,2,83.57,0,0,1,6,2020
03-06-2020,119.0,4,2,88.17,0,0,2,6,2020
04-06-2020,154.1,4,2,54.78,0,0,3,6,2020
05-06-2020,152.2,4,2,50.83,0,0,4,6,2020
06-06-2020,140.6,4,2,82.85,1,0,5,6,2020
07-06-2020,81.3,4,2,95.46,0,0,6,6,2020
08-06-2020,109.9,4,2,98.92,0,0,0,6,2020
09-06-2020,143.8,4,2,93.6,1,0,1,6,2020
10-06-2020,156.0,4,2,57.75,0,0,2,6,2020
11-06-2020,122.0,4,2,87.49,0,0,3,6,2020
12-06-2020,131.3,4,2,81.48,1,0,4,6,2020
13-06-2020,124.4,4,2,82.71,0,0,5,6,2020
14-06-2020,175.5,4,2,20.23,0,0,6,6,2020
15-06-2020,144.8,4,2,44.34,0,0,0,6,2020
16-06-2020,137.8,4,2,76.63,0,0,1,6,2020
17-06-2020,188.0,4,2,77.47,1,1,2,6,2020
18-06-2020,173.4,4,2,17.07,0,0,3,6,2020
19-06-2020,136.6,4,2,84.42,1,0,4,6,2020
20-06-2020,121.1,4,2,72.25,0,0,5,6,2020
21-06-2020,119.1,4,2,68,0,0,6,6,2020
22-06-2020,177.6,4,2,18.61,0,0,0,6,2020
23-06-2020,236.1,4,2,17.89,1,0,1,6,2020
24-06-2020,140.8,4,2,94.37,1,0,2,6,2020
25-06-2020,181.1,4,2,18.46,0,0,3,6,2020
26-06-2020,164.9,4,2,31.82,0,0,4,6,2020
27-06-2020,120.7,4,2,75.38,0,0,5,6,2020
28-06-2020,196.6,4,2,39.55,1,0,6,6,2020
29-06-2020,248.0,4,2,52.94,1,1,0,6,2020
30-06-2020,171.2,4,2,34.99,0,0,1,6,2020
01-07-2020,100.1,4,2,46.51,0,0,2,7,2020
02-07-2020,137.7,4,2,11.07,0,0,3,7,2020
03-07-2020,72.0,4,2,96.4,0,0,4,7,2020
04-07-2020,159.6,4,2,15.83,1,0,5,7,2020
05-07-2020,109.3,4,2,63.25,0,0,6,7,2020
06-07-2020,79.2,4,2,90.39,0,0,0,7,2020
07-07-2020,111.9,4,2,60.17,1,0,1,7,2020
08-07-2020,151.7,4,2,31.33,1,0,2,7,2020
09-07-2020,90.6,4,2,70.96,0,0,3,7,2020
10-07-2020,68.2,4,2,98.09,0,0,4,7,2020
11-07-2020,109.5,4,2,81.02,1,0,5,7,2020
12-07-2020,82.8,4,2,99.97,0,0,6,7,2020
13-07-2020,113.7,4,2,86.47,0,1,0,7,2020
01-01-2020,211.9,4,3,53.96,1,0,2,1,2020
02-01-2020,264.0,4,3,18.54,1,0,3,1,2020
03-01-2020,136.4,4,3,91.83,0,0,4,1,2020
04-01-2020,272.5,4,3,27.43,1,0,5,1,2020
05-01-2020,255.8,4,3,25.44,1,0,6,1,2020
06-01-2020,179.5,4,3,60.31,0,0,0,1,2020
07-01-2020,200.8,4,3,46.46,0,0,1,1,2020
08-01-2020,158.0,4,3,56.04,0,0,2,1,2020
09-01-2020,166.7,4,3,76.01,0,0,3,1,2020
10-01-2020,175.9,4,3,61.8,0,0,4,1,2020
11-01-2020,128.0,4,3,96.43,0,0,5,1,2020
12-01-2020,222.4,4,3,35.73,0,0,6,1,2020
13-01-2020,174.2,4,3,69.86,0,0,0,1,2020
14-01-2020,237.4,4,3,77.8,1,1,1,1,2020
15-01-2020,149.5,4,3,81.13,0,0,2,1,2020
16-01-2020,167.1,4,3,73.93,0,0,3,1,2020
17-01-2020,184.2,4,3,51.35,0,0,4,1,2020
18-01-2020,213.5,4,3,35.56,0,0,5,1,2020
19-01-2020,235.0,4,3,15.3,0,0,6,1,2020
20-01-2020,166.8,4,3,78.1,0,0,0,1,2020
21-01-2020,198.9,4,3,33.96,0,0,1,1,2020
22-01-2020,233.8,4,3,39.05,1,0,2,1,2020
23-01-2020,193.1,4,3,49.22,0,0,3,1,2020
24-01-2020,173.9,4,3,50.21,0,0,4,1,2020
25-01-2020,297.6,4,3,10.56,0,1,5,1,2020
26-01-2020,171.5,4,3,78.32,0,0,6,1,2020
27-01-2020,190.7,4,3,82.78,1,0,0,1,2020
28-01-2020,166.6,4,3,79.73,0,0,1,1,2020
29-01-2020,201.7,4,3,60.03,1,0,2,1,2020
30-01-2020,182.4,4,3,51.44,0,0,3,1,2020
31-01-2020,186.9,4,3,42.91,0,0,4,1,2020
01-02-2020,234.6,4,3,41.89,0,0,5,2,2020
02-02-2020,244.5,4,3,34.93,0,0,6,2,2020
03-02-2020,226.6,4,3,46.12,0,0,0,2,2020
04-02-2020,201.9,4,3,51.56,0,0,1,2,2020
05-02-2020,275.8,4,3,11.61,0,0,2,2,2020
06-02-2020,215.9,4,3,51.12,0,0,3,2,2020
07-02-2020,268.5,4,3,10.9,0,0,4,2,2020
08-02-2020,241.5,4,3,66.71,1,0,5,2,2020
09-02-2020,152.7,4,3,95.46,0,0,6,2,2020
10-02-2020,195.6,4,3,59.37,0,0,0,2,2020
11-02-2020,205.6,4,3,44.36,0,0,1,2,2020
12-02-2020,212.4,4,3,47.39,0,0,2,2,2020
13-02-2020,139.7,4,3,98.82,0,0,3,2,2020
14-02-2020,181.1,4,3,77.89,0,0,4,2,2020
15-02-2020,147.3,4,3,99.1,0,0,5,2,2020
16-02-2020,148.7,4,3,85.79,0,0,6,2,2020
17-02-2020,169.6,4,3,96.16,1,0,0,2,2020
18-02-2020,172.9,4,3,71.69,0,0,1,2,2020
19-02-2020,137.4,4,3,94.61,0,0,2,2,2020
20-02-2020,194.2,4,3,71.42,0,0,3,2,2020
21-02-2020,169.6,4,3,79.85,0,0,4,2,2020
22-02-2020,171.3,4,3,82.48,0,0,5,2,2020
23-02-2020,218.8,4,3,50.62,0,0,6,2,2020
24-02-2020,191.1,4,3,89,1,0,0,2,2020
25-02-2020,153.0,4,3,90.55,0,0,1,2,2020
26-02-2020,165.3,4,3,80.18,0,0,2,2,2020
27-02-2020,270.2,4,3,14.23,0,0,3,2,2020
28-02-2020,173.6,4,3,75.37,0,0,4,2,2020
29-02-2020,160.0,4,3,85.41,0,0,5,2,2020
01-03-2020,273.6,4,3,17.43,0,0,6,3,2020
02-03-2020,160.9,4,3,85.96,0,0,0,3,2020
03-03-2020,184.3,4,3,79.99,0,0,1,3,2020
04-03-2020,226.3,4,3,76.2,1,0,2,3,2020
05-03-2020,283.4,4,3,18.13,0,0,3,3,2020
06-03-2020,152.1,4,3,87.25,0,0,4,3,2020
07-03-2020,235.1,4,3,69.34,1,0,5,3,2020
08-03-2020,289.4,4,3,12.37,0,0,6,3,2020
09-03-2020,139.8,4,3,93.35,0,0,0,3,2020
10-03-2020,375.7,4,3,18.85,0,1,1,3,2020
11-03-2020,284.1,4,3,14.41,0,0,2,3,2020
12-03-2020,202.2,4,3,63.34,0,0,3,3,2020
13-03-2020,284.1,4,3,48.11,1,0,4,3,2020
14-03-2020,248.7,4,3,34.7,0,0,5,3,2020
15-03-2020,169.6,4,3,90.35,0,0,6,3,2020
16-03-2020,236.0,4,3,49.31,0,0,0,3,2020
17-03-2020,218.2,4,3,46.4,0,0,1,3,2020
18-03-2020,226.7,4,3,52.88,0,0,2,3,2020
19-03-2020,234.9,4,3,52.14,0,0,3,3,2020
20-03-2020,334.1,4,3,31.91,0,1,4,3,2020
21-03-2020,225.6,4,3,48.12,0,0,5,3,2020
22-03-2020,196.1,4,3,91.49,1,0,6,3,2020
23-03-2020,208.2,4,3,51.01,0,0,0,3,2020
24-03-2020,147.1,4,3,95.92,0,0,1,3,2020
25-03-2020,211.6,4,3,53.29,0,0,2,3,2020
26-03-2020,151.3,4,3,93.98,0,0,3,3,2020
27-03-2020,215.6,4,3,64,0,0,4,3,2020
28-03-2020,240.3,4,3,45.22,0,0,5,3,2020
29-03-2020,259.5,4,3,26.85,0,0,6,3,2020
30-03-2020,175.3,4,3,90.2,0,0,0,3,2020
31-03-2020,275.9,4,3,30.25,1,0,1,3,2020
01-04-2020,190.0,4,3,70.68,0,0,2,4,2020
02-04-2020,226.8,4,3,60.46,1,0,3,4,2020
03-04-2020,260.4,4,3,17.71,0,0,4,4,2020
04-04-2020,239.3,4,3,37.66,0,0,5,4,2020
05-04-2020,312.1,4,3,35.95,0,1,6,4,2020
06-04-2020,259.2,4,3,25.13,0,0,0,4,2020
07-04-2020,190.4,4,3,56.67,0,0,1,4,2020
08-04-2020,170.8,4,3,99.67,1,0,2,4,2020
09-04-2020,227.5,4,3,38.89,0,0,3,4,2020
10-04-2020,351.8,4,3,10.94,0,1,4,4,2020
11-04-2020,273.1,4,3,12.3,0,0,5,4,2020
12-04-2020,141.1,4,3,96.15,0,0,6,4,2020
13-04-2020,170.2,4,3,75.24,0,0,0,4,2020
14-04-2020,198.4,4,3,63.93,0,0,1,4,2020
15-04-2020,254.3,4,3,15.88,0,0,2,4,2020
16-04-2020,158.8,4,3,93.58,0,0,3,4,2020
17-04-2020,336.4,4,3,28.2,0,1,4,4,2020
18-04-2020,291.7,4,3,24.47,1,0,5,4,2020
19-04-2020,291.9,4,3,55.55,0,1,6,4,2020
20-04-2020,186.4,4,3,75.01,0,0,0,4,2020
21-04-2020,136.6,4,3,94.66,0,0,1,4,2020
22-04-2020,275.9,4,3,18.13,0,0,2,4,2020
23-04-2020,208.3,4,3,79.12,1,0,3,4,2020
24-04-2020,276.8,4,3,54.81,0,1,4,4,2020
25-04-2020,207.8,4,3,84.21,1,0,5,4,2020
26-04-2020,257.2,4,3,19.44,0,0,6,4,2020
27-04-2020,203.4,4,3,82.58,1,0,0,4,2020
28-04-2020,148.0,4,3,94.59,0,0,1,4,2020
29-04-2020,253.3,4,3,29.97,0,0,2,4,2020
30-04-2020,196.5,4,3,49.73,0,0,3,4,2020
01-05-2020,230.4,4,3,20.36,0,0,4,5,2020
02-05-2020,229.8,4,3,19.1,0,0,5,5,2020
03-05-2020,137.9,4,3,96.86,0,0,6,5,2020
04-05-2020,131.7,4,3,90.04,0,0,0,5,2020
05-05-2020,141.3,4,3,84.81,0,0,1,5,2020
06-05-2020,205.7,4,3,32.22,0,0,2,5,2020
07-05-2020,168.8,4,3,88.51,1,0,3,5,2020
08-05-2020,221.2,4,3,21.3,0,0,4,5,2020
09-05-2020,172.3,4,3,53.4,0,0,5,5,2020
10-05-2020,223.8,4,3,50.93,1,0,6,5,2020
11-05-2020,188.0,4,3,93.4,0,1,0,5,2020
12-05-2020,154.8,4,3,75.07,0,0,1,5,2020
13-05-2020,218.9,4,3,38.26,0,0,2,5,2020
14-05-2020,276.6,4,3,14.08,1,0,3,5,2020
15-05-2020,156.2,4,3,65.27,0,0,4,5,2020
16-05-2020,129.5,4,3,96.32,0,0,5,5,2020
17-05-2020,181.7,4,3,85.85,1,0,6,5,2020
18-05-2020,308.9,4,3,15.2,0,1,0,5,2020
19-05-2020,169.9,4,3,88.14,1,0,1,5,2020
20-05-2020,179.5,4,3,45.16,0,0,2,5,2020
21-05-2020,165.9,4,3,49.82,0,0,3,5,2020
22-05-2020,237.7,4,3,17.08,0,0,4,5,2020
23-05-2020,163.3,4,3,64.14,0,0,5,5,2020
24-05-2020,220.5,4,3,29.43,0,0,6,5,2020
25-05-2020,228.4,4,3,52.45,1,0,0,5,2020
26-05-2020,236.5,4,3,32.2,0,0,1,5,2020
27-05-2020,230.5,4,3,50.97,1,0,2,5,2020
28-05-2020,178.3,4,3,47.12,0,0,3,5,2020
29-05-2020,218.4,4,3,88.92,1,1,4,5,2020
30-05-2020,190.7,4,3,57.58,0,0,5,5,2020
31-05-2020,135.1,4,3,91.59,0,0,6,5,2020
01-06-2020,130.1,4,3,91.71,1,0,0,6,2020
02-06-2020,148.1,4,3,46,0,0,1,6,2020
03-06-2020,129.0,4,3,57.6,0,0,2,6,2020
04-06-2020,152.0,4,3,80.84,1,0,3,6,2020
05-06-2020,172.5,4,3,18.51,0,0,4,6,2020
06-06-2020,129.9,4,3,75.55,0,0,5,6,2020
07-06-2020,129.2,4,3,98.79,1,0,6,6,2020
08-06-2020,152.8,4,3,47.45,0,0,0,6,2020
09-06-2020,193.4,4,3,10.75,0,0,1,6,2020
10-06-2020,190.9,4,3,29.18,0,0,2,6,2020
11-06-2020,101.4,4,3,86.41,0,0,3,6,2020
12-06-2020,134.0,4,3,65.9,0,0,4,6,2020
13-06-2020,132.3,4,3,74.58,0,0,5,6,2020
14-06-2020,150.1,4,3,72.75,1,0,6,6,2020
15-06-2020,253.0,4,3,32,1,1,0,6,2020
16-06-2020,170.3,4,3,29,0,0,1,6,2020
17-06-2020,130.6,4,3,76.68,0,0,2,6,2020
18-06-2020,141.2,4,3,55.54,0,0,3,6,2020
19-06-2020,230.2,4,3,20.37,0,1,4,6,2020
20-06-2020,179.0,4,3,30.87,0,0,5,6,2020
21-06-2020,176.4,4,3,50.51,1,0,6,6,2020
22-06-2020,132.0,4,3,67.28,0,0,0,6,2020
23-06-2020,146.9,4,3,53.71,0,0,1,6,2020
24-06-2020,178.9,4,3,58.78,1,0,2,6,2020
25-06-2020,102.8,4,3,91.16,0,0,3,6,2020
26-06-2020,148.6,4,3,57.99,0,0,4,6,2020
27-06-2020,146.5,4,3,50.03,0,0,5,6,2020
28-06-2020,155.2,4,3,60.76,1,0,6,6,2020
29-06-2020,85.6,4,3,99.04,0,0,0,6,2020
30-06-2020,84.0,4,3,94.68,0,0,1,6,2020
01-07-2020,156.2,4,3,41.48,0,1,2,7,2020
02-07-2020,113.2,4,3,60.52,1,0,3,7,2020
03-07-2020,131.5,4,3,27.96,0,0,4,7,2020
04-07-2020,111.6,4,3,71.48,0,1,5,7,2020
05-07-2020,72.2,4,3,94.68,0,0,6,7,2020
06-07-2020,142.6,4,3,52.52,0,1,0,7,2020
07-07-2020,130.1,4,3,18.64,0,0,1,7,2020
08-07-2020,107.6,4,3,81.21,1,0,2,7,2020
09-07-2020,118.4,4,3,70.24,1,0,3,7,2020
10-07-2020,127.2,4,3,37.65,0,0,4,7,2020
11-07-2020,152.1,4,3,21.78,1,0,5,7,2020
12-07-2020,152.6,4,3,15.99,0,0,6,7,2020
13-07-2020,102.8,4,3,59.22,0,0,0,7,2020
