synthetic_sales_data.csv
date,sales,store_id,product_id,price,promotion,holiday,weekday,month,year
01-01-2020,157.8,4,4,76.35,0,0,2,1,2020
02-01-2020,272.1,4,4,18.7,1,0,3,1,2020
03-01-2020,252.3,4,4,43.42,0,1,4,1,2020
04-01-2020,186.7,4,4,59.13,0,0,5,1,2020
05-01-2020,248.3,4,4,10.74,0,0,6,1,2020
06-01-2020,138.7,4,4,94.69,0,0,0,1,2020
07-01-2020,238.2,4,4,41.73,1,0,1,1,2020
08-01-2020,168.8,4,4,66.89,0,0,2,1,2020
09-01-2020,245.2,4,4,13.01,0,0,3,1,2020
10-01-2020,214.0,4,4,58.81,1,0,4,1,2020
11-01-2020,160.7,4,4,69.73,0,0,5,1,2020
12-01-2020,162.8,4,4,75.79,0,0,6,1,2020
13-01-2020,244.0,4,4,38.5,1,0,0,1,2020
14-01-2020,219.5,4,4,28.49,0,0,1,1,2020
15-01-2020,214.4,4,4,36.23,0,0,2,1,2020
16-01-2020,211.5,4,4,25.79,0,0,3,1,2020
17-01-2020,148.7,4,4,79.2,0,0,4,1,2020
18-01-2020,188.2,4,4,49.55,0,0,5,1,2020
19-01-2020,211.2,4,4,26.01,0,0,6,1,2020
20-01-2020,177.8,4,4,64.05,0,0,0,1,2020
21-01-2020,129.4,4,4,98.82,0,0,1,1,2020
22-01-2020,157.6,4,4,78.94,0,0,2,1,2020
23-01-2020,273.3,4,4,28.55,0,1,3,1,2020
24-01-2020,184.4,4,4,51.77,0,0,4,1,2020
25-01-2020,215.2,4,4,27.08,0,0,5,1,2020
26-01-2020,167.7,4,4,67.66,0,0,6,1,2020
27-01-2020,161.2,4,4,74.98,0,0,0,1,2020
28-01-2020,249.0,4,4,30.11,1,0,1,1,2020
29-01-2020,239.0,4,4,10.06,0,0,2,1,2020
30-01-2020,200.2,4,4,42.41,0,0,3,1,2020
31-01-2020,232.3,4,4,18.83,0,0,4,1,2020
01-02-2020,203.7,4,4,52.17,0,0,5,2,2020
02-02-2020,142.2,4,4,89.98,0,0,6,2,2020
03-02-2020,141.0,4,4,91.28,0,0,0,2,2020
04-02-2020,199.9,4,4,62.96,0,0,1,2,2020
05-02-2020,278.6,4,4,57.91,0,1,2,2,2020
06-02-2020,365.8,4,4,11.52,0,1,3,2,2020
07-02-2020,235.8,4,4,72.59,0,1,4,2,2020
08-02-2020,202.0,4,4,63.17,0,0,5,2,2020
09-02-2020,258.1,4,4,24.17,0,0,6,2,2020
10-02-2020,204.1,4,4,51.7,0,0,0,2,2020
11-02-2020,196.6,4,4,64.62,0,0,1,2,2020
12-02-2020,185.3,4,4,93.3,0,1,2,2,2020
13-02-2020,186.4,4,4,65.26,0,0,3,2,2020
14-02-2020,167.7,4,4,80.56,0,0,4,2,2020
15-02-2020,202.9,4,4,87.89,0,1,5,2,2020
16-02-2020,191.9,4,4,93.13,0,1,6,2,2020
17-02-2020,248.1,4,4,37.71,0,0,0,2,2020
18-02-2020,244.4,4,4,71.22,1,0,1,2,2020
19-02-2020,292.8,4,4,33.72,1,0,2,2,2020
20-02-2020,241.9,4,4,30.04,0,0,3,2,2020
21-02-2020,180.0,4,4,84.65,0,0,4,2,2020
22-02-2020,199.6,4,4,68.04,0,0,5,2,2020
23-02-2020,225.7,4,4,62.23,1,0,6,2,2020
24-02-2020,261.4,4,4,28.47,0,0,0,2,2020
25-02-2020,176.9,4,4,69.75,0,0,1,2,2020
26-02-2020,240.3,4,4,18.93,0,0,2,2,2020
27-02-2020,253.5,4,4,21.36,0,0,3,2,2020
28-02-2020,205.2,4,4,48.62,0,0,4,2,2020
29-02-2020,195.3,4,4,49.25,0,0,5,2,2020
01-03-2020,286.1,4,4,46,1,0,6,3,2020
02-03-2020,254.6,4,4,39.14,0,0,0,3,2020
03-03-2020,266.0,4,4,48.16,1,0,1,3,2020
04-03-2020,209.9,4,4,50.41,0,0,2,3,2020
05-03-2020,141.8,4,4,97.99,0,0,3,3,2020
06-03-2020,263.8,4,4,47.55,1,0,4,3,2020
07-03-2020,218.2,4,4,55.1,0,0,5,3,2020
08-03-2020,310.3,4,4,25.69,1,0,6,3,2020
09-03-2020,230.8,4,4,49.38,0,0,0,3,2020
10-03-2020,238.4,4,4,40.12,0,0,1,3,2020
11-03-2020,166.0,4,4,78.69,0,0,2,3,2020
12-03-2020,209.4,4,4,67.43,0,0,3,3,2020
13-03-2020,252.1,4,4,28.13,0,0,4,3,2020
14-03-2020,247.0,4,4,32.8,0,0,5,3,2020
15-03-2020,243.1,4,4,35.44,0,0,6,3,2020
16-03-2020,192.2,4,4,63.3,0,0,0,3,2020
17-03-2020,232.1,4,4,42.37,0,0,1,3,2020
18-03-2020,148.4,4,4,94.34,0,0,2,3,2020
19-03-2020,226.0,4,4,47.44,0,0,3,3,2020
20-03-2020,345.9,4,4,10.74,1,0,4,3,2020
21-03-2020,192.6,4,4,98.31,1,0,5,3,2020
22-03-2020,213.0,4,4,61.31,0,0,6,3,2020
23-03-2020,180.2,4,4,76.79,0,0,0,3,2020
24-03-2020,259.8,4,4,64.34,1,0,1,3,2020
25-03-2020,300.7,4,4,33.38,1,0,2,3,2020
26-03-2020,336.3,4,4,12.19,1,0,3,3,2020
27-03-2020,145.5,4,4,99.44,0,0,4,3,2020
28-03-2020,257.2,4,4,23.73,0,0,5,3,2020
29-03-2020,181.1,4,4,84.95,0,0,6,3,2020
30-03-2020,223.9,4,4,50.48,0,0,0,3,2020
31-03-2020,199.4,4,4,74.69,0,0,1,3,2020
01-04-2020,244.4,4,4,27.05,0,0,2,4,2020
02-04-2020,186.4,4,4,62.19,0,0,3,4,2020
03-04-2020,269.2,4,4,10.31,0,0,4,4,2020
04-04-2020,270.1,4,4,42.46,1,0,5,4,2020
05-04-2020,229.9,4,4,33.69,0,0,6,4,2020
06-04-2020,162.4,4,4,81.71,0,0,0,4,2020
07-04-2020,214.5,4,4,42.52,0,0,1,4,2020
08-04-2020,194.0,4,4,69.11,0,0,2,4,2020
09-04-2020,129.6,4,4,93.79,0,0,3,4,2020
10-04-2020,210.6,4,4,42.7,0,0,4,4,2020
11-04-2020,272.3,4,4,42.05,1,0,5,4,2020
12-04-2020,223.2,4,4,53.65,0,0,6,4,2020
13-04-2020,260.1,4,4,22.44,0,0,0,4,2020
14-04-2020,152.2,4,4,94.77,0,0,1,4,2020
15-04-2020,252.7,4,4,10.84,0,0,2,4,2020
16-04-2020,173.0,4,4,84.83,0,0,3,4,2020
17-04-2020,172.2,4,4,98.99,1,0,4,4,2020
18-04-2020,194.9,4,4,65.8,0,0,5,4,2020
19-04-2020,190.8,4,4,74.8,0,0,6,4,2020
20-04-2020,255.6,4,4,18.4,0,0,0,4,2020
21-04-2020,204.9,4,4,77.27,1,0,1,4,2020
22-04-2020,339.7,4,4,13.85,0,1,2,4,2020
23-04-2020,233.8,4,4,29.59,0,0,3,4,2020
24-04-2020,250.8,4,4,69.1,0,1,4,4,2020
25-04-2020,156.7,4,4,96.93,0,0,5,4,2020
26-04-2020,242.2,4,4,54.82,1,0,6,4,2020
27-04-2020,170.6,4,4,84.1,0,0,0,4,2020
28-04-2020,268.9,4,4,18.36,0,0,1,4,2020
29-04-2020,264.9,4,4,89.61,1,1,2,4,2020
30-04-2020,209.8,4,4,61.32,0,0,3,4,2020
01-05-2020,347.1,4,4,27.86,1,1,4,5,2020
02-05-2020,183.6,4,4,52.49,0,0,5,5,2020
03-05-2020,148.2,4,4,75.76,0,0,6,5,2020
04-05-2020,171.2,4,4,68.65,0,0,0,5,2020
05-05-2020,159.1,4,4,72.32,0,0,1,5,2020
06-05-2020,181.5,4,4,66.97,0,0,2,5,2020
07-05-2020,246.1,4,4,19.94,0,0,3,5,2020
08-05-2020,195.9,4,4,35.36,0,0,4,5,2020
09-05-2020,215.1,4,4,31.27,0,0,5,5,2020
10-05-2020,229.1,4,4,25.05,0,0,6,5,2020
11-05-2020,231.8,4,4,10.44,0,0,0,5,2020
12-05-2020,167.8,4,4,88.65,1,0,1,5,2020
13-05-2020,149.1,4,4,77.5,0,0,2,5,2020
14-05-2020,147.3,4,4,88.73,0,0,3,5,2020
15-05-2020,158.9,4,4,78.16,0,0,4,5,2020
16-05-2020,170.7,4,4,89.29,1,0,5,5,2020
17-05-2020,249.9,4,4,78.15,1,1,6,5,2020
18-05-2020,226.1,4,4,19.17,0,0,0,5,2020
19-05-2020,133.1,4,4,91.68,0,0,1,5,2020
20-05-2020,215.3,4,4,35.17,0,0,2,5,2020
21-05-2020,201.2,4,4,76.87,1,0,3,5,2020
22-05-2020,197.6,4,4,44.96,0,0,4,5,2020
23-05-2020,236.5,4,4,54.05,1,0,5,5,2020
24-05-2020,231.7,4,4,34.81,0,0,6,5,2020
25-05-2020,261.3,4,4,24.53,1,0,0,5,2020
26-05-2020,225.2,4,4,47.6,1,0,1,5,2020
27-05-2020,168.3,4,4,59.93,0,0,2,5,2020
28-05-2020,234.7,4,4,50.91,0,1,3,5,2020
29-05-2020,206.4,4,4,57.53,1,0,4,5,2020
30-05-2020,171.0,4,4,60.57,0,0,5,5,2020
31-05-2020,214.3,4,4,13.81,0,0,6,5,2020
01-06-2020,118.9,4,4,77.56,0,0,0,6,2020
02-06-2020,162.8,4,4,19.46,0,0,1,6,2020
03-06-2020,138.1,4,4,60.75,0,0,2,6,2020
04-06-2020,178.4,4,4,35.34,0,0,3,6,2020
05-06-2020,167.2,4,4,50.17,0,0,4,6,2020
06-06-2020,133.6,4,4,80.71,0,0,5,6,2020
07-06-2020,181.2,4,4,12.6,0,0,6,6,2020
08-06-2020,157.7,4,4,39.18,0,0,0,6,2020
09-06-2020,120.9,4,4,91.55,1,0,1,6,2020
10-06-2020,147.3,4,4,65.39,1,0,2,6,2020
11-06-2020,184.3,4,4,56.27,0,1,3,6,2020
12-06-2020,198.7,4,4,32.2,1,0,4,6,2020
13-06-2020,167.4,4,4,56.83,1,0,5,6,2020
14-06-2020,110.9,4,4,98.33,1,0,6,6,2020
15-06-2020,167.2,4,4,73.97,1,0,0,6,2020
16-06-2020,182.8,4,4,70.68,0,1,1,6,2020
17-06-2020,124.4,4,4,88.77,0,0,2,6,2020
18-06-2020,102.1,4,4,91.83,0,0,3,6,2020
19-06-2020,207.7,4,4,20.41,1,0,4,6,2020
20-06-2020,142.6,4,4,70.72,0,0,5,6,2020
21-06-2020,212.2,4,4,19.1,1,0,6,6,2020
22-06-2020,145.3,4,4,36.96,0,0,0,6,2020
23-06-2020,211.2,4,4,10.02,0,0,1,6,2020
24-06-2020,110.3,4,4,81.22,0,0,2,6,2020
25-06-2020,224.8,4,4,10.92,1,0,3,6,2020
26-06-2020,217.8,4,4,22.72,1,0,4,6,2020
27-06-2020,130.5,4,4,94.4,1,0,5,6,2020
28-06-2020,135.5,4,4,66.24,0,0,6,6,2020
29-06-2020,114.8,4,4,74.4,0,0,0,6,2020
30-06-2020,141.1,4,4,39.89,0,0,1,6,2020
01-07-2020,127.9,4,4,27.56,0,0,2,7,2020
02-07-2020,111.2,4,4,75.99,1,0,3,7,2020
03-07-2020,122.8,4,4,18.54,0,0,4,7,2020
04-07-2020,121.9,4,4,85.28,0,1,5,7,2020
05-07-2020,118.0,4,4,30.13,0,0,6,7,2020
06-07-2020,137.5,4,4,49.29,1,0,0,7,2020
07-07-2020,106.8,4,4,38.3,0,0,1,7,2020
08-07-2020,134.4,4,4,18.4,0,0,2,7,2020
09-07-2020,114.8,4,4,64.65,1,0,3,7,2020
10-07-2020,117.6,4,4,32.32,0,0,4,7,2020
11-07-2020,106.0,4,4,64.25,1,0,5,7,2020
12-07-2020,152.6,4,4,41.96,1,0,6,7,2020
13-07-2020,115.9,4,4,92.2,1,1,0,7,2020
01-01-2020,255.0,4,5,40.71,0,1,2,1,2020
02-01-2020,251.0,4,5,10.8,0,0,3,1,2020
03-01-2020,183.4,4,5,85.08,1,0,4,1,2020
04-01-2020,170.6,4,5,49.42,0,0,5,1,2020
05-01-2020,208.2,4,5,35.49,0,0,6,1,2020
06-01-2020,168.7,4,5,90.51,1,0,0,1,2020
07-01-2020,174.5,4,5,90.78,1,0,1,1,2020
08-01-2020,162.0,4,5,65.9,0,0,2,1,2020
09-01-2020,193.5,4,5,31.27,0,0,3,1,2020
10-01-2020,174.3,4,5,71.47,0,0,4,1,2020
11-01-2020,242.0,4,5,60.25,0,1,5,1,2020
12-01-2020,209.9,4,5,35.1,0,0,6,1,2020
13-01-2020,193.1,4,5,42.62,0,0,0,1,2020
14-01-2020,232.6,4,5,43.17,1,0,1,1,2020
15-01-2020,230.6,4,5,18.9,0,0,2,1,2020
16-01-2020,271.1,4,5,38.5,0,1,3,1,2020
17-01-2020,156.3,4,5,66.99,0,0,4,1,2020
18-01-2020,126.2,4,5,91.4,0,0,5,1,2020
19-01-2020,164.2,4,5,80.94,0,0,6,1,2020
20-01-2020,198.1,4,5,70.19,1,0,0,1,2020
21-01-2020,282.7,4,5,14.65,1,0,1,1,2020
22-01-2020,200.7,4,5,33.03,0,0,2,1,2020
23-01-2020,260.9,4,5,35.33,1,0,3,1,2020
24-01-2020,169.2,4,5,75.22,0,0,4,1,2020
25-01-2020,175.2,4,5,79.15,1,0,5,1,2020
26-01-2020,237.8,4,5,14.93,0,0,6,1,2020
27-01-2020,312.6,4,5,11.11,0,1,0,1,2020
28-01-2020,207.3,4,5,24.77,0,0,1,1,2020
29-01-2020,182.4,4,5,71.76,0,0,2,1,2020
30-01-2020,187.2,4,5,43.14,0,0,3,1,2020
31-01-2020,157.9,4,5,67.76,0,0,4,1,2020
01-02-2020,358.0,4,5,12.99,0,1,5,2,2020
02-02-2020,158.8,4,5,88.06,0,0,6,2,2020
03-02-2020,194.5,4,5,94.46,0,1,0,2,2020
04-02-2020,150.2,4,5,89.29,0,0,1,2,2020
05-02-2020,277.2,4,5,12.45,0,0,2,2,2020
06-02-2020,260.7,4,5,13.2,0,0,3,2,2020
07-02-2020,261.8,4,5,16.01,0,0,4,2,2020
08-02-2020,224.8,4,5,41.67,0,0,5,2,2020
09-02-2020,405.8,4,5,11.51,1,1,6,2,2020
10-02-2020,243.5,4,5,36.51,0,0,0,2,2020
11-02-2020,337.8,4,5,10.5,1,0,1,2,2020
12-02-2020,271.0,4,5,52.69,1,0,2,2,2020
13-02-2020,180.8,4,5,75.21,0,0,3,2,2020
14-02-2020,241.3,4,5,17.08,0,0,4,2,2020
15-02-2020,197.9,4,5,50.19,0,0,5,2,2020
16-02-2020,192.0,4,5,93.03,1,0,6,2,2020
17-02-2020,182.0,4,5,75.2,0,0,0,2,2020
18-02-2020,208.8,4,5,67.32,0,0,1,2,2020
19-02-2020,273.0,4,5,51.09,0,1,2,2,2020
20-02-2020,242.1,4,5,35.26,0,0,3,2,2020
21-02-2020,241.0,4,5,27.45,0,0,4,2,2020
22-02-2020,178.1,4,5,75.18,0,0,5,2,2020
23-02-2020,182.0,4,5,67.7,0,0,6,2,2020
24-02-2020,155.6,4,5,77.82,0,0,0,2,2020
25-02-2020,179.1,4,5,96.8,1,0,1,2,2020
26-02-2020,175.2,4,5,67.48,0,0,2,2,2020
27-02-2020,209.1,4,5,56.28,0,0,3,2,2020
28-02-2020,206.3,4,5,59.33,0,0,4,2,2020
29-02-2020,213.0,4,5,52,0,0,5,2,2020
01-03-2020,280.4,4,5,55.15,0,1,6,3,2020
02-03-2020,162.1,4,5,91.12,0,0,0,3,2020
03-03-2020,181.4,4,5,95.13,1,0,1,3,2020
04-03-2020,205.9,4,5,59.64,0,0,2,3,2020
05-03-2020,255.3,4,5,32.29,0,0,3,3,2020
06-03-2020,263.6,4,5,26.02,0,0,4,3,2020
07-03-2020,273.1,4,5,25.76,0,0,5,3,2020
08-03-2020,216.1,4,5,84.96,1,0,6,3,2020
09-03-2020,329.9,4,5,21.01,1,0,0,3,2020
10-03-2020,190.8,4,5,75.09,0,0,1,3,2020
11-03-2020,217.4,4,5,65.02,0,0,2,3,2020
12-03-2020,171.7,4,5,73.22,0,0,3,3,2020
13-03-2020,308.8,4,5,46.09,0,1,4,3,2020
14-03-2020,277.2,4,5,50.1,1,0,5,3,2020
15-03-2020,278.6,4,5,10.53,0,0,6,3,2020
16-03-2020,309.6,4,5,39.52,0,1,0,3,2020
17-03-2020,316.9,4,5,22.6,1,0,1,3,2020
18-03-2020,193.3,4,5,59.37,0,0,2,3,2020
19-03-2020,256.6,4,5,58.13,1,0,3,3,2020
20-03-2020,214.2,4,5,52.07,0,0,4,3,2020
21-03-2020,248.4,4,5,39.67,0,0,5,3,2020
22-03-2020,180.4,4,5,72.19,0,0,6,3,2020
23-03-2020,153.1,4,5,97.77,0,0,0,3,2020
24-03-2020,203.8,4,5,70.37,0,0,1,3,2020
25-03-2020,210.6,4,5,85.63,1,0,2,3,2020
26-03-2020,260.5,4,5,21.35,0,0,3,3,2020
27-03-2020,253.2,4,5,58.31,1,0,4,3,2020
28-03-2020,313.1,4,5,30.41,1,0,5,3,2020
29-03-2020,243.1,4,5,69.13,1,0,6,3,2020
30-03-2020,292.3,4,5,46.11,1,0,0,3,2020
31-03-2020,263.2,4,5,87.26,1,1,1,3,2020
01-04-2020,219.8,4,5,77.51,0,1,2,4,2020
02-04-2020,269.1,4,5,45.03,1,0,3,4,2020
03-04-2020,143.4,4,5,83.61,0,0,4,4,2020
04-04-2020,248.4,4,5,27.25,0,0,5,4,2020
05-04-2020,288.7,4,5,28.15,1,0,6,4,2020
06-04-2020,202.6,4,5,59.22,0,0,0,4,2020
07-04-2020,242.7,4,5,20.5,0,0,1,4,2020
08-04-2020,151.2,4,5,97.96,0,0,2,4,2020
09-04-2020,205.7,4,5,67.67,0,0,3,4,2020
10-04-2020,284.7,4,5,21.48,1,0,4,4,2020
11-04-2020,308.4,4,5,69.55,1,1,5,4,2020
12-04-2020,310.1,4,5,23.28,1,0,6,4,2020
13-04-2020,162.4,4,5,97.27,0,0,0,4,2020
14-04-2020,290.0,4,5,39.96,0,1,1,4,2020
15-04-2020,141.7,4,5,92.27,0,0,2,4,2020
16-04-2020,152.4,4,5,89.54,0,0,3,4,2020
17-04-2020,189.4,4,5,71.21,0,0,4,4,2020
18-04-2020,181.6,4,5,70.99,0,0,5,4,2020
19-04-2020,220.1,4,5,59.05,1,0,6,4,2020
20-04-2020,240.5,4,5,30.9,0,0,0,4,2020
21-04-2020,249.5,4,5,23.54,0,0,1,4,2020
22-04-2020,206.4,4,5,60.5,0,0,2,4,2020
23-04-2020,308.9,4,5,28.96,1,0,3,4,2020
24-04-2020,213.4,4,5,34.2,0,0,4,4,2020
25-04-2020,158.1,4,5,90.28,0,0,5,4,2020
26-04-2020,170.0,4,5,75.49,0,0,6,4,2020
27-04-2020,156.3,4,5,92.8,0,0,0,4,2020
28-04-2020,330.3,4,5,23.76,0,1,1,4,2020
29-04-2020,228.7,4,5,33.88,0,0,2,4,2020
30-04-2020,280.5,4,5,35.95,1,0,3,4,2020
01-05-2020,155.8,4,5,71.16,0,0,4,5,2020
02-05-2020,227.5,4,5,54.92,1,0,5,5,2020
03-05-2020,173.1,4,5,91.91,1,0,6,5,2020
04-05-2020,246.3,4,5,54.57,0,1,0,5,2020
05-05-2020,244.7,4,5,44.55,1,0,1,5,2020
06-05-2020,249.2,4,5,10.74,0,0,2,5,2020
07-05-2020,107.6,4,5,99.83,0,0,3,5,2020
08-05-2020,149.5,4,5,94.45,1,0,4,5,2020
09-05-2020,186.3,4,5,52.5,0,0,5,5,2020
10-05-2020,221.8,4,5,53.11,1,0,6,5,2020
11-05-2020,180.9,4,5,68.35,0,0,0,5,2020
12-05-2020,216.0,4,5,30.35,0,0,1,5,2020
13-05-2020,141.8,4,5,82.52,0,0,2,5,2020
14-05-2020,194.2,4,5,47.05,0,0,3,5,2020
15-05-2020,143.3,4,5,87.1,0,0,4,5,2020
16-05-2020,198.4,4,5,38.17,0,0,5,5,2020
17-05-2020,196.1,4,5,32.42,0,0,6,5,2020
18-05-2020,220.8,4,5,17.19,0,0,0,5,2020
19-05-2020,261.9,4,5,25.26,1,0,1,5,2020
20-05-2020,188.0,4,5,46.1,0,0,2,5,2020
21-05-2020,143.6,4,5,96.94,1,0,3,5,2020
22-05-2020,150.7,4,5,93.67,1,0,4,5,2020
23-05-2020,119.4,4,5,97.73,0,0,5,5,2020
24-05-2020,231.3,4,5,16.07,0,0,6,5,2020
25-05-2020,233.8,4,5,12.29,0,0,0,5,2020
26-05-2020,217.1,4,5,19.91,0,0,1,5,2020
27-05-2020,216.6,4,5,28.39,0,0,2,5,2020
28-05-2020,236.7,4,5,49.54,1,0,3,5,2020
29-05-2020,202.3,4,5,40.52,0,0,4,5,2020
30-05-2020,267.8,4,5,37.62,0,1,5,5,2020
31-05-2020,150.0,4,5,77.86,0,0,6,5,2020
01-06-2020,192.1,4,5,10.37,0,0,0,6,2020
02-06-2020,177.8,4,5,49.94,1,0,1,6,2020
03-06-2020,210.2,4,5,52.27,1,1,2,6,2020
04-06-2020,181.7,4,5,22.05,0,0,3,6,2020
05-06-2020,128.6,4,5,79.23,0,0,4,6,2020
06-06-2020,215.4,4,5,25.38,1,0,5,6,2020
07-06-2020,181.8,4,5,13.66,0,0,6,6,2020
08-06-2020,169.6,4,5,13.83,0,0,0,6,2020
09-06-2020,175.2,4,5,34.14,0,0,1,6,2020
10-06-2020,130.6,4,5,57.54,0,0,2,6,2020
11-06-2020,143.0,4,5,61.73,0,0,3,6,2020
12-06-2020,211.6,4,5,24.55,1,0,4,6,2020
13-06-2020,167.0,4,5,30.93,0,0,5,6,2020
14-06-2020,161.4,4,5,65.7,1,0,6,6,2020
15-06-2020,145.1,4,5,31.78,0,0,0,6,2020
16-06-2020,112.9,4,5,94.84,0,0,1,6,2020
17-06-2020,173.3,4,5,28.25,0,0,2,6,2020
18-06-2020,140.9,4,5,53.2,0,0,3,6,2020
19-06-2020,196.2,4,5,76.7,1,1,4,6,2020
20-06-2020,168.7,4,5,29.47,0,0,5,6,2020
21-06-2020,119.8,4,5,61.6,0,0,6,6,2020
22-06-2020,196.1,4,5,47.31,1,0,0,6,2020
23-06-2020,168.0,4,5,26.92,0,0,1,6,2020
24-06-2020,145.9,4,5,51.52,0,0,2,6,2020
25-06-2020,112.5,4,5,95.67,0,0,3,6,2020
26-06-2020,110.5,4,5,91.96,0,0,4,6,2020
27-06-2020,127.2,4,5,88.04,1,0,5,6,2020
28-06-2020,168.3,4,5,88.17,1,1,6,6,2020
29-06-2020,192.9,4,5,21.24,0,0,0,6,2020
30-06-2020,191.0,4,5,21.32,0,0,1,6,2020
01-07-2020,119.5,4,5,36.08,0,0,2,7,2020
02-07-2020,113.6,4,5,58.42,0,0,3,7,2020
03-07-2020,142.6,4,5,28.52,1,0,4,7,2020
04-07-2020,95.7,4,5,66.33,0,0,5,7,2020
05-07-2020,153.3,4,5,18.27,0,0,6,7,2020
06-07-2020,85.7,4,5,98.36,1,0,0,7,2020
07-07-2020,119.6,4,5,26.13,0,0,1,7,2020
08-07-2020,75.9,4,5,70.83,0,0,2,7,2020
09-07-2020,132.2,4,5,26.26,0,0,3,7,2020
10-07-2020,139.6,4,5,37.71,0,0,4,7,2020
11-07-2020,146.7,4,5,22.03,1,0,5,7,2020
12-07-2020,117.6,4,5,46.52,0,0,6,7,2020
13-07-2020,65.1,4,5,98.71,0,0,0,7,2020
