synthetic_sales_data.csv
date,sales,store_id,product_id,price,promotion,holiday,weekday,month,year
01-01-2020,201.1,5,1,72.8,1,0,2,1,2020
02-01-2020,220.3,5,1,15.19,0,0,3,1,2020
03-01-2020,281.5,5,1,34.82,0,1,4,1,2020
04-01-2020,238.4,5,1,51.08,1,0,5,1,2020
05-01-2020,197.1,5,1,45.5,0,0,6,1,2020
06-01-2020,230.6,5,1,20.23,0,0,0,1,2020
07-01-2020,185.9,5,1,72.59,1,0,1,1,2020
08-01-2020,173.0,5,1,88.98,1,0,2,1,2020
09-01-2020,210.3,5,1,51.2,1,0,3,1,2020
10-01-2020,166.3,5,1,89.48,1,0,4,1,2020
11-01-2020,218.4,5,1,20.37,0,0,5,1,2020
12-01-2020,142.2,5,1,84.54,0,0,6,1,2020
13-01-2020,175.5,5,1,63.13,0,0,0,1,2020
14-01-2020,164.6,5,1,92.98,0,1,1,1,2020
15-01-2020,191.5,5,1,54.82,0,0,2,1,2020
16-01-2020,244.8,5,1,55.22,0,1,3,1,2020
17-01-2020,210.2,5,1,31.69,0,0,4,1,2020
18-01-2020,183.2,5,1,50.21,0,0,5,1,2020
19-01-2020,197.3,5,1,33.19,0,0,6,1,2020
20-01-2020,217.1,5,1,17.61,0,0,0,1,2020
21-01-2020,169.1,5,1,66.26,0,0,1,1,2020
22-01-2020,246.6,5,1,37.31,1,0,2,1,2020
23-01-2020,238.2,5,1,10.61,0,0,3,1,2020
24-01-2020,171.5,5,1,75.55,1,0,4,1,2020
25-01-2020,220.4,5,1,22.76,0,0,5,1,2020
26-01-2020,240.3,5,1,33.67,1,0,6,1,2020
27-01-2020,231.1,5,1,18.61,0,0,0,1,2020
28-01-2020,173.7,5,1,73,0,0,1,1,2020
29-01-2020,228.2,5,1,55.8,1,0,2,1,2020
30-01-2020,231.0,5,1,47.19,1,0,3,1,2020
31-01-2020,186.6,5,1,38.69,0,0,4,1,2020
01-02-2020,261.3,5,1,19.06,0,0,5,2,2020
02-02-2020,253.8,5,1,52.38,1,0,6,2,2020
03-02-2020,177.0,5,1,84.93,0,0,0,2,2020
04-02-2020,303.5,5,1,13.13,1,0,1,2,2020
05-02-2020,210.7,5,1,45.96,0,0,2,2,2020
06-02-2020,132.4,5,1,97.55,0,0,3,2,2020
07-02-2020,316.0,5,1,30.02,0,1,4,2,2020
08-02-2020,228.9,5,1,35.13,0,0,5,2,2020
09-02-2020,320.2,5,1,15.75,1,0,6,2,2020
10-02-2020,293.7,5,1,43.04,1,0,0,2,2020
11-02-2020,253.3,5,1,19.67,0,0,1,2,2020
12-02-2020,198.4,5,1,58.47,0,0,2,2,2020
13-02-2020,175.9,5,1,88.75,0,0,3,2,2020
14-02-2020,192.6,5,1,66.22,0,0,4,2,2020
15-02-2020,173.4,5,1,97.81,1,0,5,2,2020
16-02-2020,251.1,5,1,51.36,1,0,6,2,2020
17-02-2020,144.1,5,1,97.31,0,0,0,2,2020
18-02-2020,259.9,5,1,18.2,0,0,1,2,2020
19-02-2020,315.9,5,1,10.89,1,0,2,2,2020
20-02-2020,220.3,5,1,40.31,0,0,3,2,2020
21-02-2020,153.3,5,1,80.71,0,0,4,2,2020
22-02-2020,252.3,5,1,55.22,1,0,5,2,2020
23-02-2020,310.9,5,1,20.09,1,0,6,2,2020
24-02-2020,301.3,5,1,23.18,1,0,0,2,2020
25-02-2020,170.8,5,1,88.23,0,0,1,2,2020
26-02-2020,258.7,5,1,53.77,1,0,2,2,2020
27-02-2020,287.0,5,1,35.65,1,0,3,2,2020
28-02-2020,183.5,5,1,78.81,0,0,4,2,2020
29-02-2020,224.6,5,1,30.18,0,0,5,2,2020
01-03-2020,262.7,5,1,22.94,0,0,6,3,2020
02-03-2020,278.1,5,1,75.43,1,1,0,3,2020
03-03-2020,255.4,5,1,13.86,0,0,1,3,2020
04-03-2020,312.1,5,1,28.1,1,0,2,3,2020
05-03-2020,224.2,5,1,44.78,0,0,3,3,2020
06-03-2020,183.1,5,1,97.91,1,0,4,3,2020
07-03-2020,222.6,5,1,55.1,0,0,5,3,2020
08-03-2020,227.2,5,1,41.07,0,0,6,3,2020
09-03-2020,287.0,5,1,42.27,1,0,0,3,2020
10-03-2020,324.5,5,1,18.61,1,0,1,3,2020
11-03-2020,256.0,5,1,22.23,0,0,2,3,2020
12-03-2020,302.1,5,1,24.13,1,0,3,3,2020
13-03-2020,198.5,5,1,76.93,0,0,4,3,2020
14-03-2020,279.7,5,1,18.72,0,0,5,3,2020
15-03-2020,220.7,5,1,42.15,0,0,6,3,2020
16-03-2020,217.2,5,1,89.93,0,1,0,3,2020
17-03-2020,257.7,5,1,22.68,0,0,1,3,2020
18-03-2020,334.1,5,1,22.57,0,1,2,3,2020
19-03-2020,300.6,5,1,16.27,0,0,3,3,2020
20-03-2020,357.2,5,1,20.36,0,1,4,3,2020
21-03-2020,192.4,5,1,70.57,0,0,5,3,2020
22-03-2020,240.2,5,1,40.98,0,0,6,3,2020
23-03-2020,216.0,5,1,50.74,0,0,0,3,2020
24-03-2020,213.8,5,1,65.72,0,0,1,3,2020
25-03-2020,181.9,5,1,98.77,1,0,2,3,2020
26-03-2020,230.4,5,1,51.48,0,0,3,3,2020
27-03-2020,196.5,5,1,60.16,0,0,4,3,2020
28-03-2020,212.2,5,1,63.27,0,0,5,3,2020
29-03-2020,200.1,5,1,70.65,0,0,6,3,2020
30-03-2020,193.5,5,1,79.77,0,0,0,3,2020
31-03-2020,313.0,5,1,34.38,1,0,1,3,2020
01-04-2020,132.6,5,1,94.65,0,0,2,4,2020
02-04-2020,218.5,5,1,76.26,1,0,3,4,2020
03-04-2020,297.7,5,1,39.67,0,1,4,4,2020
04-04-2020,232.9,5,1,24,0,0,5,4,2020
05-04-2020,234.0,5,1,48.1,0,0,6,4,2020
06-04-2020,196.1,5,1,51.93,0,0,0,4,2020
07-04-2020,246.7,5,1,54.13,1,0,1,4,2020
08-04-2020,219.9,5,1,85.66,0,1,2,4,2020
09-04-2020,236.4,5,1,28.31,0,0,3,4,2020
10-04-2020,184.4,5,1,77.91,0,0,4,4,2020
11-04-2020,167.6,5,1,76.15,0,0,5,4,2020
12-04-2020,157.2,5,1,91.45,0,0,6,4,2020
13-04-2020,175.0,5,1,93.41,1,0,0,4,2020
14-04-2020,234.4,5,1,30.52,0,0,1,4,2020
15-04-2020,268.6,5,1,17.59,0,0,2,4,2020
16-04-2020,213.4,5,1,81.41,1,0,3,4,2020
17-04-2020,308.6,5,1,43.93,0,1,4,4,2020
18-04-2020,306.1,5,1,29.62,1,0,5,4,2020
19-04-2020,149.0,5,1,94.39,0,0,6,4,2020
20-04-2020,344.0,5,1,49.22,1,1,0,4,2020
21-04-2020,257.7,5,1,69.47,0,1,1,4,2020
22-04-2020,255.0,5,1,26.13,0,0,2,4,2020
23-04-2020,287.4,5,1,12.19,0,0,3,4,2020
24-04-2020,305.3,5,1,42.36,0,1,4,4,2020
25-04-2020,303.7,5,1,24.37,1,0,5,4,2020
26-04-2020,201.8,5,1,56.87,0,0,6,4,2020
27-04-2020,162.6,5,1,81.87,0,0,0,4,2020
28-04-2020,262.5,5,1,13,0,0,1,4,2020
29-04-2020,157.8,5,1,91.06,0,0,2,4,2020
30-04-2020,312.6,5,1,27.88,1,0,3,4,2020
01-05-2020,284.2,5,1,23.92,1,0,4,5,2020
02-05-2020,188.6,5,1,60.26,0,0,5,5,2020
03-05-2020,227.2,5,1,27.1,0,0,6,5,2020
04-05-2020,214.4,5,1,35.06,0,0,0,5,2020
05-05-2020,127.1,5,1,92.89,0,0,1,5,2020
06-05-2020,166.0,5,1,89.07,1,0,2,5,2020
07-05-2020,171.3,5,1,47.74,0,0,3,5,2020
08-05-2020,184.8,5,1,53.67,0,0,4,5,2020
09-05-2020,160.2,5,1,86.1,0,0,5,5,2020
10-05-2020,203.4,5,1,32.3,0,0,6,5,2020
11-05-2020,202.5,5,1,77.77,0,1,0,5,2020
12-05-2020,291.9,5,1,20.58,0,1,1,5,2020
13-05-2020,150.7,5,1,89.46,0,0,2,5,2020
14-05-2020,229.2,5,1,44.94,1,0,3,5,2020
15-05-2020,162.5,5,1,69.54,0,0,4,5,2020
16-05-2020,204.4,5,1,24.16,0,0,5,5,2020
17-05-2020,269.8,5,1,16.35,1,0,6,5,2020
18-05-2020,178.5,5,1,59.48,0,0,0,5,2020
19-05-2020,157.0,5,1,90.24,0,0,1,5,2020
20-05-2020,127.7,5,1,96.09,0,0,2,5,2020
21-05-2020,166.8,5,1,86.88,1,0,3,5,2020
22-05-2020,203.5,5,1,33.02,0,0,4,5,2020
23-05-2020,183.4,5,1,55.2,0,0,5,5,2020
24-05-2020,124.4,5,1,85.85,0,0,6,5,2020
25-05-2020,213.1,5,1,35.73,0,0,0,5,2020
26-05-2020,137.9,5,1,95.63,0,0,1,5,2020
27-05-2020,158.9,5,1,93.42,1,0,2,5,2020
28-05-2020,122.4,5,1,90.57,0,0,3,5,2020
29-05-2020,225.3,5,1,25.51,0,0,4,5,2020
30-05-2020,278.3,5,1,13.62,1,0,5,5,2020
31-05-2020,245.2,5,1,42.24,1,0,6,5,2020
01-06-2020,221.2,5,1,23.13,1,0,0,6,2020
02-06-2020,136.4,5,1,78.09,1,0,1,6,2020
03-06-2020,126.9,5,1,76.53,0,0,2,6,2020
04-06-2020,235.3,5,1,21.68,0,1,3,6,2020
05-06-2020,150.6,5,1,63.56,0,0,4,6,2020
06-06-2020,149.1,5,1,82.4,1,0,5,6,2020
07-06-2020,155.0,5,1,80.14,0,1,6,6,2020
08-06-2020,118.3,5,1,72.89,0,0,0,6,2020
09-06-2020,144.1,5,1,89.71,1,0,1,6,2020
10-06-2020,192.8,5,1,47.55,1,0,2,6,2020
11-06-2020,145.4,5,1,56.85,0,0,3,6,2020
12-06-2020,110.9,5,1,98.26,0,0,4,6,2020
13-06-2020,141.3,5,1,52.82,0,0,5,6,2020
14-06-2020,146.0,5,1,73.59,1,0,6,6,2020
15-06-2020,216.2,5,1,39.79,0,1,0,6,2020
16-06-2020,165.7,5,1,37.62,0,0,1,6,2020
17-06-2020,143.1,5,1,89.38,0,1,2,6,2020
18-06-2020,159.4,5,1,64.61,1,0,3,6,2020
19-06-2020,142.1,5,1,62.42,0,0,4,6,2020
20-06-2020,135.9,5,1,60.32,0,0,5,6,2020
21-06-2020,131.1,5,1,71.96,0,0,6,6,2020
22-06-2020,172.9,5,1,33.18,0,0,0,6,2020
23-06-2020,148.8,5,1,81.92,0,1,1,6,2020
24-06-2020,230.8,5,1,15.61,1,0,2,6,2020
25-06-2020,169.2,5,1,86.9,1,1,3,6,2020
26-06-2020,218.0,5,1,33.93,0,1,4,6,2020
27-06-2020,204.2,5,1,47.6,0,1,5,6,2020
28-06-2020,107.0,5,1,91.62,0,0,6,6,2020
29-06-2020,114.9,5,1,83.97,0,0,0,6,2020
30-06-2020,122.8,5,1,80.06,0,0,1,6,2020
01-07-2020,135.0,5,1,47,1,0,2,7,2020
02-07-2020,112.5,5,1,61.88,0,0,3,7,2020
03-07-2020,87.8,5,1,93.97,1,0,4,7,2020
04-07-2020,136.2,5,1,10.97,0,0,5,7,2020
05-07-2020,101.5,5,1,41.03,0,0,6,7,2020
06-07-2020,102.1,5,1,60.57,0,0,0,7,2020
07-07-2020,114.9,5,1,42.09,0,0,1,7,2020
08-07-2020,120.3,5,1,32.01,0,0,2,7,2020
09-07-2020,169.3,5,1,33.92,0,1,3,7,2020
10-07-2020,152.2,5,1,24.01,1,0,4,7,2020
11-07-2020,148.5,5,1,16.21,0,0,5,7,2020
12-07-2020,94.5,5,1,97.86,1,0,6,7,2020
13-07-2020,88.5,5,1,72.07,0,0,0,7,2020
01-01-2020,226.5,5,2,55.22,1,0,2,1,2020
02-01-2020,310.5,5,2,43.25,1,1,3,1,2020
03-01-2020,190.8,5,2,47.52,0,0,4,1,2020
04-01-2020,143.1,5,2,86.13,0,0,5,1,2020
05-01-2020,134.6,5,2,88.95,0,0,6,1,2020
06-01-2020,201.4,5,2,36.4,0,0,0,1,2020
07-01-2020,250.0,5,2,11.3,0,0,1,1,2020
08-01-2020,149.9,5,2,79.3,0,0,2,1,2020
09-01-2020,273.9,5,2,25.14,1,0,3,1,2020
10-01-2020,183.0,5,2,53.9,0,0,4,1,2020
11-01-2020,125.8,5,2,96.93,0,0,5,1,2020
12-01-2020,210.1,5,2,54.28,1,0,6,1,2020
13-01-2020,200.0,5,2,47.2,0,0,0,1,2020
14-01-2020,189.3,5,2,81.05,1,0,1,1,2020
15-01-2020,205.4,5,2,30.31,0,0,2,1,2020
16-01-2020,158.2,5,2,77.54,0,0,3,1,2020
17-01-2020,188.6,5,2,72.54,1,0,4,1,2020
18-01-2020,192.2,5,2,76.45,1,0,5,1,2020
19-01-2020,237.7,5,2,19.74,0,0,6,1,2020
20-01-2020,129.7,5,2,89.61,0,0,0,1,2020
21-01-2020,202.6,5,2,45.48,0,0,1,1,2020
22-01-2020,180.9,5,2,84.87,1,0,2,1,2020
23-01-2020,161.9,5,2,87.27,0,1,3,1,2020
24-01-2020,133.3,5,2,92.26,1,0,4,1,2020
25-01-2020,195.7,5,2,36.24,0,0,5,1,2020
26-01-2020,202.0,5,2,49.24,0,0,6,1,2020
27-01-2020,225.5,5,2,45.66,0,1,0,1,2020
28-01-2020,239.8,5,2,23.05,0,0,1,1,2020
29-01-2020,138.4,5,2,99.33,1,0,2,1,2020
30-01-2020,289.1,5,2,30.1,0,1,3,1,2020
31-01-2020,191.0,5,2,72.07,1,0,4,1,2020
01-02-2020,259.6,5,2,24.17,0,0,5,2,2020
02-02-2020,263.3,5,2,18.43,0,0,6,2,2020
03-02-2020,231.2,5,2,28,0,0,0,2,2020
04-02-2020,230.4,5,2,23.66,0,0,1,2,2020
05-02-2020,261.0,5,2,50.31,1,0,2,2,2020
06-02-2020,258.2,5,2,16.48,0,0,3,2,2020
07-02-2020,205.5,5,2,81.9,1,0,4,2,2020
08-02-2020,223.0,5,2,62.55,1,0,5,2,2020
09-02-2020,183.5,5,2,82.24,0,0,6,2,2020
10-02-2020,271.4,5,2,16.37,0,0,0,2,2020
11-02-2020,215.8,5,2,99.87,1,1,1,2,2020
12-02-2020,211.7,5,2,53.06,0,0,2,2,2020
13-02-2020,261.8,5,2,20.01,0,0,3,2,2020
14-02-2020,140.8,5,2,94.54,0,0,4,2,2020
15-02-2020,174.2,5,2,77.62,0,0,5,2,2020
16-02-2020,278.7,5,2,19.88,0,0,6,2,2020
17-02-2020,207.3,5,2,80.4,0,1,0,2,2020
18-02-2020,160.9,5,2,83.11,0,0,1,2,2020
19-02-2020,287.1,5,2,32.39,1,0,2,2,2020
20-02-2020,205.3,5,2,53.38,0,0,3,2,2020
21-02-2020,245.8,5,2,40.61,0,0,4,2,2020
22-02-2020,173.9,5,2,84.35,1,0,5,2,2020
23-02-2020,261.5,5,2,46.22,1,0,6,2,2020
24-02-2020,178.7,5,2,70.59,0,0,0,2,2020
25-02-2020,190.2,5,2,64.28,0,0,1,2,2020
26-02-2020,294.2,5,2,39.5,1,0,2,2,2020
27-02-2020,191.9,5,2,71.93,0,0,3,2,2020
28-02-2020,251.8,5,2,44.33,1,0,4,2,2020
29-02-2020,249.7,5,2,40,0,0,5,2,2020
01-03-2020,253.4,5,2,61.69,1,0,6,3,2020
02-03-2020,244.5,5,2,33.73,0,0,0,3,2020
03-03-2020,252.3,5,2,56.67,1,0,1,3,2020
04-03-2020,163.1,5,2,87.51,0,0,2,3,2020
05-03-2020,212.5,5,2,88.26,1,0,3,3,2020
06-03-2020,152.5,5,2,98.92,0,0,4,3,2020
07-03-2020,279.1,5,2,14.01,0,0,5,3,2020
08-03-2020,265.1,5,2,23.98,0,0,6,3,2020
09-03-2020,200.4,5,2,66.84,0,0,0,3,2020
10-03-2020,212.2,5,2,83.16,1,0,1,3,2020
11-03-2020,265.1,5,2,43.38,1,0,2,3,2020
12-03-2020,282.7,5,2,75.25,1,1,3,3,2020
13-03-2020,264.4,5,2,86.11,1,1,4,3,2020
14-03-2020,263.3,5,2,61.2,0,1,5,3,2020
15-03-2020,182.0,5,2,83.67,0,0,6,3,2020
16-03-2020,238.7,5,2,33.75,0,0,0,3,2020
17-03-2020,194.0,5,2,75.26,0,0,1,3,2020
18-03-2020,148.0,5,2,98.71,0,0,2,3,2020
19-03-2020,185.3,5,2,73.23,0,0,3,3,2020
20-03-2020,189.1,5,2,93.49,1,0,4,3,2020
21-03-2020,244.5,5,2,63.36,1,0,5,3,2020
22-03-2020,198.2,5,2,74.29,0,0,6,3,2020
23-03-2020,253.6,5,2,92.58,1,1,0,3,2020
24-03-2020,294.2,5,2,45.33,1,0,1,3,2020
25-03-2020,293.6,5,2,39.83,1,0,2,3,2020
26-03-2020,408.8,5,2,29.25,1,1,3,3,2020
27-03-2020,165.5,5,2,98.64,0,0,4,3,2020
28-03-2020,258.9,5,2,60.49,1,0,5,3,2020
29-03-2020,180.4,5,2,77.84,0,0,6,3,2020
30-03-2020,178.8,5,2,61.38,0,0,0,3,2020
31-03-2020,293.1,5,2,35.5,1,0,1,3,2020
01-04-2020,139.9,5,2,99.26,0,0,2,4,2020
02-04-2020,175.6,5,2,74.02,0,0,3,4,2020
03-04-2020,239.7,5,2,38.4,0,0,4,4,2020
04-04-2020,228.9,5,2,37.98,0,0,5,4,2020
05-04-2020,159.6,5,2,91.67,0,0,6,4,2020
06-04-2020,197.5,5,2,64.43,0,0,0,4,2020
07-04-2020,262.3,5,2,16.39,0,0,1,4,2020
08-04-2020,248.6,5,2,15.53,0,0,2,4,2020
09-04-2020,163.7,5,2,73.52,0,0,3,4,2020
10-04-2020,159.5,5,2,88.6,0,0,4,4,2020
11-04-2020,230.2,5,2,62.92,1,0,5,4,2020
12-04-2020,232.0,5,2,48.28,0,0,6,4,2020
13-04-2020,201.8,5,2,53.92,0,0,0,4,2020
14-04-2020,187.0,5,2,70.57,0,0,1,4,2020
15-04-2020,316.0,5,2,19.27,1,0,2,4,2020
16-04-2020,256.3,5,2,26.9,0,0,3,4,2020
17-04-2020,192.1,5,2,86.13,1,0,4,4,2020
18-04-2020,340.8,5,2,14,0,1,5,4,2020
19-04-2020,194.4,5,2,60.91,0,0,6,4,2020
20-04-2020,244.4,5,2,31.85,0,0,0,4,2020
21-04-2020,152.4,5,2,85.82,0,0,1,4,2020
22-04-2020,177.0,5,2,81.17,0,0,2,4,2020
23-04-2020,294.2,5,2,10.29,0,0,3,4,2020
24-04-2020,214.3,5,2,49.42,0,0,4,4,2020
25-04-2020,182.8,5,2,79.36,0,0,5,4,2020
26-04-2020,202.9,5,2,91.03,1,0,6,4,2020
27-04-2020,325.6,5,2,10.85,1,0,0,4,2020
28-04-2020,274.1,5,2,56.12,1,0,1,4,2020
29-04-2020,254.1,5,2,53.03,1,0,2,4,2020
30-04-2020,202.3,5,2,67.92,0,0,3,4,2020
01-05-2020,123.9,5,2,97.8,0,0,4,5,2020
02-05-2020,302.0,5,2,11.97,0,1,5,5,2020
03-05-2020,289.2,5,2,18.36,1,0,6,5,2020
04-05-2020,154.9,5,2,74.14,0,0,0,5,2020
05-05-2020,242.1,5,2,43.37,1,0,1,5,2020
06-05-2020,142.9,5,2,76.59,0,0,2,5,2020
07-05-2020,157.5,5,2,72.39,0,0,3,5,2020
08-05-2020,168.5,5,2,75.42,0,0,4,5,2020
09-05-2020,262.7,5,2,28.56,1,0,5,5,2020
10-05-2020,172.1,5,2,81.97,1,0,6,5,2020
11-05-2020,162.4,5,2,93.91,0,0,0,5,2020
12-05-2020,208.7,5,2,33.58,0,0,1,5,2020
13-05-2020,248.3,5,2,17.1,0,0,2,5,2020
14-05-2020,165.7,5,2,57.02,0,0,3,5,2020
15-05-2020,130.7,5,2,96.94,0,0,4,5,2020
16-05-2020,185.5,5,2,68.4,1,0,5,5,2020
17-05-2020,140.1,5,2,95.56,0,0,6,5,2020
18-05-2020,249.7,5,2,73.62,1,1,0,5,2020
19-05-2020,234.6,5,2,44.86,1,0,1,5,2020
20-05-2020,138.1,5,2,74.61,0,0,2,5,2020
21-05-2020,255.5,5,2,27.13,1,0,3,5,2020
22-05-2020,137.0,5,2,93.07,0,0,4,5,2020
23-05-2020,190.8,5,2,56.21,0,0,5,5,2020
24-05-2020,206.0,5,2,38.13,0,0,6,5,2020
25-05-2020,239.0,5,2,33.42,1,0,0,5,2020
26-05-2020,201.4,5,2,59.32,1,0,1,5,2020
27-05-2020,278.9,5,2,11.23,1,0,2,5,2020
28-05-2020,196.7,5,2,38.76,0,0,3,5,2020
29-05-2020,278.9,5,2,54.07,1,1,4,5,2020
30-05-2020,123.1,5,2,99.53,0,0,5,5,2020
31-05-2020,231.8,5,2,48.45,1,0,6,5,2020
01-06-2020,141.0,5,2,72.04,0,0,0,6,2020
02-06-2020,164.5,5,2,35.84,0,0,1,6,2020
03-06-2020,172.8,5,2,27.84,0,0,2,6,2020
04-06-2020,135.1,5,2,67.74,0,0,3,6,2020
05-06-2020,152.4,5,2,57.72,0,0,4,6,2020
06-06-2020,155.8,5,2,21.28,0,0,5,6,2020
07-06-2020,134.2,5,2,75.05,1,0,6,6,2020
08-06-2020,108.7,5,2,91.85,0,0,0,6,2020
09-06-2020,199.7,5,2,38.37,1,0,1,6,2020
10-06-2020,219.7,5,2,12.66,1,0,2,6,2020
11-06-2020,246.4,5,2,35.72,1,1,3,6,2020
12-06-2020,138.9,5,2,48.48,0,0,4,6,2020
13-06-2020,125.0,5,2,85.98,1,0,5,6,2020
14-06-2020,170.8,5,2,19.82,0,0,6,6,2020
15-06-2020,196.7,5,2,45.38,1,0,0,6,2020
16-06-2020,197.2,5,2,20.98,1,0,1,6,2020
17-06-2020,130.8,5,2,63.07,0,0,2,6,2020
18-06-2020,140.4,5,2,47.7,0,0,3,6,2020
19-06-2020,136.6,5,2,55.08,0,0,4,6,2020
20-06-2020,204.1,5,2,33.89,1,0,5,6,2020
21-06-2020,138.5,5,2,56.2,0,0,6,6,2020
22-06-2020,165.4,5,2,84.8,1,1,0,6,2020
23-06-2020,119.2,5,2,94.02,1,0,1,6,2020
24-06-2020,212.8,5,2,25.35,1,0,2,6,2020
25-06-2020,170.7,5,2,33.74,0,0,3,6,2020
26-06-2020,109.2,5,2,89.95,0,0,4,6,2020
27-06-2020,131.2,5,2,67.23,0,0,5,6,2020
28-06-2020,123.1,5,2,76.69,0,0,6,6,2020
29-06-2020,129.9,5,2,66.97,0,0,0,6,2020
30-06-2020,159.6,5,2,73.34,1,0,1,6,2020
01-07-2020,116.9,5,2,76.31,1,0,2,7,2020
02-07-2020,177.2,5,2,29.64,0,1,3,7,2020
03-07-2020,112.2,5,2,87.09,1,0,4,7,2020
04-07-2020,130.0,5,2,35.03,1,0,5,7,2020
05-07-2020,105.1,5,2,52.81,0,0,6,7,2020
06-07-2020,118.6,5,2,47.91,0,0,0,7,2020
07-07-2020,107.8,5,2,64.31,0,0,1,7,2020
08-07-2020,124.7,5,2,44.72,0,0,2,7,2020
09-07-2020,169.9,5,2,12.65,1,0,3,7,2020
10-07-2020,111.5,5,2,48.69,0,0,4,7,2020
11-07-2020,106.3,5,2,59.19,0,0,5,7,2020
12-07-2020,114.3,5,2,51.53,0,0,6,7,2020
13-07-2020,102.4,5,2,85.07,0,0,0,7,2020
