synthetic_sales_data.csv
date,sales,store_id,product_id,price,promotion,holiday,weekday,month,year
01-01-2020,185.1,5,3,54.57,0,0,2,1,2020
02-01-2020,156.2,5,3,99.03,1,0,3,1,2020
03-01-2020,152.8,5,3,80.32,0,0,4,1,2020
04-01-2020,294.1,5,3,40.42,1,1,5,1,2020
05-01-2020,190.1,5,3,57.52,0,0,6,1,2020
06-01-2020,204.6,5,3,38.93,0,0,0,1,2020
07-01-2020,286.1,5,3,50.99,1,1,1,1,2020
08-01-2020,191.4,5,3,46.49,0,0,2,1,2020
09-01-2020,161.4,5,3,92.93,1,0,3,1,2020
10-01-2020,180.9,5,3,45.29,0,0,4,1,2020
11-01-2020,287.3,5,3,25.91,0,1,5,1,2020
12-01-2020,118.9,5,3,95.29,0,0,6,1,2020
13-01-2020,236.8,5,3,10.74,0,0,0,1,2020
14-01-2020,182.8,5,3,80.6,1,0,1,1,2020
15-01-2020,175.1,5,3,82.39,1,0,2,1,2020
16-01-2020,174.6,5,3,79.34,1,0,3,1,2020
17-01-2020,220.2,5,3,29.58,0,0,4,1,2020
18-01-2020,221.3,5,3,35.86,0,0,5,1,2020
19-01-2020,247.9,5,3,42.15,1,0,6,1,2020
20-01-2020,214.5,5,3,32.29,0,0,0,1,2020
21-01-2020,149.8,5,3,73.37,0,0,1,1,2020
22-01-2020,159.6,5,3,90.19,1,0,2,1,2020
23-01-2020,203.7,5,3,20.37,0,0,3,1,2020
24-01-2020,190.4,5,3,44.38,0,0,4,1,2020
25-01-2020,196.2,5,3,19.75,0,0,5,1,2020
26-01-2020,161.7,5,3,71.31,0,0,6,1,2020
27-01-2020,195.8,5,3,37.94,0,0,0,1,2020
28-01-2020,199.7,5,3,45.67,0,0,1,1,2020
29-01-2020,210.0,5,3,66.84,1,0,2,1,2020
30-01-2020,174.4,5,3,62.55,0,0,3,1,2020
31-01-2020,274.9,5,3,23.06,1,0,4,1,2020
01-02-2020,215.5,5,3,54.48,0,0,5,2,2020
02-02-2020,150.0,5,3,97.27,0,0,6,2,2020
03-02-2020,139.2,5,3,99.91,0,0,0,2,2020
04-02-2020,271.5,5,3,48.94,1,0,1,2,2020
05-02-2020,216.5,5,3,42.64,0,0,2,2,2020
06-02-2020,235.0,5,3,68.88,1,0,3,2,2020
07-02-2020,152.1,5,3,99.9,0,0,4,2,2020
08-02-2020,285.0,5,3,38.85,1,0,5,2,2020
09-02-2020,268.6,5,3,19.22,0,0,6,2,2020
10-02-2020,191.8,5,3,66.9,0,0,0,2,2020
11-02-2020,299.0,5,3,24.09,1,0,1,2,2020
12-02-2020,253.5,5,3,18.68,0,0,2,2,2020
13-02-2020,157.8,5,3,98.18,0,0,3,2,2020
14-02-2020,154.4,5,3,95.03,0,0,4,2,2020
15-02-2020,145.5,5,3,99.75,0,0,5,2,2020
16-02-2020,206.9,5,3,65.2,0,0,6,2,2020
17-02-2020,206.7,5,3,90.46,0,1,0,2,2020
18-02-2020,189.1,5,3,64.68,0,0,1,2,2020
19-02-2020,292.7,5,3,28.95,1,0,2,2,2020
20-02-2020,247.0,5,3,28.57,0,0,3,2,2020
21-02-2020,155.7,5,3,90.94,0,0,4,2,2020
22-02-2020,193.7,5,3,57.52,0,0,5,2,2020
23-02-2020,191.7,5,3,79.69,0,0,6,2,2020
24-02-2020,181.3,5,3,73.36,0,0,0,2,2020
25-02-2020,137.7,5,3,98.05,0,0,1,2,2020
26-02-2020,251.6,5,3,38.28,0,0,2,2,2020
27-02-2020,179.5,5,3,75.02,0,0,3,2,2020
28-02-2020,245.5,5,3,35.75,0,0,4,2,2020
29-02-2020,200.7,5,3,59.49,0,0,5,2,2020
01-03-2020,262.9,5,3,92.09,1,1,6,3,2020
02-03-2020,173.7,5,3,91.65,0,0,0,3,2020
03-03-2020,145.8,5,3,81.88,0,0,1,3,2020
04-03-2020,196.4,5,3,75.21,0,0,2,3,2020
05-03-2020,274.5,5,3,10.33,0,0,3,3,2020
06-03-2020,189.2,5,3,75.78,0,0,4,3,2020
07-03-2020,211.6,5,3,58.3,0,0,5,3,2020
08-03-2020,320.5,5,3,40.12,0,1,6,3,2020
09-03-2020,321.9,5,3,64.06,1,1,0,3,2020
10-03-2020,151.0,5,3,93.09,0,0,1,3,2020
11-03-2020,330.1,5,3,24.26,1,0,2,3,2020
12-03-2020,221.6,5,3,48.14,0,0,3,3,2020
13-03-2020,244.9,5,3,46.05,0,0,4,3,2020
14-03-2020,247.7,5,3,37.4,0,0,5,3,2020
15-03-2020,172.7,5,3,94.63,0,0,6,3,2020
16-03-2020,330.4,5,3,17.01,1,0,0,3,2020
17-03-2020,279.3,5,3,10.03,0,0,1,3,2020
18-03-2020,273.8,5,3,27.05,0,0,2,3,2020
19-03-2020,157.5,5,3,98.17,0,0,3,3,2020
20-03-2020,245.9,5,3,36.32,0,0,4,3,2020
21-03-2020,207.1,5,3,55.82,0,0,5,3,2020
22-03-2020,202.5,5,3,62.26,0,0,6,3,2020
23-03-2020,272.4,5,3,16,0,0,0,3,2020
24-03-2020,157.5,5,3,84.55,0,0,1,3,2020
25-03-2020,164.8,5,3,85.6,0,0,2,3,2020
26-03-2020,263.9,5,3,54.57,1,0,3,3,2020
27-03-2020,167.3,5,3,79.92,0,0,4,3,2020
28-03-2020,180.3,5,3,82.64,0,0,5,3,2020
29-03-2020,271.9,5,3,86.05,1,1,6,3,2020
30-03-2020,264.5,5,3,25.61,0,0,0,3,2020
31-03-2020,257.3,5,3,57.14,0,1,1,3,2020
01-04-2020,199.6,5,3,93.27,1,0,2,4,2020
02-04-2020,178.1,5,3,72.25,0,0,3,4,2020
03-04-2020,237.9,5,3,41.06,0,0,4,4,2020
04-04-2020,191.5,5,3,66.34,0,0,5,4,2020
05-04-2020,278.2,5,3,48.84,1,0,6,4,2020
06-04-2020,244.0,5,3,31.36,0,0,0,4,2020
07-04-2020,209.9,5,3,41.84,0,0,1,4,2020
08-04-2020,272.3,5,3,67.19,1,1,2,4,2020
09-04-2020,349.8,5,3,10.16,0,1,3,4,2020
10-04-2020,265.6,5,3,33.79,1,0,4,4,2020
11-04-2020,221.7,5,3,84.72,0,1,5,4,2020
12-04-2020,181.6,5,3,94.86,0,0,6,4,2020
13-04-2020,177.2,5,3,83.35,0,0,0,4,2020
14-04-2020,176.9,5,3,81.81,0,0,1,4,2020
15-04-2020,210.7,5,3,46.55,0,0,2,4,2020
16-04-2020,225.9,5,3,39.18,0,0,3,4,2020
17-04-2020,192.0,5,3,83.03,1,0,4,4,2020
18-04-2020,327.7,5,3,11.94,1,0,5,4,2020
19-04-2020,343.2,5,3,18.67,0,1,6,4,2020
20-04-2020,271.5,5,3,55.72,1,0,0,4,2020
21-04-2020,170.6,5,3,86.19,0,0,1,4,2020
22-04-2020,183.7,5,3,96.28,1,0,2,4,2020
23-04-2020,240.1,5,3,29.38,0,0,3,4,2020
24-04-2020,315.8,5,3,63.29,1,1,4,4,2020
25-04-2020,234.0,5,3,63.06,1,0,5,4,2020
26-04-2020,234.8,5,3,41.87,0,0,6,4,2020
27-04-2020,178.2,5,3,98.15,1,0,0,4,2020
28-04-2020,275.5,5,3,42.91,1,0,1,4,2020
29-04-2020,246.8,5,3,35.83,0,0,2,4,2020
30-04-2020,151.8,5,3,96.79,0,0,3,4,2020
01-05-2020,199.9,5,3,63.07,1,0,4,5,2020
02-05-2020,194.2,5,3,44.5,0,0,5,5,2020
03-05-2020,146.7,5,3,87.81,0,0,6,5,2020
04-05-2020,251.8,5,3,11.97,0,0,0,5,2020
05-05-2020,123.4,5,3,98.5,0,0,1,5,2020
06-05-2020,224.2,5,3,45.94,1,0,2,5,2020
07-05-2020,246.1,5,3,36.15,1,0,3,5,2020
08-05-2020,126.0,5,3,89.81,0,0,4,5,2020
09-05-2020,198.3,5,3,36.52,0,0,5,5,2020
10-05-2020,138.9,5,3,91.42,0,0,6,5,2020
11-05-2020,184.4,5,3,41.4,0,0,0,5,2020
12-05-2020,130.2,5,3,93.68,0,0,1,5,2020
13-05-2020,257.8,5,3,65.02,1,1,2,5,2020
14-05-2020,182.9,5,3,86.23,0,1,3,5,2020
15-05-2020,200.1,5,3,76.02,1,0,4,5,2020
16-05-2020,232.5,5,3,58.13,1,0,5,5,2020
17-05-2020,221.6,5,3,15.13,0,0,6,5,2020
18-05-2020,183.4,5,3,48.58,0,0,0,5,2020
19-05-2020,241.8,5,3,14.4,0,0,1,5,2020
20-05-2020,165.5,5,3,69.06,0,0,2,5,2020
21-05-2020,237.2,5,3,55.93,1,0,3,5,2020
22-05-2020,218.5,5,3,19.57,0,0,4,5,2020
23-05-2020,267.9,5,3,15.41,1,0,5,5,2020
24-05-2020,132.9,5,3,94.75,0,0,6,5,2020
25-05-2020,203.1,5,3,60.69,1,0,0,5,2020
26-05-2020,210.6,5,3,14.29,0,0,1,5,2020
27-05-2020,143.3,5,3,94.38,0,0,2,5,2020
28-05-2020,230.5,5,3,26.48,0,0,3,5,2020
29-05-2020,341.0,5,3,17.44,1,1,4,5,2020
30-05-2020,148.4,5,3,88.5,0,0,5,5,2020
31-05-2020,144.0,5,3,76.23,0,0,6,5,2020
01-06-2020,188.1,5,3,28.86,0,0,0,6,2020
02-06-2020,181.0,5,3,35.04,1,0,1,6,2020
03-06-2020,141.5,5,3,76.61,1,0,2,6,2020
04-06-2020,115.2,5,3,69.89,0,0,3,6,2020
05-06-2020,159.2,5,3,43.96,0,0,4,6,2020
06-06-2020,156.4,5,3,36.6,0,0,5,6,2020
07-06-2020,171.2,5,3,51.63,1,0,6,6,2020
08-06-2020,131.0,5,3,58.68,0,0,0,6,2020
09-06-2020,120.6,5,3,93.87,0,0,1,6,2020
10-06-2020,161.8,5,3,35.87,0,0,2,6,2020
11-06-2020,168.2,5,3,31.37,0,0,3,6,2020
12-06-2020,213.6,5,3,33.58,1,0,4,6,2020
13-06-2020,114.6,5,3,90.44,0,0,5,6,2020
14-06-2020,152.2,5,3,86.43,1,0,6,6,2020
15-06-2020,127.5,5,3,73.24,0,0,0,6,2020
16-06-2020,112.5,5,3,89.18,0,0,1,6,2020
17-06-2020,188.6,5,3,20.66,0,0,2,6,2020
18-06-2020,161.9,5,3,46.02,0,0,3,6,2020
19-06-2020,122.2,5,3,95.24,1,0,4,6,2020
20-06-2020,180.9,5,3,10.53,0,0,5,6,2020
21-06-2020,148.1,5,3,42.27,0,0,6,6,2020
22-06-2020,92.6,5,3,98.65,0,0,0,6,2020
23-06-2020,165.0,5,3,19.89,0,0,1,6,2020
24-06-2020,199.1,5,3,34.99,1,0,2,6,2020
25-06-2020,139.1,5,3,91.29,1,0,3,6,2020
26-06-2020,135.6,5,3,65.9,0,0,4,6,2020
27-06-2020,128.9,5,3,75.45,0,0,5,6,2020
28-06-2020,126.1,5,3,72.76,0,0,6,6,2020
29-06-2020,180.1,5,3,33.33,0,0,0,6,2020
30-06-2020,135.8,5,3,89.7,0,1,1,6,2020
01-07-2020,137.9,5,3,45.25,1,0,2,7,2020
02-07-2020,104.0,5,3,61.69,0,0,3,7,2020
03-07-2020,93.2,5,3,73.57,0,0,4,7,2020
04-07-2020,138.1,5,3,33.14,0,0,5,7,2020
05-07-2020,132.2,5,3,40.01,1,0,6,7,2020
06-07-2020,146.5,5,3,20.67,1,0,0,7,2020
07-07-2020,83.0,5,3,71.29,0,0,1,7,2020
08-07-2020,111.9,5,3,47.93,1,0,2,7,2020
09-07-2020,129.3,5,3,33.92,0,0,3,7,2020
10-07-2020,146.8,5,3,12.41,0,0,4,7,2020
11-07-2020,110.3,5,3,77.21,1,0,5,7,2020
12-07-2020,113.4,5,3,41.11,0,0,6,7,2020
13-07-2020,213.3,5,3,21.36,1,1,0,7,2020
01-01-2020,150.8,5,4,87.17,0,0,2,1,2020
02-01-2020,255.5,5,4,29.17,1,0,3,1,2020
03-01-2020,210.3,5,4,58.94,1,0,4,1,2020
04-01-2020,296.9,5,4,16.97,0,1,5,1,2020
05-01-2020,123.7,5,4,97.77,0,0,6,1,2020
06-01-2020,213.7,5,4,19.05,0,0,0,1,2020
07-01-2020,160.2,5,4,83.45,0,0,1,1,2020
08-01-2020,157.1,5,4,96.9,1,0,2,1,2020
09-01-2020,168.3,5,4,55.11,0,0,3,1,2020
10-01-2020,248.7,5,4,29.6,1,0,4,1,2020
11-01-2020,185.8,5,4,60.89,0,0,5,1,2020
12-01-2020,185.8,5,4,54.89,0,0,6,1,2020
13-01-2020,268.3,5,4,16.28,1,0,0,1,2020
14-01-2020,211.7,5,4,45.35,0,0,1,1,2020
15-01-2020,229.6,5,4,22.8,0,0,2,1,2020
16-01-2020,185.2,5,4,79.41,1,0,3,1,2020
17-01-2020,288.8,5,4,26.68,0,1,4,1,2020
18-01-2020,203.9,5,4,37.75,0,0,5,1,2020
19-01-2020,234.1,5,4,24.3,0,0,6,1,2020
20-01-2020,260.2,5,4,43.27,0,1,0,1,2020
21-01-2020,223.2,5,4,16.22,0,0,1,1,2020
22-01-2020,148.7,5,4,99.55,1,0,2,1,2020
23-01-2020,171.8,5,4,96.95,1,0,3,1,2020
24-01-2020,160.7,5,4,80.68,0,0,4,1,2020
25-01-2020,213.4,5,4,26.32,0,0,5,1,2020
26-01-2020,237.7,5,4,14.3,0,0,6,1,2020
27-01-2020,149.0,5,4,77.6,0,0,0,1,2020
28-01-2020,219.4,5,4,17.97,0,0,1,1,2020
29-01-2020,243.0,5,4,12.6,0,0,2,1,2020
30-01-2020,216.1,5,4,25.18,0,0,3,1,2020
31-01-2020,219.2,5,4,24.17,0,0,4,1,2020
01-02-2020,274.0,5,4,28.47,0,0,5,2,2020
02-02-2020,257.3,5,4,16.9,0,0,6,2,2020
03-02-2020,286.0,5,4,25.76,1,0,0,2,2020
04-02-2020,196.9,5,4,83.9,1,0,1,2,2020
05-02-2020,296.7,5,4,41.92,0,1,2,2,2020
06-02-2020,228.8,5,4,44.04,0,0,3,2,2020
07-02-2020,237.3,5,4,26.14,0,0,4,2,2020
08-02-2020,225.3,5,4,49.52,0,0,5,2,2020
09-02-2020,236.2,5,4,76.16,1,0,6,2,2020
10-02-2020,288.7,5,4,25.84,1,0,0,2,2020
11-02-2020,263.5,5,4,21.53,0,0,1,2,2020
12-02-2020,153.1,5,4,91.2,0,0,2,2,2020
13-02-2020,172.6,5,4,90.32,0,0,3,2,2020
14-02-2020,239.9,5,4,90.76,1,1,4,2,2020
15-02-2020,199.9,5,4,57.58,0,0,5,2,2020
16-02-2020,237.6,5,4,62.57,1,0,6,2,2020
17-02-2020,203.8,5,4,90.4,0,1,0,2,2020
18-02-2020,201.5,5,4,50.26,0,0,1,2,2020
19-02-2020,317.4,5,4,14.45,1,0,2,2,2020
20-02-2020,242.3,5,4,14.32,0,0,3,2,2020
21-02-2020,281.7,5,4,26.31,1,0,4,2,2020
22-02-2020,271.2,5,4,23.21,0,0,5,2,2020
23-02-2020,300.9,5,4,26.53,1,0,6,2,2020
24-02-2020,211.0,5,4,76.98,1,0,0,2,2020
25-02-2020,201.9,5,4,63.91,0,0,1,2,2020
26-02-2020,310.2,5,4,19.66,1,0,2,2,2020
27-02-2020,136.8,5,4,91.75,0,0,3,2,2020
28-02-2020,217.3,5,4,45.56,0,0,4,2,2020
29-02-2020,227.1,5,4,44.89,0,0,5,2,2020
01-03-2020,157.0,5,4,88.53,0,0,6,3,2020
02-03-2020,277.4,5,4,14.56,0,0,0,3,2020
03-03-2020,217.9,5,4,53.82,0,0,1,3,2020
04-03-2020,182.2,5,4,75.93,0,0,2,3,2020
05-03-2020,286.9,5,4,15.01,0,0,3,3,2020
06-03-2020,274.1,5,4,23.56,0,0,4,3,2020
07-03-2020,201.2,5,4,94.69,1,0,5,3,2020
08-03-2020,214.1,5,4,59.46,0,0,6,3,2020
09-03-2020,343.0,5,4,30.99,0,1,0,3,2020
10-03-2020,315.4,5,4,21.76,1,0,1,3,2020
11-03-2020,175.5,5,4,80.33,0,0,2,3,2020
12-03-2020,243.7,5,4,45.52,0,0,3,3,2020
13-03-2020,279.3,5,4,16.77,0,0,4,3,2020
14-03-2020,179.6,5,4,99.97,1,0,5,3,2020
15-03-2020,158.0,5,4,85.29,0,0,6,3,2020
16-03-2020,237.4,5,4,98.63,1,1,0,3,2020
17-03-2020,197.7,5,4,72.13,0,0,1,3,2020
18-03-2020,158.3,5,4,95.71,0,0,2,3,2020
19-03-2020,254.2,5,4,12.36,0,0,3,3,2020
20-03-2020,194.0,5,4,76.62,0,0,4,3,2020
21-03-2020,216.7,5,4,56.17,0,0,5,3,2020
22-03-2020,159.4,5,4,94.68,0,0,6,3,2020
23-03-2020,291.5,5,4,29.57,1,0,0,3,2020
24-03-2020,257.8,5,4,26.1,0,0,1,3,2020
25-03-2020,259.8,5,4,53.61,1,0,2,3,2020
26-03-2020,181.7,5,4,91.17,1,0,3,3,2020
27-03-2020,195.6,5,4,75.64,0,0,4,3,2020
28-03-2020,225.9,5,4,42.88,0,0,5,3,2020
29-03-2020,247.9,5,4,83.84,1,1,6,3,2020
30-03-2020,186.9,5,4,78,0,0,0,3,2020
31-03-2020,262.1,5,4,20.67,0,0,1,3,2020
01-04-2020,296.3,5,4,31.63,1,0,2,4,2020
02-04-2020,232.0,5,4,38.62,0,0,3,4,2020
03-04-2020,262.9,5,4,13.34,0,0,4,4,2020
04-04-2020,264.9,5,4,17.23,0,0,5,4,2020
05-04-2020,317.0,5,4,18.06,1,0,6,4,2020
06-04-2020,306.6,5,4,39.05,0,1,0,4,2020
07-04-2020,189.4,5,4,64.5,0,0,1,4,2020
08-04-2020,243.8,5,4,28.91,0,0,2,4,2020
09-04-2020,246.3,5,4,29.68,0,0,3,4,2020
10-04-2020,215.1,5,4,82.62,1,0,4,4,2020
11-04-2020,219.2,5,4,50.26,0,0,5,4,2020
12-04-2020,201.1,5,4,83.21,1,0,6,4,2020
13-04-2020,205.5,5,4,65.46,0,0,0,4,2020
14-04-2020,186.4,5,4,91.31,1,0,1,4,2020
15-04-2020,252.1,5,4,34.69,0,0,2,4,2020
16-04-2020,224.4,5,4,82.97,1,0,3,4,2020
17-04-2020,265.0,5,4,13.67,0,0,4,4,2020
18-04-2020,195.7,5,4,82.37,1,0,5,4,2020
19-04-2020,284.4,5,4,12.74,0,0,6,4,2020
20-04-2020,299.6,5,4,26.61,1,0,0,4,2020
21-04-2020,189.1,5,4,73.51,0,0,1,4,2020
22-04-2020,274.6,5,4,75.73,1,1,2,4,2020
23-04-2020,308.5,5,4,27.19,1,0,3,4,2020
24-04-2020,159.3,5,4,93.22,0,0,4,4,2020
25-04-2020,147.2,5,4,89.52,0,0,5,4,2020
26-04-2020,273.8,5,4,15.57,0,0,6,4,2020
27-04-2020,267.5,5,4,22.4,0,0,0,4,2020
28-04-2020,161.6,5,4,79.51,0,0,1,4,2020
29-04-2020,201.8,5,4,89.35,1,0,2,4,2020
30-04-2020,205.2,5,4,62.51,0,0,3,4,2020
01-05-2020,281.6,5,4,31.53,0,1,4,5,2020
02-05-2020,214.9,5,4,50.82,1,0,5,5,2020
03-05-2020,115.0,5,4,97.73,0,0,6,5,2020
04-05-2020,191.3,5,4,58.66,0,0,0,5,2020
05-05-2020,138.8,5,4,88.4,0,0,1,5,2020
06-05-2020,197.1,5,4,61.77,1,0,2,5,2020
07-05-2020,225.0,5,4,28.94,0,0,3,5,2020
08-05-2020,217.9,5,4,53.72,1,0,4,5,2020
09-05-2020,185.2,5,4,55.11,0,0,5,5,2020
10-05-2020,176.4,5,4,58.1,0,0,6,5,2020
11-05-2020,145.9,5,4,81.44,0,0,0,5,2020
12-05-2020,181.7,5,4,56,0,0,1,5,2020
13-05-2020,123.8,5,4,99.47,0,0,2,5,2020
14-05-2020,236.3,5,4,17.04,0,0,3,5,2020
15-05-2020,281.3,5,4,18.16,1,0,4,5,2020
16-05-2020,218.5,5,4,16.9,0,0,5,5,2020
17-05-2020,188.1,5,4,85.34,1,0,6,5,2020
18-05-2020,163.3,5,4,72.49,0,0,0,5,2020
19-05-2020,214.9,5,4,22.93,0,0,1,5,2020
20-05-2020,233.2,5,4,12.85,0,0,2,5,2020
21-05-2020,180.8,5,4,82.93,1,0,3,5,2020
22-05-2020,228.3,5,4,17.52,0,0,4,5,2020
23-05-2020,248.4,5,4,10.84,0,0,5,5,2020
24-05-2020,155.2,5,4,99.76,1,0,6,5,2020
25-05-2020,139.9,5,4,79.7,0,0,0,5,2020
26-05-2020,192.3,5,4,48.45,0,0,1,5,2020
27-05-2020,150.9,5,4,71.47,0,0,2,5,2020
28-05-2020,195.8,5,4,74.04,0,1,3,5,2020
29-05-2020,145.7,5,4,99.24,1,0,4,5,2020
30-05-2020,161.7,5,4,67.18,0,0,5,5,2020
31-05-2020,216.2,5,4,55.83,1,0,6,5,2020
01-06-2020,140.8,5,4,79.1,0,0,0,6,2020
02-06-2020,214.2,5,4,38.91,0,1,1,6,2020
03-06-2020,176.5,5,4,31.69,0,0,2,6,2020
04-06-2020,176.0,5,4,17.42,0,0,3,6,2020
05-06-2020,223.5,5,4,12.19,1,0,4,6,2020
06-06-2020,119.9,5,4,77.52,0,0,5,6,2020
07-06-2020,125.1,5,4,86.97,0,0,6,6,2020
08-06-2020,165.2,5,4,18.93,0,0,0,6,2020
09-06-2020,182.2,5,4,61.18,1,0,1,6,2020
10-06-2020,126.6,5,4,67.7,0,0,2,6,2020
11-06-2020,115.6,5,4,98.73,1,0,3,6,2020
12-06-2020,111.2,5,4,87.22,0,0,4,6,2020
13-06-2020,118.6,5,4,95.72,0,0,5,6,2020
14-06-2020,181.9,5,4,12.61,0,0,6,6,2020
15-06-2020,161.9,5,4,69.45,0,1,0,6,2020
16-06-2020,148.0,5,4,46.85,0,0,1,6,2020
17-06-2020,127.6,5,4,70.17,0,0,2,6,2020
18-06-2020,142.7,5,4,57.5,0,0,3,6,2020
19-06-2020,199.4,5,4,22.69,0,0,4,6,2020
20-06-2020,159.4,5,4,49.42,0,0,5,6,2020
21-06-2020,121.8,5,4,90.48,1,0,6,6,2020
22-06-2020,188.9,5,4,39.41,1,0,0,6,2020
23-06-2020,199.0,5,4,52.53,1,0,1,6,2020
24-06-2020,222.8,5,4,24.54,1,0,2,6,2020
25-06-2020,133.0,5,4,53.34,0,0,3,6,2020
26-06-2020,178.9,5,4,57,0,1,4,6,2020
27-06-2020,212.0,5,4,31.14,1,0,5,6,2020
28-06-2020,105.4,5,4,71.99,0,0,6,6,2020
29-06-2020,198.1,5,4,34.74,1,0,0,6,2020
30-06-2020,106.2,5,4,89,0,0,1,6,2020
01-07-2020,85.2,5,4,89.05,0,0,2,7,2020
02-07-2020,91.6,5,4,75.23,0,0,3,7,2020
03-07-2020,150.4,5,4,37.03,1,0,4,7,2020
04-07-2020,129.6,5,4,26.8,0,0,5,7,2020
05-07-2020,144.3,5,4,11.26,0,0,6,7,2020
06-07-2020,131.0,5,4,39.06,0,0,0,7,2020
07-07-2020,130.4,5,4,72.59,0,1,1,7,2020
08-07-2020,132.9,5,4,22.87,0,0,2,7,2020
09-07-2020,128.8,5,4,23.42,0,0,3,7,2020
10-07-2020,133.9,5,4,22.43,0,0,4,7,2020
11-07-2020,83.1,5,4,72.19,0,0,5,7,2020
12-07-2020,112.0,5,4,46.92,0,0,6,7,2020
13-07-2020,144.2,5,4,37.2,1,0,0,7,2020
