synthetic_sales_data.csv
date,sales,store_id,product_id,price,promotion,holiday,weekday,month,year
01-01-2020,223.4,5,5,27.79,0,0,2,1,2020
02-01-2020,160.6,5,5,67.96,0,0,3,1,2020
03-01-2020,211.8,5,5,22.52,0,0,4,1,2020
04-01-2020,124.8,5,5,89.74,0,0,5,1,2020
05-01-2020,155.1,5,5,76.08,0,0,6,1,2020
06-01-2020,263.8,5,5,19.45,1,0,0,1,2020
07-01-2020,139.4,5,5,77.71,0,0,1,1,2020
08-01-2020,136.5,5,5,80.8,0,0,2,1,2020
09-01-2020,149.1,5,5,92.73,0,0,3,1,2020
10-01-2020,268.3,5,5,16.63,1,0,4,1,2020
11-01-2020,181.0,5,5,44.3,0,0,5,1,2020
12-01-2020,205.1,5,5,29.67,0,0,6,1,2020
13-01-2020,229.8,5,5,10.99,0,0,0,1,2020
14-01-2020,173.1,5,5,67.92,0,0,1,1,2020
15-01-2020,146.8,5,5,90.86,0,0,2,1,2020
16-01-2020,142.5,5,5,88.84,0,0,3,1,2020
17-01-2020,243.8,5,5,10.31,0,0,4,1,2020
18-01-2020,350.3,5,5,19.41,1,1,5,1,2020
19-01-2020,186.8,5,5,69.06,1,0,6,1,2020
20-01-2020,255.6,5,5,30.16,1,0,0,1,2020
21-01-2020,155.8,5,5,75.48,0,0,1,1,2020
22-01-2020,265.6,5,5,62.76,1,1,2,1,2020
23-01-2020,203.1,5,5,32.94,0,0,3,1,2020
24-01-2020,285.1,5,5,11.21,1,0,4,1,2020
25-01-2020,205.9,5,5,45.91,0,0,5,1,2020
26-01-2020,116.5,5,5,94.29,0,0,6,1,2020
27-01-2020,153.8,5,5,83.69,0,0,0,1,2020
28-01-2020,195.8,5,5,75.3,1,0,1,1,2020
29-01-2020,249.7,5,5,34,1,0,2,1,2020
30-01-2020,357.8,5,5,15.68,1,1,3,1,2020
31-01-2020,231.3,5,5,12.89,0,0,4,1,2020
01-02-2020,166.4,5,5,98.97,1,0,5,2,2020
02-02-2020,218.7,5,5,44.01,0,0,6,2,2020
03-02-2020,192.4,5,5,61.32,0,0,0,2,2020
04-02-2020,173.7,5,5,82.67,0,0,1,2,2020
05-02-2020,246.7,5,5,33.79,0,0,2,2,2020
06-02-2020,295.0,5,5,29.19,1,0,3,2,2020
07-02-2020,297.6,5,5,43.41,0,1,4,2,2020
08-02-2020,223.9,5,5,69.51,1,0,5,2,2020
09-02-2020,186.2,5,5,57.35,0,0,6,2,2020
10-02-2020,272.8,5,5,43.06,1,0,0,2,2020
11-02-2020,218.1,5,5,35.9,0,0,1,2,2020
12-02-2020,194.1,5,5,93.46,1,0,2,2,2020
13-02-2020,202.0,5,5,87.54,0,1,3,2,2020
14-02-2020,198.2,5,5,96.57,0,1,4,2,2020
15-02-2020,152.4,5,5,96.15,0,0,5,2,2020
16-02-2020,254.9,5,5,28.93,0,0,6,2,2020
17-02-2020,203.3,5,5,57.02,0,0,0,2,2020
18-02-2020,174.2,5,5,76.6,0,0,1,2,2020
19-02-2020,287.6,5,5,25.97,1,0,2,2,2020
20-02-2020,168.9,5,5,80.41,0,0,3,2,2020
21-02-2020,141.8,5,5,95.52,0,0,4,2,2020
22-02-2020,218.7,5,5,51.7,0,0,5,2,2020
23-02-2020,174.5,5,5,74.57,0,0,6,2,2020
24-02-2020,272.5,5,5,37.85,1,0,0,2,2020
25-02-2020,254.2,5,5,49.4,1,0,1,2,2020
26-02-2020,397.5,5,5,21.53,1,1,2,2,2020
27-02-2020,299.4,5,5,22.21,1,0,3,2,2020
28-02-2020,230.0,5,5,40.11,0,0,4,2,2020
29-02-2020,203.9,5,5,62.99,0,0,5,2,2020
01-03-2020,223.2,5,5,76.62,1,0,6,3,2020
02-03-2020,225.6,5,5,76.51,1,0,0,3,2020
03-03-2020,176.0,5,5,79.9,0,0,1,3,2020
04-03-2020,188.6,5,5,73.33,0,0,2,3,2020
05-03-2020,239.3,5,5,39.91,0,0,3,3,2020
06-03-2020,221.1,5,5,90.88,0,1,4,3,2020
07-03-2020,284.6,5,5,16.43,0,0,5,3,2020
08-03-2020,223.4,5,5,54.45,0,0,6,3,2020
09-03-2020,167.5,5,5,94.22,0,0,0,3,2020
10-03-2020,178.7,5,5,87.24,0,0,1,3,2020
11-03-2020,186.5,5,5,80.34,0,0,2,3,2020
12-03-2020,175.0,5,5,77.3,0,0,3,3,2020
13-03-2020,202.8,5,5,66.99,0,0,4,3,2020
14-03-2020,292.9,5,5,40.28,1,0,5,3,2020
15-03-2020,249.0,5,5,36.75,0,0,6,3,2020
16-03-2020,234.7,5,5,43.54,0,0,0,3,2020
17-03-2020,209.4,5,5,95.47,0,1,1,3,2020
18-03-2020,247.0,5,5,22.01,0,0,2,3,2020
19-03-2020,257.4,5,5,22.67,0,0,3,3,2020
20-03-2020,328.2,5,5,35.61,0,1,4,3,2020
21-03-2020,260.8,5,5,38.19,0,0,5,3,2020
22-03-2020,332.8,5,5,26.47,0,1,6,3,2020
23-03-2020,274.4,5,5,11.38,0,0,0,3,2020
24-03-2020,248.0,5,5,66.41,0,1,1,3,2020
25-03-2020,244.5,5,5,26.91,0,0,2,3,2020
26-03-2020,290.0,5,5,29.65,1,0,3,3,2020
27-03-2020,170.6,5,5,79.35,0,0,4,3,2020
28-03-2020,272.7,5,5,16.17,0,0,5,3,2020
29-03-2020,208.9,5,5,61.5,0,0,6,3,2020
30-03-2020,274.4,5,5,12.85,0,0,0,3,2020
31-03-2020,145.3,5,5,97.23,0,0,1,3,2020
01-04-2020,213.6,5,5,61.92,0,0,2,4,2020
02-04-2020,141.1,5,5,98.11,0,0,3,4,2020
03-04-2020,254.3,5,5,21.34,0,0,4,4,2020
04-04-2020,260.3,5,5,51.62,1,0,5,4,2020
05-04-2020,261.5,5,5,21.83,0,0,6,4,2020
06-04-2020,254.0,5,5,18.38,0,0,0,4,2020
07-04-2020,230.8,5,5,44.23,0,0,1,4,2020
08-04-2020,164.1,5,5,83.02,0,0,2,4,2020
09-04-2020,236.1,5,5,36.42,0,0,3,4,2020
10-04-2020,298.7,5,5,19.43,1,0,4,4,2020
11-04-2020,167.3,5,5,90.37,0,0,5,4,2020
12-04-2020,289.6,5,5,45.24,0,1,6,4,2020
13-04-2020,182.6,5,5,89.27,1,0,0,4,2020
14-04-2020,251.0,5,5,26.69,0,0,1,4,2020
15-04-2020,194.2,5,5,64.75,0,0,2,4,2020
16-04-2020,209.1,5,5,80.04,1,0,3,4,2020
17-04-2020,168.1,5,5,96.48,1,0,4,4,2020
18-04-2020,257.3,5,5,11.42,0,0,5,4,2020
19-04-2020,244.1,5,5,35.92,0,0,6,4,2020
20-04-2020,439.6,5,5,11.71,1,1,0,4,2020
21-04-2020,209.7,5,5,77.45,1,0,1,4,2020
22-04-2020,147.1,5,5,97.41,0,0,2,4,2020
23-04-2020,226.1,5,5,40.78,0,0,3,4,2020
24-04-2020,168.8,5,5,77.39,0,0,4,4,2020
25-04-2020,267.4,5,5,52.75,0,1,5,4,2020
26-04-2020,177.3,5,5,69.4,0,0,6,4,2020
27-04-2020,288.0,5,5,63.47,1,1,0,4,2020
28-04-2020,344.0,5,5,14.41,0,1,1,4,2020
29-04-2020,259.7,5,5,20.98,0,0,2,4,2020
30-04-2020,155.8,5,5,93.75,0,0,3,4,2020
01-05-2020,114.5,5,5,88.99,0,0,4,5,2020
02-05-2020,212.5,5,5,19.94,0,0,5,5,2020
03-05-2020,219.8,5,5,17.51,0,0,6,5,2020
04-05-2020,227.7,5,5,44.42,1,0,0,5,2020
05-05-2020,147.6,5,5,81.73,0,0,1,5,2020
06-05-2020,137.2,5,5,98.88,1,0,2,5,2020
07-05-2020,254.0,5,5,31.3,1,0,3,5,2020
08-05-2020,136.3,5,5,90.12,0,0,4,5,2020
09-05-2020,130.5,5,5,97.59,0,0,5,5,2020
10-05-2020,373.4,5,5,13.17,1,1,6,5,2020
11-05-2020,304.9,5,5,40.86,1,1,0,5,2020
12-05-2020,219.0,5,5,51,1,0,1,5,2020
13-05-2020,131.0,5,5,88.53,0,0,2,5,2020
14-05-2020,201.4,5,5,24.56,0,0,3,5,2020
15-05-2020,205.5,5,5,66.59,1,0,4,5,2020
16-05-2020,169.4,5,5,83.8,1,0,5,5,2020
17-05-2020,126.7,5,5,99.66,0,0,6,5,2020
18-05-2020,134.3,5,5,86.49,0,0,0,5,2020
19-05-2020,228.0,5,5,34.36,0,0,1,5,2020
20-05-2020,228.5,5,5,20.84,0,0,2,5,2020
21-05-2020,155.6,5,5,92.92,1,0,3,5,2020
22-05-2020,220.3,5,5,28.5,0,0,4,5,2020
23-05-2020,140.9,5,5,82.34,0,0,5,5,2020
24-05-2020,133.1,5,5,86.85,0,0,6,5,2020
25-05-2020,166.7,5,5,58.65,0,0,0,5,2020
26-05-2020,218.3,5,5,23.36,0,0,1,5,2020
27-05-2020,196.6,5,5,48.73,0,0,2,5,2020
28-05-2020,230.3,5,5,61.16,0,1,3,5,2020
29-05-2020,272.2,5,5,14.1,1,0,4,5,2020
30-05-2020,183.4,5,5,60.08,0,0,5,5,2020
31-05-2020,140.2,5,5,88.29,0,0,6,5,2020
01-06-2020,206.6,5,5,29.92,1,0,0,6,2020
02-06-2020,217.3,5,5,13.01,1,0,1,6,2020
03-06-2020,206.4,5,5,39.3,1,0,2,6,2020
04-06-2020,197.3,5,5,10.75,0,0,3,6,2020
05-06-2020,148.7,5,5,53.08,0,0,4,6,2020
06-06-2020,149.7,5,5,46.49,0,0,5,6,2020
07-06-2020,152.5,5,5,42.11,0,0,6,6,2020
08-06-2020,193.0,5,5,22.54,0,0,0,6,2020
09-06-2020,145.6,5,5,51.03,0,0,1,6,2020
10-06-2020,170.8,5,5,35.7,0,0,2,6,2020
11-06-2020,132.4,5,5,73.94,0,0,3,6,2020
12-06-2020,193.7,5,5,37.88,1,0,4,6,2020
13-06-2020,194.0,5,5,34.44,1,0,5,6,2020
14-06-2020,258.7,5,5,13.24,0,1,6,6,2020
15-06-2020,95.5,5,5,95.89,0,0,0,6,2020
16-06-2020,123.9,5,5,83.05,0,0,1,6,2020
17-06-2020,264.1,5,5,10.22,0,1,2,6,2020
18-06-2020,182.3,5,5,41.53,1,0,3,6,2020
19-06-2020,223.9,5,5,18.81,1,0,4,6,2020
20-06-2020,149.8,5,5,56.05,0,0,5,6,2020
21-06-2020,140.4,5,5,85.53,0,1,6,6,2020
22-06-2020,136.3,5,5,66.07,0,0,0,6,2020
23-06-2020,153.6,5,5,61.03,0,0,1,6,2020
24-06-2020,132.6,5,5,83.04,0,0,2,6,2020
25-06-2020,206.4,5,5,44.58,0,1,3,6,2020
26-06-2020,155.9,5,5,50.41,0,0,4,6,2020
27-06-2020,165.2,5,5,38.31,0,0,5,6,2020
28-06-2020,162.6,5,5,33.31,0,0,6,6,2020
29-06-2020,161.5,5,5,30.74,0,0,0,6,2020
30-06-2020,180.1,5,5,69.98,0,1,1,6,2020
01-07-2020,100.3,5,5,98.24,1,0,2,7,2020
02-07-2020,75.0,5,5,97.69,0,0,3,7,2020
03-07-2020,126.6,5,5,91.75,1,1,4,7,2020
04-07-2020,195.8,5,5,11.71,0,1,5,7,2020
05-07-2020,90.1,5,5,96.69,1,0,6,7,2020
06-07-2020,93.2,5,5,73.96,0,0,0,7,2020
07-07-2020,131.4,5,5,69.75,0,1,1,7,2020
08-07-2020,112.1,5,5,57.86,0,0,2,7,2020
09-07-2020,142.5,5,5,23,0,0,3,7,2020
10-07-2020,88.2,5,5,57.06,0,0,4,7,2020
11-07-2020,106.4,5,5,25.85,0,0,5,7,2020
12-07-2020,140.7,5,5,67.06,1,1,6,7,2020
13-07-2020,106.1,5,5,72.21,0,0,0,7,2020
01-01-2020,202.7,6,1,73.9,1,0,2,1,2020
02-01-2020,181.8,6,1,61.4,0,0,3,1,2020
03-01-2020,206.3,6,1,25.24,0,0,4,1,2020
04-01-2020,236.7,6,1,16,0,0,5,1,2020
05-01-2020,218.7,6,1,38.47,0,0,6,1,2020
06-01-2020,148.3,6,1,70.08,0,0,0,1,2020
07-01-2020,158.5,6,1,65.84,0,0,1,1,2020
08-01-2020,273.2,6,1,27.5,1,0,2,1,2020
09-01-2020,136.1,6,1,97.96,0,0,3,1,2020
10-01-2020,181.2,6,1,57.3,0,0,4,1,2020
11-01-2020,224.3,6,1,18.78,0,0,5,1,2020
12-01-2020,170.0,6,1,90.98,1,0,6,1,2020
13-01-2020,215.1,6,1,21.49,0,0,0,1,2020
14-01-2020,193.0,6,1,32.69,0,0,1,1,2020
15-01-2020,170.5,6,1,72.65,0,0,2,1,2020
16-01-2020,223.0,6,1,30.15,0,0,3,1,2020
17-01-2020,134.0,6,1,97.52,0,0,4,1,2020
18-01-2020,180.5,6,1,85.79,1,0,5,1,2020
19-01-2020,223.8,6,1,56.39,0,1,6,1,2020
20-01-2020,129.0,6,1,99.21,1,0,0,1,2020
21-01-2020,163.7,6,1,76.28,0,0,1,1,2020
22-01-2020,223.0,6,1,15.59,0,0,2,1,2020
23-01-2020,143.8,6,1,87.56,0,0,3,1,2020
24-01-2020,134.4,6,1,96.09,0,0,4,1,2020
25-01-2020,179.8,6,1,82.24,1,0,5,1,2020
26-01-2020,184.6,6,1,64.34,0,0,6,1,2020
27-01-2020,227.6,6,1,19.59,0,0,0,1,2020
28-01-2020,154.0,6,1,68.22,0,0,1,1,2020
29-01-2020,220.0,6,1,22.79,0,0,2,1,2020
30-01-2020,208.5,6,1,34.89,0,0,3,1,2020
31-01-2020,187.2,6,1,47.58,0,0,4,1,2020
01-02-2020,207.0,6,1,89.85,0,1,5,2,2020
02-02-2020,237.0,6,1,37.14,0,0,6,2,2020
03-02-2020,214.7,6,1,55.25,0,0,0,2,2020
04-02-2020,235.0,6,1,40.79,0,0,1,2,2020
05-02-2020,328.2,6,1,47.68,1,1,2,2,2020
06-02-2020,248.7,6,1,23.21,0,0,3,2,2020
07-02-2020,266.4,6,1,18.39,0,0,4,2,2020
08-02-2020,207.1,6,1,58.97,0,0,5,2,2020
09-02-2020,170.4,6,1,96.82,1,0,6,2,2020
10-02-2020,147.8,6,1,93.29,0,0,0,2,2020
11-02-2020,301.6,6,1,21.32,1,0,1,2,2020
12-02-2020,225.9,6,1,37.17,0,0,2,2,2020
13-02-2020,178.5,6,1,78.11,0,0,3,2,2020
14-02-2020,160.3,6,1,74.87,0,0,4,2,2020
15-02-2020,225.0,6,1,34.65,0,0,5,2,2020
16-02-2020,203.6,6,1,81.62,1,0,6,2,2020
17-02-2020,164.0,6,1,99.56,1,0,0,2,2020
18-02-2020,200.6,6,1,69.57,0,0,1,2,2020
19-02-2020,255.7,6,1,16.51,0,0,2,2,2020
20-02-2020,259.4,6,1,21.07,0,0,3,2,2020
21-02-2020,190.9,6,1,90.15,1,0,4,2,2020
22-02-2020,189.1,6,1,71.6,0,0,5,2,2020
23-02-2020,190.3,6,1,81.66,1,0,6,2,2020
24-02-2020,228.3,6,1,38.63,0,0,0,2,2020
25-02-2020,231.5,6,1,38.15,0,0,1,2,2020
26-02-2020,225.1,6,1,38.34,0,0,2,2,2020
27-02-2020,213.1,6,1,55.27,0,0,3,2,2020
28-02-2020,204.5,6,1,54.19,0,0,4,2,2020
29-02-2020,232.8,6,1,31.71,0,0,5,2,2020
01-03-2020,391.5,6,1,12.61,0,1,6,3,2020
02-03-2020,234.2,6,1,73.05,1,0,0,3,2020
03-03-2020,267.5,6,1,31.69,0,0,1,3,2020
04-03-2020,302.9,6,1,49.15,0,1,2,3,2020
05-03-2020,274.2,6,1,31.91,0,0,3,3,2020
06-03-2020,148.4,6,1,95.06,0,0,4,3,2020
07-03-2020,249.9,6,1,62.33,1,0,5,3,2020
08-03-2020,280.9,6,1,56.99,0,1,6,3,2020
09-03-2020,154.6,6,1,87.83,0,0,0,3,2020
10-03-2020,339.7,6,1,24.25,0,1,1,3,2020
11-03-2020,180.1,6,1,77.62,0,0,2,3,2020
12-03-2020,340.0,6,1,23.52,0,1,3,3,2020
13-03-2020,196.3,6,1,95.12,1,0,4,3,2020
14-03-2020,230.2,6,1,38.22,0,0,5,3,2020
15-03-2020,235.0,6,1,47.2,0,0,6,3,2020
16-03-2020,177.8,6,1,93.56,1,0,0,3,2020
17-03-2020,272.6,6,1,59.96,1,0,1,3,2020
18-03-2020,260.2,6,1,51.53,1,0,2,3,2020
19-03-2020,235.4,6,1,41.24,0,0,3,3,2020
20-03-2020,155.1,6,1,99.26,0,0,4,3,2020
21-03-2020,205.2,6,1,67.04,0,0,5,3,2020
22-03-2020,243.1,6,1,31.59,0,0,6,3,2020
23-03-2020,298.9,6,1,42.05,1,0,0,3,2020
24-03-2020,205.9,6,1,51.86,0,0,1,3,2020
25-03-2020,183.3,6,1,81.45,0,0,2,3,2020
26-03-2020,290.6,6,1,12.88,0,0,3,3,2020
27-03-2020,190.5,6,1,80.4,0,0,4,3,2020
28-03-2020,194.8,6,1,67.84,0,0,5,3,2020
29-03-2020,216.2,6,1,50.51,0,0,6,3,2020
30-03-2020,179.5,6,1,69.86,0,0,0,3,2020
31-03-2020,147.3,6,1,97.85,0,0,1,3,2020
01-04-2020,292.7,6,1,29.91,1,0,2,4,2020
02-04-2020,242.5,6,1,71.65,1,0,3,4,2020
03-04-2020,200.4,6,1,61.82,0,0,4,4,2020
04-04-2020,210.1,6,1,66.79,0,0,5,4,2020
05-04-2020,255.7,6,1,27.29,0,0,6,4,2020
06-04-2020,155.4,6,1,81.53,0,0,0,4,2020
07-04-2020,165.1,6,1,77.04,0,0,1,4,2020
08-04-2020,180.1,6,1,95.45,1,0,2,4,2020
09-04-2020,272.8,6,1,14.69,0,0,3,4,2020
10-04-2020,168.7,6,1,88.11,0,0,4,4,2020
11-04-2020,241.9,6,1,34.91,0,0,5,4,2020
12-04-2020,164.9,6,1,95.37,1,0,6,4,2020
13-04-2020,264.5,6,1,12,0,0,0,4,2020
14-04-2020,223.9,6,1,86.87,0,1,1,4,2020
15-04-2020,200.9,6,1,80.32,1,0,2,4,2020
16-04-2020,221.6,6,1,83.07,0,1,3,4,2020
17-04-2020,330.5,6,1,20.35,0,1,4,4,2020
18-04-2020,227.8,6,1,32.84,0,0,5,4,2020
19-04-2020,218.7,6,1,43.1,0,0,6,4,2020
20-04-2020,281.4,6,1,34.46,1,0,0,4,2020
21-04-2020,267.6,6,1,11.39,0,0,1,4,2020
22-04-2020,230.3,6,1,31.13,0,0,2,4,2020
23-04-2020,268.8,6,1,52.87,0,1,3,4,2020
24-04-2020,177.4,6,1,79.21,0,0,4,4,2020
25-04-2020,199.0,6,1,48.61,0,0,5,4,2020
26-04-2020,202.6,6,1,57.17,0,0,6,4,2020
27-04-2020,266.0,6,1,58.88,0,1,0,4,2020
28-04-2020,265.4,6,1,41.43,1,0,1,4,2020
29-04-2020,150.6,6,1,99.55,0,0,2,4,2020
30-04-2020,306.8,6,1,45.42,0,1,3,4,2020
01-05-2020,200.7,6,1,41.32,0,0,4,5,2020
02-05-2020,163.7,6,1,89.4,1,0,5,5,2020
03-05-2020,292.6,6,1,13.52,0,1,6,5,2020
04-05-2020,175.4,6,1,90.55,1,0,0,5,2020
05-05-2020,175.3,6,1,53.81,0,0,1,5,2020
06-05-2020,210.4,6,1,43.3,0,0,2,5,2020
07-05-2020,248.4,6,1,41.29,1,0,3,5,2020
08-05-2020,257.9,6,1,38.43,1,0,4,5,2020
09-05-2020,240.9,6,1,46.34,1,0,5,5,2020
10-05-2020,174.4,6,1,60.66,0,0,6,5,2020
11-05-2020,185.6,6,1,77.2,1,0,0,5,2020
12-05-2020,184.0,6,1,45.07,0,0,1,5,2020
13-05-2020,201.0,6,1,45.73,0,0,2,5,2020
14-05-2020,187.3,6,1,42.06,0,0,3,5,2020
15-05-2020,151.3,6,1,92.17,0,0,4,5,2020
16-05-2020,153.2,6,1,90.93,0,0,5,5,2020
17-05-2020,207.5,6,1,94.91,1,1,6,5,2020
18-05-2020,174.0,6,1,75.98,0,0,0,5,2020
19-05-2020,195.6,6,1,39.66,0,0,1,5,2020
20-05-2020,191.2,6,1,56.39,0,0,2,5,2020
21-05-2020,176.8,6,1,54.2,0,0,3,5,2020
22-05-2020,217.1,6,1,20.31,0,0,4,5,2020
23-05-2020,186.4,6,1,56.86,0,0,5,5,2020
24-05-2020,290.3,6,1,23.12,0,1,6,5,2020
25-05-2020,249.2,6,1,11.14,0,0,0,5,2020
26-05-2020,133.7,6,1,89.06,0,0,1,5,2020
27-05-2020,278.0,6,1,33.67,0,1,2,5,2020
28-05-2020,239.8,6,1,16.97,0,0,3,5,2020
29-05-2020,207.7,6,1,40.87,0,0,4,5,2020
30-05-2020,141.5,6,1,84.94,0,0,5,5,2020
31-05-2020,127.2,6,1,99.53,0,0,6,5,2020
01-06-2020,191.7,6,1,43.31,1,0,0,6,2020
02-06-2020,173.1,6,1,50.74,1,0,1,6,2020
03-06-2020,140.3,6,1,74.48,0,0,2,6,2020
04-06-2020,141.1,6,1,63.37,0,0,3,6,2020
05-06-2020,130.4,6,1,67.36,0,0,4,6,2020
06-06-2020,90.8,6,1,95.73,0,0,5,6,2020
07-06-2020,155.7,6,1,46.34,0,0,6,6,2020
08-06-2020,109.8,6,1,76.8,0,0,0,6,2020
09-06-2020,184.1,6,1,31.89,0,0,1,6,2020
10-06-2020,223.4,6,1,17.9,1,0,2,6,2020
11-06-2020,106.5,6,1,91.71,0,0,3,6,2020
12-06-2020,166.5,6,1,27.01,0,0,4,6,2020
13-06-2020,192.2,6,1,10.05,0,0,5,6,2020
14-06-2020,101.3,6,1,88.32,0,0,6,6,2020
15-06-2020,132.5,6,1,76.82,1,0,0,6,2020
16-06-2020,156.3,6,1,44.1,0,0,1,6,2020
17-06-2020,136.7,6,1,76.04,0,0,2,6,2020
18-06-2020,115.2,6,1,94.49,1,0,3,6,2020
19-06-2020,135.8,6,1,74.03,0,0,4,6,2020
20-06-2020,150.8,6,1,47.9,0,0,5,6,2020
21-06-2020,183.8,6,1,79.49,1,1,6,6,2020
22-06-2020,178.2,6,1,11.8,0,0,0,6,2020
23-06-2020,124.3,6,1,69.17,0,0,1,6,2020
24-06-2020,208.8,6,1,33.35,1,0,2,6,2020
25-06-2020,110.0,6,1,75.25,0,0,3,6,2020
26-06-2020,162.8,6,1,68.92,1,0,4,6,2020
27-06-2020,172.7,6,1,62.97,1,0,5,6,2020
28-06-2020,139.8,6,1,65.37,0,0,6,6,2020
29-06-2020,177.4,6,1,15.68,0,0,0,6,2020
30-06-2020,168.8,6,1,28.41,0,0,1,6,2020
01-07-2020,157.0,6,1,20.74,1,0,2,7,2020
02-07-2020,77.0,6,1,94.08,0,0,3,7,2020
03-07-2020,198.9,6,1,36.96,1,1,4,7,2020
04-07-2020,135.6,6,1,14.18,0,0,5,7,2020
05-07-2020,97.9,6,1,97.57,0,1,6,7,2020
06-07-2020,79.2,6,1,96.61,0,0,0,7,2020
07-07-2020,115.0,6,1,40.72,0,0,1,7,2020
08-07-2020,115.2,6,1,31.49,0,0,2,7,2020
09-07-2020,102.3,6,1,55.53,0,0,3,7,2020
10-07-2020,126.5,6,1,37.86,0,0,4,7,2020
11-07-2020,102.0,6,1,57.15,0,0,5,7,2020
12-07-2020,68.5,6,1,89.94,0,0,6,7,2020
13-07-2020,177.9,6,1,12.5,1,0,0,7,2020
