synthetic_sales_data.csv
date,sales,store_id,product_id,price,promotion,holiday,weekday,month,year
01-01-2020,141.5,6,2,89.69,0,0,2,1,2020
02-01-2020,251.7,6,2,26.32,1,0,3,1,2020
03-01-2020,251.1,6,2,32.5,1,0,4,1,2020
04-01-2020,190.4,6,2,50.58,0,0,5,1,2020
05-01-2020,172.9,6,2,63.55,0,0,6,1,2020
06-01-2020,146.1,6,2,66.48,0,0,0,1,2020
07-01-2020,175.4,6,2,59.38,0,0,1,1,2020
08-01-2020,288.1,6,2,10.23,1,0,2,1,2020
09-01-2020,233.1,6,2,10.95,0,0,3,1,2020
10-01-2020,204.9,6,2,41.18,0,0,4,1,2020
11-01-2020,198.8,6,2,63.65,1,0,5,1,2020
12-01-2020,230.0,6,2,21.78,0,0,6,1,2020
13-01-2020,277.9,6,2,16.92,1,0,0,1,2020
14-01-2020,255.9,6,2,35.72,1,0,1,1,2020
15-01-2020,154.7,6,2,73.79,0,0,2,1,2020
16-01-2020,148.5,6,2,75.83,0,0,3,1,2020
17-01-2020,160.5,6,2,72.41,0,0,4,1,2020
18-01-2020,175.7,6,2,49.41,0,0,5,1,2020
19-01-2020,168.2,6,2,63.62,0,0,6,1,2020
20-01-2020,198.8,6,2,42.39,0,0,0,1,2020
21-01-2020,139.0,6,2,92.88,0,0,1,1,2020
22-01-2020,153.4,6,2,73.34,0,0,2,1,2020
23-01-2020,128.9,6,2,93.31,0,0,3,1,2020
24-01-2020,152.8,6,2,81.37,0,0,4,1,2020
25-01-2020,114.8,6,2,98.9,0,0,5,1,2020
26-01-2020,207.3,6,2,45.5,0,0,6,1,2020
27-01-2020,188.1,6,2,52.96,0,0,0,1,2020
28-01-2020,212.8,6,2,50.7,1,0,1,1,2020
29-01-2020,164.7,6,2,69.65,0,0,2,1,2020
30-01-2020,199.0,6,2,31.08,0,0,3,1,2020
31-01-2020,286.9,6,2,15.13,1,0,4,1,2020
01-02-2020,191.5,6,2,76.56,0,0,5,2,2020
02-02-2020,266.3,6,2,16.92,0,0,6,2,2020
03-02-2020,157.8,6,2,93.3,0,0,0,2,2020
04-02-2020,164.3,6,2,79.2,0,0,1,2,2020
05-02-2020,213.6,6,2,46.76,0,0,2,2,2020
06-02-2020,272.8,6,2,44.71,1,0,3,2,2020
07-02-2020,219.5,6,2,56.22,0,0,4,2,2020
08-02-2020,210.2,6,2,73.95,1,0,5,2,2020
09-02-2020,228.5,6,2,39.76,0,0,6,2,2020
10-02-2020,155.2,6,2,90.11,0,0,0,2,2020
11-02-2020,182.4,6,2,92.31,1,0,1,2,2020
12-02-2020,300.6,6,2,23.29,1,0,2,2,2020
13-02-2020,211.1,6,2,79.64,1,0,3,2,2020
14-02-2020,181.2,6,2,90.18,1,0,4,2,2020
15-02-2020,292.8,6,2,16.11,0,0,5,2,2020
16-02-2020,237.2,6,2,66.07,1,0,6,2,2020
17-02-2020,196.6,6,2,64.44,0,0,0,2,2020
18-02-2020,185.8,6,2,94.97,1,0,1,2,2020
19-02-2020,174.4,6,2,63.82,0,0,2,2,2020
20-02-2020,157.1,6,2,84.18,0,0,3,2,2020
21-02-2020,174.2,6,2,91.54,1,0,4,2,2020
22-02-2020,225.3,6,2,63.28,0,0,5,2,2020
23-02-2020,140.3,6,2,92.72,0,0,6,2,2020
24-02-2020,250.2,6,2,59.04,1,0,0,2,2020
25-02-2020,199.8,6,2,84.93,1,0,1,2,2020
26-02-2020,271.9,6,2,55.01,0,1,2,2,2020
27-02-2020,197.9,6,2,56.52,0,0,3,2,2020
28-02-2020,210.1,6,2,48.28,0,0,4,2,2020
29-02-2020,318.8,6,2,19.79,1,0,5,2,2020
01-03-2020,168.2,6,2,87.45,0,0,6,3,2020
02-03-2020,264.3,6,2,21.94,0,0,0,3,2020
03-03-2020,252.3,6,2,21.43,0,0,1,3,2020
04-03-2020,221.7,6,2,63.82,0,0,2,3,2020
05-03-2020,203.4,6,2,97.96,1,0,3,3,2020
06-03-2020,241.8,6,2,34.57,0,0,4,3,2020
07-03-2020,209.3,6,2,68.64,0,0,5,3,2020
08-03-2020,182.2,6,2,98.61,1,0,6,3,2020
09-03-2020,226.3,6,2,46.59,0,0,0,3,2020
10-03-2020,312.9,6,2,27.59,1,0,1,3,2020
11-03-2020,165.5,6,2,81.26,0,0,2,3,2020
12-03-2020,233.6,6,2,50.54,0,0,3,3,2020
13-03-2020,341.3,6,2,13.8,1,0,4,3,2020
14-03-2020,234.5,6,2,53.22,0,0,5,3,2020
15-03-2020,217.8,6,2,63.16,0,0,6,3,2020
16-03-2020,189.8,6,2,81.95,0,0,0,3,2020
17-03-2020,345.4,6,2,11.04,1,0,1,3,2020
18-03-2020,197.8,6,2,64.15,0,0,2,3,2020
19-03-2020,164.6,6,2,97.08,0,0,3,3,2020
20-03-2020,182.1,6,2,98.02,1,0,4,3,2020
21-03-2020,276.5,6,2,20.45,0,0,5,3,2020
22-03-2020,172.1,6,2,82.35,0,0,6,3,2020
23-03-2020,244.9,6,2,41.24,0,0,0,3,2020
24-03-2020,201.3,6,2,96.92,1,0,1,3,2020
25-03-2020,180.2,6,2,76.26,0,0,2,3,2020
26-03-2020,203.3,6,2,58.61,0,0,3,3,2020
27-03-2020,227.7,6,2,57.04,0,0,4,3,2020
28-03-2020,207.1,6,2,56.69,0,0,5,3,2020
29-03-2020,194.9,6,2,65.84,0,0,6,3,2020
30-03-2020,275.3,6,2,20.63,0,0,0,3,2020
31-03-2020,259.0,6,2,56.66,1,0,1,3,2020
01-04-2020,229.5,6,2,26.79,0,0,2,4,2020
02-04-2020,309.6,6,2,31.78,0,1,3,4,2020
03-04-2020,177.7,6,2,93.3,1,0,4,4,2020
04-04-2020,265.6,6,2,17.84,0,0,5,4,2020
05-04-2020,240.4,6,2,23.87,0,0,6,4,2020
06-04-2020,165.8,6,2,86.5,0,0,0,4,2020
07-04-2020,264.5,6,2,38.94,1,0,1,4,2020
08-04-2020,176.6,6,2,67.1,0,0,2,4,2020
09-04-2020,305.6,6,2,15.72,1,0,3,4,2020
10-04-2020,248.0,6,2,31.5,0,0,4,4,2020
11-04-2020,259.3,6,2,18.2,0,0,5,4,2020
12-04-2020,243.3,6,2,61.07,1,0,6,4,2020
13-04-2020,311.6,6,2,29.74,0,1,0,4,2020
14-04-2020,217.7,6,2,77.81,1,0,1,4,2020
15-04-2020,330.2,6,2,15.9,1,0,2,4,2020
16-04-2020,170.3,6,2,88.27,0,0,3,4,2020
17-04-2020,155.7,6,2,85.35,0,0,4,4,2020
18-04-2020,213.5,6,2,78.28,1,0,5,4,2020
19-04-2020,245.2,6,2,30.89,0,0,6,4,2020
20-04-2020,233.3,6,2,32.29,0,0,0,4,2020
21-04-2020,140.5,6,2,96.05,0,0,1,4,2020
22-04-2020,158.8,6,2,83.66,0,0,2,4,2020
23-04-2020,259.4,6,2,57.2,0,1,3,4,2020
24-04-2020,150.2,6,2,96.38,0,0,4,4,2020
25-04-2020,209.7,6,2,48.41,0,0,5,4,2020
26-04-2020,225.5,6,2,86.02,0,1,6,4,2020
27-04-2020,157.1,6,2,81.51,0,0,0,4,2020
28-04-2020,196.7,6,2,82.1,1,0,1,4,2020
29-04-2020,208.6,6,2,69.69,1,0,2,4,2020
30-04-2020,283.1,6,2,39.41,1,0,3,4,2020
01-05-2020,277.3,6,2,18.49,1,0,4,5,2020
02-05-2020,251.0,6,2,12.87,0,0,5,5,2020
03-05-2020,209.5,6,2,21.33,0,0,6,5,2020
04-05-2020,217.8,6,2,61.63,0,1,0,5,2020
05-05-2020,215.0,6,2,22.74,0,0,1,5,2020
06-05-2020,137.9,6,2,88.32,0,0,2,5,2020
07-05-2020,203.3,6,2,27.6,0,0,3,5,2020
08-05-2020,137.0,6,2,80.83,0,0,4,5,2020
09-05-2020,195.3,6,2,44.42,0,0,5,5,2020
10-05-2020,188.2,6,2,66.6,0,0,6,5,2020
11-05-2020,241.3,6,2,14.03,0,0,0,5,2020
12-05-2020,208.1,6,2,34.83,0,0,1,5,2020
13-05-2020,201.4,6,2,71.11,0,1,2,5,2020
14-05-2020,217.2,6,2,21.68,0,0,3,5,2020
15-05-2020,203.3,6,2,62.11,0,0,4,5,2020
16-05-2020,194.4,6,2,83.54,0,1,5,5,2020
17-05-2020,221.6,6,2,25.74,0,0,6,5,2020
18-05-2020,181.7,6,2,51.82,0,0,0,5,2020
19-05-2020,310.2,6,2,12.1,0,1,1,5,2020
20-05-2020,226.6,6,2,19.84,0,0,2,5,2020
21-05-2020,171.5,6,2,69.35,0,0,3,5,2020
22-05-2020,191.9,6,2,47.86,0,0,4,5,2020
23-05-2020,128.0,6,2,91.47,0,0,5,5,2020
24-05-2020,184.2,6,2,63.49,0,0,6,5,2020
25-05-2020,130.3,6,2,99.89,0,0,0,5,2020
26-05-2020,106.4,6,2,99.86,0,0,1,5,2020
27-05-2020,168.3,6,2,77.62,0,0,2,5,2020
28-05-2020,131.8,6,2,99.56,1,0,3,5,2020
29-05-2020,238.6,6,2,46.65,1,0,4,5,2020
30-05-2020,212.3,6,2,39.95,0,0,5,5,2020
31-05-2020,196.1,6,2,50.36,0,0,6,5,2020
01-06-2020,146.0,6,2,45.18,0,0,0,6,2020
02-06-2020,205.1,6,2,39.86,1,0,1,6,2020
03-06-2020,240.0,6,2,44.1,1,1,2,6,2020
04-06-2020,197.0,6,2,38.13,0,1,3,6,2020
05-06-2020,182.1,6,2,38.65,1,0,4,6,2020
06-06-2020,153.9,6,2,35.25,0,0,5,6,2020
07-06-2020,115.5,6,2,82.3,0,0,6,6,2020
08-06-2020,162.4,6,2,37.03,0,0,0,6,2020
09-06-2020,157.1,6,2,48.54,0,0,1,6,2020
10-06-2020,157.9,6,2,22.27,0,0,2,6,2020
11-06-2020,205.1,6,2,27.34,1,0,3,6,2020
12-06-2020,115.0,6,2,84.45,0,0,4,6,2020
13-06-2020,116.2,6,2,95.89,0,0,5,6,2020
14-06-2020,166.7,6,2,23.94,0,0,6,6,2020
15-06-2020,127.9,6,2,67.49,0,0,0,6,2020
16-06-2020,139.5,6,2,57.69,0,0,1,6,2020
17-06-2020,171.6,6,2,27.13,0,0,2,6,2020
18-06-2020,179.4,6,2,13.15,0,0,3,6,2020
19-06-2020,179.5,6,2,25.14,0,0,4,6,2020
20-06-2020,192.3,6,2,12.42,0,0,5,6,2020
21-06-2020,109.7,6,2,85.66,0,0,6,6,2020
22-06-2020,182.4,6,2,18.18,0,0,0,6,2020
23-06-2020,201.0,6,2,19.26,0,0,1,6,2020
24-06-2020,189.0,6,2,13.95,0,0,2,6,2020
25-06-2020,142.2,6,2,89.14,0,1,3,6,2020
26-06-2020,154.9,6,2,49.98,0,0,4,6,2020
27-06-2020,247.0,6,2,55.78,1,1,5,6,2020
28-06-2020,133.1,6,2,64.54,0,0,6,6,2020
29-06-2020,168.1,6,2,36.53,0,0,0,6,2020
30-06-2020,145.5,6,2,61.26,0,0,1,6,2020
01-07-2020,124.4,6,2,46.43,1,0,2,7,2020
02-07-2020,144.0,6,2,39.63,0,1,3,7,2020
03-07-2020,108.7,6,2,42.06,0,0,4,7,2020
04-07-2020,127.3,6,2,50.81,1,0,5,7,2020
05-07-2020,116.5,6,2,33.77,0,0,6,7,2020
06-07-2020,126.3,6,2,29.54,0,0,0,7,2020
07-07-2020,147.8,6,2,41.38,1,0,1,7,2020
08-07-2020,145.0,6,2,34.88,1,0,2,7,2020
09-07-2020,154.8,6,2,41.19,1,0,3,7,2020
10-07-2020,177.6,6,2,55.94,1,1,4,7,2020
11-07-2020,90.6,6,2,88.03,1,0,5,7,2020
12-07-2020,104.1,6,2,60.55,0,0,6,7,2020
13-07-2020,79.4,6,2,96.05,0,0,0,7,2020
01-01-2020,293.8,6,3,14.37,1,0,2,1,2020
02-01-2020,190.6,6,3,83.68,0,1,3,1,2020
03-01-2020,187.0,6,3,43.26,0,0,4,1,2020
04-01-2020,204.8,6,3,28.61,0,0,5,1,2020
05-01-2020,305.6,6,3,16.7,0,1,6,1,2020
06-01-2020,240.4,6,3,62.48,0,1,0,1,2020
07-01-2020,214.0,6,3,30.65,0,0,1,1,2020
08-01-2020,267.6,6,3,24.67,1,0,2,1,2020
09-01-2020,174.6,6,3,97.46,1,0,3,1,2020
10-01-2020,224.2,6,3,23.94,0,0,4,1,2020
11-01-2020,155.8,6,3,54.64,0,0,5,1,2020
12-01-2020,273.1,6,3,15.46,1,0,6,1,2020
13-01-2020,200.9,6,3,64.39,1,0,0,1,2020
14-01-2020,297.1,6,3,13.31,1,0,1,1,2020
15-01-2020,180.3,6,3,62.02,0,0,2,1,2020
16-01-2020,198.0,6,3,40.42,0,0,3,1,2020
17-01-2020,151.5,6,3,91.16,0,0,4,1,2020
18-01-2020,132.0,6,3,97.3,0,0,5,1,2020
19-01-2020,188.7,6,3,68.01,1,0,6,1,2020
20-01-2020,215.4,6,3,51.59,0,0,0,1,2020
21-01-2020,236.3,6,3,49.33,1,0,1,1,2020
22-01-2020,221.1,6,3,20.86,0,0,2,1,2020
23-01-2020,265.5,6,3,31.39,1,0,3,1,2020
24-01-2020,219.7,6,3,46.98,1,0,4,1,2020
25-01-2020,192.5,6,3,31.98,0,0,5,1,2020
26-01-2020,190.9,6,3,89.37,1,1,6,1,2020
27-01-2020,193.4,6,3,48.64,0,0,0,1,2020
28-01-2020,235.1,6,3,11.63,0,0,1,1,2020
29-01-2020,199.5,6,3,50.27,0,0,2,1,2020
30-01-2020,141.5,6,3,88.11,0,0,3,1,2020
31-01-2020,221.4,6,3,26.57,0,0,4,1,2020
01-02-2020,266.3,6,3,17.31,0,0,5,2,2020
02-02-2020,198.9,6,3,63.03,0,0,6,2,2020
03-02-2020,303.1,6,3,25.96,1,0,0,2,2020
04-02-2020,179.3,6,3,96.32,1,0,1,2,2020
05-02-2020,235.7,6,3,33.43,0,0,2,2,2020
06-02-2020,184.3,6,3,70.5,0,0,3,2,2020
07-02-2020,254.0,6,3,18.21,0,0,4,2,2020
08-02-2020,215.9,6,3,73.06,1,0,5,2,2020
09-02-2020,158.8,6,3,86.76,0,0,6,2,2020
10-02-2020,235.6,6,3,29.11,0,0,0,2,2020
11-02-2020,224.3,6,3,28.15,0,0,1,2,2020
12-02-2020,219.1,6,3,47.96,0,0,2,2,2020
13-02-2020,229.8,6,3,37.74,0,0,3,2,2020
14-02-2020,236.4,6,3,30.81,0,0,4,2,2020
15-02-2020,254.8,6,3,15.22,0,0,5,2,2020
16-02-2020,159.7,6,3,73.54,0,0,6,2,2020
17-02-2020,274.0,6,3,36.48,1,0,0,2,2020
18-02-2020,259.2,6,3,16.8,0,0,1,2,2020
19-02-2020,231.8,6,3,36.63,0,0,2,2,2020
20-02-2020,164.1,6,3,83.18,0,0,3,2,2020
21-02-2020,251.2,6,3,97.44,1,1,4,2,2020
22-02-2020,284.3,6,3,28.7,1,0,5,2,2020
23-02-2020,192.4,6,3,59.5,0,0,6,2,2020
24-02-2020,195.3,6,3,85.6,0,1,0,2,2020
25-02-2020,239.6,6,3,41.96,0,0,1,2,2020
26-02-2020,182.0,6,3,67.17,0,0,2,2,2020
27-02-2020,331.5,6,3,16.92,1,0,3,2,2020
28-02-2020,148.8,6,3,93.99,0,0,4,2,2020
29-02-2020,182.4,6,3,77.21,0,0,5,2,2020
01-03-2020,179.8,6,3,87.65,0,0,6,3,2020
02-03-2020,162.7,6,3,88.48,0,0,0,3,2020
03-03-2020,189.5,6,3,64.28,0,0,1,3,2020
04-03-2020,185.1,6,3,81.44,0,0,2,3,2020
05-03-2020,314.1,6,3,27.57,1,0,3,3,2020
06-03-2020,304.9,6,3,34.73,1,0,4,3,2020
07-03-2020,205.5,6,3,66.51,0,0,5,3,2020
08-03-2020,284.6,6,3,16.3,0,0,6,3,2020
09-03-2020,221.9,6,3,73.36,1,0,0,3,2020
10-03-2020,266.5,6,3,20.83,0,0,1,3,2020
11-03-2020,206.8,6,3,53.94,0,0,2,3,2020
12-03-2020,199.3,6,3,56.92,0,0,3,3,2020
13-03-2020,302.6,6,3,30.03,1,0,4,3,2020
14-03-2020,423.0,6,3,11.3,1,1,5,3,2020
15-03-2020,203.0,6,3,72.27,0,0,6,3,2020
16-03-2020,138.1,6,3,99.6,0,0,0,3,2020
17-03-2020,319.4,6,3,30.7,0,1,1,3,2020
18-03-2020,256.9,6,3,29.48,0,0,2,3,2020
19-03-2020,251.9,6,3,52.86,1,0,3,3,2020
20-03-2020,199.1,6,3,70.63,0,0,4,3,2020
21-03-2020,250.9,6,3,55.82,1,0,5,3,2020
22-03-2020,220.4,6,3,58.51,0,0,6,3,2020
23-03-2020,150.4,6,3,91.88,0,0,0,3,2020
24-03-2020,293.3,6,3,10.55,0,0,1,3,2020
25-03-2020,297.4,6,3,30.91,1,0,2,3,2020
26-03-2020,218.9,6,3,72.9,1,0,3,3,2020
27-03-2020,142.9,6,3,98.26,0,0,4,3,2020
28-03-2020,266.9,6,3,62.53,1,0,5,3,2020
29-03-2020,183.7,6,3,91.96,1,0,6,3,2020
30-03-2020,237.7,6,3,75.55,1,0,0,3,2020
31-03-2020,206.9,6,3,57.02,0,0,1,3,2020
01-04-2020,240.1,6,3,27.18,0,0,2,4,2020
02-04-2020,153.6,6,3,94.64,0,0,3,4,2020
03-04-2020,168.2,6,3,73.36,0,0,4,4,2020
04-04-2020,297.8,6,3,33.07,1,0,5,4,2020
05-04-2020,201.7,6,3,68.58,1,0,6,4,2020
06-04-2020,291.0,6,3,30.13,1,0,0,4,2020
07-04-2020,187.9,6,3,60.94,0,0,1,4,2020
08-04-2020,242.3,6,3,67.11,0,1,2,4,2020
09-04-2020,202.5,6,3,67.52,0,0,3,4,2020
10-04-2020,173.5,6,3,68.3,0,0,4,4,2020
11-04-2020,236.4,6,3,32.06,0,0,5,4,2020
12-04-2020,183.7,6,3,80.31,0,0,6,4,2020
13-04-2020,288.8,6,3,31.05,1,0,0,4,2020
14-04-2020,228.0,6,3,26.76,0,0,1,4,2020
15-04-2020,202.8,6,3,60.68,0,0,2,4,2020
16-04-2020,166.8,6,3,89.35,0,0,3,4,2020
17-04-2020,225.1,6,3,69.75,1,0,4,4,2020
18-04-2020,254.0,6,3,84.66,1,1,5,4,2020
19-04-2020,170.7,6,3,89.24,1,0,6,4,2020
20-04-2020,198.9,6,3,83.87,1,0,0,4,2020
21-04-2020,188.3,6,3,64.55,0,0,1,4,2020
22-04-2020,225.8,6,3,40.45,0,0,2,4,2020
23-04-2020,196.3,6,3,58.97,0,0,3,4,2020
24-04-2020,246.1,6,3,42.13,0,0,4,4,2020
25-04-2020,187.2,6,3,73.45,0,0,5,4,2020
26-04-2020,219.0,6,3,39.21,0,0,6,4,2020
27-04-2020,227.5,6,3,42.38,0,0,0,4,2020
28-04-2020,179.2,6,3,73.12,0,0,1,4,2020
29-04-2020,253.7,6,3,57.09,1,0,2,4,2020
30-04-2020,146.2,6,3,99.34,0,0,3,4,2020
01-05-2020,190.4,6,3,75.66,1,0,4,5,2020
02-05-2020,173.0,6,3,83.83,1,0,5,5,2020
03-05-2020,130.5,6,3,89.12,0,0,6,5,2020
04-05-2020,166.3,6,3,88.49,1,0,0,5,2020
05-05-2020,183.6,6,3,46.92,0,0,1,5,2020
06-05-2020,222.4,6,3,23.41,0,0,2,5,2020
07-05-2020,166.7,6,3,80.24,1,0,3,5,2020
08-05-2020,167.2,6,3,99.71,1,0,4,5,2020
09-05-2020,192.1,6,3,44.8,0,0,5,5,2020
10-05-2020,127.4,6,3,98.18,0,0,6,5,2020
11-05-2020,307.8,6,3,17.27,0,1,0,5,2020
12-05-2020,169.9,6,3,67.39,0,0,1,5,2020
13-05-2020,242.6,6,3,19.12,0,0,2,5,2020
14-05-2020,207.4,6,3,70.27,1,0,3,5,2020
15-05-2020,213.8,6,3,58.77,0,1,4,5,2020
16-05-2020,143.4,6,3,76.01,0,0,5,5,2020
17-05-2020,190.1,6,3,52.48,0,0,6,5,2020
18-05-2020,149.5,6,3,81.93,0,0,0,5,2020
19-05-2020,221.0,6,3,16.2,0,0,1,5,2020
20-05-2020,243.0,6,3,72.16,1,1,2,5,2020
21-05-2020,236.5,6,3,44.14,1,0,3,5,2020
22-05-2020,229.1,6,3,23.7,0,0,4,5,2020
23-05-2020,298.0,6,3,10.99,1,0,5,5,2020
24-05-2020,273.3,6,3,16.68,1,0,6,5,2020
25-05-2020,207.4,6,3,77.15,0,1,0,5,2020
26-05-2020,179.1,6,3,68.86,0,0,1,5,2020
27-05-2020,196.3,6,3,54.42,0,0,2,5,2020
28-05-2020,239.7,6,3,13.84,0,0,3,5,2020
29-05-2020,208.9,6,3,38.46,0,0,4,5,2020
30-05-2020,170.4,6,3,65.34,0,0,5,5,2020
31-05-2020,173.2,6,3,73.97,0,0,6,5,2020
01-06-2020,189.2,6,3,13.62,0,0,0,6,2020
02-06-2020,200.7,6,3,62.4,1,1,1,6,2020
03-06-2020,160.1,6,3,28.04,0,0,2,6,2020
04-06-2020,149.7,6,3,35.14,0,0,3,6,2020
05-06-2020,164.8,6,3,23.6,0,0,4,6,2020
06-06-2020,191.2,6,3,10.96,0,0,5,6,2020
07-06-2020,166.7,6,3,52.76,1,0,6,6,2020
08-06-2020,111.7,6,3,84.45,0,0,0,6,2020
09-06-2020,130.1,6,3,83.93,1,0,1,6,2020
10-06-2020,185.6,6,3,19.07,0,0,2,6,2020
11-06-2020,130.0,6,3,77.68,0,0,3,6,2020
12-06-2020,137.9,6,3,59.01,0,0,4,6,2020
13-06-2020,120.1,6,3,83.13,0,0,5,6,2020
14-06-2020,174.4,6,3,18.7,0,0,6,6,2020
15-06-2020,163.1,6,3,40.24,0,0,0,6,2020
16-06-2020,113.1,6,3,76.29,0,0,1,6,2020
17-06-2020,125.1,6,3,99.28,1,0,2,6,2020
18-06-2020,196.3,6,3,33.33,1,0,3,6,2020
19-06-2020,140.0,6,3,72.33,0,0,4,6,2020
20-06-2020,196.3,6,3,38.25,1,0,5,6,2020
21-06-2020,170.4,6,3,35.55,0,0,6,6,2020
22-06-2020,184.2,6,3,56.29,0,1,0,6,2020
23-06-2020,147.4,6,3,88.69,0,1,1,6,2020
24-06-2020,136.9,6,3,78.28,1,0,2,6,2020
25-06-2020,211.5,6,3,21.46,1,0,3,6,2020
26-06-2020,119.0,6,3,81.93,0,0,4,6,2020
27-06-2020,197.3,6,3,38.46,1,0,5,6,2020
28-06-2020,107.3,6,3,93.37,0,0,6,6,2020
29-06-2020,105.2,6,3,98.43,0,0,0,6,2020
30-06-2020,186.2,6,3,13.7,0,0,1,6,2020
01-07-2020,134.9,6,3,45.45,1,0,2,7,2020
02-07-2020,94.4,6,3,53.21,0,0,3,7,2020
03-07-2020,131.4,6,3,65.91,1,0,4,7,2020
04-07-2020,123.6,6,3,50.99,1,0,5,7,2020
05-07-2020,82.5,6,3,84.75,0,0,6,7,2020
06-07-2020,125.4,6,3,72.34,1,0,0,7,2020
07-07-2020,73.2,6,3,92.24,0,0,1,7,2020
08-07-2020,115.5,6,3,47.98,0,0,2,7,2020
09-07-2020,135.8,6,3,40.09,0,0,3,7,2020
10-07-2020,127.6,6,3,86.94,1,1,4,7,2020
11-07-2020,113.0,6,3,45.41,0,0,5,7,2020
12-07-2020,116.2,6,3,40.26,0,0,6,7,2020
13-07-2020,123.8,6,3,39.95,0,0,0,7,2020
