synthetic_sales_data.csv
date,sales,store_id,product_id,price,promotion,holiday,weekday,month,year
01-01-2020,163.2,6,4,70.14,0,0,2,1,2020
02-01-2020,234.8,6,4,15.02,0,0,3,1,2020
03-01-2020,226.3,6,4,12.35,0,0,4,1,2020
04-01-2020,145.7,6,4,96.31,1,0,5,1,2020
05-01-2020,211.9,6,4,33.19,0,0,6,1,2020
06-01-2020,216.9,6,4,55.13,1,0,0,1,2020
07-01-2020,243.5,6,4,56.2,0,1,1,1,2020
08-01-2020,192.1,6,4,73.24,1,0,2,1,2020
09-01-2020,158.4,6,4,71.22,0,0,3,1,2020
10-01-2020,166.8,6,4,74.26,0,0,4,1,2020
11-01-2020,160.2,6,4,83.31,1,0,5,1,2020
12-01-2020,158.5,6,4,75.01,0,0,6,1,2020
13-01-2020,245.6,6,4,10.56,0,0,0,1,2020
14-01-2020,128.5,6,4,97.78,0,0,1,1,2020
15-01-2020,171.7,6,4,58.12,0,0,2,1,2020
16-01-2020,312.6,6,4,30,1,1,3,1,2020
17-01-2020,164.7,6,4,69.53,0,0,4,1,2020
18-01-2020,172.3,6,4,41.31,0,0,5,1,2020
19-01-2020,185.7,6,4,39.46,0,0,6,1,2020
20-01-2020,226.5,6,4,22.16,0,0,0,1,2020
21-01-2020,137.6,6,4,91.26,0,0,1,1,2020
22-01-2020,168.7,6,4,87.13,1,0,2,1,2020
23-01-2020,182.2,6,4,83.13,1,0,3,1,2020
24-01-2020,203.7,6,4,57.78,1,0,4,1,2020
25-01-2020,151.2,6,4,71.46,0,0,5,1,2020
26-01-2020,119.1,6,4,95.08,0,0,6,1,2020
27-01-2020,258.3,6,4,30.73,1,0,0,1,2020
28-01-2020,108.9,6,4,98.19,0,0,1,1,2020
29-01-2020,162.6,6,4,80.09,0,0,2,1,2020
30-01-2020,134.2,6,4,97.86,0,0,3,1,2020
31-01-2020,167.1,6,4,94.5,1,0,4,1,2020
01-02-2020,225.2,6,4,36.24,0,0,5,2,2020
02-02-2020,191.7,6,4,73.9,0,0,6,2,2020
03-02-2020,157.3,6,4,91.3,0,0,0,2,2020
04-02-2020,196.0,6,4,71.22,0,0,1,2,2020
05-02-2020,233.5,6,4,28.87,0,0,2,2,2020
06-02-2020,242.5,6,4,26.51,0,0,3,2,2020
07-02-2020,202.2,6,4,63.71,0,0,4,2,2020
08-02-2020,270.3,6,4,51.69,1,0,5,2,2020
09-02-2020,268.5,6,4,39.41,1,0,6,2,2020
10-02-2020,195.6,6,4,89.74,1,0,0,2,2020
11-02-2020,234.7,6,4,64.48,1,0,1,2,2020
12-02-2020,160.3,6,4,86.92,0,0,2,2,2020
13-02-2020,264.5,6,4,45.07,1,0,3,2,2020
14-02-2020,222.7,6,4,67.89,1,0,4,2,2020
15-02-2020,270.8,6,4,15.33,0,0,5,2,2020
16-02-2020,287.3,6,4,11.05,0,0,6,2,2020
17-02-2020,144.0,6,4,91.59,0,0,0,2,2020
18-02-2020,184.5,6,4,73.31,0,0,1,2,2020
19-02-2020,200.7,6,4,66.18,0,0,2,2,2020
20-02-2020,166.8,6,4,86.43,0,0,3,2,2020
21-02-2020,240.0,6,4,77.01,0,1,4,2,2020
22-02-2020,178.4,6,4,64.54,0,0,5,2,2020
23-02-2020,235.9,6,4,36.69,0,0,6,2,2020
24-02-2020,327.0,6,4,28.29,0,1,0,2,2020
25-02-2020,189.4,6,4,96.22,0,1,1,2,2020
26-02-2020,408.8,6,4,21.16,1,1,2,2,2020
27-02-2020,239.0,6,4,20.11,0,0,3,2,2020
28-02-2020,194.7,6,4,99.77,0,1,4,2,2020
29-02-2020,232.0,6,4,43.37,0,0,5,2,2020
01-03-2020,153.4,6,4,98.21,0,0,6,3,2020
02-03-2020,254.3,6,4,54.88,1,0,0,3,2020
03-03-2020,302.0,6,4,31.08,1,0,1,3,2020
04-03-2020,219.9,6,4,49.77,0,0,2,3,2020
05-03-2020,213.0,6,4,53.16,0,0,3,3,2020
06-03-2020,227.7,6,4,74.37,1,0,4,3,2020
07-03-2020,270.5,6,4,52.02,1,0,5,3,2020
08-03-2020,218.4,6,4,65.03,0,0,6,3,2020
09-03-2020,219.0,6,4,84.89,0,1,0,3,2020
10-03-2020,195.3,6,4,67.4,0,0,1,3,2020
11-03-2020,268.9,6,4,54.69,1,0,2,3,2020
12-03-2020,190.1,6,4,61.51,0,0,3,3,2020
13-03-2020,144.3,6,4,89.4,0,0,4,3,2020
14-03-2020,282.6,6,4,14.35,0,0,5,3,2020
15-03-2020,155.8,6,4,99.9,0,0,6,3,2020
16-03-2020,191.5,6,4,78.52,0,0,0,3,2020
17-03-2020,360.4,6,4,17.13,0,1,1,3,2020
18-03-2020,210.6,6,4,53.96,0,0,2,3,2020
19-03-2020,237.1,6,4,43.47,0,0,3,3,2020
20-03-2020,316.5,6,4,63.16,1,1,4,3,2020
21-03-2020,231.8,6,4,45.02,0,0,5,3,2020
22-03-2020,200.2,6,4,94.85,1,0,6,3,2020
23-03-2020,277.8,6,4,64.73,0,1,0,3,2020
24-03-2020,279.8,6,4,11.71,0,0,1,3,2020
25-03-2020,186.8,6,4,70.14,0,0,2,3,2020
26-03-2020,170.5,6,4,87.45,0,0,3,3,2020
27-03-2020,240.6,6,4,31.13,0,0,4,3,2020
28-03-2020,194.5,6,4,78.17,0,0,5,3,2020
29-03-2020,177.5,6,4,76.56,0,0,6,3,2020
30-03-2020,267.2,6,4,52.6,1,0,0,3,2020
31-03-2020,288.6,6,4,51.52,0,1,1,3,2020
01-04-2020,207.4,6,4,76.4,1,0,2,4,2020
02-04-2020,197.0,6,4,58.07,0,0,3,4,2020
03-04-2020,238.8,6,4,73.65,0,1,4,4,2020
04-04-2020,201.8,6,4,78.81,1,0,5,4,2020
05-04-2020,198.9,6,4,55.05,0,0,6,4,2020
06-04-2020,173.6,6,4,75.89,0,0,0,4,2020
07-04-2020,213.7,6,4,71.69,1,0,1,4,2020
08-04-2020,254.2,6,4,51.1,1,0,2,4,2020
09-04-2020,257.4,6,4,47.14,1,0,3,4,2020
10-04-2020,179.1,6,4,70.7,0,0,4,4,2020
11-04-2020,224.3,6,4,40.31,0,0,5,4,2020
12-04-2020,157.8,6,4,96.18,0,0,6,4,2020
13-04-2020,197.9,6,4,84.84,1,0,0,4,2020
14-04-2020,252.9,6,4,21.04,0,0,1,4,2020
15-04-2020,237.3,6,4,40.78,0,0,2,4,2020
16-04-2020,183.1,6,4,92.98,1,0,3,4,2020
17-04-2020,229.2,6,4,44.73,0,0,4,4,2020
18-04-2020,271.6,6,4,26.1,0,0,5,4,2020
19-04-2020,163.9,6,4,86.73,0,0,6,4,2020
20-04-2020,183.5,6,4,95.24,1,0,0,4,2020
21-04-2020,178.1,6,4,71.9,0,0,1,4,2020
22-04-2020,309.4,6,4,25.58,1,0,2,4,2020
23-04-2020,160.6,6,4,74.06,0,0,3,4,2020
24-04-2020,236.5,6,4,67.57,1,0,4,4,2020
25-04-2020,263.3,6,4,12.4,0,0,5,4,2020
26-04-2020,264.3,6,4,16.19,0,0,6,4,2020
27-04-2020,300.8,6,4,33.85,1,0,0,4,2020
28-04-2020,176.2,6,4,90.84,1,0,1,4,2020
29-04-2020,251.4,6,4,58.72,1,0,2,4,2020
30-04-2020,202.3,6,4,56.14,0,0,3,4,2020
01-05-2020,190.4,6,4,36.44,0,0,4,5,2020
02-05-2020,258.9,6,4,24.42,1,0,5,5,2020
03-05-2020,136.4,6,4,83.11,0,0,6,5,2020
04-05-2020,200.3,6,4,40.13,0,0,0,5,2020
05-05-2020,171.6,6,4,75.91,1,0,1,5,2020
06-05-2020,145.3,6,4,78.44,0,0,2,5,2020
07-05-2020,227.8,6,4,13.23,0,0,3,5,2020
08-05-2020,192.9,6,4,57.51,0,0,4,5,2020
09-05-2020,202.4,6,4,36.86,0,0,5,5,2020
10-05-2020,237.2,6,4,14.18,0,0,6,5,2020
11-05-2020,177.6,6,4,85.94,0,1,0,5,2020
12-05-2020,204.0,6,4,41.81,0,0,1,5,2020
13-05-2020,169.8,6,4,49.33,0,0,2,5,2020
14-05-2020,167.8,6,4,62.18,0,0,3,5,2020
15-05-2020,132.3,6,4,95.12,0,0,4,5,2020
16-05-2020,152.6,6,4,74.7,0,0,5,5,2020
17-05-2020,214.5,6,4,89.36,1,1,6,5,2020
18-05-2020,210.7,6,4,31.56,0,0,0,5,2020
19-05-2020,173.2,6,4,99.87,0,1,1,5,2020
20-05-2020,260.0,6,4,33.22,1,0,2,5,2020
21-05-2020,225.5,6,4,20,0,0,3,5,2020
22-05-2020,252.8,6,4,28.72,1,0,4,5,2020
23-05-2020,154.5,6,4,76.94,0,0,5,5,2020
24-05-2020,166.4,6,4,77.57,0,0,6,5,2020
25-05-2020,185.1,6,4,52.83,0,0,0,5,2020
26-05-2020,209.3,6,4,90.97,1,1,1,5,2020
27-05-2020,225.3,6,4,21.59,0,0,2,5,2020
28-05-2020,283.1,6,4,11.49,1,0,3,5,2020
29-05-2020,228.6,6,4,10.02,0,0,4,5,2020
30-05-2020,200.2,6,4,70.67,1,0,5,5,2020
31-05-2020,257.0,6,4,31.5,0,1,6,5,2020
01-06-2020,141.4,6,4,67.81,0,0,0,6,2020
02-06-2020,181.6,6,4,61.65,1,0,1,6,2020
03-06-2020,150.9,6,4,41.78,0,0,2,6,2020
04-06-2020,222.9,6,4,32.7,1,0,3,6,2020
05-06-2020,175.8,6,4,37.9,0,0,4,6,2020
06-06-2020,143.9,6,4,79.19,0,0,5,6,2020
07-06-2020,187.0,6,4,22.69,0,0,6,6,2020
08-06-2020,105.7,6,4,92.23,0,0,0,6,2020
09-06-2020,162.9,6,4,31,0,0,1,6,2020
10-06-2020,199.0,6,4,16.79,0,0,2,6,2020
11-06-2020,147.2,6,4,76.02,1,0,3,6,2020
12-06-2020,189.1,6,4,16.99,0,0,4,6,2020
13-06-2020,122.4,6,4,90.21,0,0,5,6,2020
14-06-2020,193.4,6,4,38.01,1,0,6,6,2020
15-06-2020,147.1,6,4,53.23,0,0,0,6,2020
16-06-2020,168.1,6,4,28.09,0,0,1,6,2020
17-06-2020,114.8,6,4,98.58,1,0,2,6,2020
18-06-2020,143.6,6,4,60.87,0,0,3,6,2020
19-06-2020,126.0,6,4,81.79,0,0,4,6,2020
20-06-2020,135.9,6,4,61.71,0,0,5,6,2020
21-06-2020,106.9,6,4,89,0,0,6,6,2020
22-06-2020,173.7,6,4,30.65,0,0,0,6,2020
23-06-2020,150.0,6,4,44.93,0,0,1,6,2020
24-06-2020,195.3,6,4,20.88,1,0,2,6,2020
25-06-2020,178.3,6,4,17.89,0,0,3,6,2020
26-06-2020,153.7,6,4,78.05,1,0,4,6,2020
27-06-2020,126.1,6,4,73.83,0,0,5,6,2020
28-06-2020,185.7,6,4,26.52,0,0,6,6,2020
29-06-2020,153.9,6,4,57.06,1,0,0,6,2020
30-06-2020,130.1,6,4,62.36,0,0,1,6,2020
01-07-2020,79.7,6,4,87.91,0,0,2,7,2020
02-07-2020,77.4,6,4,89.66,0,0,3,7,2020
03-07-2020,96.3,6,4,57.9,0,0,4,7,2020
04-07-2020,141.4,6,4,40.65,0,1,5,7,2020
05-07-2020,157.9,6,4,30.21,1,0,6,7,2020
06-07-2020,124.5,6,4,46.4,0,0,0,7,2020
07-07-2020,90.8,6,4,97.76,1,0,1,7,2020
08-07-2020,115.3,6,4,41.82,0,0,2,7,2020
09-07-2020,137.9,6,4,63.83,0,1,3,7,2020
10-07-2020,132.9,6,4,30.83,0,0,4,7,2020
11-07-2020,102.3,6,4,52.19,0,0,5,7,2020
12-07-2020,68.3,6,4,85.78,0,0,6,7,2020
13-07-2020,83.5,6,4,76.66,0,0,0,7,2020
01-01-2020,124.8,6,5,97.8,0,0,2,1,2020
02-01-2020,189.9,6,5,52.56,0,0,3,1,2020
03-01-2020,207.8,6,5,31.16,0,0,4,1,2020
04-01-2020,235.3,6,5,15.83,0,0,5,1,2020
05-01-2020,137.8,6,5,86.44,0,0,6,1,2020
06-01-2020,226.7,6,5,56.25,1,0,0,1,2020
07-01-2020,164.1,6,5,89.17,1,0,1,1,2020
08-01-2020,239.9,6,5,44.78,1,0,2,1,2020
09-01-2020,170.8,6,5,61.82,0,0,3,1,2020
10-01-2020,210.0,6,5,49.7,0,0,4,1,2020
11-01-2020,173.8,6,5,62.41,0,0,5,1,2020
12-01-2020,177.1,6,5,65.81,0,0,6,1,2020
13-01-2020,156.0,6,5,74.56,0,0,0,1,2020
14-01-2020,235.0,6,5,21.26,0,0,1,1,2020
15-01-2020,203.5,6,5,35.55,0,0,2,1,2020
16-01-2020,217.8,6,5,27.46,0,0,3,1,2020
17-01-2020,189.3,6,5,74.17,1,0,4,1,2020
18-01-2020,153.8,6,5,98.78,1,0,5,1,2020
19-01-2020,226.6,6,5,13.55,0,0,6,1,2020
20-01-2020,236.2,6,5,15.93,0,0,0,1,2020
21-01-2020,135.0,6,5,96.41,0,0,1,1,2020
22-01-2020,215.1,6,5,31.77,0,0,2,1,2020
23-01-2020,233.9,6,5,56.38,1,0,3,1,2020
24-01-2020,226.5,6,5,59.34,0,1,4,1,2020
25-01-2020,229.4,6,5,21.37,0,0,5,1,2020
26-01-2020,199.1,6,5,32.09,0,0,6,1,2020
27-01-2020,238.2,6,5,48.53,1,0,0,1,2020
28-01-2020,254.1,6,5,30.37,1,0,1,1,2020
29-01-2020,257.0,6,5,27.67,1,0,2,1,2020
30-01-2020,218.0,6,5,32.12,0,0,3,1,2020
31-01-2020,163.1,6,5,96.33,1,0,4,1,2020
01-02-2020,257.7,6,5,22.4,0,0,5,2,2020
02-02-2020,405.6,6,5,11.58,1,1,6,2,2020
03-02-2020,205.6,6,5,54.18,0,0,0,2,2020
04-02-2020,157.7,6,5,92.05,0,0,1,2,2020
05-02-2020,318.2,6,5,38.99,0,1,2,2,2020
06-02-2020,292.5,6,5,33.33,1,0,3,2,2020
07-02-2020,180.6,6,5,72.97,0,0,4,2,2020
08-02-2020,176.9,6,5,76,0,0,5,2,2020
09-02-2020,303.3,6,5,24.01,1,0,6,2,2020
10-02-2020,155.6,6,5,98.07,0,0,0,2,2020
11-02-2020,222.3,6,5,77.47,1,0,1,2,2020
12-02-2020,246.2,6,5,39.65,0,0,2,2,2020
13-02-2020,229.9,6,5,38.84,0,0,3,2,2020
14-02-2020,207.9,6,5,46.46,0,0,4,2,2020
15-02-2020,151.6,6,5,87.38,0,0,5,2,2020
16-02-2020,316.1,6,5,19.8,1,0,6,2,2020
17-02-2020,231.7,6,5,67.28,1,0,0,2,2020
18-02-2020,143.2,6,5,97.5,0,0,1,2,2020
19-02-2020,299.8,6,5,32.18,1,0,2,2,2020
20-02-2020,222.5,6,5,53.97,0,0,3,2,2020
21-02-2020,262.4,6,5,33.37,0,0,4,2,2020
22-02-2020,242.8,6,5,20.13,0,0,5,2,2020
23-02-2020,174.6,6,5,77.83,0,0,6,2,2020
24-02-2020,198.9,6,5,66.63,0,0,0,2,2020
25-02-2020,159.2,6,5,92.49,0,0,1,2,2020
26-02-2020,254.4,6,5,20.9,0,0,2,2,2020
27-02-2020,256.2,6,5,29.44,0,0,3,2,2020
28-02-2020,185.2,6,5,80.17,0,0,4,2,2020
29-02-2020,125.5,6,5,98.39,0,0,5,2,2020
01-03-2020,269.8,6,5,56.75,1,0,6,3,2020
02-03-2020,212.5,6,5,84.56,1,0,0,3,2020
03-03-2020,207.1,6,5,60.69,0,0,1,3,2020
04-03-2020,276.4,6,5,24.14,0,0,2,3,2020
05-03-2020,211.6,6,5,83.22,1,0,3,3,2020
06-03-2020,287.1,6,5,41.58,1,0,4,3,2020
07-03-2020,308.8,6,5,35.19,1,0,5,3,2020
08-03-2020,275.8,6,5,79.64,1,1,6,3,2020
09-03-2020,178.6,6,5,71.93,0,0,0,3,2020
10-03-2020,259.9,6,5,68.25,0,1,1,3,2020
11-03-2020,268.8,6,5,29.96,0,0,2,3,2020
12-03-2020,263.4,6,5,53.75,1,0,3,3,2020
13-03-2020,327.2,6,5,20.91,1,0,4,3,2020
14-03-2020,192.9,6,5,81.89,0,0,5,3,2020
15-03-2020,152.9,6,5,95.88,0,0,6,3,2020
16-03-2020,276.9,6,5,18.12,0,0,0,3,2020
17-03-2020,332.7,6,5,27.77,0,1,1,3,2020
18-03-2020,245.4,6,5,68.21,1,0,2,3,2020
19-03-2020,196.8,6,5,76.25,0,0,3,3,2020
20-03-2020,226.7,6,5,46.29,0,0,4,3,2020
21-03-2020,282.5,6,5,11.12,0,0,5,3,2020
22-03-2020,220.8,6,5,45,0,0,6,3,2020
23-03-2020,207.7,6,5,63.16,0,0,0,3,2020
24-03-2020,246.8,6,5,60.11,1,0,1,3,2020
25-03-2020,244.2,6,5,37.06,0,0,2,3,2020
26-03-2020,164.6,6,5,85.29,0,0,3,3,2020
27-03-2020,225.3,6,5,56.24,0,0,4,3,2020
28-03-2020,208.0,6,5,94.62,1,0,5,3,2020
29-03-2020,231.4,6,5,79.88,1,0,6,3,2020
30-03-2020,267.1,6,5,30.58,0,0,0,3,2020
31-03-2020,235.3,6,5,31.92,0,0,1,3,2020
01-04-2020,198.6,6,5,58.31,0,0,2,4,2020
02-04-2020,322.2,6,5,35.96,0,1,3,4,2020
03-04-2020,236.6,6,5,32.51,0,0,4,4,2020
04-04-2020,260.1,6,5,19.74,0,0,5,4,2020
05-04-2020,222.6,6,5,71.37,1,0,6,4,2020
06-04-2020,149.1,6,5,92.47,0,0,0,4,2020
07-04-2020,244.3,6,5,29.94,0,0,1,4,2020
08-04-2020,267.7,6,5,16.72,0,0,2,4,2020
09-04-2020,162.4,6,5,90,0,0,3,4,2020
10-04-2020,194.1,6,5,70.04,0,0,4,4,2020
11-04-2020,177.1,6,5,77.48,0,0,5,4,2020
12-04-2020,214.3,6,5,49.34,0,0,6,4,2020
13-04-2020,169.8,6,5,77.42,0,0,0,4,2020
14-04-2020,271.0,6,5,74.32,1,1,1,4,2020
15-04-2020,305.5,6,5,26.99,1,0,2,4,2020
16-04-2020,236.5,6,5,21.94,0,0,3,4,2020
17-04-2020,387.3,6,5,29.75,1,1,4,4,2020
18-04-2020,191.1,6,5,72.3,0,0,5,4,2020
19-04-2020,262.9,6,5,20.5,0,0,6,4,2020
20-04-2020,265.0,6,5,43.71,1,0,0,4,2020
21-04-2020,216.3,6,5,49.99,0,0,1,4,2020
22-04-2020,193.6,6,5,61.67,0,0,2,4,2020
23-04-2020,298.8,6,5,23.19,1,0,3,4,2020
24-04-2020,225.9,6,5,36.29,0,0,4,4,2020
25-04-2020,387.0,6,5,28.07,1,1,5,4,2020
26-04-2020,271.3,6,5,46.52,1,0,6,4,2020
27-04-2020,326.9,6,5,51.94,1,1,0,4,2020
28-04-2020,297.4,6,5,18.14,1,0,1,4,2020
29-04-2020,181.8,6,5,70.69,0,0,2,4,2020
30-04-2020,206.3,6,5,63.69,0,0,3,4,2020
01-05-2020,146.7,6,5,78.01,0,0,4,5,2020
02-05-2020,229.9,6,5,15.41,0,0,5,5,2020
03-05-2020,237.0,6,5,39.99,1,0,6,5,2020
04-05-2020,212.5,6,5,35.29,0,0,0,5,2020
05-05-2020,196.5,6,5,89.68,0,1,1,5,2020
06-05-2020,133.4,6,5,81.02,0,0,2,5,2020
07-05-2020,233.6,6,5,18.18,0,0,3,5,2020
08-05-2020,213.3,6,5,74.95,0,1,4,5,2020
09-05-2020,162.3,6,5,67.58,0,0,5,5,2020
10-05-2020,192.0,6,5,37.15,0,0,6,5,2020
11-05-2020,252.3,6,5,29.22,1,0,0,5,2020
12-05-2020,168.9,6,5,80.41,0,0,1,5,2020
13-05-2020,147.1,6,5,99.79,1,0,2,5,2020
14-05-2020,314.6,6,5,20.32,0,1,3,5,2020
15-05-2020,223.6,6,5,11.5,0,0,4,5,2020
16-05-2020,207.1,6,5,37.49,0,0,5,5,2020
17-05-2020,177.2,6,5,60.85,0,0,6,5,2020
18-05-2020,164.5,6,5,92.7,1,0,0,5,2020
19-05-2020,221.1,6,5,26.02,0,0,1,5,2020
20-05-2020,271.4,6,5,24.27,1,0,2,5,2020
21-05-2020,190.3,6,5,51.47,0,0,3,5,2020
22-05-2020,163.7,6,5,73.86,0,0,4,5,2020
23-05-2020,169.7,6,5,72.67,0,0,5,5,2020
24-05-2020,331.1,6,5,24.5,1,1,6,5,2020
25-05-2020,136.1,6,5,81.39,0,0,0,5,2020
26-05-2020,212.2,6,5,29.36,0,0,1,5,2020
27-05-2020,225.0,6,5,30.81,0,0,2,5,2020
28-05-2020,133.9,6,5,94.22,0,0,3,5,2020
29-05-2020,186.3,6,5,56.52,0,0,4,5,2020
30-05-2020,156.5,6,5,68.33,0,0,5,5,2020
31-05-2020,222.4,6,5,28.09,0,0,6,5,2020
01-06-2020,169.9,6,5,60.75,1,0,0,6,2020
02-06-2020,131.9,6,5,93.26,1,0,1,6,2020
03-06-2020,287.3,6,5,11.16,1,1,2,6,2020
04-06-2020,119.0,6,5,83.01,0,0,3,6,2020
05-06-2020,131.5,6,5,60.79,0,0,4,6,2020
06-06-2020,155.6,6,5,43.7,0,0,5,6,2020
07-06-2020,146.8,6,5,50.22,0,0,6,6,2020
08-06-2020,205.4,6,5,24.07,1,0,0,6,2020
09-06-2020,193.6,6,5,17.06,0,0,1,6,2020
10-06-2020,152.4,6,5,42.53,0,0,2,6,2020
11-06-2020,212.4,6,5,24.17,1,0,3,6,2020
12-06-2020,166.6,6,5,35.03,0,0,4,6,2020
13-06-2020,185.9,6,5,28.51,0,0,5,6,2020
14-06-2020,254.1,6,5,34.29,1,1,6,6,2020
15-06-2020,167.3,6,5,51.57,0,0,0,6,2020
16-06-2020,149.6,6,5,84.15,1,0,1,6,2020
17-06-2020,140.1,6,5,64.53,1,0,2,6,2020
18-06-2020,212.8,6,5,22.27,1,0,3,6,2020
19-06-2020,134.5,6,5,65.22,0,0,4,6,2020
20-06-2020,112.4,6,5,93.82,0,0,5,6,2020
21-06-2020,114.1,6,5,93.89,1,0,6,6,2020
22-06-2020,187.0,6,5,10.45,0,0,0,6,2020
23-06-2020,101.6,6,5,93.77,0,0,1,6,2020
24-06-2020,150.2,6,5,84.78,0,1,2,6,2020
25-06-2020,169.9,6,5,31.35,0,0,3,6,2020
26-06-2020,207.5,6,5,35.9,0,1,4,6,2020
27-06-2020,147.4,6,5,83.6,0,1,5,6,2020
28-06-2020,248.2,6,5,14.68,0,1,6,6,2020
29-06-2020,163.4,6,5,44.4,0,0,0,6,2020
30-06-2020,157.9,6,5,68.5,1,0,1,6,2020
01-07-2020,94.4,6,5,58.42,0,0,2,7,2020
02-07-2020,140.6,6,5,29.04,1,0,3,7,2020
03-07-2020,138.5,6,5,36.33,1,0,4,7,2020
04-07-2020,116.5,6,5,36.15,0,0,5,7,2020
05-07-2020,146.4,6,5,27.12,1,0,6,7,2020
06-07-2020,125.9,6,5,61.39,1,0,0,7,2020
07-07-2020,116.8,6,5,55.54,1,0,1,7,2020
08-07-2020,87.4,6,5,98.51,1,0,2,7,2020
09-07-2020,127.4,6,5,68.47,0,1,3,7,2020
10-07-2020,91.2,6,5,84.14,1,0,4,7,2020
11-07-2020,114.2,6,5,62.57,0,0,5,7,2020
12-07-2020,134.8,6,5,57.91,0,1,6,7,2020
13-07-2020,125.3,6,5,45.91,0,0,0,7,2020
