synthetic_sales_data.csv
date,sales,store_id,product_id,price,promotion,holiday,weekday,month,year
01-01-2020,215.1,7,1,66.46,1,0,2,1,2020
02-01-2020,238.2,7,1,13.55,0,0,3,1,2020
03-01-2020,167.4,7,1,68.06,0,0,4,1,2020
04-01-2020,167.2,7,1,65.39,0,0,5,1,2020
05-01-2020,275.7,7,1,13.11,1,0,6,1,2020
06-01-2020,161.9,7,1,72.94,0,0,0,1,2020
07-01-2020,220.3,7,1,25.12,0,0,1,1,2020
08-01-2020,123.0,7,1,96.15,0,0,2,1,2020
09-01-2020,232.5,7,1,61.44,0,1,3,1,2020
10-01-2020,132.1,7,1,87.88,0,0,4,1,2020
11-01-2020,214.3,7,1,57.04,1,0,5,1,2020
12-01-2020,198.1,7,1,29.33,0,0,6,1,2020
13-01-2020,172.8,7,1,58.35,0,0,0,1,2020
14-01-2020,242.9,7,1,13.45,0,0,1,1,2020
15-01-2020,154.0,7,1,66.9,0,0,2,1,2020
16-01-2020,267.4,7,1,11.01,1,0,3,1,2020
17-01-2020,192.9,7,1,69.88,1,0,4,1,2020
18-01-2020,232.4,7,1,19.54,0,0,5,1,2020
19-01-2020,234.5,7,1,14.07,0,0,6,1,2020
20-01-2020,149.4,7,1,84.91,0,0,0,1,2020
21-01-2020,141.9,7,1,90.15,0,0,1,1,2020
22-01-2020,183.4,7,1,49.35,0,0,2,1,2020
23-01-2020,199.7,7,1,41.03,0,0,3,1,2020
24-01-2020,165.2,7,1,73.53,0,0,4,1,2020
25-01-2020,265.8,7,1,16.13,1,0,5,1,2020
26-01-2020,132.2,7,1,96.98,0,0,6,1,2020
27-01-2020,267.2,7,1,49.56,0,1,0,1,2020
28-01-2020,255.1,7,1,42.34,0,1,1,1,2020
29-01-2020,145.8,7,1,93.08,0,0,2,1,2020
30-01-2020,216.7,7,1,16.55,0,0,3,1,2020
31-01-2020,153.9,7,1,74.1,0,0,4,1,2020
01-02-2020,255.3,7,1,44.62,1,0,5,2,2020
02-02-2020,224.3,7,1,45.19,0,0,6,2,2020
03-02-2020,235.9,7,1,30.08,0,0,0,2,2020
04-02-2020,237.9,7,1,25.92,0,0,1,2,2020
05-02-2020,224.8,7,1,70.49,1,0,2,2,2020
06-02-2020,353.8,7,1,22.88,0,1,3,2,2020
07-02-2020,161.8,7,1,83.16,0,0,4,2,2020
08-02-2020,266.2,7,1,23.84,0,0,5,2,2020
09-02-2020,193.2,7,1,66.93,0,0,6,2,2020
10-02-2020,153.8,7,1,94.81,0,0,0,2,2020
11-02-2020,224.8,7,1,30.5,0,0,1,2,2020
12-02-2020,334.9,7,1,16.66,1,0,2,2,2020
13-02-2020,213.1,7,1,78.51,1,0,3,2,2020
14-02-2020,291.9,7,1,42.51,0,1,4,2,2020
15-02-2020,188.9,7,1,66.11,0,0,5,2,2020
16-02-2020,262.8,7,1,30.51,0,0,6,2,2020
17-02-2020,250.0,7,1,29.29,0,0,0,2,2020
18-02-2020,188.7,7,1,86.61,1,0,1,2,2020
19-02-2020,211.3,7,1,50.8,0,0,2,2,2020
20-02-2020,185.4,7,1,86.21,1,0,3,2,2020
21-02-2020,246.0,7,1,11.72,0,0,4,2,2020
22-02-2020,309.6,7,1,14.41,1,0,5,2,2020
23-02-2020,150.6,7,1,84.6,0,0,6,2,2020
24-02-2020,231.1,7,1,40.78,0,0,0,2,2020
25-02-2020,241.8,7,1,56.32,1,0,1,2,2020
26-02-2020,177.2,7,1,75.79,0,0,2,2,2020
27-02-2020,236.0,7,1,76.08,1,0,3,2,2020
28-02-2020,172.7,7,1,84.66,0,0,4,2,2020
29-02-2020,268.3,7,1,11.29,0,0,5,2,2020
01-03-2020,143.0,7,1,95.74,0,0,6,3,2020
02-03-2020,215.1,7,1,48.22,0,0,0,3,2020
03-03-2020,216.3,7,1,62.14,0,0,1,3,2020
04-03-2020,302.1,7,1,29.56,1,0,2,3,2020
05-03-2020,197.7,7,1,82.24,1,0,3,3,2020
06-03-2020,198.9,7,1,88.2,1,0,4,3,2020
07-03-2020,177.2,7,1,66.82,0,0,5,3,2020
08-03-2020,185.2,7,1,88.14,0,0,6,3,2020
09-03-2020,367.7,7,1,39.84,1,1,0,3,2020
10-03-2020,194.3,7,1,89.87,1,0,1,3,2020
11-03-2020,278.3,7,1,53.92,1,0,2,3,2020
12-03-2020,258.1,7,1,35.78,0,0,3,3,2020
13-03-2020,194.3,7,1,89.86,1,0,4,3,2020
14-03-2020,230.9,7,1,47.85,0,0,5,3,2020
15-03-2020,202.9,7,1,70.46,0,0,6,3,2020
16-03-2020,184.9,7,1,80.54,0,0,0,3,2020
17-03-2020,185.6,7,1,74.15,0,0,1,3,2020
18-03-2020,159.3,7,1,99.3,0,0,2,3,2020
19-03-2020,229.7,7,1,47.12,0,0,3,3,2020
20-03-2020,309.5,7,1,28.71,1,0,4,3,2020
21-03-2020,230.5,7,1,79.63,0,1,5,3,2020
22-03-2020,250.2,7,1,33.64,0,0,6,3,2020
23-03-2020,313.3,7,1,43.68,0,1,0,3,2020
24-03-2020,245.3,7,1,23.77,0,0,1,3,2020
25-03-2020,244.8,7,1,47.63,0,0,2,3,2020
26-03-2020,282.9,7,1,42.8,1,0,3,3,2020
27-03-2020,142.4,7,1,97.14,0,0,4,3,2020
28-03-2020,252.2,7,1,26.48,0,0,5,3,2020
29-03-2020,254.5,7,1,32.99,0,0,6,3,2020
30-03-2020,230.2,7,1,54.9,0,0,0,3,2020
31-03-2020,195.3,7,1,56.04,0,0,1,3,2020
01-04-2020,211.9,7,1,59.61,0,0,2,4,2020
02-04-2020,322.7,7,1,16.9,1,0,3,4,2020
03-04-2020,210.0,7,1,81.99,1,0,4,4,2020
04-04-2020,173.1,7,1,91.7,1,0,5,4,2020
05-04-2020,196.3,7,1,60.92,0,0,6,4,2020
06-04-2020,182.7,7,1,59.97,0,0,0,4,2020
07-04-2020,212.6,7,1,43.5,0,0,1,4,2020
08-04-2020,215.5,7,1,71.08,1,0,2,4,2020
09-04-2020,155.4,7,1,98.11,0,0,3,4,2020
10-04-2020,184.9,7,1,64.4,0,0,4,4,2020
11-04-2020,173.1,7,1,90.1,0,0,5,4,2020
12-04-2020,269.0,7,1,56.21,0,1,6,4,2020
13-04-2020,227.3,7,1,62.14,1,0,0,4,2020
14-04-2020,256.6,7,1,30.97,0,0,1,4,2020
15-04-2020,190.2,7,1,67.75,0,0,2,4,2020
16-04-2020,235.2,7,1,32.55,0,0,3,4,2020
17-04-2020,207.5,7,1,65.37,0,0,4,4,2020
18-04-2020,218.7,7,1,41.75,0,0,5,4,2020
19-04-2020,123.5,7,1,97.12,0,0,6,4,2020
20-04-2020,188.4,7,1,67.29,0,0,0,4,2020
21-04-2020,205.9,7,1,58.11,0,0,1,4,2020
22-04-2020,284.2,7,1,49.15,0,1,2,4,2020
23-04-2020,155.6,7,1,98.61,0,0,3,4,2020
24-04-2020,270.4,7,1,10.42,0,0,4,4,2020
25-04-2020,211.1,7,1,83.99,0,1,5,4,2020
26-04-2020,205.4,7,1,60.57,0,0,6,4,2020
27-04-2020,239.0,7,1,64.77,0,1,0,4,2020
28-04-2020,303.9,7,1,30.34,1,0,1,4,2020
29-04-2020,199.3,7,1,54.49,0,0,2,4,2020
30-04-2020,157.4,7,1,83.96,0,0,3,4,2020
01-05-2020,158.7,7,1,74.81,0,0,4,5,2020
02-05-2020,131.4,7,1,83.37,0,0,5,5,2020
03-05-2020,217.2,7,1,27.81,0,0,6,5,2020
04-05-2020,212.5,7,1,40.29,0,0,0,5,2020
05-05-2020,224.6,7,1,56.75,1,0,1,5,2020
06-05-2020,172.3,7,1,46.21,0,0,2,5,2020
07-05-2020,153.9,7,1,75.26,0,0,3,5,2020
08-05-2020,222.1,7,1,10.13,0,0,4,5,2020
09-05-2020,153.7,7,1,80.21,0,0,5,5,2020
10-05-2020,128.8,7,1,98.62,0,0,6,5,2020
11-05-2020,262.1,7,1,27.55,1,0,0,5,2020
12-05-2020,168.1,7,1,72.6,0,0,1,5,2020
13-05-2020,153.3,7,1,77.7,0,0,2,5,2020
14-05-2020,220.4,7,1,19.62,0,0,3,5,2020
15-05-2020,222.1,7,1,27.3,0,0,4,5,2020
16-05-2020,271.4,7,1,53.72,1,1,5,5,2020
17-05-2020,146.5,7,1,93.24,0,0,6,5,2020
18-05-2020,280.1,7,1,16.55,1,0,0,5,2020
19-05-2020,203.1,7,1,75.01,1,0,1,5,2020
20-05-2020,232.9,7,1,45.58,1,0,2,5,2020
21-05-2020,147.7,7,1,76.58,0,0,3,5,2020
22-05-2020,246.7,7,1,29.81,1,0,4,5,2020
23-05-2020,222.7,7,1,33.43,0,0,5,5,2020
24-05-2020,113.3,7,1,99.9,0,0,6,5,2020
25-05-2020,148.0,7,1,85.51,0,0,0,5,2020
26-05-2020,142.8,7,1,90.26,0,0,1,5,2020
27-05-2020,156.6,7,1,99.05,1,0,2,5,2020
28-05-2020,250.2,7,1,25.31,1,0,3,5,2020
29-05-2020,156.5,7,1,70.72,0,0,4,5,2020
30-05-2020,213.9,7,1,26.38,0,0,5,5,2020
31-05-2020,177.6,7,1,78.52,1,0,6,5,2020
01-06-2020,228.3,7,1,10.07,1,0,0,6,2020
02-06-2020,166.6,7,1,42.96,0,0,1,6,2020
03-06-2020,170.8,7,1,31.49,0,0,2,6,2020
04-06-2020,197.6,7,1,50.91,1,0,3,6,2020
05-06-2020,150.1,7,1,47.96,0,0,4,6,2020
06-06-2020,154.9,7,1,35.57,0,0,5,6,2020
07-06-2020,166.3,7,1,24.67,0,0,6,6,2020
08-06-2020,166.9,7,1,37.5,0,0,0,6,2020
09-06-2020,106.6,7,1,88.01,0,0,1,6,2020
10-06-2020,139.2,7,1,67.43,0,0,2,6,2020
11-06-2020,110.3,7,1,79.12,0,0,3,6,2020
12-06-2020,150.4,7,1,49.27,0,0,4,6,2020
13-06-2020,201.3,7,1,12.98,0,0,5,6,2020
14-06-2020,99.3,7,1,93.62,0,0,6,6,2020
15-06-2020,169.5,7,1,71.84,1,0,0,6,2020
16-06-2020,130.6,7,1,79.02,0,0,1,6,2020
17-06-2020,164.2,7,1,43.32,0,0,2,6,2020
18-06-2020,174.3,7,1,59.64,1,0,3,6,2020
19-06-2020,162.8,7,1,73.34,0,1,4,6,2020
20-06-2020,124.2,7,1,67.99,0,0,5,6,2020
21-06-2020,118.6,7,1,80.85,0,0,6,6,2020
22-06-2020,192.2,7,1,27.93,1,0,0,6,2020
23-06-2020,173.0,7,1,25.61,0,0,1,6,2020
24-06-2020,159.3,7,1,32.91,0,0,2,6,2020
25-06-2020,179.9,7,1,28.85,0,0,3,6,2020
26-06-2020,126.5,7,1,62.9,0,0,4,6,2020
27-06-2020,114.7,7,1,92.63,0,0,5,6,2020
28-06-2020,178.3,7,1,26.21,0,0,6,6,2020
29-06-2020,100.1,7,1,87.05,0,0,0,6,2020
30-06-2020,113.3,7,1,90.1,0,0,1,6,2020
01-07-2020,128.3,7,1,46.89,1,0,2,7,2020
02-07-2020,132.4,7,1,13.56,0,0,3,7,2020
03-07-2020,101.3,7,1,69.79,1,0,4,7,2020
04-07-2020,94.6,7,1,74.24,0,0,5,7,2020
05-07-2020,177.3,7,1,31.76,1,0,6,7,2020
06-07-2020,139.8,7,1,27.06,0,0,0,7,2020
07-07-2020,139.4,7,1,24.29,0,0,1,7,2020
08-07-2020,115.7,7,1,61.27,0,0,2,7,2020
09-07-2020,88.0,7,1,93.46,0,0,3,7,2020
10-07-2020,105.9,7,1,40.11,0,0,4,7,2020
11-07-2020,128.2,7,1,18.99,0,0,5,7,2020
12-07-2020,99.7,7,1,64.32,0,0,6,7,2020
13-07-2020,106.5,7,1,85.68,0,1,0,7,2020
01-01-2020,191.5,7,2,42.63,0,0,2,1,2020
02-01-2020,200.4,7,2,99.85,1,1,3,1,2020
03-01-2020,129.3,7,2,92.53,0,0,4,1,2020
04-01-2020,141.7,7,2,78.37,0,0,5,1,2020
05-01-2020,190.6,7,2,40.71,0,0,6,1,2020
06-01-2020,126.8,7,2,84.84,0,0,0,1,2020
07-01-2020,204.1,7,2,40.64,0,0,1,1,2020
08-01-2020,209.5,7,2,46.83,0,0,2,1,2020
09-01-2020,144.0,7,2,84.15,0,0,3,1,2020
10-01-2020,253.2,7,2,10.55,0,0,4,1,2020
11-01-2020,183.3,7,2,57.98,0,0,5,1,2020
12-01-2020,190.5,7,2,81.45,1,0,6,1,2020
13-01-2020,217.4,7,2,94.39,1,1,0,1,2020
14-01-2020,276.5,7,2,19.01,1,0,1,1,2020
15-01-2020,244.6,7,2,32.97,1,0,2,1,2020
16-01-2020,218.1,7,2,19.4,0,0,3,1,2020
17-01-2020,149.7,7,2,92.15,0,0,4,1,2020
18-01-2020,198.5,7,2,50.76,0,0,5,1,2020
19-01-2020,211.5,7,2,31.37,0,0,6,1,2020
20-01-2020,134.1,7,2,85.39,0,0,0,1,2020
21-01-2020,208.0,7,2,22.7,0,0,1,1,2020
22-01-2020,128.2,7,2,94.64,0,0,2,1,2020
23-01-2020,249.3,7,2,42.44,1,0,3,1,2020
24-01-2020,202.6,7,2,21.54,0,0,4,1,2020
25-01-2020,137.9,7,2,83.7,0,0,5,1,2020
26-01-2020,154.1,7,2,69.19,0,0,6,1,2020
27-01-2020,163.2,7,2,76.59,0,0,0,1,2020
28-01-2020,168.6,7,2,54.73,0,0,1,1,2020
29-01-2020,216.4,7,2,35.36,0,0,2,1,2020
30-01-2020,154.8,7,2,61.8,0,0,3,1,2020
31-01-2020,205.7,7,2,57.71,1,0,4,1,2020
01-02-2020,209.8,7,2,60.96,0,0,5,2,2020
02-02-2020,260.7,7,2,10.44,0,0,6,2,2020
03-02-2020,282.0,7,2,42.05,1,0,0,2,2020
04-02-2020,144.2,7,2,90.06,0,0,1,2,2020
05-02-2020,169.9,7,2,95.45,1,0,2,2,2020
06-02-2020,278.3,7,2,14.08,0,0,3,2,2020
07-02-2020,238.7,7,2,36.75,0,0,4,2,2020
08-02-2020,207.4,7,2,56.1,0,0,5,2,2020
09-02-2020,342.1,7,2,47.34,1,1,6,2,2020
10-02-2020,226.6,7,2,56.27,0,0,0,2,2020
11-02-2020,299.8,7,2,24.08,1,0,1,2,2020
12-02-2020,404.5,7,2,21.09,1,1,2,2,2020
13-02-2020,229.1,7,2,41.7,0,0,3,2,2020
14-02-2020,169.2,7,2,82.2,0,0,4,2,2020
15-02-2020,161.8,7,2,82.67,0,0,5,2,2020
16-02-2020,151.5,7,2,97.01,0,0,6,2,2020
17-02-2020,227.6,7,2,36.09,0,0,0,2,2020
18-02-2020,199.8,7,2,60.92,0,0,1,2,2020
19-02-2020,186.1,7,2,54.08,0,0,2,2,2020
20-02-2020,308.7,7,2,22.68,1,0,3,2,2020
21-02-2020,299.5,7,2,40.24,0,1,4,2,2020
22-02-2020,222.4,7,2,48.4,0,0,5,2,2020
23-02-2020,203.5,7,2,70.6,0,0,6,2,2020
24-02-2020,301.8,7,2,24.69,1,0,0,2,2020
25-02-2020,201.8,7,2,68.64,0,0,1,2,2020
26-02-2020,184.1,7,2,97.41,1,0,2,2,2020
27-02-2020,275.2,7,2,69.02,1,1,3,2,2020
28-02-2020,191.4,7,2,98.46,1,0,4,2,2020
29-02-2020,231.7,7,2,13.19,0,0,5,2,2020
01-03-2020,194.6,7,2,90.11,1,0,6,3,2020
02-03-2020,233.7,7,2,77.32,1,0,0,3,2020
03-03-2020,232.2,7,2,50.45,0,0,1,3,2020
04-03-2020,191.2,7,2,80.02,0,0,2,3,2020
05-03-2020,186.9,7,2,88.12,0,0,3,3,2020
06-03-2020,204.3,7,2,88.49,0,1,4,3,2020
07-03-2020,164.1,7,2,93.49,0,0,5,3,2020
08-03-2020,298.7,7,2,37.73,1,0,6,3,2020
09-03-2020,177.1,7,2,86.7,0,0,0,3,2020
10-03-2020,235.0,7,2,77.66,1,0,1,3,2020
11-03-2020,172.9,7,2,87.57,0,0,2,3,2020
12-03-2020,223.6,7,2,42.19,0,0,3,3,2020
13-03-2020,174.2,7,2,85.93,0,0,4,3,2020
14-03-2020,255.7,7,2,66.77,1,0,5,3,2020
15-03-2020,265.9,7,2,32.93,0,0,6,3,2020
16-03-2020,252.3,7,2,36.12,0,0,0,3,2020
17-03-2020,222.3,7,2,93.12,0,1,1,3,2020
18-03-2020,276.4,7,2,16.01,0,0,2,3,2020
19-03-2020,209.9,7,2,54.38,0,0,3,3,2020
20-03-2020,302.8,7,2,33.95,1,0,4,3,2020
21-03-2020,226.4,7,2,56.01,0,0,5,3,2020
22-03-2020,219.7,7,2,62.34,1,0,6,3,2020
23-03-2020,191.0,7,2,78.75,0,0,0,3,2020
24-03-2020,239.8,7,2,64.11,1,0,1,3,2020
25-03-2020,236.4,7,2,61.09,1,0,2,3,2020
26-03-2020,278.9,7,2,19.81,0,0,3,3,2020
27-03-2020,296.2,7,2,33.66,1,0,4,3,2020
28-03-2020,147.3,7,2,98.66,0,0,5,3,2020
29-03-2020,214.0,7,2,58.99,0,0,6,3,2020
30-03-2020,227.3,7,2,47.89,0,0,0,3,2020
31-03-2020,258.6,7,2,22.27,0,0,1,3,2020
01-04-2020,251.0,7,2,30.92,0,0,2,4,2020
02-04-2020,221.0,7,2,74.18,1,0,3,4,2020
03-04-2020,273.9,7,2,14.54,0,0,4,4,2020
04-04-2020,219.6,7,2,50.12,0,0,5,4,2020
05-04-2020,349.6,7,2,15.43,0,1,6,4,2020
06-04-2020,187.9,7,2,68.52,0,0,0,4,2020
07-04-2020,176.2,7,2,86.85,0,0,1,4,2020
08-04-2020,132.0,7,2,98.58,0,0,2,4,2020
09-04-2020,278.4,7,2,34.2,1,0,3,4,2020
10-04-2020,245.2,7,2,40.05,0,0,4,4,2020
11-04-2020,250.8,7,2,61.71,0,1,5,4,2020
12-04-2020,165.4,7,2,96.18,1,0,6,4,2020
13-04-2020,270.1,7,2,45.62,1,0,0,4,2020
14-04-2020,314.0,7,2,19.43,1,0,1,4,2020
15-04-2020,166.8,7,2,77.91,0,0,2,4,2020
16-04-2020,305.4,7,2,32.85,0,1,3,4,2020
17-04-2020,237.7,7,2,32.66,0,0,4,4,2020
18-04-2020,268.5,7,2,25.87,0,0,5,4,2020
19-04-2020,275.2,7,2,10.37,0,0,6,4,2020
20-04-2020,230.4,7,2,45.85,0,0,0,4,2020
21-04-2020,198.8,7,2,63,0,0,1,4,2020
22-04-2020,281.9,7,2,11.59,0,0,2,4,2020
23-04-2020,363.9,7,2,33.09,1,1,3,4,2020
24-04-2020,236.6,7,2,31.47,0,0,4,4,2020
25-04-2020,167.0,7,2,81.75,0,0,5,4,2020
26-04-2020,254.4,7,2,62.2,1,0,6,4,2020
27-04-2020,173.4,7,2,84.15,0,0,0,4,2020
28-04-2020,171.3,7,2,95,1,0,1,4,2020
29-04-2020,223.4,7,2,65.92,1,0,2,4,2020
30-04-2020,175.5,7,2,82.12,0,0,3,4,2020
01-05-2020,221.6,7,2,64.34,0,1,4,5,2020
02-05-2020,155.9,7,2,79.71,0,0,5,5,2020
03-05-2020,336.4,7,2,30.13,1,1,6,5,2020
04-05-2020,208.3,7,2,32.08,0,0,0,5,2020
05-05-2020,203.1,7,2,31.48,0,0,1,5,2020
06-05-2020,182.9,7,2,78.72,1,0,2,5,2020
07-05-2020,164.6,7,2,74.01,0,0,3,5,2020
08-05-2020,177.0,7,2,82.88,1,0,4,5,2020
09-05-2020,203.4,7,2,35.8,0,0,5,5,2020
10-05-2020,230.0,7,2,25.7,0,0,6,5,2020
11-05-2020,196.2,7,2,48.6,0,0,0,5,2020
12-05-2020,164.9,7,2,72.63,0,0,1,5,2020
13-05-2020,178.7,7,2,51.48,0,0,2,5,2020
14-05-2020,153.3,7,2,77.97,0,0,3,5,2020
15-05-2020,233.4,7,2,23.04,0,0,4,5,2020
16-05-2020,191.3,7,2,34.1,0,0,5,5,2020
17-05-2020,204.9,7,2,23.98,0,0,6,5,2020
18-05-2020,204.5,7,2,39.06,0,0,0,5,2020
19-05-2020,167.9,7,2,56.5,0,0,1,5,2020
20-05-2020,234.0,7,2,11.42,0,0,2,5,2020
21-05-2020,126.3,7,2,87.18,0,0,3,5,2020
22-05-2020,199.6,7,2,32.67,0,0,4,5,2020
23-05-2020,127.7,7,2,95.61,0,0,5,5,2020
24-05-2020,213.2,7,2,30.53,0,0,6,5,2020
25-05-2020,134.9,7,2,88.31,0,0,0,5,2020
26-05-2020,220.0,7,2,55.18,1,0,1,5,2020
27-05-2020,159.9,7,2,71.76,0,0,2,5,2020
28-05-2020,235.7,7,2,10.94,0,0,3,5,2020
29-05-2020,228.2,7,2,15.21,0,0,4,5,2020
30-05-2020,155.4,7,2,97.94,0,0,5,5,2020
31-05-2020,199.1,7,2,74.97,0,1,6,5,2020
01-06-2020,132.6,7,2,63.33,0,0,0,6,2020
02-06-2020,168.3,7,2,33.28,0,0,1,6,2020
03-06-2020,127.1,7,2,71.61,0,0,2,6,2020
04-06-2020,119.9,7,2,71.14,0,0,3,6,2020
05-06-2020,217.8,7,2,31.65,0,1,4,6,2020
06-06-2020,122.4,7,2,81.76,0,0,5,6,2020
07-06-2020,193.2,7,2,41.87,1,0,6,6,2020
08-06-2020,138.6,7,2,85.68,1,0,0,6,2020
09-06-2020,123.5,7,2,90.16,0,0,1,6,2020
10-06-2020,165.5,7,2,55.79,0,0,2,6,2020
11-06-2020,152.3,7,2,85.33,1,0,3,6,2020
12-06-2020,90.7,7,2,97.84,0,0,4,6,2020
13-06-2020,135.9,7,2,75.78,0,0,5,6,2020
14-06-2020,172.6,7,2,54.73,1,0,6,6,2020
15-06-2020,147.9,7,2,58.27,0,0,0,6,2020
16-06-2020,198.2,7,2,16.88,0,0,1,6,2020
17-06-2020,169.7,7,2,10.59,0,0,2,6,2020
18-06-2020,151.9,7,2,38.91,0,0,3,6,2020
19-06-2020,176.0,7,2,62.46,1,0,4,6,2020
20-06-2020,127.6,7,2,93.12,0,1,5,6,2020
21-06-2020,171.6,7,2,49.3,1,0,6,6,2020
22-06-2020,125.6,7,2,96.68,1,0,0,6,2020
23-06-2020,124.7,7,2,80.19,0,0,1,6,2020
24-06-2020,196.7,7,2,44.71,1,0,2,6,2020
25-06-2020,128.5,7,2,57.77,0,0,3,6,2020
26-06-2020,122.9,7,2,71.64,0,0,4,6,2020
27-06-2020,143.1,7,2,73.5,0,0,5,6,2020
28-06-2020,178.0,7,2,38.76,1,0,6,6,2020
29-06-2020,142.2,7,2,82.03,1,0,0,6,2020
30-06-2020,140.3,7,2,77.7,1,0,1,6,2020
01-07-2020,131.2,7,2,14.25,0,0,2,7,2020
02-07-2020,124.2,7,2,37.49,0,0,3,7,2020
03-07-2020,108.5,7,2,55.18,0,0,4,7,2020
04-07-2020,75.7,7,2,91.9,0,0,5,7,2020
05-07-2020,103.4,7,2,72.09,1,0,6,7,2020
06-07-2020,141.9,7,2,32.15,0,0,0,7,2020
07-07-2020,199.4,7,2,42.9,1,1,1,7,2020
08-07-2020,145.2,7,2,18.52,0,0,2,7,2020
09-07-2020,121.5,7,2,35.27,0,0,3,7,2020
10-07-2020,93.9,7,2,69.65,0,0,4,7,2020
11-07-2020,117.4,7,2,64.12,0,0,5,7,2020
12-07-2020,144.2,7,2,17.01,0,0,6,7,2020
13-07-2020,172.0,7,2,10.48,1,0,0,7,2020
