synthetic_sales_data.csv
date,sales,store_id,product_id,price,promotion,holiday,weekday,month,year
01-01-2020,244.7,7,3,11.57,0,0,2,1,2020
02-01-2020,130.9,7,3,99.83,0,0,3,1,2020
03-01-2020,255.7,7,3,19.91,1,0,4,1,2020
04-01-2020,181.0,7,3,49.58,0,0,5,1,2020
05-01-2020,215.8,7,3,31.2,0,0,6,1,2020
06-01-2020,200.5,7,3,39.71,0,0,0,1,2020
07-01-2020,159.2,7,3,67.66,0,0,1,1,2020
08-01-2020,201.9,7,3,45.18,0,0,2,1,2020
09-01-2020,223.5,7,3,28.54,0,0,3,1,2020
10-01-2020,204.8,7,3,77.46,0,1,4,1,2020
11-01-2020,149.9,7,3,79.87,0,0,5,1,2020
12-01-2020,166.7,7,3,62.15,0,0,6,1,2020
13-01-2020,196.8,7,3,49.9,0,0,0,1,2020
14-01-2020,159.3,7,3,67.33,0,0,1,1,2020
15-01-2020,149.0,7,3,77,0,0,2,1,2020
16-01-2020,279.9,7,3,60.71,1,1,3,1,2020
17-01-2020,207.9,7,3,32.87,0,0,4,1,2020
18-01-2020,199.3,7,3,36.49,0,0,5,1,2020
19-01-2020,206.5,7,3,69.54,0,1,6,1,2020
20-01-2020,173.0,7,3,69.38,0,0,0,1,2020
21-01-2020,196.3,7,3,64.48,1,0,1,1,2020
22-01-2020,178.2,7,3,62.18,0,0,2,1,2020
23-01-2020,136.9,7,3,91.18,0,0,3,1,2020
24-01-2020,199.5,7,3,57.87,1,0,4,1,2020
25-01-2020,242.9,7,3,13.53,0,0,5,1,2020
26-01-2020,185.6,7,3,55.75,0,0,6,1,2020
27-01-2020,169.0,7,3,65.93,0,0,0,1,2020
28-01-2020,146.2,7,3,90.7,0,0,1,1,2020
29-01-2020,186.1,7,3,82.15,1,0,2,1,2020
30-01-2020,203.9,7,3,93.46,1,1,3,1,2020
31-01-2020,188.5,7,3,45.92,0,0,4,1,2020
01-02-2020,148.7,7,3,93.15,0,0,5,2,2020
02-02-2020,285.8,7,3,47.17,0,1,6,2,2020
03-02-2020,177.0,7,3,81.23,0,0,0,2,2020
04-02-2020,231.8,7,3,46.56,0,0,1,2,2020
05-02-2020,241.5,7,3,65.49,1,0,2,2,2020
06-02-2020,253.3,7,3,56.91,1,0,3,2,2020
07-02-2020,329.1,7,3,29.67,0,1,4,2,2020
08-02-2020,205.9,7,3,58.31,0,0,5,2,2020
09-02-2020,253.6,7,3,15.52,0,0,6,2,2020
10-02-2020,291.9,7,3,29.65,1,0,0,2,2020
11-02-2020,199.2,7,3,59.64,0,0,1,2,2020
12-02-2020,180.3,7,3,75.11,0,0,2,2,2020
13-02-2020,287.0,7,3,49.5,0,1,3,2,2020
14-02-2020,187.0,7,3,73.56,0,0,4,2,2020
15-02-2020,241.6,7,3,27.42,0,0,5,2,2020
16-02-2020,155.0,7,3,94.85,0,0,6,2,2020
17-02-2020,166.9,7,3,82.08,0,0,0,2,2020
18-02-2020,166.3,7,3,82.45,0,0,1,2,2020
19-02-2020,280.4,7,3,12.15,0,0,2,2,2020
20-02-2020,176.0,7,3,85.77,0,0,3,2,2020
21-02-2020,172.6,7,3,82.15,0,0,4,2,2020
22-02-2020,214.8,7,3,48.24,0,0,5,2,2020
23-02-2020,182.8,7,3,63.72,0,0,6,2,2020
24-02-2020,287.1,7,3,32.83,1,0,0,2,2020
25-02-2020,207.6,7,3,57.29,0,0,1,2,2020
26-02-2020,279.3,7,3,18.82,0,0,2,2,2020
27-02-2020,203.7,7,3,57.7,0,0,3,2,2020
28-02-2020,142.5,7,3,89.94,0,0,4,2,2020
29-02-2020,268.7,7,3,11,0,0,5,2,2020
01-03-2020,210.0,7,3,54.46,0,0,6,3,2020
02-03-2020,164.7,7,3,92.32,0,0,0,3,2020
03-03-2020,198.1,7,3,60.71,0,0,1,3,2020
04-03-2020,227.3,7,3,66.79,0,1,2,3,2020
05-03-2020,185.1,7,3,78.19,0,0,3,3,2020
06-03-2020,254.9,7,3,34.53,0,0,4,3,2020
07-03-2020,187.1,7,3,73.5,0,0,5,3,2020
08-03-2020,209.9,7,3,59.35,0,0,6,3,2020
09-03-2020,173.2,7,3,82.26,0,0,0,3,2020
10-03-2020,227.2,7,3,50.59,0,0,1,3,2020
11-03-2020,196.2,7,3,76.25,0,0,2,3,2020
12-03-2020,306.0,7,3,65.64,1,1,3,3,2020
13-03-2020,202.8,7,3,64.59,0,0,4,3,2020
14-03-2020,158.1,7,3,85.23,0,0,5,3,2020
15-03-2020,267.3,7,3,22.64,0,0,6,3,2020
16-03-2020,308.7,7,3,25.78,1,0,0,3,2020
17-03-2020,188.3,7,3,67.05,0,0,1,3,2020
18-03-2020,192.0,7,3,82.3,0,0,2,3,2020
19-03-2020,187.4,7,3,89.77,1,0,3,3,2020
20-03-2020,268.6,7,3,67.61,0,1,4,3,2020
21-03-2020,254.3,7,3,30.47,0,0,5,3,2020
22-03-2020,256.0,7,3,55.64,1,0,6,3,2020
23-03-2020,200.0,7,3,92.97,0,1,0,3,2020
24-03-2020,327.2,7,3,15.07,1,0,1,3,2020
25-03-2020,209.4,7,3,60.62,0,0,2,3,2020
26-03-2020,158.2,7,3,93.32,0,0,3,3,2020
27-03-2020,190.0,7,3,92.42,1,0,4,3,2020
28-03-2020,188.0,7,3,76.16,0,0,5,3,2020
29-03-2020,177.7,7,3,79.5,0,0,6,3,2020
30-03-2020,341.4,7,3,27.12,0,1,0,3,2020
31-03-2020,264.2,7,3,16.52,0,0,1,3,2020
01-04-2020,233.3,7,3,62.67,1,0,2,4,2020
02-04-2020,211.1,7,3,56.75,0,0,3,4,2020
03-04-2020,166.5,7,3,76.5,0,0,4,4,2020
04-04-2020,210.2,7,3,85.33,1,0,5,4,2020
05-04-2020,286.2,7,3,31.34,1,0,6,4,2020
06-04-2020,197.7,7,3,63.86,0,0,0,4,2020
07-04-2020,190.6,7,3,67.14,0,0,1,4,2020
08-04-2020,173.6,7,3,98.31,1,0,2,4,2020
09-04-2020,155.1,7,3,84.69,0,0,3,4,2020
10-04-2020,228.4,7,3,42.46,0,0,4,4,2020
11-04-2020,182.7,7,3,73.25,0,0,5,4,2020
12-04-2020,164.4,7,3,87.91,0,0,6,4,2020
13-04-2020,211.0,7,3,83.95,0,1,0,4,2020
14-04-2020,232.6,7,3,76.58,0,1,1,4,2020
15-04-2020,175.0,7,3,80.4,0,0,2,4,2020
16-04-2020,232.0,7,3,53.59,0,0,3,4,2020
17-04-2020,201.5,7,3,43.22,0,0,4,4,2020
18-04-2020,142.9,7,3,97.87,0,0,5,4,2020
19-04-2020,268.6,7,3,48.27,1,0,6,4,2020
20-04-2020,252.7,7,3,34.15,0,0,0,4,2020
21-04-2020,182.8,7,3,89.79,1,0,1,4,2020
22-04-2020,148.5,7,3,96.68,0,0,2,4,2020
23-04-2020,179.0,7,3,83.79,0,0,3,4,2020
24-04-2020,328.5,7,3,12.12,1,0,4,4,2020
25-04-2020,197.5,7,3,65.71,0,0,5,4,2020
26-04-2020,323.1,7,3,12.39,1,0,6,4,2020
27-04-2020,194.3,7,3,80.84,1,0,0,4,2020
28-04-2020,286.1,7,3,39.43,1,0,1,4,2020
29-04-2020,176.4,7,3,67.61,0,0,2,4,2020
30-04-2020,215.6,7,3,47.1,0,0,3,4,2020
01-05-2020,222.7,7,3,56.14,1,0,4,5,2020
02-05-2020,204.6,7,3,17.79,0,0,5,5,2020
03-05-2020,119.4,7,3,99.81,0,0,6,5,2020
04-05-2020,284.2,7,3,13.07,1,0,0,5,2020
05-05-2020,182.6,7,3,78.19,1,0,1,5,2020
06-05-2020,225.9,7,3,55.14,0,1,2,5,2020
07-05-2020,272.1,7,3,15.88,1,0,3,5,2020
08-05-2020,202.2,7,3,45.13,0,0,4,5,2020
09-05-2020,131.9,7,3,90.36,0,0,5,5,2020
10-05-2020,190.5,7,3,68.69,1,0,6,5,2020
11-05-2020,141.4,7,3,83.45,0,0,0,5,2020
12-05-2020,187.0,7,3,39.81,0,0,1,5,2020
13-05-2020,229.2,7,3,20.33,0,0,2,5,2020
14-05-2020,244.6,7,3,33.49,1,0,3,5,2020
15-05-2020,204.1,7,3,63.68,1,0,4,5,2020
16-05-2020,156.7,7,3,73.14,0,0,5,5,2020
17-05-2020,188.3,7,3,32.74,0,0,6,5,2020
18-05-2020,231.8,7,3,48.81,1,0,0,5,2020
19-05-2020,129.4,7,3,90.94,0,0,1,5,2020
20-05-2020,192.2,7,3,49.23,0,0,2,5,2020
21-05-2020,273.4,7,3,14.58,1,0,3,5,2020
22-05-2020,196.9,7,3,73.89,0,1,4,5,2020
23-05-2020,177.5,7,3,84.58,0,1,5,5,2020
24-05-2020,265.9,7,3,22.97,1,0,6,5,2020
25-05-2020,275.4,7,3,10.31,1,0,0,5,2020
26-05-2020,204.8,7,3,45.42,0,0,1,5,2020
27-05-2020,130.4,7,3,96.74,0,0,2,5,2020
28-05-2020,206.1,7,3,29.43,0,0,3,5,2020
29-05-2020,188.2,7,3,53.44,0,0,4,5,2020
30-05-2020,168.7,7,3,94.22,1,0,5,5,2020
31-05-2020,168.6,7,3,60.08,0,0,6,5,2020
01-06-2020,175.7,7,3,40,0,0,0,6,2020
02-06-2020,109.8,7,3,99.44,0,0,1,6,2020
03-06-2020,148.8,7,3,32.63,0,0,2,6,2020
04-06-2020,115.7,7,3,92.67,1,0,3,6,2020
05-06-2020,174.9,7,3,28.61,0,0,4,6,2020
06-06-2020,167.7,7,3,30.02,0,0,5,6,2020
07-06-2020,161.7,7,3,28,0,0,6,6,2020
08-06-2020,204.4,7,3,37.03,1,0,0,6,2020
09-06-2020,126.0,7,3,77.16,0,0,1,6,2020
10-06-2020,127.0,7,3,82.93,0,0,2,6,2020
11-06-2020,125.4,7,3,71.34,0,0,3,6,2020
12-06-2020,259.3,7,3,30.4,1,1,4,6,2020
13-06-2020,181.4,7,3,27.36,0,0,5,6,2020
14-06-2020,76.9,7,3,99.59,0,0,6,6,2020
15-06-2020,114.6,7,3,88.35,0,0,0,6,2020
16-06-2020,114.3,7,3,76.64,0,0,1,6,2020
17-06-2020,129.5,7,3,87.5,1,0,2,6,2020
18-06-2020,151.1,7,3,44.9,0,0,3,6,2020
19-06-2020,187.2,7,3,19.09,0,0,4,6,2020
20-06-2020,163.8,7,3,61.16,1,0,5,6,2020
21-06-2020,177.6,7,3,45.88,0,0,6,6,2020
22-06-2020,122.0,7,3,94.63,0,0,0,6,2020
23-06-2020,109.0,7,3,92.46,0,0,1,6,2020
24-06-2020,83.3,7,3,93.63,0,0,2,6,2020
25-06-2020,123.1,7,3,74.94,0,0,3,6,2020
26-06-2020,177.5,7,3,19.95,0,0,4,6,2020
27-06-2020,145.6,7,3,66.08,0,0,5,6,2020
28-06-2020,163.2,7,3,21.65,0,0,6,6,2020
29-06-2020,161.5,7,3,16.08,0,0,0,6,2020
30-06-2020,130.8,7,3,74.36,0,0,1,6,2020
01-07-2020,126.5,7,3,21.58,0,0,2,7,2020
02-07-2020,77.8,7,3,76.38,0,0,3,7,2020
03-07-2020,82.7,7,3,96.57,0,0,4,7,2020
04-07-2020,172.0,7,3,26.77,0,1,5,7,2020
05-07-2020,130.4,7,3,32.71,0,0,6,7,2020
06-07-2020,104.6,7,3,62.54,0,0,0,7,2020
07-07-2020,85.0,7,3,99.63,0,0,1,7,2020
08-07-2020,114.6,7,3,43.48,0,0,2,7,2020
09-07-2020,137.9,7,3,14.86,0,0,3,7,2020
10-07-2020,140.6,7,3,26.53,1,0,4,7,2020
11-07-2020,105.1,7,3,85.78,1,0,5,7,2020
12-07-2020,90.7,7,3,74.4,0,0,6,7,2020
13-07-2020,145.9,7,3,28.15,1,0,0,7,2020
01-01-2020,186.5,7,4,77.84,1,0,2,1,2020
02-01-2020,246.7,7,4,43.09,1,0,3,1,2020
03-01-2020,282.9,7,4,47.69,1,1,4,1,2020
04-01-2020,300.9,7,4,46.79,1,1,5,1,2020
05-01-2020,130.7,7,4,98.07,0,0,6,1,2020
06-01-2020,205.2,7,4,38.65,0,0,0,1,2020
07-01-2020,264.2,7,4,20.16,1,0,1,1,2020
08-01-2020,166.7,7,4,61.43,0,0,2,1,2020
09-01-2020,218.1,7,4,28.27,0,0,3,1,2020
10-01-2020,178.8,7,4,69.98,0,0,4,1,2020
11-01-2020,150.9,7,4,71.79,0,0,5,1,2020
12-01-2020,167.5,7,4,67.46,0,0,6,1,2020
13-01-2020,152.4,7,4,72.76,0,0,0,1,2020
14-01-2020,176.1,7,4,70.42,1,0,1,1,2020
15-01-2020,285.3,7,4,24.32,0,1,2,1,2020
16-01-2020,193.5,7,4,43.63,0,0,3,1,2020
17-01-2020,238.8,7,4,29.84,1,0,4,1,2020
18-01-2020,233.8,7,4,12.29,0,0,5,1,2020
19-01-2020,202.9,7,4,35.53,0,0,6,1,2020
20-01-2020,234.6,7,4,19.63,0,0,0,1,2020
21-01-2020,242.7,7,4,10.49,0,0,1,1,2020
22-01-2020,176.9,7,4,54,0,0,2,1,2020
23-01-2020,244.7,7,4,38.54,1,0,3,1,2020
24-01-2020,186.2,7,4,45.38,0,0,4,1,2020
25-01-2020,196.8,7,4,46.75,0,0,5,1,2020
26-01-2020,130.2,7,4,98.7,0,0,6,1,2020
27-01-2020,265.5,7,4,18.92,1,0,0,1,2020
28-01-2020,148.8,7,4,81.34,0,0,1,1,2020
29-01-2020,276.9,7,4,28.23,0,1,2,1,2020
30-01-2020,230.6,7,4,14.56,0,0,3,1,2020
31-01-2020,277.2,7,4,21.27,1,0,4,1,2020
01-02-2020,242.7,7,4,31.44,0,0,5,2,2020
02-02-2020,203.6,7,4,53.54,0,0,6,2,2020
03-02-2020,292.4,7,4,36.83,0,1,0,2,2020
04-02-2020,220.6,7,4,82.46,1,0,1,2,2020
05-02-2020,240.9,7,4,38.29,0,0,2,2,2020
06-02-2020,252.2,7,4,24.77,0,0,3,2,2020
07-02-2020,214.0,7,4,66.99,0,0,4,2,2020
08-02-2020,214.9,7,4,74.16,1,0,5,2,2020
09-02-2020,228.6,7,4,41.06,0,0,6,2,2020
10-02-2020,272.3,7,4,36.75,1,0,0,2,2020
11-02-2020,139.8,7,4,92,0,0,1,2,2020
12-02-2020,174.6,7,4,81.18,0,0,2,2,2020
13-02-2020,217.6,7,4,83.74,1,0,3,2,2020
14-02-2020,278.9,7,4,15.23,0,0,4,2,2020
15-02-2020,198.1,7,4,57.59,0,0,5,2,2020
16-02-2020,281.4,7,4,34.06,1,0,6,2,2020
17-02-2020,204.0,7,4,50.47,0,0,0,2,2020
18-02-2020,207.2,7,4,48.85,0,0,1,2,2020
19-02-2020,222.8,7,4,77.82,1,0,2,2,2020
20-02-2020,246.7,7,4,19.4,0,0,3,2,2020
21-02-2020,207.5,7,4,87.82,1,0,4,2,2020
22-02-2020,154.5,7,4,94.76,0,0,5,2,2020
23-02-2020,182.2,7,4,75.98,0,0,6,2,2020
24-02-2020,148.5,7,4,90.42,0,0,0,2,2020
25-02-2020,210.5,7,4,56.4,0,0,1,2,2020
26-02-2020,243.6,7,4,29.72,0,0,2,2,2020
27-02-2020,234.2,7,4,34.85,0,0,3,2,2020
28-02-2020,148.9,7,4,88.02,0,0,4,2,2020
29-02-2020,308.5,7,4,29.54,1,0,5,2,2020
01-03-2020,251.3,7,4,27.96,0,0,6,3,2020
02-03-2020,267.8,7,4,42.97,1,0,0,3,2020
03-03-2020,163.5,7,4,83.13,0,0,1,3,2020
04-03-2020,227.7,7,4,75.14,1,0,2,3,2020
05-03-2020,178.2,7,4,96.28,1,0,3,3,2020
06-03-2020,179.3,7,4,95.2,0,0,4,3,2020
07-03-2020,211.5,7,4,62.74,0,0,5,3,2020
08-03-2020,177.2,7,4,78.86,0,0,6,3,2020
09-03-2020,304.8,7,4,31.36,1,0,0,3,2020
10-03-2020,331.5,7,4,29.76,0,1,1,3,2020
11-03-2020,337.6,7,4,10.67,1,0,2,3,2020
12-03-2020,223.3,7,4,79.27,0,1,3,3,2020
13-03-2020,261.7,7,4,26.43,0,0,4,3,2020
14-03-2020,183.1,7,4,79.78,0,0,5,3,2020
15-03-2020,287.8,7,4,12.39,0,0,6,3,2020
16-03-2020,196.5,7,4,69.97,0,0,0,3,2020
17-03-2020,275.0,7,4,28.06,0,0,1,3,2020
18-03-2020,182.0,7,4,82.71,0,0,2,3,2020
19-03-2020,301.9,7,4,28.82,1,0,3,3,2020
20-03-2020,307.2,7,4,30.62,1,0,4,3,2020
21-03-2020,207.7,7,4,62.72,0,0,5,3,2020
22-03-2020,218.5,7,4,59.1,0,0,6,3,2020
23-03-2020,173.4,7,4,78.26,0,0,0,3,2020
24-03-2020,233.8,7,4,82.75,0,1,1,3,2020
25-03-2020,140.9,7,4,98.79,0,0,2,3,2020
26-03-2020,398.5,7,4,38.98,1,1,3,3,2020
27-03-2020,272.1,7,4,19.76,0,0,4,3,2020
28-03-2020,237.3,7,4,42.05,0,0,5,3,2020
29-03-2020,337.3,7,4,17.28,1,0,6,3,2020
30-03-2020,217.7,7,4,58.24,0,0,0,3,2020
31-03-2020,219.3,7,4,47.41,0,0,1,3,2020
01-04-2020,335.4,7,4,14.09,1,0,2,4,2020
02-04-2020,189.5,7,4,57.64,0,0,3,4,2020
03-04-2020,197.4,7,4,87.85,1,0,4,4,2020
04-04-2020,253.4,7,4,15.59,0,0,5,4,2020
05-04-2020,145.0,7,4,96.54,0,0,6,4,2020
06-04-2020,192.0,7,4,86.67,1,0,0,4,2020
07-04-2020,312.1,7,4,22.89,1,0,1,4,2020
08-04-2020,239.0,7,4,96.95,1,1,2,4,2020
09-04-2020,229.9,7,4,62.85,1,0,3,4,2020
10-04-2020,296.1,7,4,29.24,1,0,4,4,2020
11-04-2020,252.8,7,4,13.65,0,0,5,4,2020
12-04-2020,261.2,7,4,57.06,1,0,6,4,2020
13-04-2020,177.9,7,4,70.64,0,0,0,4,2020
14-04-2020,277.1,7,4,35.4,1,0,1,4,2020
15-04-2020,167.2,7,4,74.81,0,0,2,4,2020
16-04-2020,221.2,7,4,74.91,1,0,3,4,2020
17-04-2020,219.1,7,4,47.24,0,0,4,4,2020
18-04-2020,148.7,7,4,95.76,0,0,5,4,2020
19-04-2020,143.0,7,4,99.91,0,0,6,4,2020
20-04-2020,155.7,7,4,94.94,0,0,0,4,2020
21-04-2020,169.3,7,4,86.81,0,0,1,4,2020
22-04-2020,272.1,7,4,14.02,0,0,2,4,2020
23-04-2020,234.7,7,4,28.16,0,0,3,4,2020
24-04-2020,301.7,7,4,29.71,1,0,4,4,2020
25-04-2020,254.2,7,4,28.13,0,0,5,4,2020
26-04-2020,182.3,7,4,63.43,0,0,6,4,2020
27-04-2020,220.5,7,4,83.73,0,1,0,4,2020
28-04-2020,174.4,7,4,71.98,0,0,1,4,2020
29-04-2020,325.3,7,4,21.59,1,0,2,4,2020
30-04-2020,197.4,7,4,75.86,0,0,3,4,2020
01-05-2020,130.7,7,4,78.61,0,0,4,5,2020
02-05-2020,159.1,7,4,77.69,0,0,5,5,2020
03-05-2020,213.9,7,4,53.05,1,0,6,5,2020
04-05-2020,227.7,7,4,44.63,1,0,0,5,2020
05-05-2020,142.3,7,4,92.07,0,0,1,5,2020
06-05-2020,162.4,7,4,82.04,0,0,2,5,2020
07-05-2020,171.4,7,4,83.91,0,1,3,5,2020
08-05-2020,222.4,7,4,13.29,0,0,4,5,2020
09-05-2020,162.3,7,4,95.28,1,0,5,5,2020
10-05-2020,263.1,7,4,21.6,1,0,6,5,2020
11-05-2020,161.7,7,4,61.83,0,0,0,5,2020
12-05-2020,239.8,7,4,46.72,1,0,1,5,2020
13-05-2020,202.0,7,4,40.63,0,0,2,5,2020
14-05-2020,250.5,7,4,11.93,0,0,3,5,2020
15-05-2020,166.3,7,4,73.1,0,0,4,5,2020
16-05-2020,158.8,7,4,64.03,0,0,5,5,2020
17-05-2020,175.6,7,4,77.65,1,0,6,5,2020
18-05-2020,125.0,7,4,86.34,0,0,0,5,2020
19-05-2020,271.6,7,4,20.83,1,0,1,5,2020
20-05-2020,216.7,7,4,20.24,0,0,2,5,2020
21-05-2020,240.9,7,4,30.23,1,0,3,5,2020
22-05-2020,199.9,7,4,78.91,1,0,4,5,2020
23-05-2020,130.0,7,4,88.26,0,0,5,5,2020
24-05-2020,130.0,7,4,99.04,0,0,6,5,2020
25-05-2020,136.1,7,4,78.76,0,0,0,5,2020
26-05-2020,165.3,7,4,99.32,0,0,1,5,2020
27-05-2020,213.6,7,4,33.46,0,0,2,5,2020
28-05-2020,175.3,7,4,49.08,0,0,3,5,2020
29-05-2020,138.2,7,4,85.23,0,0,4,5,2020
30-05-2020,180.0,7,4,71.31,0,1,5,5,2020
31-05-2020,249.7,7,4,22.81,1,0,6,5,2020
01-06-2020,135.4,7,4,68.11,0,0,0,6,2020
02-06-2020,130.8,7,4,69.2,0,0,1,6,2020
03-06-2020,106.3,7,4,96.21,0,0,2,6,2020
04-06-2020,228.2,7,4,28.02,0,1,3,6,2020
05-06-2020,141.0,7,4,85.55,0,1,4,6,2020
06-06-2020,127.1,7,4,66.64,0,0,5,6,2020
07-06-2020,166.1,7,4,37.88,0,0,6,6,2020
08-06-2020,209.8,7,4,40.64,0,1,0,6,2020
09-06-2020,142.4,7,4,64.53,0,0,1,6,2020
10-06-2020,108.0,7,4,93.04,0,0,2,6,2020
11-06-2020,127.4,7,4,59.51,0,0,3,6,2020
12-06-2020,205.5,7,4,22.7,1,0,4,6,2020
13-06-2020,126.0,7,4,73.16,0,0,5,6,2020
14-06-2020,123.1,7,4,67.5,0,0,6,6,2020
15-06-2020,147.2,7,4,49.78,0,0,0,6,2020
16-06-2020,197.5,7,4,36.13,0,1,1,6,2020
17-06-2020,135.5,7,4,89.57,1,0,2,6,2020
18-06-2020,177.2,7,4,13.5,0,0,3,6,2020
19-06-2020,194.9,7,4,27.09,1,0,4,6,2020
20-06-2020,164.6,7,4,35.35,0,0,5,6,2020
21-06-2020,133.1,7,4,79.57,0,0,6,6,2020
22-06-2020,178.4,7,4,61.57,1,0,0,6,2020
23-06-2020,127.3,7,4,54.04,0,0,1,6,2020
24-06-2020,134.9,7,4,73.55,0,0,2,6,2020
25-06-2020,179.4,7,4,28.12,0,0,3,6,2020
26-06-2020,165.6,7,4,61.37,1,0,4,6,2020
27-06-2020,146.8,7,4,40.92,0,0,5,6,2020
28-06-2020,210.8,7,4,17.71,1,0,6,6,2020
29-06-2020,106.8,7,4,90.83,0,0,0,6,2020
30-06-2020,167.9,7,4,60.32,1,0,1,6,2020
01-07-2020,169.6,7,4,43.1,0,1,2,7,2020
02-07-2020,129.9,7,4,18.68,0,0,3,7,2020
03-07-2020,110.8,7,4,77.81,1,0,4,7,2020
04-07-2020,121.1,7,4,40.62,0,0,5,7,2020
05-07-2020,91.2,7,4,69.68,0,0,6,7,2020
06-07-2020,100.4,7,4,54.97,0,0,0,7,2020
07-07-2020,134.7,7,4,33.03,0,0,1,7,2020
08-07-2020,99.2,7,4,65.34,0,0,2,7,2020
09-07-2020,91.6,7,4,99.54,1,0,3,7,2020
10-07-2020,75.0,7,4,85.01,0,0,4,7,2020
11-07-2020,164.2,7,4,70.88,1,1,5,7,2020
12-07-2020,142.3,7,4,45.31,1,0,6,7,2020
13-07-2020,124.1,7,4,27.14,0,0,0,7,2020
