synthetic_sales_data.csv
date,sales,store_id,product_id,price,promotion,holiday,weekday,month,year
01-01-2020,209.6,7,5,55.56,1,0,2,1,2020
02-01-2020,235.0,7,5,38.2,1,0,3,1,2020
03-01-2020,245.4,7,5,31.64,1,0,4,1,2020
04-01-2020,164.3,7,5,73.5,0,0,5,1,2020
05-01-2020,190.0,7,5,45.83,0,0,6,1,2020
06-01-2020,253.8,7,5,45.04,0,1,0,1,2020
07-01-2020,185.3,7,5,94.73,0,1,1,1,2020
08-01-2020,203.9,7,5,33.23,0,0,2,1,2020
09-01-2020,219.2,7,5,33.49,0,0,3,1,2020
10-01-2020,135.1,7,5,87.29,0,0,4,1,2020
11-01-2020,258.3,7,5,18.67,1,0,5,1,2020
12-01-2020,171.0,7,5,71.37,0,0,6,1,2020
13-01-2020,227.3,7,5,48.91,1,0,0,1,2020
14-01-2020,298.2,7,5,11.96,1,0,1,1,2020
15-01-2020,130.3,7,5,95.07,0,0,2,1,2020
16-01-2020,162.5,7,5,70.48,0,0,3,1,2020
17-01-2020,279.9,7,5,27.88,0,1,4,1,2020
18-01-2020,167.2,7,5,60.86,0,0,5,1,2020
19-01-2020,203.5,7,5,43.67,0,0,6,1,2020
20-01-2020,222.5,7,5,16.34,0,0,0,1,2020
21-01-2020,207.0,7,5,37.17,0,0,1,1,2020
22-01-2020,257.2,7,5,28.32,1,0,2,1,2020
23-01-2020,195.9,7,5,50.24,0,0,3,1,2020
24-01-2020,140.1,7,5,83.47,0,0,4,1,2020
25-01-2020,159.2,7,5,85.91,1,0,5,1,2020
26-01-2020,227.3,7,5,34.88,0,0,6,1,2020
27-01-2020,203.6,7,5,36.19,0,0,0,1,2020
28-01-2020,182.6,7,5,79.74,1,0,1,1,2020
29-01-2020,131.5,7,5,87.47,0,0,2,1,2020
30-01-2020,172.2,7,5,82.54,1,0,3,1,2020
31-01-2020,237.0,7,5,40.16,1,0,4,1,2020
01-02-2020,257.0,7,5,59.96,0,1,5,2,2020
02-02-2020,204.2,7,5,51.51,0,0,6,2,2020
03-02-2020,207.9,7,5,43.36,0,0,0,2,2020
04-02-2020,183.1,7,5,78.14,0,0,1,2,2020
05-02-2020,228.3,7,5,44.51,0,0,2,2,2020
06-02-2020,173.0,7,5,78.74,0,0,3,2,2020
07-02-2020,180.9,7,5,79.82,0,0,4,2,2020
08-02-2020,259.4,7,5,20.33,0,0,5,2,2020
09-02-2020,169.4,7,5,81.51,0,0,6,2,2020
10-02-2020,181.4,7,5,69.26,0,0,0,2,2020
11-02-2020,272.4,7,5,34.36,1,0,1,2,2020
12-02-2020,310.5,7,5,17.21,1,0,2,2,2020
13-02-2020,146.6,7,5,94.13,0,0,3,2,2020
14-02-2020,231.2,7,5,38.8,0,0,4,2,2020
15-02-2020,158.9,7,5,84.53,0,0,5,2,2020
16-02-2020,232.8,7,5,69.7,0,1,6,2,2020
17-02-2020,217.1,7,5,47.73,0,0,0,2,2020
18-02-2020,143.0,7,5,96.01,0,0,1,2,2020
19-02-2020,157.8,7,5,88.71,0,0,2,2,2020
20-02-2020,264.8,7,5,52.23,1,0,3,2,2020
21-02-2020,156.4,7,5,88.14,0,0,4,2,2020
22-02-2020,242.2,7,5,71.15,1,0,5,2,2020
23-02-2020,237.3,7,5,57.79,1,0,6,2,2020
24-02-2020,193.6,7,5,61.04,0,0,0,2,2020
25-02-2020,256.2,7,5,25.98,0,0,1,2,2020
26-02-2020,208.7,7,5,60.39,0,0,2,2,2020
27-02-2020,135.6,7,5,92.82,0,0,3,2,2020
28-02-2020,168.8,7,5,76.15,0,0,4,2,2020
29-02-2020,278.5,7,5,47.8,0,1,5,2,2020
01-03-2020,249.5,7,5,36.55,0,0,6,3,2020
02-03-2020,184.1,7,5,76.07,0,0,0,3,2020
03-03-2020,251.3,7,5,60.82,1,0,1,3,2020
04-03-2020,212.0,7,5,62.37,0,0,2,3,2020
05-03-2020,234.1,7,5,65.35,1,0,3,3,2020
06-03-2020,273.8,7,5,11.56,0,0,4,3,2020
07-03-2020,305.6,7,5,39.71,0,1,5,3,2020
08-03-2020,295.3,7,5,10.51,0,0,6,3,2020
09-03-2020,139.3,7,5,96.05,0,0,0,3,2020
10-03-2020,325.0,7,5,17.75,1,0,1,3,2020
11-03-2020,236.8,7,5,41.6,0,0,2,3,2020
12-03-2020,284.8,7,5,41.68,1,0,3,3,2020
13-03-2020,434.7,7,5,12.87,1,1,4,3,2020
14-03-2020,197.2,7,5,87.8,1,0,5,3,2020
15-03-2020,303.7,7,5,36.94,1,0,6,3,2020
16-03-2020,343.1,7,5,13.7,1,0,0,3,2020
17-03-2020,252.8,7,5,23.48,0,0,1,3,2020
18-03-2020,243.4,7,5,66.12,1,0,2,3,2020
19-03-2020,277.0,7,5,17.21,0,0,3,3,2020
20-03-2020,244.1,7,5,33.34,0,0,4,3,2020
21-03-2020,223.9,7,5,59.21,0,0,5,3,2020
22-03-2020,177.6,7,5,88.33,0,0,6,3,2020
23-03-2020,292.3,7,5,12.46,0,0,0,3,2020
24-03-2020,188.4,7,5,70.58,0,0,1,3,2020
25-03-2020,238.1,7,5,38.57,0,0,2,3,2020
26-03-2020,266.7,7,5,24.75,0,0,3,3,2020
27-03-2020,172.6,7,5,81.81,0,0,4,3,2020
28-03-2020,217.7,7,5,53.19,0,0,5,3,2020
29-03-2020,316.3,7,5,23,1,0,6,3,2020
30-03-2020,249.4,7,5,34.88,0,0,0,3,2020
31-03-2020,162.2,7,5,99.77,0,0,1,3,2020
01-04-2020,245.6,7,5,29.43,0,0,2,4,2020
02-04-2020,205.8,7,5,53.6,0,0,3,4,2020
03-04-2020,335.5,7,5,28.91,0,1,4,4,2020
04-04-2020,254.1,7,5,31.19,0,0,5,4,2020
05-04-2020,211.3,7,5,71.79,1,0,6,4,2020
06-04-2020,160.1,7,5,98.91,0,0,0,4,2020
07-04-2020,250.8,7,5,22.45,0,0,1,4,2020
08-04-2020,236.5,7,5,61.79,1,0,2,4,2020
09-04-2020,175.1,7,5,79.77,0,0,3,4,2020
10-04-2020,206.7,7,5,86.47,1,0,4,4,2020
11-04-2020,193.8,7,5,51.86,0,0,5,4,2020
12-04-2020,182.5,7,5,57.58,0,0,6,4,2020
13-04-2020,250.7,7,5,23.84,0,0,0,4,2020
14-04-2020,232.3,7,5,92.41,1,1,1,4,2020
15-04-2020,229.8,7,5,43.79,0,0,2,4,2020
16-04-2020,190.5,7,5,96.66,0,1,3,4,2020
17-04-2020,193.1,7,5,70.56,0,0,4,4,2020
18-04-2020,199.1,7,5,58.87,0,0,5,4,2020
19-04-2020,221.2,7,5,50.69,0,0,6,4,2020
20-04-2020,317.7,7,5,20.97,0,1,0,4,2020
21-04-2020,295.3,7,5,30.09,1,0,1,4,2020
22-04-2020,241.4,7,5,37.79,0,0,2,4,2020
23-04-2020,282.4,7,5,16.85,1,0,3,4,2020
24-04-2020,247.4,7,5,24.92,0,0,4,4,2020
25-04-2020,266.7,7,5,42.81,1,0,5,4,2020
26-04-2020,213.7,7,5,39.06,0,0,6,4,2020
27-04-2020,349.5,7,5,39.92,1,1,0,4,2020
28-04-2020,274.3,7,5,42.85,1,0,1,4,2020
29-04-2020,256.7,7,5,19.86,0,0,2,4,2020
30-04-2020,246.3,7,5,52.33,1,0,3,4,2020
01-05-2020,185.7,7,5,70.23,1,0,4,5,2020
02-05-2020,143.3,7,5,82.86,0,0,5,5,2020
03-05-2020,207.0,7,5,45.49,0,0,6,5,2020
04-05-2020,224.5,7,5,18.77,0,0,0,5,2020
05-05-2020,208.8,7,5,47.61,0,0,1,5,2020
06-05-2020,240.1,7,5,37.63,1,0,2,5,2020
07-05-2020,237.8,7,5,10.04,0,0,3,5,2020
08-05-2020,182.5,7,5,47.51,0,0,4,5,2020
09-05-2020,222.8,7,5,51.89,1,0,5,5,2020
10-05-2020,136.2,7,5,75.68,0,0,6,5,2020
11-05-2020,172.9,7,5,60.13,0,0,0,5,2020
12-05-2020,207.8,7,5,41.44,0,0,1,5,2020
13-05-2020,143.1,7,5,94.78,0,0,2,5,2020
14-05-2020,173.5,7,5,82.49,0,0,3,5,2020
15-05-2020,179.0,7,5,71.19,1,0,4,5,2020
16-05-2020,172.8,7,5,90.61,0,1,5,5,2020
17-05-2020,214.5,7,5,37.71,0,0,6,5,2020
18-05-2020,222.5,7,5,30.76,0,0,0,5,2020
19-05-2020,229.2,7,5,14.1,0,0,1,5,2020
20-05-2020,180.7,7,5,49.03,0,0,2,5,2020
21-05-2020,249.0,7,5,17.42,1,0,3,5,2020
22-05-2020,179.1,7,5,57.43,0,0,4,5,2020
23-05-2020,225.8,7,5,54.01,1,0,5,5,2020
24-05-2020,130.3,7,5,95.43,0,0,6,5,2020
25-05-2020,161.3,7,5,62.11,0,0,0,5,2020
26-05-2020,205.0,7,5,25.18,0,0,1,5,2020
27-05-2020,208.0,7,5,36.86,0,0,2,5,2020
28-05-2020,139.8,7,5,75.9,0,0,3,5,2020
29-05-2020,174.7,7,5,55.92,0,0,4,5,2020
30-05-2020,152.2,7,5,96.2,0,0,5,5,2020
31-05-2020,123.9,7,5,91.29,0,0,6,5,2020
01-06-2020,167.4,7,5,39.08,0,0,0,6,2020
02-06-2020,221.2,7,5,26.78,0,1,1,6,2020
03-06-2020,107.7,7,5,99.99,1,0,2,6,2020
04-06-2020,152.6,7,5,92.01,0,1,3,6,2020
05-06-2020,177.3,7,5,20.86,0,0,4,6,2020
06-06-2020,141.0,7,5,60.36,0,0,5,6,2020
07-06-2020,235.2,7,5,12.06,1,0,6,6,2020
08-06-2020,165.1,7,5,34.3,0,0,0,6,2020
09-06-2020,216.0,7,5,26.25,1,0,1,6,2020
10-06-2020,170.1,7,5,25.83,0,0,2,6,2020
11-06-2020,173.6,7,5,22.25,0,0,3,6,2020
12-06-2020,156.9,7,5,46.89,0,0,4,6,2020
13-06-2020,138.5,7,5,49.44,0,0,5,6,2020
14-06-2020,103.0,7,5,86.92,0,0,6,6,2020
15-06-2020,161.3,7,5,75.92,0,1,0,6,2020
16-06-2020,110.0,7,5,90.55,0,0,1,6,2020
17-06-2020,161.0,7,5,49.56,0,0,2,6,2020
18-06-2020,170.0,7,5,77.51,1,0,3,6,2020
19-06-2020,165.4,7,5,32.85,0,0,4,6,2020
20-06-2020,115.3,7,5,91.55,0,0,5,6,2020
21-06-2020,139.2,7,5,68.41,0,0,6,6,2020
22-06-2020,78.4,7,5,88.63,0,0,0,6,2020
23-06-2020,150.0,7,5,75.89,1,0,1,6,2020
24-06-2020,191.6,7,5,23.09,0,0,2,6,2020
25-06-2020,135.8,7,5,53.33,0,0,3,6,2020
26-06-2020,123.4,7,5,65.09,0,0,4,6,2020
27-06-2020,121.3,7,5,74.11,0,0,5,6,2020
28-06-2020,112.6,7,5,91.83,0,0,6,6,2020
29-06-2020,146.9,7,5,90.33,1,0,0,6,2020
30-06-2020,278.4,7,5,26.26,1,1,1,6,2020
01-07-2020,84.4,7,5,69.24,0,0,2,7,2020
02-07-2020,160.6,7,5,40.02,1,0,3,7,2020
03-07-2020,83.2,7,5,82.88,1,0,4,7,2020
04-07-2020,115.0,7,5,77.16,0,1,5,7,2020
05-07-2020,130.6,7,5,50.77,1,0,6,7,2020
06-07-2020,73.7,7,5,84.01,0,0,0,7,2020
07-07-2020,146.8,7,5,11.48,0,0,1,7,2020
08-07-2020,143.3,7,5,20.35,0,0,2,7,2020
09-07-2020,187.9,7,5,32.65,1,1,3,7,2020
10-07-2020,96.9,7,5,54.31,0,0,4,7,2020
11-07-2020,152.1,7,5,19.19,0,0,5,7,2020
12-07-2020,122.9,7,5,70,1,0,6,7,2020
13-07-2020,68.7,7,5,92.32,1,0,0,7,2020
01-01-2020,152.4,8,1,75.46,0,0,2,1,2020
02-01-2020,145.7,8,1,81.54,0,0,3,1,2020
03-01-2020,214.7,8,1,55.44,1,0,4,1,2020
04-01-2020,241.8,8,1,12.61,0,0,5,1,2020
05-01-2020,176.2,8,1,75.98,1,0,6,1,2020
06-01-2020,182.9,8,1,45.89,0,0,0,1,2020
07-01-2020,188.9,8,1,44.29,0,0,1,1,2020
08-01-2020,140.9,8,1,67.89,0,0,2,1,2020
09-01-2020,120.7,8,1,95.16,0,0,3,1,2020
10-01-2020,226.0,8,1,11.05,0,0,4,1,2020
11-01-2020,128.7,8,1,84.16,0,0,5,1,2020
12-01-2020,236.8,8,1,15.27,0,0,6,1,2020
13-01-2020,138.0,8,1,96.4,0,0,0,1,2020
14-01-2020,159.7,8,1,82.75,0,0,1,1,2020
15-01-2020,220.1,8,1,20.99,0,0,2,1,2020
16-01-2020,227.8,8,1,19.99,0,0,3,1,2020
17-01-2020,225.7,8,1,51.04,1,0,4,1,2020
18-01-2020,172.4,8,1,85.27,1,0,5,1,2020
19-01-2020,241.5,8,1,31.37,1,0,6,1,2020
20-01-2020,131.3,8,1,84.89,0,0,0,1,2020
21-01-2020,179.8,8,1,43.65,0,0,1,1,2020
22-01-2020,129.5,8,1,89.62,0,0,2,1,2020
23-01-2020,220.2,8,1,50.18,1,0,3,1,2020
24-01-2020,145.5,8,1,85.22,0,0,4,1,2020
25-01-2020,230.8,8,1,63.48,0,1,5,1,2020
26-01-2020,164.6,8,1,83.53,1,0,6,1,2020
27-01-2020,130.2,8,1,89.42,0,0,0,1,2020
28-01-2020,181.3,8,1,85.16,1,0,1,1,2020
29-01-2020,229.5,8,1,41.43,1,0,2,1,2020
30-01-2020,285.6,8,1,11.39,1,0,3,1,2020
31-01-2020,201.6,8,1,28.51,0,0,4,1,2020
01-02-2020,212.1,8,1,49.83,0,0,5,2,2020
02-02-2020,167.0,8,1,75.57,0,0,6,2,2020
03-02-2020,262.9,8,1,20.07,0,0,0,2,2020
04-02-2020,196.0,8,1,88.45,1,0,1,2,2020
05-02-2020,198.8,8,1,71.78,1,0,2,2,2020
06-02-2020,115.6,8,1,97.18,0,0,3,2,2020
07-02-2020,245.3,8,1,35.42,0,0,4,2,2020
08-02-2020,173.9,8,1,95.37,0,0,5,2,2020
09-02-2020,311.0,8,1,10.99,1,0,6,2,2020
10-02-2020,233.7,8,1,55.02,1,0,0,2,2020
11-02-2020,306.7,8,1,15.11,1,0,1,2,2020
12-02-2020,239.8,8,1,47.21,0,0,2,2,2020
13-02-2020,246.7,8,1,10.06,0,0,3,2,2020
14-02-2020,172.4,8,1,69.45,0,0,4,2,2020
15-02-2020,215.1,8,1,47.19,0,0,5,2,2020
16-02-2020,295.3,8,1,44.28,0,1,6,2,2020
17-02-2020,214.3,8,1,51.49,0,0,0,2,2020
18-02-2020,308.9,8,1,23.26,1,0,1,2,2020
19-02-2020,221.8,8,1,86.86,0,1,2,2,2020
20-02-2020,296.4,8,1,39.5,0,1,3,2,2020
21-02-2020,330.3,8,1,18.62,0,1,4,2,2020
22-02-2020,276.5,8,1,40.12,1,0,5,2,2020
23-02-2020,172.0,8,1,72.15,0,0,6,2,2020
24-02-2020,179.0,8,1,75.35,0,0,0,2,2020
25-02-2020,224.4,8,1,73.84,1,0,1,2,2020
26-02-2020,229.4,8,1,39.78,0,0,2,2,2020
27-02-2020,207.2,8,1,59.15,0,0,3,2,2020
28-02-2020,183.4,8,1,70.53,0,0,4,2,2020
29-02-2020,169.1,8,1,85.76,0,0,5,2,2020
01-03-2020,237.8,8,1,52.95,0,0,6,3,2020
02-03-2020,352.5,8,1,11.74,1,0,0,3,2020
03-03-2020,200.9,8,1,86.78,1,0,1,3,2020
04-03-2020,239.6,8,1,70.38,1,0,2,3,2020
05-03-2020,276.1,8,1,12.66,0,0,3,3,2020
06-03-2020,171.9,8,1,81.23,0,0,4,3,2020
07-03-2020,265.5,8,1,21.6,0,0,5,3,2020
08-03-2020,209.0,8,1,87.03,1,0,6,3,2020
09-03-2020,256.3,8,1,15.77,0,0,0,3,2020
10-03-2020,224.3,8,1,82.97,1,0,1,3,2020
11-03-2020,282.0,8,1,21.19,0,0,2,3,2020
12-03-2020,237.8,8,1,34.1,0,0,3,3,2020
13-03-2020,259.5,8,1,35.92,0,0,4,3,2020
14-03-2020,231.6,8,1,82.59,0,1,5,3,2020
15-03-2020,217.1,8,1,47.48,0,0,6,3,2020
16-03-2020,251.5,8,1,29.01,0,0,0,3,2020
17-03-2020,242.0,8,1,41.62,0,0,1,3,2020
18-03-2020,272.6,8,1,47.12,1,0,2,3,2020
19-03-2020,278.6,8,1,13.59,0,0,3,3,2020
20-03-2020,201.5,8,1,60.68,0,0,4,3,2020
21-03-2020,240.0,8,1,78.05,0,1,5,3,2020
22-03-2020,253.9,8,1,20.65,0,0,6,3,2020
23-03-2020,185.4,8,1,97.97,1,0,0,3,2020
24-03-2020,254.4,8,1,58.62,1,0,1,3,2020
25-03-2020,231.4,8,1,58.05,0,0,2,3,2020
26-03-2020,414.4,8,1,22.9,1,1,3,3,2020
27-03-2020,206.1,8,1,79.7,1,0,4,3,2020
28-03-2020,197.0,8,1,61.11,0,0,5,3,2020
29-03-2020,175.9,8,1,80.46,0,0,6,3,2020
30-03-2020,261.3,8,1,18.21,0,0,0,3,2020
31-03-2020,237.6,8,1,44.95,0,0,1,3,2020
01-04-2020,252.0,8,1,28.8,0,0,2,4,2020
02-04-2020,164.5,8,1,64.29,0,0,3,4,2020
03-04-2020,251.3,8,1,29.73,0,0,4,4,2020
04-04-2020,153.3,8,1,89.98,0,0,5,4,2020
05-04-2020,328.0,8,1,28.49,0,1,6,4,2020
06-04-2020,170.5,8,1,86.4,0,0,0,4,2020
07-04-2020,244.6,8,1,26.9,0,0,1,4,2020
08-04-2020,172.1,8,1,69.78,0,0,2,4,2020
09-04-2020,180.4,8,1,72.87,0,0,3,4,2020
10-04-2020,166.4,8,1,89.41,0,0,4,4,2020
11-04-2020,280.2,8,1,10.17,0,0,5,4,2020
12-04-2020,328.2,8,1,28.77,0,1,6,4,2020
13-04-2020,220.2,8,1,37.65,0,0,0,4,2020
14-04-2020,177.6,8,1,81.37,0,0,1,4,2020
15-04-2020,256.2,8,1,55.28,1,0,2,4,2020
16-04-2020,264.1,8,1,15.33,0,0,3,4,2020
17-04-2020,276.5,8,1,20.81,0,0,4,4,2020
18-04-2020,282.0,8,1,30.71,1,0,5,4,2020
19-04-2020,233.8,8,1,38.17,0,0,6,4,2020
20-04-2020,191.1,8,1,76.55,0,0,0,4,2020
21-04-2020,198.5,8,1,57.57,0,0,1,4,2020
22-04-2020,254.3,8,1,68.41,0,1,2,4,2020
23-04-2020,254.4,8,1,74.8,0,1,3,4,2020
24-04-2020,311.0,8,1,33.18,0,1,4,4,2020
25-04-2020,223.4,8,1,30.88,0,0,5,4,2020
26-04-2020,215.9,8,1,43.45,0,0,6,4,2020
27-04-2020,251.5,8,1,20.9,0,0,0,4,2020
28-04-2020,146.9,8,1,76.98,0,0,1,4,2020
29-04-2020,242.6,8,1,64.84,1,0,2,4,2020
30-04-2020,212.9,8,1,35.33,0,0,3,4,2020
01-05-2020,176.7,8,1,43.09,0,0,4,5,2020
02-05-2020,170.1,8,1,88.14,1,0,5,5,2020
03-05-2020,247.9,8,1,11.21,0,0,6,5,2020
04-05-2020,155.4,8,1,90.18,1,0,0,5,2020
05-05-2020,208.8,8,1,26.13,0,0,1,5,2020
06-05-2020,278.2,8,1,33.55,0,1,2,5,2020
07-05-2020,224.5,8,1,29.1,0,0,3,5,2020
08-05-2020,125.9,8,1,94.4,0,0,4,5,2020
09-05-2020,279.9,8,1,11.3,1,0,5,5,2020
10-05-2020,151.4,8,1,84.13,0,0,6,5,2020
11-05-2020,140.0,8,1,86.8,0,0,0,5,2020
12-05-2020,133.6,8,1,93.42,0,0,1,5,2020
13-05-2020,303.2,8,1,23.31,0,1,2,5,2020
14-05-2020,255.9,8,1,78.36,1,1,3,5,2020
15-05-2020,185.6,8,1,63.16,1,0,4,5,2020
16-05-2020,184.1,8,1,55.09,0,0,5,5,2020
17-05-2020,178.2,8,1,52.5,0,0,6,5,2020
18-05-2020,248.9,8,1,38.64,1,0,0,5,2020
19-05-2020,158.4,8,1,97.82,1,0,1,5,2020
20-05-2020,180.0,8,1,62.37,0,0,2,5,2020
21-05-2020,162.0,8,1,99.44,1,0,3,5,2020
22-05-2020,131.3,8,1,93.47,0,0,4,5,2020
23-05-2020,269.8,8,1,23.82,1,0,5,5,2020
24-05-2020,235.3,8,1,40.54,1,0,6,5,2020
25-05-2020,200.0,8,1,41.96,0,0,0,5,2020
26-05-2020,183.7,8,1,58.02,0,0,1,5,2020
27-05-2020,141.9,8,1,78.16,0,0,2,5,2020
28-05-2020,176.3,8,1,44.99,0,0,3,5,2020
29-05-2020,190.2,8,1,57.35,0,0,4,5,2020
30-05-2020,235.7,8,1,15.9,0,0,5,5,2020
31-05-2020,179.1,8,1,57.15,0,0,6,5,2020
01-06-2020,108.4,8,1,95.45,0,0,0,6,2020
02-06-2020,217.6,8,1,33.28,0,1,1,6,2020
03-06-2020,121.5,8,1,81.01,0,0,2,6,2020
04-06-2020,104.8,8,1,79.96,0,0,3,6,2020
05-06-2020,203.8,8,1,23.39,1,0,4,6,2020
06-06-2020,133.3,8,1,96.74,1,0,5,6,2020
07-06-2020,232.4,8,1,25.79,1,0,6,6,2020
08-06-2020,155.7,8,1,72.29,1,0,0,6,2020
09-06-2020,95.4,8,1,89.5,0,0,1,6,2020
10-06-2020,167.0,8,1,61.41,1,0,2,6,2020
11-06-2020,118.1,8,1,95.79,0,0,3,6,2020
12-06-2020,174.5,8,1,26.34,0,0,4,6,2020
13-06-2020,220.2,8,1,11,1,0,5,6,2020
14-06-2020,99.3,8,1,87.12,0,0,6,6,2020
15-06-2020,87.1,8,1,97.84,0,0,0,6,2020
16-06-2020,164.6,8,1,44.37,0,0,1,6,2020
17-06-2020,105.2,8,1,98.31,0,0,2,6,2020
18-06-2020,172.7,8,1,32.72,0,0,3,6,2020
19-06-2020,148.8,8,1,47.72,0,0,4,6,2020
20-06-2020,113.1,8,1,86.65,0,0,5,6,2020
21-06-2020,113.2,8,1,81.02,0,0,6,6,2020
22-06-2020,164.1,8,1,47.43,0,0,0,6,2020
23-06-2020,96.3,8,1,93.65,0,0,1,6,2020
24-06-2020,122.3,8,1,77.71,0,0,2,6,2020
25-06-2020,143.7,8,1,39.7,0,0,3,6,2020
26-06-2020,180.2,8,1,24.86,0,0,4,6,2020
27-06-2020,106.6,8,1,80.15,0,0,5,6,2020
28-06-2020,199.3,8,1,51.74,0,1,6,6,2020
29-06-2020,168.3,8,1,36.21,0,0,0,6,2020
30-06-2020,144.0,8,1,50.7,0,0,1,6,2020
01-07-2020,101.1,8,1,56.86,0,0,2,7,2020
02-07-2020,132.6,8,1,60.77,1,0,3,7,2020
03-07-2020,90.9,8,1,77.92,0,0,4,7,2020
04-07-2020,128.7,8,1,17.56,0,0,5,7,2020
05-07-2020,157.8,8,1,10.88,0,0,6,7,2020
06-07-2020,134.0,8,1,16.03,0,0,0,7,2020
07-07-2020,74.5,8,1,86.61,0,0,1,7,2020
08-07-2020,112.4,8,1,82.87,0,1,2,7,2020
09-07-2020,126.9,8,1,26.87,0,0,3,7,2020
10-07-2020,57.5,8,1,99.81,0,0,4,7,2020
11-07-2020,150.3,8,1,12.34,0,0,5,7,2020
12-07-2020,85.6,8,1,82.61,0,0,6,7,2020
13-07-2020,123.5,8,1,27.33,0,0,0,7,2020
