synthetic_sales_data.csv
date,sales,store_id,product_id,price,promotion,holiday,weekday,month,year
01-01-2020,248.1,8,2,34.65,1,0,2,1,2020
02-01-2020,192.4,8,2,51.61,0,0,3,1,2020
03-01-2020,175.8,8,2,91.72,0,1,4,1,2020
04-01-2020,121.2,8,2,90.91,0,0,5,1,2020
05-01-2020,171.2,8,2,70.03,0,0,6,1,2020
06-01-2020,180.8,8,2,57.38,0,0,0,1,2020
07-01-2020,247.3,8,2,36.47,1,0,1,1,2020
08-01-2020,131.6,8,2,86.95,0,0,2,1,2020
09-01-2020,243.6,8,2,33.46,1,0,3,1,2020
10-01-2020,209.3,8,2,34.47,0,0,4,1,2020
11-01-2020,304.5,8,2,40.41,1,1,5,1,2020
12-01-2020,179.1,8,2,55.36,0,0,6,1,2020
13-01-2020,175.3,8,2,80.91,1,0,0,1,2020
14-01-2020,157.2,8,2,72.25,0,0,1,1,2020
15-01-2020,204.9,8,2,67.17,1,0,2,1,2020
16-01-2020,204.4,8,2,12.29,0,0,3,1,2020
17-01-2020,144.8,8,2,81.16,0,0,4,1,2020
18-01-2020,159.2,8,2,78.09,0,0,5,1,2020
19-01-2020,234.0,8,2,20.96,0,0,6,1,2020
20-01-2020,142.1,8,2,75.33,0,0,0,1,2020
21-01-2020,231.9,8,2,11.87,0,0,1,1,2020
22-01-2020,217.1,8,2,56.46,1,0,2,1,2020
23-01-2020,253.4,8,2,36.92,1,0,3,1,2020
24-01-2020,211.9,8,2,29.74,0,0,4,1,2020
25-01-2020,305.0,8,2,17.8,0,1,5,1,2020
26-01-2020,210.1,8,2,70.35,0,1,6,1,2020
27-01-2020,168.8,8,2,63.92,0,0,0,1,2020
28-01-2020,197.6,8,2,92.15,1,1,1,1,2020
29-01-2020,211.0,8,2,62.15,1,0,2,1,2020
30-01-2020,151.5,8,2,91.19,1,0,3,1,2020
31-01-2020,205.5,8,2,30.97,0,0,4,1,2020
01-02-2020,193.0,8,2,74.49,0,0,5,2,2020
02-02-2020,430.4,8,2,11.04,1,1,6,2,2020
03-02-2020,270.7,8,2,24.69,0,0,0,2,2020
04-02-2020,248.4,8,2,28.9,0,0,1,2,2020
05-02-2020,188.9,8,2,92.63,1,0,2,2,2020
06-02-2020,217.0,8,2,40.27,0,0,3,2,2020
07-02-2020,263.2,8,2,11.55,0,0,4,2,2020
08-02-2020,215.6,8,2,48.72,0,0,5,2,2020
09-02-2020,156.1,8,2,80.04,0,0,6,2,2020
10-02-2020,224.7,8,2,36.48,0,0,0,2,2020
11-02-2020,200.1,8,2,52.73,0,0,1,2,2020
12-02-2020,172.9,8,2,64.04,0,0,2,2,2020
13-02-2020,325.5,8,2,23.58,0,1,3,2,2020
14-02-2020,241.6,8,2,57.27,1,0,4,2,2020
15-02-2020,218.7,8,2,56.27,0,0,5,2,2020
16-02-2020,197.5,8,2,65.43,0,0,6,2,2020
17-02-2020,214.8,8,2,58.26,0,0,0,2,2020
18-02-2020,151.6,8,2,90.22,0,0,1,2,2020
19-02-2020,240.1,8,2,82.15,0,1,2,2,2020
20-02-2020,152.1,8,2,85.34,0,0,3,2,2020
21-02-2020,199.1,8,2,63.75,0,0,4,2,2020
22-02-2020,239.3,8,2,73.13,0,1,5,2,2020
23-02-2020,277.4,8,2,13.04,0,0,6,2,2020
24-02-2020,214.2,8,2,42.43,0,0,0,2,2020
25-02-2020,220.5,8,2,54.3,0,0,1,2,2020
26-02-2020,184.9,8,2,71.81,0,0,2,2,2020
27-02-2020,166.4,8,2,84.17,0,0,3,2,2020
28-02-2020,269.1,8,2,18.99,0,0,4,2,2020
29-02-2020,197.4,8,2,72.69,0,0,5,2,2020
01-03-2020,366.6,8,2,12.79,0,1,6,3,2020
02-03-2020,292.0,8,2,15.27,0,0,0,3,2020
03-03-2020,263.9,8,2,24.76,0,0,1,3,2020
04-03-2020,261.6,8,2,25.1,0,0,2,3,2020
05-03-2020,152.0,8,2,99.09,0,0,3,3,2020
06-03-2020,177.7,8,2,88.25,0,0,4,3,2020
07-03-2020,276.2,8,2,15.22,0,0,5,3,2020
08-03-2020,202.7,8,2,98.72,0,1,6,3,2020
09-03-2020,295.1,8,2,67.02,1,1,0,3,2020
10-03-2020,182.3,8,2,94.95,1,0,1,3,2020
11-03-2020,300.4,8,2,49.04,0,1,2,3,2020
12-03-2020,202.4,8,2,73.95,0,0,3,3,2020
13-03-2020,204.0,8,2,60.1,0,0,4,3,2020
14-03-2020,255.2,8,2,53.07,1,0,5,3,2020
15-03-2020,230.2,8,2,47.76,0,0,6,3,2020
16-03-2020,234.3,8,2,45.11,0,0,0,3,2020
17-03-2020,277.6,8,2,16.62,0,0,1,3,2020
18-03-2020,194.1,8,2,76.12,0,0,2,3,2020
19-03-2020,199.5,8,2,60.12,0,0,3,3,2020
20-03-2020,235.5,8,2,43.71,0,0,4,3,2020
21-03-2020,167.3,8,2,88.57,0,0,5,3,2020
22-03-2020,231.5,8,2,68.96,1,0,6,3,2020
23-03-2020,226.0,8,2,48.14,0,0,0,3,2020
24-03-2020,249.6,8,2,32.93,0,0,1,3,2020
25-03-2020,188.6,8,2,78.86,0,0,2,3,2020
26-03-2020,189.8,8,2,67.85,0,0,3,3,2020
27-03-2020,258.1,8,2,33.42,0,0,4,3,2020
28-03-2020,172.4,8,2,79.42,0,0,5,3,2020
29-03-2020,235.0,8,2,42.81,0,0,6,3,2020
30-03-2020,200.7,8,2,67.41,0,0,0,3,2020
31-03-2020,306.1,8,2,26.76,1,0,1,3,2020
01-04-2020,215.4,8,2,68.25,1,0,2,4,2020
02-04-2020,233.8,8,2,46.52,0,0,3,4,2020
03-04-2020,220.4,8,2,40.54,0,0,4,4,2020
04-04-2020,215.8,8,2,49.74,0,0,5,4,2020
05-04-2020,238.7,8,2,28.89,0,0,6,4,2020
06-04-2020,367.7,8,2,37.09,1,1,0,4,2020
07-04-2020,247.0,8,2,44.44,1,0,1,4,2020
08-04-2020,253.6,8,2,44.63,1,0,2,4,2020
09-04-2020,254.9,8,2,11.13,0,0,3,4,2020
10-04-2020,247.3,8,2,31.09,0,0,4,4,2020
11-04-2020,304.6,8,2,43.34,0,1,5,4,2020
12-04-2020,165.3,8,2,76.54,0,0,6,4,2020
13-04-2020,260.6,8,2,46.42,1,0,0,4,2020
14-04-2020,171.3,8,2,92.1,1,0,1,4,2020
15-04-2020,195.1,8,2,89.12,1,0,2,4,2020
16-04-2020,282.3,8,2,33.36,1,0,3,4,2020
17-04-2020,190.3,8,2,63.14,0,0,4,4,2020
18-04-2020,177.8,8,2,73.52,0,0,5,4,2020
19-04-2020,178.6,8,2,79.41,0,0,6,4,2020
20-04-2020,276.6,8,2,11.1,0,0,0,4,2020
21-04-2020,159.7,8,2,76.38,0,0,1,4,2020
22-04-2020,261.9,8,2,18.98,0,0,2,4,2020
23-04-2020,204.2,8,2,60.67,0,0,3,4,2020
24-04-2020,223.0,8,2,70.44,1,0,4,4,2020
25-04-2020,279.3,8,2,12.08,0,0,5,4,2020
26-04-2020,375.4,8,2,32.96,1,1,6,4,2020
27-04-2020,252.6,8,2,15.86,0,0,0,4,2020
28-04-2020,309.4,8,2,21.72,1,0,1,4,2020
29-04-2020,213.4,8,2,45.45,0,0,2,4,2020
30-04-2020,167.0,8,2,82.55,0,0,3,4,2020
01-05-2020,153.0,8,2,71.71,0,0,4,5,2020
02-05-2020,123.2,8,2,89.62,0,0,5,5,2020
03-05-2020,156.0,8,2,74.01,0,0,6,5,2020
04-05-2020,155.9,8,2,84.04,0,0,0,5,2020
05-05-2020,167.6,8,2,61.46,0,0,1,5,2020
06-05-2020,256.4,8,2,67.07,1,1,2,5,2020
07-05-2020,189.4,8,2,47,0,0,3,5,2020
08-05-2020,190.5,8,2,77.26,1,0,4,5,2020
09-05-2020,181.0,8,2,63.78,0,0,5,5,2020
10-05-2020,238.1,8,2,21.58,0,0,6,5,2020
11-05-2020,124.8,8,2,91.24,0,0,0,5,2020
12-05-2020,179.7,8,2,87.96,0,1,1,5,2020
13-05-2020,278.5,8,2,22.29,0,1,2,5,2020
14-05-2020,168.7,8,2,65.97,0,0,3,5,2020
15-05-2020,215.2,8,2,21.77,0,0,4,5,2020
16-05-2020,267.1,8,2,31.3,1,0,5,5,2020
17-05-2020,159.5,8,2,67.11,0,0,6,5,2020
18-05-2020,246.3,8,2,41.74,1,0,0,5,2020
19-05-2020,224.0,8,2,27.19,0,0,1,5,2020
20-05-2020,167.8,8,2,62.22,0,0,2,5,2020
21-05-2020,119.6,8,2,96.07,0,0,3,5,2020
22-05-2020,300.6,8,2,21.85,0,1,4,5,2020
23-05-2020,196.6,8,2,70.84,1,0,5,5,2020
24-05-2020,211.9,8,2,46.62,1,0,6,5,2020
25-05-2020,229.8,8,2,29.33,0,0,0,5,2020
26-05-2020,212.0,8,2,51.5,1,0,1,5,2020
27-05-2020,264.4,8,2,39,0,1,2,5,2020
28-05-2020,230.3,8,2,11.88,0,0,3,5,2020
29-05-2020,197.4,8,2,31.37,0,0,4,5,2020
30-05-2020,215.7,8,2,20.83,0,0,5,5,2020
31-05-2020,167.9,8,2,90.88,1,0,6,5,2020
01-06-2020,133.1,8,2,71.65,0,0,0,6,2020
02-06-2020,119.7,8,2,75.97,0,0,1,6,2020
03-06-2020,182.1,8,2,31.69,0,0,2,6,2020
04-06-2020,102.9,8,2,88.95,0,0,3,6,2020
05-06-2020,146.0,8,2,77.2,1,0,4,6,2020
06-06-2020,140.4,8,2,85.88,1,0,5,6,2020
07-06-2020,212.1,8,2,34.42,0,1,6,6,2020
08-06-2020,166.3,8,2,70.29,0,1,0,6,2020
09-06-2020,166.4,8,2,39.32,0,0,1,6,2020
10-06-2020,171.6,8,2,29.01,0,0,2,6,2020
11-06-2020,181.2,8,2,11.25,0,0,3,6,2020
12-06-2020,203.4,8,2,12.41,0,0,4,6,2020
13-06-2020,157.2,8,2,51.67,0,0,5,6,2020
14-06-2020,201.1,8,2,30.31,1,0,6,6,2020
15-06-2020,124.7,8,2,69.97,0,0,0,6,2020
16-06-2020,137.0,8,2,82.21,0,1,1,6,2020
17-06-2020,150.8,8,2,59.18,0,0,2,6,2020
18-06-2020,114.8,8,2,99.1,1,0,3,6,2020
19-06-2020,165.9,8,2,60.34,1,0,4,6,2020
20-06-2020,97.5,8,2,93.77,0,0,5,6,2020
21-06-2020,203.5,8,2,38.03,0,1,6,6,2020
22-06-2020,126.1,8,2,67.09,0,0,0,6,2020
23-06-2020,167.9,8,2,24.11,0,0,1,6,2020
24-06-2020,101.4,8,2,95.57,0,0,2,6,2020
25-06-2020,120.5,8,2,62.93,0,0,3,6,2020
26-06-2020,138.0,8,2,54.3,0,0,4,6,2020
27-06-2020,176.8,8,2,12.1,0,0,5,6,2020
28-06-2020,181.7,8,2,20.8,0,0,6,6,2020
29-06-2020,202.0,8,2,46.84,1,0,0,6,2020
30-06-2020,137.4,8,2,63.57,0,0,1,6,2020
01-07-2020,128.3,8,2,52.36,1,0,2,7,2020
02-07-2020,125.8,8,2,44.69,0,0,3,7,2020
03-07-2020,64.8,8,2,94.57,0,0,4,7,2020
04-07-2020,96.7,8,2,52.68,0,0,5,7,2020
05-07-2020,152.0,8,2,25.17,1,0,6,7,2020
06-07-2020,112.0,8,2,82.14,1,0,0,7,2020
07-07-2020,134.2,8,2,91.8,0,1,1,7,2020
08-07-2020,124.3,8,2,62.45,1,0,2,7,2020
09-07-2020,112.5,8,2,45.03,0,0,3,7,2020
10-07-2020,116.7,8,2,23.07,0,0,4,7,2020
11-07-2020,89.6,8,2,65.86,0,0,5,7,2020
12-07-2020,139.0,8,2,32.63,0,0,6,7,2020
13-07-2020,118.2,8,2,55.06,0,0,0,7,2020
01-01-2020,216.4,8,3,24.98,0,0,2,1,2020
02-01-2020,138.0,8,3,76.73,0,0,3,1,2020
03-01-2020,126.7,8,3,90.64,0,0,4,1,2020
04-01-2020,214.9,8,3,39.03,0,0,5,1,2020
05-01-2020,151.8,8,3,89.41,0,0,6,1,2020
06-01-2020,172.3,8,3,70.01,0,0,0,1,2020
07-01-2020,172.6,8,3,49.8,0,0,1,1,2020
08-01-2020,267.5,8,3,35.12,0,1,2,1,2020
09-01-2020,297.9,8,3,14.13,1,0,3,1,2020
10-01-2020,212.8,8,3,47.77,1,0,4,1,2020
11-01-2020,177.6,8,3,66.24,0,0,5,1,2020
12-01-2020,249.6,8,3,30.55,1,0,6,1,2020
13-01-2020,157.3,8,3,70.91,0,0,0,1,2020
14-01-2020,212.2,8,3,23.47,0,0,1,1,2020
15-01-2020,267.5,8,3,33.56,0,1,2,1,2020
16-01-2020,183.0,8,3,55.05,0,0,3,1,2020
17-01-2020,127.8,8,3,95.23,0,0,4,1,2020
18-01-2020,153.6,8,3,89.91,1,0,5,1,2020
19-01-2020,218.3,8,3,56.26,1,0,6,1,2020
20-01-2020,172.1,8,3,90.64,0,1,0,1,2020
21-01-2020,230.8,8,3,85.37,1,1,1,1,2020
22-01-2020,241.4,8,3,28.44,0,0,2,1,2020
23-01-2020,175.9,8,3,92.56,1,0,3,1,2020
24-01-2020,169.2,8,3,60.44,0,0,4,1,2020
25-01-2020,291.1,8,3,18.15,1,0,5,1,2020
26-01-2020,132.4,8,3,86.25,0,0,6,1,2020
27-01-2020,123.6,8,3,96.62,0,0,0,1,2020
28-01-2020,228.6,8,3,19.38,0,0,1,1,2020
29-01-2020,233.8,8,3,13.25,0,0,2,1,2020
30-01-2020,276.7,8,3,32.71,0,1,3,1,2020
31-01-2020,162.3,8,3,65.27,0,0,4,1,2020
01-02-2020,242.6,8,3,57.62,1,0,5,2,2020
02-02-2020,191.4,8,3,77.91,1,0,6,2,2020
03-02-2020,159.7,8,3,95.72,0,0,0,2,2020
04-02-2020,185.8,8,3,79.28,0,0,1,2,2020
05-02-2020,202.0,8,3,90.17,1,0,2,2,2020
06-02-2020,186.3,8,3,69.64,0,0,3,2,2020
07-02-2020,207.0,8,3,46.14,0,0,4,2,2020
08-02-2020,204.7,8,3,61.11,0,0,5,2,2020
09-02-2020,214.3,8,3,56.13,0,0,6,2,2020
10-02-2020,179.8,8,3,70.8,0,0,0,2,2020
11-02-2020,290.4,8,3,43.77,0,1,1,2,2020
12-02-2020,190.7,8,3,98.41,1,0,2,2,2020
13-02-2020,187.7,8,3,56.57,0,0,3,2,2020
14-02-2020,191.9,8,3,67.52,0,0,4,2,2020
15-02-2020,220.2,8,3,39.5,0,0,5,2,2020
16-02-2020,191.9,8,3,57.93,0,0,6,2,2020
17-02-2020,239.3,8,3,43.48,0,0,0,2,2020
18-02-2020,212.5,8,3,49.21,0,0,1,2,2020
19-02-2020,211.7,8,3,98.85,1,1,2,2,2020
20-02-2020,256.2,8,3,31.18,0,0,3,2,2020
21-02-2020,144.0,8,3,90.37,0,0,4,2,2020
22-02-2020,245.9,8,3,40.05,0,0,5,2,2020
23-02-2020,228.6,8,3,40.84,0,0,6,2,2020
24-02-2020,211.4,8,3,88.25,0,1,0,2,2020
25-02-2020,263.8,8,3,10.5,0,0,1,2,2020
26-02-2020,209.6,8,3,50.79,0,0,2,2,2020
27-02-2020,231.7,8,3,28.4,0,0,3,2,2020
28-02-2020,195.9,8,3,69.4,0,0,4,2,2020
29-02-2020,266.4,8,3,44.17,1,0,5,2,2020
01-03-2020,294.5,8,3,34.19,1,0,6,3,2020
02-03-2020,206.9,8,3,60.18,0,0,0,3,2020
03-03-2020,280.4,8,3,14.05,0,0,1,3,2020
04-03-2020,295.8,8,3,48.76,0,1,2,3,2020
05-03-2020,188.7,8,3,85.29,0,0,3,3,2020
06-03-2020,206.5,8,3,62.5,0,0,4,3,2020
07-03-2020,202.1,8,3,86.62,1,0,5,3,2020
08-03-2020,200.8,8,3,83.97,1,0,6,3,2020
09-03-2020,306.8,8,3,61.12,1,1,0,3,2020
10-03-2020,157.8,8,3,90.7,0,0,1,3,2020
11-03-2020,198.1,8,3,68.38,0,0,2,3,2020
12-03-2020,262.4,8,3,44.89,1,0,3,3,2020
13-03-2020,188.6,8,3,76.45,0,0,4,3,2020
14-03-2020,244.3,8,3,29.07,0,0,5,3,2020
15-03-2020,253.0,8,3,37.31,0,0,6,3,2020
16-03-2020,220.6,8,3,55.09,0,0,0,3,2020
17-03-2020,236.9,8,3,34.62,0,0,1,3,2020
18-03-2020,184.2,8,3,83.51,0,0,2,3,2020
19-03-2020,209.2,8,3,57.1,0,0,3,3,2020
20-03-2020,160.8,8,3,90.97,0,0,4,3,2020
21-03-2020,263.0,8,3,24.57,0,0,5,3,2020
22-03-2020,237.6,8,3,45.69,0,0,6,3,2020
23-03-2020,189.3,8,3,79.02,0,0,0,3,2020
24-03-2020,180.6,8,3,81.06,0,0,1,3,2020
25-03-2020,189.3,8,3,71.15,0,0,2,3,2020
26-03-2020,237.2,8,3,64.46,1,0,3,3,2020
27-03-2020,145.8,8,3,91.3,0,0,4,3,2020
28-03-2020,179.4,8,3,71.66,0,0,5,3,2020
29-03-2020,287.1,8,3,79.7,1,1,6,3,2020
30-03-2020,267.4,8,3,20.05,0,0,0,3,2020
31-03-2020,247.9,8,3,46.49,0,0,1,3,2020
01-04-2020,215.7,8,3,55.21,0,0,2,4,2020
02-04-2020,223.9,8,3,46.54,0,0,3,4,2020
03-04-2020,263.5,8,3,46.45,1,0,4,4,2020
04-04-2020,267.0,8,3,57.38,0,1,5,4,2020
05-04-2020,186.1,8,3,67.84,0,0,6,4,2020
06-04-2020,164.6,8,3,94.72,0,0,0,4,2020
07-04-2020,293.8,8,3,30.93,1,0,1,4,2020
08-04-2020,321.2,8,3,55.37,1,1,2,4,2020
09-04-2020,145.7,8,3,90.5,0,0,3,4,2020
10-04-2020,168.0,8,3,76.63,0,0,4,4,2020
11-04-2020,197.1,8,3,95.93,0,1,5,4,2020
12-04-2020,249.4,8,3,11.87,0,0,6,4,2020
13-04-2020,139.4,8,3,86.97,0,0,0,4,2020
14-04-2020,267.9,8,3,22.02,0,0,1,4,2020
15-04-2020,209.0,8,3,41.66,0,0,2,4,2020
16-04-2020,205.2,8,3,57.4,0,0,3,4,2020
17-04-2020,320.9,8,3,10.73,1,0,4,4,2020
18-04-2020,291.5,8,3,26.01,1,0,5,4,2020
19-04-2020,295.6,8,3,39.47,0,1,6,4,2020
20-04-2020,222.2,8,3,72.28,1,0,0,4,2020
21-04-2020,231.8,8,3,46.2,0,0,1,4,2020
22-04-2020,143.8,8,3,93.21,0,0,2,4,2020
23-04-2020,246.1,8,3,57.96,1,0,3,4,2020
24-04-2020,278.8,8,3,29.04,1,0,4,4,2020
25-04-2020,200.9,8,3,72.77,0,0,5,4,2020
26-04-2020,160.4,8,3,87.99,0,0,6,4,2020
27-04-2020,244.3,8,3,26.05,0,0,0,4,2020
28-04-2020,231.3,8,3,59.91,1,0,1,4,2020
29-04-2020,175.6,8,3,85.97,0,0,2,4,2020
30-04-2020,254.0,8,3,22.66,0,0,3,4,2020
01-05-2020,220.5,8,3,52.94,1,0,4,5,2020
02-05-2020,216.1,8,3,58.87,1,0,5,5,2020
03-05-2020,197.9,8,3,36.78,0,0,6,5,2020
04-05-2020,181.6,8,3,56.75,0,0,0,5,2020
05-05-2020,276.2,8,3,17.04,1,0,1,5,2020
06-05-2020,276.9,8,3,38.81,0,1,2,5,2020
07-05-2020,256.4,8,3,31.84,1,0,3,5,2020
08-05-2020,295.7,8,3,57.03,1,1,4,5,2020
09-05-2020,172.9,8,3,69.36,0,0,5,5,2020
10-05-2020,147.0,8,3,84.55,0,0,6,5,2020
11-05-2020,192.0,8,3,79.7,0,1,0,5,2020
12-05-2020,264.2,8,3,28.62,1,0,1,5,2020
13-05-2020,168.6,8,3,65.35,0,0,2,5,2020
14-05-2020,239.8,8,3,10.12,0,0,3,5,2020
15-05-2020,164.4,8,3,61.52,0,0,4,5,2020
16-05-2020,220.8,8,3,55.64,1,0,5,5,2020
17-05-2020,218.6,8,3,44.01,1,0,6,5,2020
18-05-2020,149.6,8,3,79.02,0,0,0,5,2020
19-05-2020,164.2,8,3,56.33,0,0,1,5,2020
20-05-2020,306.7,8,3,12.82,0,1,2,5,2020
21-05-2020,169.4,8,3,83.71,1,0,3,5,2020
22-05-2020,181.8,8,3,65.01,0,0,4,5,2020
23-05-2020,239.0,8,3,52.67,1,0,5,5,2020
24-05-2020,262.3,8,3,23.62,1,0,6,5,2020
25-05-2020,226.0,8,3,61.22,0,1,0,5,2020
26-05-2020,224.7,8,3,54.62,1,0,1,5,2020
27-05-2020,207.0,8,3,33.69,0,0,2,5,2020
28-05-2020,193.2,8,3,48.85,0,0,3,5,2020
29-05-2020,202.6,8,3,50.96,0,0,4,5,2020
30-05-2020,127.7,8,3,82.99,0,0,5,5,2020
31-05-2020,204.2,8,3,52.4,0,0,6,5,2020
01-06-2020,224.8,8,3,27.33,0,1,0,6,2020
02-06-2020,180.2,8,3,42.4,0,0,1,6,2020
03-06-2020,206.4,8,3,31.25,0,1,2,6,2020
04-06-2020,163.1,8,3,46.38,0,0,3,6,2020
05-06-2020,140.5,8,3,69.51,0,0,4,6,2020
06-06-2020,153.4,8,3,54.16,0,0,5,6,2020
07-06-2020,167.3,8,3,30.64,0,0,6,6,2020
08-06-2020,152.6,8,3,46.78,0,0,0,6,2020
09-06-2020,143.6,8,3,65.62,0,0,1,6,2020
10-06-2020,180.6,8,3,18.51,0,0,2,6,2020
11-06-2020,160.3,8,3,73.18,1,0,3,6,2020
12-06-2020,216.4,8,3,29.74,1,0,4,6,2020
13-06-2020,146.5,8,3,35.93,0,0,5,6,2020
14-06-2020,135.8,8,3,77.89,0,0,6,6,2020
15-06-2020,229.1,8,3,51.72,1,1,0,6,2020
16-06-2020,143.8,8,3,60.03,0,0,1,6,2020
17-06-2020,168.4,8,3,29.44,0,0,2,6,2020
18-06-2020,126.8,8,3,87.46,1,0,3,6,2020
19-06-2020,95.6,8,3,99.61,0,0,4,6,2020
20-06-2020,98.1,8,3,95.92,0,0,5,6,2020
21-06-2020,184.1,8,3,12.62,0,0,6,6,2020
22-06-2020,172.7,8,3,16.07,0,0,0,6,2020
23-06-2020,161.4,8,3,74.6,1,0,1,6,2020
24-06-2020,103.0,8,3,87.7,0,0,2,6,2020
25-06-2020,108.6,8,3,78.82,0,0,3,6,2020
26-06-2020,116.8,8,3,94.44,0,0,4,6,2020
27-06-2020,175.7,8,3,25.35,0,0,5,6,2020
28-06-2020,95.4,8,3,98.06,0,0,6,6,2020
29-06-2020,221.6,8,3,22.88,1,0,0,6,2020
30-06-2020,167.1,8,3,45.1,0,0,1,6,2020
01-07-2020,136.6,8,3,43.69,0,0,2,7,2020
02-07-2020,160.2,8,3,20.33,1,0,3,7,2020
03-07-2020,158.8,8,3,20.09,0,0,4,7,2020
04-07-2020,119.1,8,3,55.1,0,0,5,7,2020
05-07-2020,133.0,8,3,28.25,0,0,6,7,2020
06-07-2020,101.0,8,3,68.74,0,0,0,7,2020
07-07-2020,114.8,8,3,76.7,1,0,1,7,2020
08-07-2020,99.6,8,3,90.37,1,0,2,7,2020
09-07-2020,116.7,8,3,44.11,0,0,3,7,2020
10-07-2020,163.1,8,3,16.7,1,0,4,7,2020
11-07-2020,144.0,8,3,60.56,0,1,5,7,2020
12-07-2020,148.1,8,3,48.51,1,0,6,7,2020
13-07-2020,85.2,8,3,85.26,0,0,0,7,2020
