synthetic_sales_data.csv
date,sales,store_id,product_id,price,promotion,holiday,weekday,month,year
01-01-2020,203.6,8,4,35.82,0,0,2,1,2020
02-01-2020,242.2,8,4,38.99,1,0,3,1,2020
03-01-2020,183.1,8,4,56.14,0,0,4,1,2020
04-01-2020,160.1,8,4,76.55,0,0,5,1,2020
05-01-2020,140.7,8,4,73.24,0,0,6,1,2020
06-01-2020,195.1,8,4,68.59,0,1,0,1,2020
07-01-2020,175.2,8,4,54.95,0,0,1,1,2020
08-01-2020,246.4,8,4,14.92,0,0,2,1,2020
09-01-2020,204.3,8,4,37.75,0,0,3,1,2020
10-01-2020,142.0,8,4,96.21,0,0,4,1,2020
11-01-2020,187.2,8,4,67.51,0,0,5,1,2020
12-01-2020,159.1,8,4,86.35,1,0,6,1,2020
13-01-2020,147.7,8,4,98.36,0,0,0,1,2020
14-01-2020,192.4,8,4,72.04,1,0,1,1,2020
15-01-2020,168.9,8,4,74.25,0,0,2,1,2020
16-01-2020,215.9,8,4,33.74,0,0,3,1,2020
17-01-2020,139.2,8,4,92.62,0,0,4,1,2020
18-01-2020,146.2,8,4,92.6,0,0,5,1,2020
19-01-2020,307.7,8,4,14.03,0,1,6,1,2020
20-01-2020,198.7,8,4,28.39,0,0,0,1,2020
21-01-2020,256.7,8,4,32.01,1,0,1,1,2020
22-01-2020,224.2,8,4,19.97,0,0,2,1,2020
23-01-2020,157.6,8,4,60.78,0,0,3,1,2020
24-01-2020,202.6,8,4,51.93,0,0,4,1,2020
25-01-2020,139.6,8,4,76.07,0,0,5,1,2020
26-01-2020,191.4,8,4,48.45,0,0,6,1,2020
27-01-2020,234.1,8,4,12.87,0,0,0,1,2020
28-01-2020,196.9,8,4,59.44,0,0,1,1,2020
29-01-2020,180.3,8,4,63.83,0,0,2,1,2020
30-01-2020,288.5,8,4,15.53,1,0,3,1,2020
31-01-2020,151.0,8,4,73.33,0,0,4,1,2020
01-02-2020,228.1,8,4,83.65,0,1,5,2,2020
02-02-2020,320.0,8,4,57.07,1,1,6,2,2020
03-02-2020,136.3,8,4,98.34,0,0,0,2,2020
04-02-2020,235.6,8,4,60.3,1,0,1,2,2020
05-02-2020,172.3,8,4,72.13,0,0,2,2,2020
06-02-2020,231.7,8,4,60.65,1,0,3,2,2020
07-02-2020,320.6,8,4,28.71,0,1,4,2,2020
08-02-2020,223.9,8,4,48.73,0,0,5,2,2020
09-02-2020,171.5,8,4,98.78,1,0,6,2,2020
10-02-2020,149.7,8,4,92.63,0,0,0,2,2020
11-02-2020,263.3,8,4,61.84,1,0,1,2,2020
12-02-2020,319.1,8,4,15.41,1,0,2,2,2020
13-02-2020,168.9,8,4,84.43,0,0,3,2,2020
14-02-2020,318.0,8,4,29.08,0,1,4,2,2020
15-02-2020,183.7,8,4,55.03,0,0,5,2,2020
16-02-2020,144.7,8,4,97.53,0,0,6,2,2020
17-02-2020,275.3,8,4,20.94,0,0,0,2,2020
18-02-2020,175.9,8,4,86.98,0,0,1,2,2020
19-02-2020,174.3,8,4,81.43,0,0,2,2,2020
20-02-2020,252.1,8,4,25.1,0,0,3,2,2020
21-02-2020,257.1,8,4,48.16,1,0,4,2,2020
22-02-2020,202.4,8,4,70.29,0,0,5,2,2020
23-02-2020,213.0,8,4,69.38,1,0,6,2,2020
24-02-2020,170.0,8,4,84.84,0,0,0,2,2020
25-02-2020,218.6,8,4,85.58,0,1,1,2,2020
26-02-2020,197.1,8,4,81.54,1,0,2,2,2020
27-02-2020,313.2,8,4,13.39,1,0,3,2,2020
28-02-2020,225.7,8,4,40.01,0,0,4,2,2020
29-02-2020,232.0,8,4,45.29,0,0,5,2,2020
01-03-2020,272.9,8,4,15.05,0,0,6,3,2020
02-03-2020,267.1,8,4,12.28,0,0,0,3,2020
03-03-2020,167.7,8,4,95.94,0,0,1,3,2020
04-03-2020,210.3,8,4,83.79,1,0,2,3,2020
05-03-2020,211.1,8,4,90.94,0,1,3,3,2020
06-03-2020,178.0,8,4,84.42,0,0,4,3,2020
07-03-2020,224.2,8,4,73.02,1,0,5,3,2020
08-03-2020,323.1,8,4,19.73,1,0,6,3,2020
09-03-2020,287.9,8,4,11.18,0,0,0,3,2020
10-03-2020,156.9,8,4,94.4,0,0,1,3,2020
11-03-2020,328.4,8,4,24.36,1,0,2,3,2020
12-03-2020,230.9,8,4,43.17,0,0,3,3,2020
13-03-2020,250.4,8,4,30.38,0,0,4,3,2020
14-03-2020,216.0,8,4,78.54,1,0,5,3,2020
15-03-2020,152.6,8,4,92.49,0,0,6,3,2020
16-03-2020,309.1,8,4,45.09,0,1,0,3,2020
17-03-2020,222.2,8,4,50.97,0,0,1,3,2020
18-03-2020,184.3,8,4,63.97,0,0,2,3,2020
19-03-2020,302.4,8,4,28.3,1,0,3,3,2020
20-03-2020,293.2,8,4,17.26,0,0,4,3,2020
21-03-2020,228.2,8,4,82.78,0,1,5,3,2020
22-03-2020,283.8,8,4,19.37,0,0,6,3,2020
23-03-2020,231.4,8,4,53.83,0,0,0,3,2020
24-03-2020,250.4,8,4,60.84,1,0,1,3,2020
25-03-2020,189.5,8,4,66.23,0,0,2,3,2020
26-03-2020,312.8,8,4,23.04,1,0,3,3,2020
27-03-2020,272.6,8,4,15.94,0,0,4,3,2020
28-03-2020,273.2,8,4,53.28,1,0,5,3,2020
29-03-2020,313.5,8,4,13.73,1,0,6,3,2020
30-03-2020,231.5,8,4,52.27,0,0,0,3,2020
31-03-2020,188.9,8,4,69.85,0,0,1,3,2020
01-04-2020,212.3,8,4,48.04,0,0,2,4,2020
02-04-2020,267.0,8,4,44.82,1,0,3,4,2020
03-04-2020,236.9,8,4,40.2,0,0,4,4,2020
04-04-2020,239.5,8,4,28.66,0,0,5,4,2020
05-04-2020,169.8,8,4,78.02,0,0,6,4,2020
06-04-2020,188.5,8,4,66.78,0,0,0,4,2020
07-04-2020,241.2,8,4,50.83,1,0,1,4,2020
08-04-2020,153.8,8,4,97.47,0,0,2,4,2020
09-04-2020,218.5,8,4,39.34,0,0,3,4,2020
10-04-2020,197.2,8,4,56.08,0,0,4,4,2020
11-04-2020,239.1,8,4,45.32,0,0,5,4,2020
12-04-2020,247.5,8,4,36.34,0,0,6,4,2020
13-04-2020,411.7,8,4,14.81,1,1,0,4,2020
14-04-2020,282.7,8,4,76.95,1,1,1,4,2020
15-04-2020,233.5,8,4,21.5,0,0,2,4,2020
16-04-2020,162.7,8,4,91.45,0,0,3,4,2020
17-04-2020,253.7,8,4,26.17,0,0,4,4,2020
18-04-2020,221.6,8,4,53.18,0,0,5,4,2020
19-04-2020,176.2,8,4,85.73,0,0,6,4,2020
20-04-2020,143.0,8,4,94.25,0,0,0,4,2020
21-04-2020,249.3,8,4,27,0,0,1,4,2020
22-04-2020,227.6,8,4,69.56,1,0,2,4,2020
23-04-2020,262.7,8,4,22.48,0,0,3,4,2020
24-04-2020,336.1,8,4,24.94,0,1,4,4,2020
25-04-2020,166.1,8,4,83.8,0,0,5,4,2020
26-04-2020,252.1,8,4,70.28,0,1,6,4,2020
27-04-2020,265.0,8,4,39.29,1,0,0,4,2020
28-04-2020,262.2,8,4,40.24,1,0,1,4,2020
29-04-2020,245.3,8,4,33.84,0,0,2,4,2020
30-04-2020,157.2,8,4,78.01,0,0,3,4,2020
01-05-2020,229.8,8,4,51.33,1,0,4,5,2020
02-05-2020,169.5,8,4,56.18,0,0,5,5,2020
03-05-2020,274.5,8,4,21.45,1,0,6,5,2020
04-05-2020,194.3,8,4,37,0,0,0,5,2020
05-05-2020,118.8,8,4,98.57,0,0,1,5,2020
06-05-2020,157.8,8,4,79.33,0,0,2,5,2020
07-05-2020,198.9,8,4,40.94,0,0,3,5,2020
08-05-2020,194.9,8,4,79.41,1,0,4,5,2020
09-05-2020,159.8,8,4,79.38,0,0,5,5,2020
10-05-2020,242.3,8,4,22.42,0,0,6,5,2020
11-05-2020,185.6,8,4,47.08,0,0,0,5,2020
12-05-2020,186.8,8,4,82.87,1,0,1,5,2020
13-05-2020,166.0,8,4,59.79,0,0,2,5,2020
14-05-2020,236.5,8,4,17.44,0,0,3,5,2020
15-05-2020,148.4,8,4,69.65,0,0,4,5,2020
16-05-2020,175.4,8,4,53.2,0,0,5,5,2020
17-05-2020,235.8,8,4,21.15,0,0,6,5,2020
18-05-2020,169.8,8,4,67.11,0,0,0,5,2020
19-05-2020,190.1,8,4,50.86,0,0,1,5,2020
20-05-2020,290.3,8,4,21.43,0,1,2,5,2020
21-05-2020,255.2,8,4,35.28,1,0,3,5,2020
22-05-2020,173.9,8,4,64.44,0,0,4,5,2020
23-05-2020,306.9,8,4,47.12,1,1,5,5,2020
24-05-2020,175.7,8,4,69.71,0,0,6,5,2020
25-05-2020,234.9,8,4,19.98,0,0,0,5,2020
26-05-2020,165.4,8,4,74.16,0,0,1,5,2020
27-05-2020,219.5,8,4,39.72,0,0,2,5,2020
28-05-2020,123.3,8,4,91.82,0,0,3,5,2020
29-05-2020,161.7,8,4,94.79,1,0,4,5,2020
30-05-2020,153.3,8,4,97.22,0,1,5,5,2020
31-05-2020,128.8,8,4,93.5,0,0,6,5,2020
01-06-2020,224.0,8,4,22.81,0,1,0,6,2020
02-06-2020,102.4,8,4,73.91,0,0,1,6,2020
03-06-2020,139.1,8,4,61.53,0,0,2,6,2020
04-06-2020,92.8,8,4,86.53,0,0,3,6,2020
05-06-2020,138.1,8,4,64.67,0,0,4,6,2020
06-06-2020,151.5,8,4,66.97,1,0,5,6,2020
07-06-2020,131.7,8,4,70.46,0,0,6,6,2020
08-06-2020,204.7,8,4,27.59,1,0,0,6,2020
09-06-2020,178.9,8,4,21.84,0,0,1,6,2020
10-06-2020,116.3,8,4,90.28,0,0,2,6,2020
11-06-2020,141.0,8,4,80.38,1,0,3,6,2020
12-06-2020,135.5,8,4,81.27,0,0,4,6,2020
13-06-2020,143.6,8,4,82.04,1,0,5,6,2020
14-06-2020,162.4,8,4,34.49,0,0,6,6,2020
15-06-2020,137.8,8,4,52.5,0,0,0,6,2020
16-06-2020,124.7,8,4,80.44,0,0,1,6,2020
17-06-2020,126.0,8,4,64.01,0,0,2,6,2020
18-06-2020,194.7,8,4,42.09,1,0,3,6,2020
19-06-2020,146.7,8,4,61.93,0,0,4,6,2020
20-06-2020,188.3,8,4,16.51,0,0,5,6,2020
21-06-2020,108.6,8,4,92.36,0,0,6,6,2020
22-06-2020,248.2,8,4,42.97,1,1,0,6,2020
23-06-2020,129.5,8,4,88.5,0,0,1,6,2020
24-06-2020,172.8,8,4,68.76,0,1,2,6,2020
25-06-2020,170.2,8,4,44.94,0,0,3,6,2020
26-06-2020,231.6,8,4,10.17,1,0,4,6,2020
27-06-2020,135.0,8,4,55.43,0,0,5,6,2020
28-06-2020,162.7,8,4,42.51,0,0,6,6,2020
29-06-2020,116.8,8,4,83.65,0,0,0,6,2020
30-06-2020,134.5,8,4,57.9,0,0,1,6,2020
01-07-2020,100.2,8,4,57.15,0,0,2,7,2020
02-07-2020,74.0,8,4,84.49,0,0,3,7,2020
03-07-2020,81.0,8,4,73.92,0,0,4,7,2020
04-07-2020,129.5,8,4,40.28,0,0,5,7,2020
05-07-2020,132.4,8,4,17.97,0,0,6,7,2020
06-07-2020,148.6,8,4,11.2,0,0,0,7,2020
07-07-2020,119.8,8,4,62.02,1,0,1,7,2020
08-07-2020,124.2,8,4,67.99,0,1,2,7,2020
09-07-2020,134.2,8,4,30.12,0,0,3,7,2020
10-07-2020,99.0,8,4,65.96,0,0,4,7,2020
11-07-2020,187.6,8,4,17.41,0,1,5,7,2020
12-07-2020,112.8,8,4,39.11,0,0,6,7,2020
13-07-2020,106.5,8,4,50.88,0,0,0,7,2020
01-01-2020,167.6,8,5,69.16,0,0,2,1,2020
02-01-2020,205.5,8,5,55.8,1,0,3,1,2020
03-01-2020,204.9,8,5,57.89,1,0,4,1,2020
04-01-2020,223.5,8,5,23.66,0,0,5,1,2020
05-01-2020,317.4,8,5,13.87,0,1,6,1,2020
06-01-2020,134.4,8,5,82.25,0,0,0,1,2020
07-01-2020,276.3,8,5,56.33,1,1,1,1,2020
08-01-2020,144.6,8,5,91.32,0,0,2,1,2020
09-01-2020,171.2,8,5,65.97,0,0,3,1,2020
10-01-2020,177.7,8,5,73.44,1,0,4,1,2020
11-01-2020,120.1,8,5,99.1,0,0,5,1,2020
12-01-2020,162.3,8,5,68.65,0,0,6,1,2020
13-01-2020,162.9,8,5,61.16,0,0,0,1,2020
14-01-2020,240.7,8,5,21.01,0,0,1,1,2020
15-01-2020,288.2,8,5,10.34,1,0,2,1,2020
16-01-2020,273.7,8,5,11.04,1,0,3,1,2020
17-01-2020,248.7,8,5,10.17,0,0,4,1,2020
18-01-2020,165.1,8,5,83.42,1,0,5,1,2020
19-01-2020,176.3,8,5,61.72,0,0,6,1,2020
20-01-2020,111.4,8,5,95.85,0,0,0,1,2020
21-01-2020,123.0,8,5,89.34,0,0,1,1,2020
22-01-2020,206.2,8,5,28.37,0,0,2,1,2020
23-01-2020,152.7,8,5,74.74,0,0,3,1,2020
24-01-2020,201.5,8,5,65.78,1,0,4,1,2020
25-01-2020,138.5,8,5,74.18,0,0,5,1,2020
26-01-2020,122.9,8,5,94.44,0,0,6,1,2020
27-01-2020,163.0,8,5,60.21,0,0,0,1,2020
28-01-2020,178.3,8,5,68.01,0,0,1,1,2020
29-01-2020,181.6,8,5,53.49,0,0,2,1,2020
30-01-2020,225.5,8,5,23.41,0,0,3,1,2020
31-01-2020,209.1,8,5,73.18,1,0,4,1,2020
01-02-2020,215.0,8,5,82.5,0,1,5,2,2020
02-02-2020,166.9,8,5,87.42,0,0,6,2,2020
03-02-2020,155.5,8,5,87.55,0,0,0,2,2020
04-02-2020,261.9,8,5,22.51,0,0,1,2,2020
05-02-2020,146.8,8,5,95.82,0,0,2,2,2020
06-02-2020,207.3,8,5,55.6,0,0,3,2,2020
07-02-2020,263.4,8,5,12.54,0,0,4,2,2020
08-02-2020,246.0,8,5,50.07,0,0,5,2,2020
09-02-2020,271.6,8,5,10,0,0,6,2,2020
10-02-2020,260.6,8,5,12.99,0,0,0,2,2020
11-02-2020,207.7,8,5,97.01,1,1,1,2,2020
12-02-2020,169.6,8,5,93.34,1,0,2,2,2020
13-02-2020,227.6,8,5,47.84,0,0,3,2,2020
14-02-2020,182.4,8,5,64.13,0,0,4,2,2020
15-02-2020,160.2,8,5,97.95,0,0,5,2,2020
16-02-2020,218.3,8,5,53.5,0,0,6,2,2020
17-02-2020,244.0,8,5,29.96,0,0,0,2,2020
18-02-2020,215.0,8,5,67.16,1,0,1,2,2020
19-02-2020,192.7,8,5,74.36,0,0,2,2,2020
20-02-2020,207.7,8,5,50.12,0,0,3,2,2020
21-02-2020,185.6,8,5,70.2,0,0,4,2,2020
22-02-2020,281.9,8,5,32.42,1,0,5,2,2020
23-02-2020,242.8,8,5,28.04,0,0,6,2,2020
24-02-2020,231.8,8,5,31.36,0,0,0,2,2020
25-02-2020,155.8,8,5,81.92,0,0,1,2,2020
26-02-2020,254.0,8,5,49.29,1,0,2,2,2020
27-02-2020,196.7,8,5,62.35,0,0,3,2,2020
28-02-2020,149.3,8,5,87.25,0,0,4,2,2020
29-02-2020,237.3,8,5,24.56,0,0,5,2,2020
01-03-2020,261.7,8,5,55.9,1,0,6,3,2020
02-03-2020,196.5,8,5,71.99,0,0,0,3,2020
03-03-2020,285.8,8,5,46.39,1,0,1,3,2020
04-03-2020,293.3,8,5,11.14,0,0,2,3,2020
05-03-2020,235.2,8,5,41.59,0,0,3,3,2020
06-03-2020,246.2,8,5,28.49,0,0,4,3,2020
07-03-2020,294.7,8,5,10.49,0,0,5,3,2020
08-03-2020,242.5,8,5,35.8,0,0,6,3,2020
09-03-2020,224.7,8,5,58.7,0,0,0,3,2020
10-03-2020,265.4,8,5,10.96,0,0,1,3,2020
11-03-2020,243.6,8,5,75.86,1,0,2,3,2020
12-03-2020,189.6,8,5,64.84,0,0,3,3,2020
13-03-2020,191.9,8,5,73.13,0,0,4,3,2020
14-03-2020,213.2,8,5,66.67,0,0,5,3,2020
15-03-2020,179.1,8,5,94.2,0,0,6,3,2020
16-03-2020,143.6,8,5,92.43,0,0,0,3,2020
17-03-2020,300.9,8,5,28.51,1,0,1,3,2020
18-03-2020,154.2,8,5,93.88,0,0,2,3,2020
19-03-2020,288.3,8,5,38.7,1,0,3,3,2020
20-03-2020,327.4,8,5,12.68,1,0,4,3,2020
21-03-2020,222.2,8,5,48.5,0,0,5,3,2020
22-03-2020,230.8,8,5,50.49,0,0,6,3,2020
23-03-2020,278.9,8,5,42.26,1,0,0,3,2020
24-03-2020,231.3,8,5,57.17,0,0,1,3,2020
25-03-2020,255.4,8,5,22.73,0,0,2,3,2020
26-03-2020,198.5,8,5,73.09,0,0,3,3,2020
27-03-2020,177.1,8,5,87.62,0,0,4,3,2020
28-03-2020,168.9,8,5,90.12,0,0,5,3,2020
29-03-2020,154.3,8,5,96.73,0,0,6,3,2020
30-03-2020,217.4,8,5,53.39,0,0,0,3,2020
31-03-2020,150.1,8,5,91.69,0,0,1,3,2020
01-04-2020,192.8,8,5,61.12,0,0,2,4,2020
02-04-2020,218.2,8,5,48,0,0,3,4,2020
03-04-2020,220.4,8,5,49.86,0,0,4,4,2020
04-04-2020,247.8,8,5,36.42,0,0,5,4,2020
05-04-2020,245.2,8,5,29.2,0,0,6,4,2020
06-04-2020,233.6,8,5,63.37,1,0,0,4,2020
07-04-2020,314.7,8,5,26.04,1,0,1,4,2020
08-04-2020,253.0,8,5,30.42,0,0,2,4,2020
09-04-2020,183.8,8,5,91.6,0,1,3,4,2020
10-04-2020,235.1,8,5,41.47,0,0,4,4,2020
11-04-2020,143.0,8,5,99.79,0,0,5,4,2020
12-04-2020,319.7,8,5,49.97,1,1,6,4,2020
13-04-2020,220.5,8,5,68.14,1,0,0,4,2020
14-04-2020,197.9,8,5,88.05,1,0,1,4,2020
15-04-2020,221.6,8,5,47.95,0,0,2,4,2020
16-04-2020,184.7,8,5,70.4,0,0,3,4,2020
17-04-2020,250.0,8,5,29.49,0,0,4,4,2020
18-04-2020,233.5,8,5,40.56,0,0,5,4,2020
19-04-2020,212.1,8,5,47.92,0,0,6,4,2020
20-04-2020,223.4,8,5,68.44,1,0,0,4,2020
21-04-2020,142.7,8,5,94.15,0,0,1,4,2020
22-04-2020,317.6,8,5,23.25,1,0,2,4,2020
23-04-2020,262.0,8,5,22.79,0,0,3,4,2020
24-04-2020,161.2,8,5,87.54,0,0,4,4,2020
25-04-2020,272.2,8,5,15.79,0,0,5,4,2020
26-04-2020,209.6,8,5,80.39,1,0,6,4,2020
27-04-2020,224.7,8,5,99.83,1,1,0,4,2020
28-04-2020,225.6,8,5,60.26,1,0,1,4,2020
29-04-2020,194.0,8,5,62.38,0,0,2,4,2020
30-04-2020,269.9,8,5,13.85,0,0,3,4,2020
01-05-2020,205.1,8,5,79.11,1,0,4,5,2020
02-05-2020,184.4,8,5,60.6,0,0,5,5,2020
03-05-2020,155.0,8,5,84.79,0,0,6,5,2020
04-05-2020,142.6,8,5,74.78,0,0,0,5,2020
05-05-2020,207.2,8,5,56.26,0,0,1,5,2020
06-05-2020,130.2,8,5,73.8,0,0,2,5,2020
07-05-2020,213.0,8,5,68.74,1,0,3,5,2020
08-05-2020,163.5,8,5,86.8,1,0,4,5,2020
09-05-2020,200.2,8,5,44.67,0,0,5,5,2020
10-05-2020,165.4,8,5,74.27,0,0,6,5,2020
11-05-2020,168.5,8,5,65.62,0,0,0,5,2020
12-05-2020,234.0,8,5,43.28,1,0,1,5,2020
13-05-2020,157.7,8,5,73.26,0,0,2,5,2020
14-05-2020,225.4,8,5,58.88,1,0,3,5,2020
15-05-2020,235.0,8,5,18.93,0,0,4,5,2020
16-05-2020,221.3,8,5,53.89,1,0,5,5,2020
17-05-2020,169.5,8,5,70.2,0,0,6,5,2020
18-05-2020,167.2,8,5,90.42,1,0,0,5,2020
19-05-2020,137.9,8,5,81.68,0,0,1,5,2020
20-05-2020,205.1,8,5,37.93,0,0,2,5,2020
21-05-2020,229.6,8,5,18.32,0,0,3,5,2020
22-05-2020,125.2,8,5,93.27,0,0,4,5,2020
23-05-2020,141.3,8,5,92.84,0,0,5,5,2020
24-05-2020,144.5,8,5,84.8,0,0,6,5,2020
25-05-2020,209.9,8,5,36.92,0,0,0,5,2020
26-05-2020,297.6,8,5,13.39,0,1,1,5,2020
27-05-2020,271.5,8,5,28.78,1,0,2,5,2020
28-05-2020,174.5,8,5,82.02,0,0,3,5,2020
29-05-2020,166.0,8,5,50.43,0,0,4,5,2020
30-05-2020,256.2,8,5,28.68,1,0,5,5,2020
31-05-2020,118.7,8,5,91.71,0,0,6,5,2020
01-06-2020,162.9,8,5,27.5,0,0,0,6,2020
02-06-2020,110.0,8,5,90.81,0,0,1,6,2020
03-06-2020,135.7,8,5,47.29,0,0,2,6,2020
04-06-2020,149.3,8,5,47.08,0,0,3,6,2020
05-06-2020,140.0,8,5,50.4,0,0,4,6,2020
06-06-2020,178.5,8,5,34.31,1,0,5,6,2020
07-06-2020,135.9,8,5,64.33,0,0,6,6,2020
08-06-2020,151.9,8,5,49.93,0,0,0,6,2020
09-06-2020,140.2,8,5,61.91,0,0,1,6,2020
10-06-2020,185.0,8,5,34.12,1,0,2,6,2020
11-06-2020,173.7,8,5,68.31,1,0,3,6,2020
12-06-2020,123.5,8,5,74.21,0,0,4,6,2020
13-06-2020,173.7,8,5,28.12,0,0,5,6,2020
14-06-2020,115.2,8,5,85.58,0,0,6,6,2020
15-06-2020,197.5,8,5,22.01,1,0,0,6,2020
16-06-2020,212.6,8,5,42.75,1,0,1,6,2020
17-06-2020,201.0,8,5,38.39,1,0,2,6,2020
18-06-2020,143.6,8,5,36.9,0,0,3,6,2020
19-06-2020,125.9,8,5,77.11,0,0,4,6,2020
20-06-2020,180.6,8,5,36.84,1,0,5,6,2020
21-06-2020,169.3,8,5,15.82,0,0,6,6,2020
22-06-2020,155.0,8,5,71.24,1,0,0,6,2020
23-06-2020,106.4,8,5,99.39,0,0,1,6,2020
24-06-2020,143.8,8,5,41.97,0,0,2,6,2020
25-06-2020,155.2,8,5,82.64,0,1,3,6,2020
26-06-2020,114.5,8,5,93.09,0,0,4,6,2020
27-06-2020,161.3,8,5,42.48,0,0,5,6,2020
28-06-2020,226.3,8,5,16.32,0,1,6,6,2020
29-06-2020,134.2,8,5,91.24,1,0,0,6,2020
30-06-2020,181.8,8,5,84.36,1,1,1,6,2020
01-07-2020,125.7,8,5,32.27,0,0,2,7,2020
02-07-2020,123.2,8,5,73.94,1,0,3,7,2020
03-07-2020,154.8,8,5,15.56,0,0,4,7,2020
04-07-2020,178.4,8,5,15.93,0,1,5,7,2020
05-07-2020,97.1,8,5,47.68,0,0,6,7,2020
06-07-2020,112.0,8,5,27.25,0,0,0,7,2020
07-07-2020,111.2,8,5,86.78,1,0,1,7,2020
08-07-2020,116.0,8,5,69.79,1,0,2,7,2020
09-07-2020,91.3,8,5,84.8,1,0,3,7,2020
10-07-2020,88.9,8,5,79.46,0,0,4,7,2020
11-07-2020,98.0,8,5,82.08,0,0,5,7,2020
12-07-2020,136.7,8,5,45.4,0,0,6,7,2020
13-07-2020,174.6,8,5,26.1,0,1,0,7,2020
