synthetic_sales_data.csv
date,sales,store_id,product_id,price,promotion,holiday,weekday,month,year
01-01-2020,270.5,9,1,21.71,0,1,2,1,2020
02-01-2020,221.7,9,1,23.02,0,0,3,1,2020
03-01-2020,245.3,9,1,41.07,1,0,4,1,2020
04-01-2020,217.9,9,1,12.79,0,0,5,1,2020
05-01-2020,245.3,9,1,23.31,0,0,6,1,2020
06-01-2020,232.6,9,1,15.38,0,0,0,1,2020
07-01-2020,219.6,9,1,57.97,1,0,1,1,2020
08-01-2020,201.5,9,1,36.82,0,0,2,1,2020
09-01-2020,246.2,9,1,43.25,1,0,3,1,2020
10-01-2020,215.2,9,1,22.18,0,0,4,1,2020
11-01-2020,192.7,9,1,46.07,0,0,5,1,2020
12-01-2020,157.4,9,1,86.18,0,0,6,1,2020
13-01-2020,184.4,9,1,76.56,1,0,0,1,2020
14-01-2020,162.8,9,1,64.83,0,0,1,1,2020
15-01-2020,241.1,9,1,28.79,1,0,2,1,2020
16-01-2020,227.1,9,1,21.44,0,0,3,1,2020
17-01-2020,159.6,9,1,70.47,0,0,4,1,2020
18-01-2020,238.9,9,1,49.32,0,1,5,1,2020
19-01-2020,219.9,9,1,51.9,1,0,6,1,2020
20-01-2020,196.8,9,1,51.25,1,0,0,1,2020
21-01-2020,275.1,9,1,21.62,1,0,1,1,2020
22-01-2020,167.2,9,1,80.12,0,0,2,1,2020
23-01-2020,214.4,9,1,61.34,1,0,3,1,2020
24-01-2020,306.6,9,1,43.92,1,1,4,1,2020
25-01-2020,207.6,9,1,62.86,1,0,5,1,2020
26-01-2020,168.5,9,1,65.21,0,0,6,1,2020
27-01-2020,129.2,9,1,97.87,0,0,0,1,2020
28-01-2020,215.7,9,1,27.99,0,0,1,1,2020
29-01-2020,284.2,9,1,24.01,0,1,2,1,2020
30-01-2020,147.2,9,1,74.48,0,0,3,1,2020
31-01-2020,214.1,9,1,53.23,1,0,4,1,2020
01-02-2020,329.1,9,1,47.85,1,1,5,2,2020
02-02-2020,163.6,9,1,88.08,0,0,6,2,2020
03-02-2020,152.1,9,1,96.68,0,0,0,2,2020
04-02-2020,223.4,9,1,63.16,1,0,1,2,2020
05-02-2020,232.7,9,1,68.67,1,0,2,2,2020
06-02-2020,177.5,9,1,96.77,1,0,3,2,2020
07-02-2020,184.6,9,1,62.52,0,0,4,2,2020
08-02-2020,181.2,9,1,61.05,0,0,5,2,2020
09-02-2020,239.0,9,1,31.32,0,0,6,2,2020
10-02-2020,252.0,9,1,26.02,0,0,0,2,2020
11-02-2020,187.1,9,1,65.32,0,0,1,2,2020
12-02-2020,190.2,9,1,83.3,1,0,2,2,2020
13-02-2020,191.6,9,1,84.27,1,0,3,2,2020
14-02-2020,170.4,9,1,85.07,0,0,4,2,2020
15-02-2020,318.0,9,1,51.12,1,1,5,2,2020
16-02-2020,236.0,9,1,34.89,0,0,6,2,2020
17-02-2020,248.4,9,1,34.27,0,0,0,2,2020
18-02-2020,271.2,9,1,20.6,0,0,1,2,2020
19-02-2020,270.6,9,1,31.34,1,0,2,2,2020
20-02-2020,173.9,9,1,76.24,0,0,3,2,2020
21-02-2020,238.0,9,1,27.09,0,0,4,2,2020
22-02-2020,183.6,9,1,64.25,0,0,5,2,2020
23-02-2020,195.9,9,1,58.53,0,0,6,2,2020
24-02-2020,176.7,9,1,65.7,0,0,0,2,2020
25-02-2020,275.9,9,1,15.03,0,0,1,2,2020
26-02-2020,261.0,9,1,24.98,0,0,2,2,2020
27-02-2020,229.4,9,1,40.52,0,0,3,2,2020
28-02-2020,191.2,9,1,62.12,0,0,4,2,2020
29-02-2020,220.9,9,1,76.73,1,0,5,2,2020
01-03-2020,296.0,9,1,40.91,1,0,6,3,2020
02-03-2020,185.5,9,1,82.87,0,0,0,3,2020
03-03-2020,184.3,9,1,83.43,0,0,1,3,2020
04-03-2020,216.5,9,1,70.36,0,0,2,3,2020
05-03-2020,285.3,9,1,42.35,1,0,3,3,2020
06-03-2020,256.0,9,1,51.08,1,0,4,3,2020
07-03-2020,175.7,9,1,80.32,0,0,5,3,2020
08-03-2020,211.7,9,1,89.12,0,1,6,3,2020
09-03-2020,216.9,9,1,62.48,0,0,0,3,2020
10-03-2020,208.4,9,1,90.69,1,0,1,3,2020
11-03-2020,224.9,9,1,39.94,0,0,2,3,2020
12-03-2020,241.0,9,1,57.79,0,0,3,3,2020
13-03-2020,159.7,9,1,88.7,0,0,4,3,2020
14-03-2020,284.7,9,1,52.12,1,0,5,3,2020
15-03-2020,169.7,9,1,86.41,0,0,6,3,2020
16-03-2020,202.6,9,1,62.95,0,0,0,3,2020
17-03-2020,295.1,9,1,14.04,0,0,1,3,2020
18-03-2020,152.2,9,1,99.37,0,0,2,3,2020
19-03-2020,186.3,9,1,66.32,0,0,3,3,2020
20-03-2020,248.1,9,1,36.16,0,0,4,3,2020
21-03-2020,252.0,9,1,61.78,1,0,5,3,2020
22-03-2020,206.9,9,1,74.77,1,0,6,3,2020
23-03-2020,268.1,9,1,25.84,0,0,0,3,2020
24-03-2020,256.3,9,1,21.68,0,0,1,3,2020
25-03-2020,237.8,9,1,64.32,1,0,2,3,2020
26-03-2020,205.0,9,1,71.8,0,0,3,3,2020
27-03-2020,282.1,9,1,60,0,1,4,3,2020
28-03-2020,312.3,9,1,28.6,1,0,5,3,2020
29-03-2020,252.2,9,1,61.94,1,0,6,3,2020
30-03-2020,226.6,9,1,71.14,1,0,0,3,2020
31-03-2020,200.9,9,1,79.16,1,0,1,3,2020
01-04-2020,156.6,9,1,90.57,0,0,2,4,2020
02-04-2020,261.6,9,1,18.01,0,0,3,4,2020
03-04-2020,158.3,9,1,89.47,0,0,4,4,2020
04-04-2020,172.0,9,1,82.14,0,0,5,4,2020
05-04-2020,172.1,9,1,83.52,0,0,6,4,2020
06-04-2020,158.2,9,1,91.68,0,0,0,4,2020
07-04-2020,258.9,9,1,59.19,1,0,1,4,2020
08-04-2020,274.0,9,1,30.44,1,0,2,4,2020
09-04-2020,150.2,9,1,95.25,0,0,3,4,2020
10-04-2020,159.8,9,1,85.26,0,0,4,4,2020
11-04-2020,168.9,9,1,75.68,0,0,5,4,2020
12-04-2020,185.8,9,1,63.98,0,0,6,4,2020
13-04-2020,329.8,9,1,22.81,0,1,0,4,2020
14-04-2020,186.9,9,1,93.66,0,1,1,4,2020
15-04-2020,224.8,9,1,41.09,0,0,2,4,2020
16-04-2020,294.3,9,1,26.77,1,0,3,4,2020
17-04-2020,230.3,9,1,38.9,0,0,4,4,2020
18-04-2020,164.3,9,1,93.86,0,0,5,4,2020
19-04-2020,248.6,9,1,27.28,0,0,6,4,2020
20-04-2020,192.4,9,1,77.51,0,0,0,4,2020
21-04-2020,155.1,9,1,88.79,0,0,1,4,2020
22-04-2020,215.0,9,1,58.21,0,0,2,4,2020
23-04-2020,224.7,9,1,46.1,0,0,3,4,2020
24-04-2020,159.2,9,1,95.38,1,0,4,4,2020
25-04-2020,270.2,9,1,33.23,1,0,5,4,2020
26-04-2020,141.5,9,1,94.59,0,0,6,4,2020
27-04-2020,263.6,9,1,31.44,0,0,0,4,2020
28-04-2020,138.0,9,1,98.62,0,0,1,4,2020
29-04-2020,163.1,9,1,89.14,0,0,2,4,2020
30-04-2020,260.0,9,1,23.59,0,0,3,4,2020
01-05-2020,168.4,9,1,60.3,0,0,4,5,2020
02-05-2020,207.6,9,1,41.03,0,0,5,5,2020
03-05-2020,186.0,9,1,45.41,0,0,6,5,2020
04-05-2020,174.4,9,1,88.18,1,0,0,5,2020
05-05-2020,216.3,9,1,40.28,0,0,1,5,2020
06-05-2020,233.2,9,1,12.22,0,0,2,5,2020
07-05-2020,281.8,9,1,10.51,1,0,3,5,2020
08-05-2020,221.2,9,1,11.68,0,0,4,5,2020
09-05-2020,236.7,9,1,60.79,0,1,5,5,2020
10-05-2020,299.8,9,1,18.72,0,1,6,5,2020
11-05-2020,163.9,9,1,96.56,1,0,0,5,2020
12-05-2020,183.0,9,1,73.64,1,0,1,5,2020
13-05-2020,198.0,9,1,61.5,0,0,2,5,2020
14-05-2020,194.6,9,1,68.2,1,0,3,5,2020
15-05-2020,136.3,9,1,86.79,0,0,4,5,2020
16-05-2020,259.9,9,1,46.83,0,1,5,5,2020
17-05-2020,299.1,9,1,10.33,1,0,6,5,2020
18-05-2020,190.8,9,1,87.05,0,1,0,5,2020
19-05-2020,184.0,9,1,53.71,0,0,1,5,2020
20-05-2020,223.7,9,1,18.38,0,0,2,5,2020
21-05-2020,225.6,9,1,55.2,1,0,3,5,2020
22-05-2020,142.1,9,1,97.61,1,0,4,5,2020
23-05-2020,146.5,9,1,88.92,1,0,5,5,2020
24-05-2020,235.3,9,1,40.52,1,0,6,5,2020
25-05-2020,224.2,9,1,55.18,1,0,0,5,2020
26-05-2020,209.9,9,1,30.38,0,0,1,5,2020
27-05-2020,267.2,9,1,26.31,0,1,2,5,2020
28-05-2020,210.0,9,1,50.12,1,0,3,5,2020
29-05-2020,172.2,9,1,73.27,0,0,4,5,2020
30-05-2020,263.8,9,1,32.85,0,1,5,5,2020
31-05-2020,196.4,9,1,36.53,0,0,6,5,2020
01-06-2020,187.6,9,1,67.35,0,1,0,6,2020
02-06-2020,144.5,9,1,88.11,1,0,1,6,2020
03-06-2020,167.8,9,1,42.36,0,0,2,6,2020
04-06-2020,178.4,9,1,56.11,1,0,3,6,2020
05-06-2020,162.5,9,1,65.87,1,0,4,6,2020
06-06-2020,152.4,9,1,70.55,0,1,5,6,2020
07-06-2020,135.3,9,1,63.28,0,0,6,6,2020
08-06-2020,178.9,9,1,77.91,0,1,0,6,2020
09-06-2020,139.5,9,1,66.69,1,0,1,6,2020
10-06-2020,202.9,9,1,43.67,0,1,2,6,2020
11-06-2020,150.6,9,1,45.23,0,0,3,6,2020
12-06-2020,217.1,9,1,28.91,0,1,4,6,2020
13-06-2020,106.9,9,1,83.31,0,0,5,6,2020
14-06-2020,143.9,9,1,80.54,1,0,6,6,2020
15-06-2020,148.4,9,1,54.42,0,0,0,6,2020
16-06-2020,180.6,9,1,52.5,1,0,1,6,2020
17-06-2020,175.0,9,1,27.33,0,0,2,6,2020
18-06-2020,227.3,9,1,10.92,1,0,3,6,2020
19-06-2020,118.6,9,1,77.8,0,0,4,6,2020
20-06-2020,127.0,9,1,75.71,0,0,5,6,2020
21-06-2020,100.3,9,1,83.7,0,0,6,6,2020
22-06-2020,200.8,9,1,35.47,0,1,0,6,2020
23-06-2020,185.3,9,1,13.21,0,0,1,6,2020
24-06-2020,183.4,9,1,42.6,1,0,2,6,2020
25-06-2020,203.2,9,1,71.6,1,1,3,6,2020
26-06-2020,171.1,9,1,75,1,0,4,6,2020
27-06-2020,110.7,9,1,80.3,0,0,5,6,2020
28-06-2020,124.3,9,1,88.37,0,0,6,6,2020
29-06-2020,166.4,9,1,43.64,0,0,0,6,2020
30-06-2020,118.1,9,1,84.28,0,0,1,6,2020
01-07-2020,106.9,9,1,53.68,0,0,2,7,2020
02-07-2020,101.7,9,1,62.53,0,0,3,7,2020
03-07-2020,134.5,9,1,37.77,1,0,4,7,2020
04-07-2020,78.9,9,1,99.28,0,0,5,7,2020
05-07-2020,131.2,9,1,33.75,0,0,6,7,2020
06-07-2020,121.6,9,1,38,0,0,0,7,2020
07-07-2020,96.0,9,1,65.32,0,0,1,7,2020
08-07-2020,100.7,9,1,72.87,1,0,2,7,2020
09-07-2020,98.5,9,1,89.43,1,0,3,7,2020
10-07-2020,155.8,9,1,20.01,1,0,4,7,2020
11-07-2020,147.6,9,1,11.27,0,0,5,7,2020
12-07-2020,75.8,9,1,96.36,0,0,6,7,2020
13-07-2020,151.5,9,1,10.77,0,0,0,7,2020
01-01-2020,183.3,9,2,53.13,0,0,2,1,2020
02-01-2020,207.0,9,2,29.21,0,0,3,1,2020
03-01-2020,188.7,9,2,81.4,0,1,4,1,2020
04-01-2020,203.0,9,2,39.26,0,0,5,1,2020
05-01-2020,139.8,9,2,89.19,0,0,6,1,2020
06-01-2020,212.4,9,2,24,0,0,0,1,2020
07-01-2020,250.8,9,2,15.47,0,0,1,1,2020
08-01-2020,211.0,9,2,25.77,0,0,2,1,2020
09-01-2020,232.5,9,2,23.52,0,0,3,1,2020
10-01-2020,244.9,9,2,48.95,0,1,4,1,2020
11-01-2020,220.0,9,2,17.96,0,0,5,1,2020
12-01-2020,317.7,9,2,40.33,1,1,6,1,2020
13-01-2020,266.5,9,2,25.37,1,0,0,1,2020
14-01-2020,220.7,9,2,23.14,0,0,1,1,2020
15-01-2020,137.3,9,2,81.18,0,0,2,1,2020
16-01-2020,207.7,9,2,29.77,0,0,3,1,2020
17-01-2020,158.5,9,2,76.91,0,0,4,1,2020
18-01-2020,191.1,9,2,58.52,0,0,5,1,2020
19-01-2020,133.2,9,2,93.09,0,0,6,1,2020
20-01-2020,191.6,9,2,72.31,1,0,0,1,2020
21-01-2020,326.9,9,2,35.51,1,1,1,1,2020
22-01-2020,186.3,9,2,48.36,0,0,2,1,2020
23-01-2020,203.9,9,2,35.35,0,0,3,1,2020
24-01-2020,190.1,9,2,53.43,0,0,4,1,2020
25-01-2020,245.8,9,2,38.99,1,0,5,1,2020
26-01-2020,212.8,9,2,25.07,0,0,6,1,2020
27-01-2020,206.9,9,2,68.88,1,0,0,1,2020
28-01-2020,219.8,9,2,13.82,0,0,1,1,2020
29-01-2020,164.2,9,2,67.75,0,0,2,1,2020
30-01-2020,151.2,9,2,75.87,0,0,3,1,2020
31-01-2020,193.8,9,2,47.89,0,0,4,1,2020
01-02-2020,242.0,9,2,67.54,1,0,5,2,2020
02-02-2020,133.0,9,2,94.59,0,0,6,2,2020
03-02-2020,153.1,9,2,98.16,0,0,0,2,2020
04-02-2020,238.6,9,2,62.92,1,0,1,2,2020
05-02-2020,174.0,9,2,72.71,0,0,2,2,2020
06-02-2020,273.8,9,2,11.82,0,0,3,2,2020
07-02-2020,202.4,9,2,60.38,0,0,4,2,2020
08-02-2020,222.8,9,2,42.23,0,0,5,2,2020
09-02-2020,268.5,9,2,12.54,0,0,6,2,2020
10-02-2020,154.4,9,2,95.14,0,0,0,2,2020
11-02-2020,156.3,9,2,86.63,0,0,1,2,2020
12-02-2020,163.6,9,2,68.16,0,0,2,2,2020
13-02-2020,274.3,9,2,45.5,1,0,3,2,2020
14-02-2020,239.0,9,2,69.91,0,1,4,2,2020
15-02-2020,249.9,9,2,37.25,0,0,5,2,2020
16-02-2020,227.7,9,2,70.21,1,0,6,2,2020
17-02-2020,174.2,9,2,95.38,1,0,0,2,2020
18-02-2020,233.6,9,2,68.63,1,0,1,2,2020
19-02-2020,201.0,9,2,83.07,1,0,2,2,2020
20-02-2020,186.6,9,2,99.41,0,1,3,2,2020
21-02-2020,168.2,9,2,95.2,0,0,4,2,2020
22-02-2020,211.1,9,2,58.39,0,0,5,2,2020
23-02-2020,190.4,9,2,75.27,0,0,6,2,2020
24-02-2020,149.4,9,2,89.23,0,0,0,2,2020
25-02-2020,149.3,9,2,96.05,0,0,1,2,2020
26-02-2020,212.2,9,2,84.93,1,0,2,2,2020
27-02-2020,158.7,9,2,94.75,0,0,3,2,2020
28-02-2020,259.3,9,2,29.41,0,0,4,2,2020
29-02-2020,255.1,9,2,45.16,1,0,5,2,2020
01-03-2020,273.5,9,2,54.52,1,0,6,3,2020
02-03-2020,247.5,9,2,62.53,1,0,0,3,2020
03-03-2020,271.0,9,2,23.82,0,0,1,3,2020
04-03-2020,187.8,9,2,75.3,0,0,2,3,2020
05-03-2020,167.1,9,2,93.35,0,0,3,3,2020
06-03-2020,290.4,9,2,35.54,1,0,4,3,2020
07-03-2020,240.1,9,2,34.87,0,0,5,3,2020
08-03-2020,152.8,9,2,97.26,0,0,6,3,2020
09-03-2020,264.3,9,2,24.32,0,0,0,3,2020
10-03-2020,280.1,9,2,53.22,1,0,1,3,2020
11-03-2020,193.0,9,2,89.81,1,0,2,3,2020
12-03-2020,199.7,9,2,65.2,0,0,3,3,2020
13-03-2020,214.1,9,2,92.1,0,1,4,3,2020
14-03-2020,245.5,9,2,69.1,1,0,5,3,2020
15-03-2020,281.0,9,2,36.08,1,0,6,3,2020
16-03-2020,328.1,9,2,26.55,1,0,0,3,2020
17-03-2020,220.6,9,2,59.22,0,0,1,3,2020
18-03-2020,212.0,9,2,81.04,1,0,2,3,2020
19-03-2020,324.8,9,2,20.8,1,0,3,3,2020
20-03-2020,324.2,9,2,12.79,1,0,4,3,2020
21-03-2020,316.7,9,2,23.78,1,0,5,3,2020
22-03-2020,199.9,9,2,63.24,0,0,6,3,2020
23-03-2020,224.9,9,2,42.91,0,0,0,3,2020
24-03-2020,274.2,9,2,46.14,1,0,1,3,2020
25-03-2020,268.6,9,2,26.2,0,0,2,3,2020
26-03-2020,245.1,9,2,62.03,1,0,3,3,2020
27-03-2020,225.1,9,2,40.24,0,0,4,3,2020
28-03-2020,230.8,9,2,75.6,1,0,5,3,2020
29-03-2020,163.2,9,2,91.32,0,0,6,3,2020
30-03-2020,288.6,9,2,10.73,0,0,0,3,2020
31-03-2020,283.1,9,2,51.32,1,0,1,3,2020
01-04-2020,218.3,9,2,75.06,1,0,2,4,2020
02-04-2020,262.3,9,2,27.71,0,0,3,4,2020
03-04-2020,186.5,9,2,98.24,0,1,4,4,2020
04-04-2020,228.9,9,2,44.06,0,0,5,4,2020
05-04-2020,213.3,9,2,73.11,1,0,6,4,2020
06-04-2020,241.1,9,2,67.68,1,0,0,4,2020
07-04-2020,254.8,9,2,88.52,1,1,1,4,2020
08-04-2020,227.1,9,2,45.49,0,0,2,4,2020
09-04-2020,205.9,9,2,46.58,0,0,3,4,2020
10-04-2020,220.3,9,2,49.42,0,0,4,4,2020
11-04-2020,265.6,9,2,14.46,0,0,5,4,2020
12-04-2020,247.6,9,2,24.24,0,0,6,4,2020
13-04-2020,243.2,9,2,33.19,0,0,0,4,2020
14-04-2020,200.4,9,2,71.76,0,0,1,4,2020
15-04-2020,163.5,9,2,83.12,0,0,2,4,2020
16-04-2020,158.2,9,2,87.84,0,0,3,4,2020
17-04-2020,208.5,9,2,52.9,0,0,4,4,2020
18-04-2020,278.1,9,2,36.05,1,0,5,4,2020
19-04-2020,210.2,9,2,64.75,0,0,6,4,2020
20-04-2020,370.4,9,2,14.13,0,1,0,4,2020
21-04-2020,296.8,9,2,39.03,1,0,1,4,2020
22-04-2020,274.1,9,2,44.59,0,1,2,4,2020
23-04-2020,250.7,9,2,20.35,0,0,3,4,2020
24-04-2020,261.1,9,2,60.04,0,1,4,4,2020
25-04-2020,258.2,9,2,20.47,0,0,5,4,2020
26-04-2020,189.2,9,2,66.38,0,0,6,4,2020
27-04-2020,265.0,9,2,84.27,1,1,0,4,2020
28-04-2020,163.0,9,2,92.42,0,0,1,4,2020
29-04-2020,291.1,9,2,30.64,1,0,2,4,2020
30-04-2020,250.6,9,2,33.16,0,0,3,4,2020
01-05-2020,159.6,9,2,74.64,0,0,4,5,2020
02-05-2020,170.6,9,2,63.83,0,0,5,5,2020
03-05-2020,196.2,9,2,61.05,1,0,6,5,2020
04-05-2020,189.5,9,2,45.01,0,0,0,5,2020
05-05-2020,152.5,9,2,71,0,0,1,5,2020
06-05-2020,254.6,9,2,39.54,1,0,2,5,2020
07-05-2020,282.3,9,2,17.99,1,0,3,5,2020
08-05-2020,195.7,9,2,63.07,0,0,4,5,2020
09-05-2020,143.9,9,2,98.51,1,0,5,5,2020
10-05-2020,217.1,9,2,20.87,0,0,6,5,2020
11-05-2020,190.0,9,2,52.56,0,0,0,5,2020
12-05-2020,201.4,9,2,43.95,0,0,1,5,2020
13-05-2020,235.8,9,2,50.73,1,0,2,5,2020
14-05-2020,228.9,9,2,45.36,1,0,3,5,2020
15-05-2020,192.8,9,2,47.23,0,0,4,5,2020
16-05-2020,178.3,9,2,80.94,1,0,5,5,2020
17-05-2020,220.2,9,2,29.37,0,0,6,5,2020
18-05-2020,217.9,9,2,24.23,0,0,0,5,2020
19-05-2020,205.8,9,2,56.36,1,0,1,5,2020
20-05-2020,198.2,9,2,52.85,0,0,2,5,2020
21-05-2020,208.4,9,2,65.92,1,0,3,5,2020
22-05-2020,208.4,9,2,48.02,0,0,4,5,2020
23-05-2020,224.2,9,2,28.06,0,0,5,5,2020
24-05-2020,207.3,9,2,93.3,1,1,6,5,2020
25-05-2020,370.9,9,2,15.6,1,1,0,5,2020
26-05-2020,225.2,9,2,45.96,1,0,1,5,2020
27-05-2020,187.3,9,2,48.04,0,0,2,5,2020
28-05-2020,138.4,9,2,90.52,0,0,3,5,2020
29-05-2020,209.0,9,2,41.24,0,0,4,5,2020
30-05-2020,188.7,9,2,47.27,0,0,5,5,2020
31-05-2020,219.0,9,2,49.37,1,0,6,5,2020
01-06-2020,195.7,9,2,11.61,0,0,0,6,2020
02-06-2020,153.6,9,2,72.49,1,0,1,6,2020
03-06-2020,174.1,9,2,33.4,0,0,2,6,2020
04-06-2020,248.4,9,2,15.67,0,1,3,6,2020
05-06-2020,165.5,9,2,68.45,1,0,4,6,2020
06-06-2020,136.4,9,2,51.87,0,0,5,6,2020
07-06-2020,140.0,9,2,77.62,0,0,6,6,2020
08-06-2020,209.5,9,2,37.17,0,1,0,6,2020
09-06-2020,135.4,9,2,97.71,1,0,1,6,2020
10-06-2020,93.1,9,2,96.62,0,0,2,6,2020
11-06-2020,108.6,9,2,98.83,0,0,3,6,2020
12-06-2020,113.4,9,2,83.94,0,0,4,6,2020
13-06-2020,170.8,9,2,58.73,1,0,5,6,2020
14-06-2020,88.5,9,2,93.36,0,0,6,6,2020
15-06-2020,196.9,9,2,27.68,1,0,0,6,2020
16-06-2020,126.7,9,2,72.35,0,0,1,6,2020
17-06-2020,243.8,9,2,14.87,0,1,2,6,2020
18-06-2020,134.9,9,2,65.58,0,0,3,6,2020
19-06-2020,165.9,9,2,30,0,0,4,6,2020
20-06-2020,145.2,9,2,49.54,0,0,5,6,2020
21-06-2020,125.9,9,2,65.89,0,0,6,6,2020
22-06-2020,169.9,9,2,35.03,0,0,0,6,2020
23-06-2020,139.5,9,2,64.03,0,0,1,6,2020
24-06-2020,191.2,9,2,45.81,1,0,2,6,2020
25-06-2020,134.4,9,2,74.9,0,0,3,6,2020
26-06-2020,170.6,9,2,25.14,0,0,4,6,2020
27-06-2020,148.2,9,2,72.99,1,0,5,6,2020
28-06-2020,108.7,9,2,99.35,0,0,6,6,2020
29-06-2020,141.9,9,2,44.35,0,0,0,6,2020
30-06-2020,159.5,9,2,47.42,0,0,1,6,2020
01-07-2020,88.7,9,2,76.41,0,0,2,7,2020
02-07-2020,134.3,9,2,41.91,0,0,3,7,2020
03-07-2020,92.1,9,2,70.41,0,0,4,7,2020
04-07-2020,79.6,9,2,64.67,0,0,5,7,2020
05-07-2020,80.5,9,2,93.57,0,0,6,7,2020
06-07-2020,85.4,9,2,90.74,0,0,0,7,2020
07-07-2020,166.7,9,2,17.9,1,0,1,7,2020
08-07-2020,118.1,9,2,76.09,1,0,2,7,2020
09-07-2020,130.7,9,2,20.92,0,0,3,7,2020
10-07-2020,132.0,9,2,21.45,0,0,4,7,2020
11-07-2020,122.8,9,2,18.81,0,0,5,7,2020
12-07-2020,99.0,9,2,54.91,0,0,6,7,2020
13-07-2020,123.9,9,2,27.71,0,0,0,7,2020
