synthetic_sales_data.csv
date,sales,store_id,product_id,price,promotion,holiday,weekday,month,year
01-01-2020,171.3,9,3,61.44,0,0,2,1,2020
02-01-2020,181.0,9,3,96.79,1,1,3,1,2020
03-01-2020,292.9,9,3,21.15,0,1,4,1,2020
04-01-2020,212.8,9,3,24.56,0,0,5,1,2020
05-01-2020,262.6,9,3,28.17,1,0,6,1,2020
06-01-2020,157.8,9,3,65.96,0,0,0,1,2020
07-01-2020,167.4,9,3,65.78,0,0,1,1,2020
08-01-2020,180.6,9,3,69.92,0,0,2,1,2020
09-01-2020,199.0,9,3,43.23,0,0,3,1,2020
10-01-2020,216.2,9,3,28.37,0,0,4,1,2020
11-01-2020,165.4,9,3,64.78,0,0,5,1,2020
12-01-2020,143.8,9,3,94.7,0,0,6,1,2020
13-01-2020,168.0,9,3,64.1,0,0,0,1,2020
14-01-2020,243.3,9,3,28.44,1,0,1,1,2020
15-01-2020,186.7,9,3,55.71,0,0,2,1,2020
16-01-2020,189.0,9,3,44.62,0,0,3,1,2020
17-01-2020,263.1,9,3,19.03,1,0,4,1,2020
18-01-2020,149.0,9,3,74.17,0,0,5,1,2020
19-01-2020,249.5,9,3,53.4,0,1,6,1,2020
20-01-2020,212.9,9,3,22.26,0,0,0,1,2020
21-01-2020,195.0,9,3,35.86,0,0,1,1,2020
22-01-2020,205.0,9,3,65.98,1,0,2,1,2020
23-01-2020,151.5,9,3,79.52,0,0,3,1,2020
24-01-2020,269.5,9,3,15.47,1,0,4,1,2020
25-01-2020,228.5,9,3,41.35,1,0,5,1,2020
26-01-2020,202.7,9,3,50.58,0,0,6,1,2020
27-01-2020,225.2,9,3,21.28,0,0,0,1,2020
28-01-2020,222.1,9,3,30.86,0,0,1,1,2020
29-01-2020,221.8,9,3,17.59,0,0,2,1,2020
30-01-2020,210.2,9,3,26.95,0,0,3,1,2020
31-01-2020,215.0,9,3,24.86,0,0,4,1,2020
01-02-2020,183.2,9,3,76.31,0,0,5,2,2020
02-02-2020,210.6,9,3,86.91,0,1,6,2,2020
03-02-2020,220.8,9,3,73.41,1,0,0,2,2020
04-02-2020,218.9,9,3,50.15,0,0,1,2,2020
05-02-2020,227.8,9,3,85.44,0,1,2,2,2020
06-02-2020,151.4,9,3,88.31,0,0,3,2,2020
07-02-2020,240.9,9,3,27.16,0,0,4,2,2020
08-02-2020,189.3,9,3,62.75,0,0,5,2,2020
09-02-2020,324.0,9,3,57.01,1,1,6,2,2020
10-02-2020,203.5,9,3,65.61,0,0,0,2,2020
11-02-2020,232.6,9,3,69.63,1,0,1,2,2020
12-02-2020,275.0,9,3,38.76,1,0,2,2,2020
13-02-2020,267.4,9,3,56.62,1,0,3,2,2020
14-02-2020,266.0,9,3,45.48,1,0,4,2,2020
15-02-2020,240.6,9,3,30.48,0,0,5,2,2020
16-02-2020,212.4,9,3,66.99,0,0,6,2,2020
17-02-2020,215.3,9,3,49.64,0,0,0,2,2020
18-02-2020,226.5,9,3,64.79,1,0,1,2,2020
19-02-2020,262.8,9,3,10.34,0,0,2,2,2020
20-02-2020,183.2,9,3,99.99,1,0,3,2,2020
21-02-2020,210.9,9,3,54.6,0,0,4,2,2020
22-02-2020,249.8,9,3,72.35,0,1,5,2,2020
23-02-2020,260.2,9,3,10.85,0,0,6,2,2020
24-02-2020,298.4,9,3,69.94,1,1,0,2,2020
25-02-2020,283.7,9,3,43.02,1,0,1,2,2020
26-02-2020,141.3,9,3,98.27,0,0,2,2,2020
27-02-2020,224.8,9,3,73.76,1,0,3,2,2020
28-02-2020,237.9,9,3,30.09,0,0,4,2,2020
29-02-2020,179.0,9,3,99.83,0,1,5,2,2020
01-03-2020,250.0,9,3,34.61,0,0,6,3,2020
02-03-2020,190.0,9,3,71.5,0,0,0,3,2020
03-03-2020,245.0,9,3,36.14,0,0,1,3,2020
04-03-2020,263.2,9,3,21.88,0,0,2,3,2020
05-03-2020,206.8,9,3,63.12,0,0,3,3,2020
06-03-2020,289.7,9,3,10.07,0,0,4,3,2020
07-03-2020,176.0,9,3,94.35,1,0,5,3,2020
08-03-2020,246.3,9,3,37.16,0,0,6,3,2020
09-03-2020,147.4,9,3,99.9,0,0,0,3,2020
10-03-2020,192.5,9,3,95.85,1,0,1,3,2020
11-03-2020,300.0,9,3,33.33,1,0,2,3,2020
12-03-2020,239.8,9,3,33.94,0,0,3,3,2020
13-03-2020,205.1,9,3,70.1,0,0,4,3,2020
14-03-2020,347.9,9,3,19.51,0,1,5,3,2020
15-03-2020,224.1,9,3,39.28,0,0,6,3,2020
16-03-2020,345.4,9,3,27.15,0,1,0,3,2020
17-03-2020,172.5,9,3,91.5,0,0,1,3,2020
18-03-2020,156.6,9,3,98.59,0,0,2,3,2020
19-03-2020,243.8,9,3,28.97,0,0,3,3,2020
20-03-2020,338.9,9,3,12.26,1,0,4,3,2020
21-03-2020,264.1,9,3,34.74,0,0,5,3,2020
22-03-2020,266.3,9,3,21.21,0,0,6,3,2020
23-03-2020,273.4,9,3,50.99,1,0,0,3,2020
24-03-2020,232.7,9,3,54.43,0,0,1,3,2020
25-03-2020,256.3,9,3,62.32,1,0,2,3,2020
26-03-2020,178.8,9,3,76.13,0,0,3,3,2020
27-03-2020,201.9,9,3,68.37,0,0,4,3,2020
28-03-2020,202.5,9,3,90.07,1,0,5,3,2020
29-03-2020,306.3,9,3,22.16,1,0,6,3,2020
30-03-2020,230.5,9,3,69.5,1,0,0,3,2020
31-03-2020,272.1,9,3,55.11,1,0,1,3,2020
01-04-2020,165.2,9,3,88.86,0,0,2,4,2020
02-04-2020,249.7,9,3,27.55,0,0,3,4,2020
03-04-2020,167.4,9,3,88.15,0,0,4,4,2020
04-04-2020,175.8,9,3,93.37,0,0,5,4,2020
05-04-2020,166.8,9,3,81.85,0,0,6,4,2020
06-04-2020,233.7,9,3,68.19,1,0,0,4,2020
07-04-2020,187.8,9,3,65.55,0,0,1,4,2020
08-04-2020,218.7,9,3,41.99,0,0,2,4,2020
09-04-2020,172.1,9,3,78.58,0,0,3,4,2020
10-04-2020,246.9,9,3,36.35,0,0,4,4,2020
11-04-2020,193.3,9,3,93.69,1,0,5,4,2020
12-04-2020,279.9,9,3,59.7,0,1,6,4,2020
13-04-2020,288.1,9,3,77.31,1,1,0,4,2020
14-04-2020,216.5,9,3,49.94,0,0,1,4,2020
15-04-2020,251.6,9,3,24.61,0,0,2,4,2020
16-04-2020,252.1,9,3,17.67,0,0,3,4,2020
17-04-2020,198.3,9,3,60.68,0,0,4,4,2020
18-04-2020,163.6,9,3,94.87,0,0,5,4,2020
19-04-2020,179.0,9,3,93.29,1,0,6,4,2020
20-04-2020,145.8,9,3,99.29,0,0,0,4,2020
21-04-2020,157.9,9,3,84.48,0,0,1,4,2020
22-04-2020,346.1,9,3,47.69,1,1,2,4,2020
23-04-2020,233.4,9,3,34.32,0,0,3,4,2020
24-04-2020,236.3,9,3,38.67,0,0,4,4,2020
25-04-2020,199.5,9,3,83.49,1,0,5,4,2020
26-04-2020,284.6,9,3,14.72,0,0,6,4,2020
27-04-2020,320.0,9,3,14.65,1,0,0,4,2020
28-04-2020,168.6,9,3,77.95,0,0,1,4,2020
29-04-2020,308.9,9,3,15.89,1,0,2,4,2020
30-04-2020,242.0,9,3,31.1,0,0,3,4,2020
01-05-2020,191.0,9,3,45.25,0,0,4,5,2020
02-05-2020,172.4,9,3,57.83,0,0,5,5,2020
03-05-2020,261.8,9,3,29.1,1,0,6,5,2020
04-05-2020,214.5,9,3,31.53,0,0,0,5,2020
05-05-2020,250.2,9,3,11.29,0,0,1,5,2020
06-05-2020,261.0,9,3,20.65,1,0,2,5,2020
07-05-2020,274.3,9,3,26.2,0,1,3,5,2020
08-05-2020,170.5,9,3,83.25,1,0,4,5,2020
09-05-2020,208.3,9,3,65.24,0,1,5,5,2020
10-05-2020,123.7,9,3,89,0,0,6,5,2020
11-05-2020,174.1,9,3,47.98,0,0,0,5,2020
12-05-2020,113.8,9,3,93.11,0,0,1,5,2020
13-05-2020,183.0,9,3,64.03,0,0,2,5,2020
14-05-2020,189.2,9,3,79.5,1,0,3,5,2020
15-05-2020,154.0,9,3,60.98,0,0,4,5,2020
16-05-2020,132.6,9,3,75.73,0,0,5,5,2020
17-05-2020,182.6,9,3,76.11,1,0,6,5,2020
18-05-2020,284.8,9,3,50.97,1,1,0,5,2020
19-05-2020,207.8,9,3,74.95,1,0,1,5,2020
20-05-2020,242.7,9,3,32.17,1,0,2,5,2020
21-05-2020,156.8,9,3,72.49,0,0,3,5,2020
22-05-2020,186.8,9,3,83.71,1,0,4,5,2020
23-05-2020,155.5,9,3,75.89,0,0,5,5,2020
24-05-2020,137.7,9,3,77.29,0,0,6,5,2020
25-05-2020,222.1,9,3,17.42,0,0,0,5,2020
26-05-2020,157.3,9,3,79.73,0,0,1,5,2020
27-05-2020,141.8,9,3,95.54,1,0,2,5,2020
28-05-2020,172.1,9,3,84.4,1,0,3,5,2020
29-05-2020,221.0,9,3,51.81,1,0,4,5,2020
30-05-2020,211.5,9,3,36.1,0,0,5,5,2020
31-05-2020,226.6,9,3,54.57,1,0,6,5,2020
01-06-2020,161.0,9,3,54.75,0,0,0,6,2020
02-06-2020,128.8,9,3,77.91,0,0,1,6,2020
03-06-2020,145.3,9,3,59.75,0,0,2,6,2020
04-06-2020,196.9,9,3,46.27,1,0,3,6,2020
05-06-2020,182.6,9,3,13.49,0,0,4,6,2020
06-06-2020,108.9,9,3,87.85,0,0,5,6,2020
07-06-2020,142.2,9,3,44.05,0,0,6,6,2020
08-06-2020,112.5,9,3,96.31,0,0,0,6,2020
09-06-2020,100.0,9,3,82.65,0,0,1,6,2020
10-06-2020,163.3,9,3,39.38,0,0,2,6,2020
11-06-2020,180.7,9,3,48.49,1,0,3,6,2020
12-06-2020,139.6,9,3,49.58,0,0,4,6,2020
13-06-2020,148.0,9,3,68.91,1,0,5,6,2020
14-06-2020,148.7,9,3,80.32,1,0,6,6,2020
15-06-2020,157.6,9,3,41.4,0,0,0,6,2020
16-06-2020,145.9,9,3,45.46,0,0,1,6,2020
17-06-2020,189.4,9,3,16.35,0,0,2,6,2020
18-06-2020,115.0,9,3,85.83,0,0,3,6,2020
19-06-2020,237.6,9,3,13.27,0,1,4,6,2020
20-06-2020,127.6,9,3,72.9,0,0,5,6,2020
21-06-2020,105.0,9,3,90.09,0,0,6,6,2020
22-06-2020,181.7,9,3,14.64,0,0,0,6,2020
23-06-2020,199.1,9,3,39.37,1,0,1,6,2020
24-06-2020,139.9,9,3,58.25,0,0,2,6,2020
25-06-2020,236.0,9,3,19.58,1,0,3,6,2020
26-06-2020,116.7,9,3,91.98,0,0,4,6,2020
27-06-2020,162.1,9,3,48,0,0,5,6,2020
28-06-2020,226.8,9,3,24.82,0,1,6,6,2020
29-06-2020,210.1,9,3,24.48,1,0,0,6,2020
30-06-2020,98.1,9,3,97.05,0,0,1,6,2020
01-07-2020,129.3,9,3,16.28,0,0,2,7,2020
02-07-2020,94.8,9,3,63.82,0,0,3,7,2020
03-07-2020,127.3,9,3,54.4,0,0,4,7,2020
04-07-2020,130.8,9,3,34.85,0,0,5,7,2020
05-07-2020,118.8,9,3,50.35,0,0,6,7,2020
06-07-2020,114.3,9,3,71.97,1,0,0,7,2020
07-07-2020,92.4,9,3,86.46,1,0,1,7,2020
08-07-2020,152.6,9,3,42.93,1,0,2,7,2020
09-07-2020,171.5,9,3,13.68,0,1,3,7,2020
10-07-2020,121.9,9,3,51.53,1,0,4,7,2020
11-07-2020,113.8,9,3,32.6,0,0,5,7,2020
12-07-2020,122.6,9,3,70.68,1,0,6,7,2020
13-07-2020,130.7,9,3,47.22,1,0,0,7,2020
01-01-2020,143.7,9,4,87.48,0,0,2,1,2020
02-01-2020,247.7,9,4,36.11,1,0,3,1,2020
03-01-2020,146.5,9,4,82.92,0,0,4,1,2020
04-01-2020,216.7,9,4,17.98,0,0,5,1,2020
05-01-2020,178.1,9,4,82.73,1,0,6,1,2020
06-01-2020,247.8,9,4,10.17,0,0,0,1,2020
07-01-2020,187.2,9,4,64.58,0,0,1,1,2020
08-01-2020,235.1,9,4,47.51,1,0,2,1,2020
09-01-2020,245.1,9,4,31.58,1,0,3,1,2020
10-01-2020,216.6,9,4,15.4,0,0,4,1,2020
11-01-2020,129.6,9,4,97.77,0,0,5,1,2020
12-01-2020,146.3,9,4,87.65,0,0,6,1,2020
13-01-2020,158.8,9,4,80.86,0,0,0,1,2020
14-01-2020,156.5,9,4,74.11,0,0,1,1,2020
15-01-2020,226.5,9,4,22.81,0,0,2,1,2020
16-01-2020,176.0,9,4,83.69,1,0,3,1,2020
17-01-2020,275.3,9,4,43.46,0,1,4,1,2020
18-01-2020,273.8,9,4,20.98,1,0,5,1,2020
19-01-2020,212.1,9,4,27.64,0,0,6,1,2020
20-01-2020,205.0,9,4,38.07,0,0,0,1,2020
21-01-2020,162.5,9,4,68.06,0,0,1,1,2020
22-01-2020,293.4,9,4,39.65,1,1,2,1,2020
23-01-2020,165.9,9,4,43.39,0,0,3,1,2020
24-01-2020,239.9,9,4,52.18,1,0,4,1,2020
25-01-2020,194.9,9,4,65.57,1,0,5,1,2020
26-01-2020,171.7,9,4,67.21,0,0,6,1,2020
27-01-2020,188.5,9,4,38.52,0,0,0,1,2020
28-01-2020,233.1,9,4,48.65,1,0,1,1,2020
29-01-2020,194.3,9,4,74.38,1,0,2,1,2020
30-01-2020,184.2,9,4,46.96,0,0,3,1,2020
31-01-2020,174.5,9,4,85.84,0,1,4,1,2020
01-02-2020,257.1,9,4,47.05,1,0,5,2,2020
02-02-2020,252.1,9,4,32.27,0,0,6,2,2020
03-02-2020,256.5,9,4,46.07,1,0,0,2,2020
04-02-2020,304.6,9,4,33.38,0,1,1,2,2020
05-02-2020,239.5,9,4,29.3,0,0,2,2,2020
06-02-2020,251.6,9,4,25.12,0,0,3,2,2020
07-02-2020,249.9,9,4,32.34,0,0,4,2,2020
08-02-2020,276.6,9,4,50.74,0,1,5,2,2020
09-02-2020,188.7,9,4,74.21,0,0,6,2,2020
10-02-2020,203.8,9,4,53.96,0,0,0,2,2020
11-02-2020,304.7,9,4,22.92,1,0,1,2,2020
12-02-2020,225.3,9,4,68.17,1,0,2,2,2020
13-02-2020,223.3,9,4,64.29,1,0,3,2,2020
14-02-2020,258.5,9,4,23.22,0,0,4,2,2020
15-02-2020,279.4,9,4,10.01,0,0,5,2,2020
16-02-2020,233.3,9,4,65.45,1,0,6,2,2020
17-02-2020,357.0,9,4,12.04,0,1,0,2,2020
18-02-2020,258.5,9,4,50.49,1,0,1,2,2020
19-02-2020,237.5,9,4,39.92,0,0,2,2,2020
20-02-2020,216.7,9,4,50.75,0,0,3,2,2020
21-02-2020,260.7,9,4,15.66,0,0,4,2,2020
22-02-2020,161.3,9,4,87.53,0,0,5,2,2020
23-02-2020,275.1,9,4,25.91,0,0,6,2,2020
24-02-2020,334.6,9,4,48.48,1,1,0,2,2020
25-02-2020,210.3,9,4,55.77,0,0,1,2,2020
26-02-2020,212.4,9,4,46.48,0,0,2,2,2020
27-02-2020,175.1,9,4,74.46,0,0,3,2,2020
28-02-2020,250.6,9,4,15.14,0,0,4,2,2020
29-02-2020,254.1,9,4,20.56,0,0,5,2,2020
01-03-2020,204.4,9,4,80.06,1,0,6,3,2020
02-03-2020,201.0,9,4,89.78,0,1,0,3,2020
03-03-2020,322.4,9,4,27.19,1,0,1,3,2020
04-03-2020,334.7,9,4,11.58,1,0,2,3,2020
05-03-2020,247.3,9,4,72.29,0,1,3,3,2020
06-03-2020,246.0,9,4,32.13,0,0,4,3,2020
07-03-2020,191.4,9,4,84.07,0,0,5,3,2020
08-03-2020,181.5,9,4,97.85,1,0,6,3,2020
09-03-2020,141.5,9,4,97.53,0,0,0,3,2020
10-03-2020,158.1,9,4,81.62,0,0,1,3,2020
11-03-2020,246.5,9,4,34.5,0,0,2,3,2020
12-03-2020,261.0,9,4,30.46,0,0,3,3,2020
13-03-2020,258.4,9,4,60.95,1,0,4,3,2020
14-03-2020,247.5,9,4,40.51,0,0,5,3,2020
15-03-2020,288.9,9,4,53.79,0,1,6,3,2020
16-03-2020,214.9,9,4,82.64,1,0,0,3,2020
17-03-2020,245.0,9,4,28.29,0,0,1,3,2020
18-03-2020,213.0,9,4,82.81,1,0,2,3,2020
19-03-2020,237.0,9,4,62.34,1,0,3,3,2020
20-03-2020,167.5,9,4,84.87,0,0,4,3,2020
21-03-2020,217.9,9,4,50.35,0,0,5,3,2020
22-03-2020,256.9,9,4,25.53,0,0,6,3,2020
23-03-2020,217.0,9,4,67.87,1,0,0,3,2020
24-03-2020,239.8,9,4,42.04,0,0,1,3,2020
25-03-2020,189.3,9,4,75.9,0,0,2,3,2020
26-03-2020,172.1,9,4,74.47,0,0,3,3,2020
27-03-2020,190.8,9,4,90.74,1,0,4,3,2020
28-03-2020,207.2,9,4,67.99,0,0,5,3,2020
29-03-2020,314.9,9,4,28.35,1,0,6,3,2020
30-03-2020,216.6,9,4,82.24,1,0,0,3,2020
31-03-2020,175.7,9,4,82.2,0,0,1,3,2020
01-04-2020,189.7,9,4,60.82,0,0,2,4,2020
02-04-2020,312.2,9,4,10.04,1,0,3,4,2020
03-04-2020,270.6,9,4,12.29,0,0,4,4,2020
04-04-2020,286.5,9,4,42.11,0,1,5,4,2020
05-04-2020,199.4,9,4,87.44,1,0,6,4,2020
06-04-2020,148.5,9,4,97.2,0,0,0,4,2020
07-04-2020,230.8,9,4,65.6,1,0,1,4,2020
08-04-2020,207.4,9,4,50.88,0,0,2,4,2020
09-04-2020,237.6,9,4,36.25,0,0,3,4,2020
10-04-2020,250.0,9,4,21.72,0,0,4,4,2020
11-04-2020,161.0,9,4,84.17,0,0,5,4,2020
12-04-2020,199.5,9,4,86.18,1,0,6,4,2020
13-04-2020,216.1,9,4,77.59,1,0,0,4,2020
14-04-2020,226.0,9,4,31.72,0,0,1,4,2020
15-04-2020,196.2,9,4,48.82,0,0,2,4,2020
16-04-2020,194.7,9,4,64.82,0,0,3,4,2020
17-04-2020,259.9,9,4,46.33,1,0,4,4,2020
18-04-2020,142.4,9,4,95.19,0,0,5,4,2020
19-04-2020,321.6,9,4,25.11,1,0,6,4,2020
20-04-2020,153.5,9,4,87.61,0,0,0,4,2020
21-04-2020,197.0,9,4,69.83,0,0,1,4,2020
22-04-2020,308.6,9,4,59.81,1,1,2,4,2020
23-04-2020,176.9,9,4,70.96,0,0,3,4,2020
24-04-2020,180.4,9,4,69.47,0,0,4,4,2020
25-04-2020,238.6,9,4,47.02,0,0,5,4,2020
26-04-2020,217.7,9,4,67.94,1,0,6,4,2020
27-04-2020,219.3,9,4,75.41,1,0,0,4,2020
28-04-2020,212.9,9,4,52.1,0,0,1,4,2020
29-04-2020,206.9,9,4,56.43,0,0,2,4,2020
30-04-2020,220.5,9,4,28.8,0,0,3,4,2020
01-05-2020,187.0,9,4,54.81,0,0,4,5,2020
02-05-2020,180.4,9,4,77.05,1,0,5,5,2020
03-05-2020,187.1,9,4,47.13,0,0,6,5,2020
04-05-2020,269.3,9,4,27.61,1,0,0,5,2020
05-05-2020,192.4,9,4,47.67,0,0,1,5,2020
06-05-2020,266.0,9,4,27.72,1,0,2,5,2020
07-05-2020,163.0,9,4,85.94,1,0,3,5,2020
08-05-2020,216.1,9,4,34.21,0,0,4,5,2020
09-05-2020,198.3,9,4,40.2,0,0,5,5,2020
10-05-2020,260.7,9,4,26.89,1,0,6,5,2020
11-05-2020,238.1,9,4,13.13,0,0,0,5,2020
12-05-2020,232.5,9,4,18.21,0,0,1,5,2020
13-05-2020,256.1,9,4,35.99,1,0,2,5,2020
14-05-2020,218.1,9,4,25.01,0,0,3,5,2020
15-05-2020,230.2,9,4,14.23,0,0,4,5,2020
16-05-2020,250.7,9,4,35.95,0,1,5,5,2020
17-05-2020,204.1,9,4,40.15,0,0,6,5,2020
18-05-2020,165.9,9,4,77.97,0,0,0,5,2020
19-05-2020,113.9,9,4,99.4,0,0,1,5,2020
20-05-2020,145.4,9,4,77.86,0,0,2,5,2020
21-05-2020,153.7,9,4,90.51,0,0,3,5,2020
22-05-2020,124.9,9,4,97.36,0,0,4,5,2020
23-05-2020,203.0,9,4,27.2,0,0,5,5,2020
24-05-2020,233.8,9,4,13.78,0,0,6,5,2020
25-05-2020,141.8,9,4,86.12,0,0,0,5,2020
26-05-2020,199.6,9,4,28.71,0,0,1,5,2020
27-05-2020,135.0,9,4,95.96,0,0,2,5,2020
28-05-2020,214.0,9,4,45.35,0,0,3,5,2020
29-05-2020,229.1,9,4,53.18,1,0,4,5,2020
30-05-2020,145.1,9,4,71.43,0,0,5,5,2020
31-05-2020,168.4,9,4,98.81,0,1,6,5,2020
01-06-2020,110.0,9,4,80.17,0,0,0,6,2020
02-06-2020,105.7,9,4,93.97,0,0,1,6,2020
03-06-2020,133.8,9,4,79.58,0,0,2,6,2020
04-06-2020,154.1,9,4,24.61,0,0,3,6,2020
05-06-2020,127.7,9,4,72.08,0,0,4,6,2020
06-06-2020,187.0,9,4,24.92,0,0,5,6,2020
07-06-2020,164.2,9,4,46.5,1,0,6,6,2020
08-06-2020,175.4,9,4,20.23,0,0,0,6,2020
09-06-2020,125.6,9,4,78.29,0,0,1,6,2020
10-06-2020,175.9,9,4,61.33,1,0,2,6,2020
11-06-2020,123.4,9,4,98.33,1,0,3,6,2020
12-06-2020,203.7,9,4,11.44,0,0,4,6,2020
13-06-2020,128.0,9,4,61.61,0,0,5,6,2020
14-06-2020,231.6,9,4,11.89,1,0,6,6,2020
15-06-2020,220.2,9,4,29.34,0,1,0,6,2020
16-06-2020,171.3,9,4,29.8,0,0,1,6,2020
17-06-2020,199.2,9,4,40.32,1,0,2,6,2020
18-06-2020,157.7,9,4,53.54,0,0,3,6,2020
19-06-2020,163.8,9,4,48.71,0,0,4,6,2020
20-06-2020,168.4,9,4,22.24,0,0,5,6,2020
21-06-2020,107.8,9,4,84.32,0,0,6,6,2020
22-06-2020,158.7,9,4,48,0,0,0,6,2020
23-06-2020,222.8,9,4,19.13,1,0,1,6,2020
24-06-2020,134.0,9,4,55.81,0,0,2,6,2020
25-06-2020,171.3,9,4,29.43,0,0,3,6,2020
26-06-2020,141.8,9,4,61.63,1,0,4,6,2020
27-06-2020,138.9,9,4,67.25,0,0,5,6,2020
28-06-2020,150.1,9,4,44.28,0,0,6,6,2020
29-06-2020,156.4,9,4,62.64,0,0,0,6,2020
30-06-2020,128.9,9,4,99.42,1,0,1,6,2020
01-07-2020,103.3,9,4,82.54,0,0,2,7,2020
02-07-2020,145.6,9,4,40.89,1,0,3,7,2020
03-07-2020,97.1,9,4,94.09,1,0,4,7,2020
04-07-2020,139.6,9,4,67.96,0,1,5,7,2020
05-07-2020,123.4,9,4,57.86,0,0,6,7,2020
06-07-2020,106.3,9,4,96.22,0,1,0,7,2020
07-07-2020,127.4,9,4,32.68,0,0,1,7,2020
08-07-2020,69.7,9,4,87.27,0,0,2,7,2020
09-07-2020,122.4,9,4,56.46,0,0,3,7,2020
10-07-2020,105.7,9,4,84.17,1,0,4,7,2020
11-07-2020,137.1,9,4,16.52,0,0,5,7,2020
12-07-2020,126.8,9,4,70.08,0,1,6,7,2020
13-07-2020,87.2,9,4,97.74,0,0,0,7,2020
