synthetic_sales_data.csv
date,sales,store_id,product_id,price,promotion,holiday,weekday,month,year
01-01-2020,242.2,9,5,46.17,1,0,2,1,2020
02-01-2020,156.3,9,5,78.99,0,0,3,1,2020
03-01-2020,226.0,9,5,59.01,1,0,4,1,2020
04-01-2020,169.1,9,5,64.68,0,0,5,1,2020
05-01-2020,162.2,9,5,83.02,0,0,6,1,2020
06-01-2020,187.3,9,5,79.43,0,1,0,1,2020
07-01-2020,203.0,9,5,37.48,0,0,1,1,2020
08-01-2020,158.6,9,5,84.32,0,0,2,1,2020
09-01-2020,156.2,9,5,98,1,0,3,1,2020
10-01-2020,237.7,9,5,48.78,1,0,4,1,2020
11-01-2020,226.9,9,5,39.72,1,0,5,1,2020
12-01-2020,297.3,9,5,14.36,1,0,6,1,2020
13-01-2020,180.8,9,5,60.02,0,0,0,1,2020
14-01-2020,222.5,9,5,19.56,0,0,1,1,2020
15-01-2020,157.0,9,5,73.07,0,0,2,1,2020
16-01-2020,126.9,9,5,95.84,0,0,3,1,2020
17-01-2020,254.5,9,5,12.6,0,0,4,1,2020
18-01-2020,237.8,9,5,45.77,1,0,5,1,2020
19-01-2020,161.5,9,5,92.17,1,0,6,1,2020
20-01-2020,160.8,9,5,78.24,0,0,0,1,2020
21-01-2020,246.3,9,5,43.03,1,0,1,1,2020
22-01-2020,261.7,9,5,25.22,1,0,2,1,2020
23-01-2020,129.8,9,5,99.88,0,0,3,1,2020
24-01-2020,248.8,9,5,10.55,0,0,4,1,2020
25-01-2020,198.8,9,5,73.49,1,0,5,1,2020
26-01-2020,197.9,9,5,45.74,0,0,6,1,2020
27-01-2020,212.0,9,5,55.62,1,0,0,1,2020
28-01-2020,230.6,9,5,33.93,0,0,1,1,2020
29-01-2020,143.8,9,5,91.86,0,0,2,1,2020
30-01-2020,215.7,9,5,36.13,0,0,3,1,2020
31-01-2020,280.6,9,5,58.71,1,1,4,1,2020
01-02-2020,186.2,9,5,79.5,0,0,5,2,2020
02-02-2020,250.5,9,5,27.09,0,0,6,2,2020
03-02-2020,175.8,9,5,73.67,0,0,0,2,2020
04-02-2020,259.7,9,5,14.64,0,0,1,2,2020
05-02-2020,186.0,9,5,78.2,0,0,2,2,2020
06-02-2020,238.0,9,5,60.22,1,0,3,2,2020
07-02-2020,211.5,9,5,46.49,0,0,4,2,2020
08-02-2020,177.5,9,5,76.21,0,0,5,2,2020
09-02-2020,243.4,9,5,49.23,1,0,6,2,2020
10-02-2020,233.1,9,5,27.99,0,0,0,2,2020
11-02-2020,144.3,9,5,89.99,0,0,1,2,2020
12-02-2020,234.8,9,5,80.37,0,1,2,2,2020
13-02-2020,326.6,9,5,14.65,1,0,3,2,2020
14-02-2020,268.8,9,5,56.29,0,1,4,2,2020
15-02-2020,157.6,9,5,99.19,1,0,5,2,2020
16-02-2020,252.4,9,5,67.73,1,0,6,2,2020
17-02-2020,190.3,9,5,56.9,0,0,0,2,2020
18-02-2020,164.9,9,5,82.43,0,0,1,2,2020
19-02-2020,216.3,9,5,51.36,0,0,2,2,2020
20-02-2020,151.3,9,5,98.48,0,0,3,2,2020
21-02-2020,239.3,9,5,24.15,0,0,4,2,2020
22-02-2020,172.7,9,5,86.32,0,0,5,2,2020
23-02-2020,178.9,9,5,78.15,0,0,6,2,2020
24-02-2020,202.8,9,5,64.02,0,0,0,2,2020
25-02-2020,157.3,9,5,92.41,0,0,1,2,2020
26-02-2020,216.7,9,5,42.33,0,0,2,2,2020
27-02-2020,219.5,9,5,66.16,1,0,3,2,2020
28-02-2020,177.5,9,5,84.44,0,0,4,2,2020
29-02-2020,219.1,9,5,49.45,0,0,5,2,2020
01-03-2020,224.8,9,5,78.67,1,0,6,3,2020
02-03-2020,272.8,9,5,17.87,0,0,0,3,2020
03-03-2020,206.9,9,5,82.13,1,0,1,3,2020
04-03-2020,231.8,9,5,38.28,0,0,2,3,2020
05-03-2020,229.1,9,5,34.01,0,0,3,3,2020
06-03-2020,190.6,9,5,70.79,0,0,4,3,2020
07-03-2020,324.0,9,5,21.24,1,0,5,3,2020
08-03-2020,265.5,9,5,18.02,0,0,6,3,2020
09-03-2020,194.3,9,5,77.04,0,0,0,3,2020
10-03-2020,248.0,9,5,63.93,1,0,1,3,2020
11-03-2020,195.3,9,5,68.16,0,0,2,3,2020
12-03-2020,198.6,9,5,77.58,0,0,3,3,2020
13-03-2020,267.3,9,5,22.96,0,0,4,3,2020
14-03-2020,278.1,9,5,62.41,0,1,5,3,2020
15-03-2020,246.1,9,5,39.29,0,0,6,3,2020
16-03-2020,253.8,9,5,20.51,0,0,0,3,2020
17-03-2020,241.1,9,5,40.75,0,0,1,3,2020
18-03-2020,250.9,9,5,28.23,0,0,2,3,2020
19-03-2020,171.9,9,5,79.85,0,0,3,3,2020
20-03-2020,259.9,9,5,51.96,1,0,4,3,2020
21-03-2020,222.0,9,5,55.24,0,0,5,3,2020
22-03-2020,230.9,9,5,38.81,0,0,6,3,2020
23-03-2020,338.7,9,5,15.1,1,0,0,3,2020
24-03-2020,244.9,9,5,32.16,0,0,1,3,2020
25-03-2020,256.8,9,5,31.1,0,0,2,3,2020
26-03-2020,146.9,9,5,97.7,0,0,3,3,2020
27-03-2020,177.7,9,5,86.06,0,0,4,3,2020
28-03-2020,330.8,9,5,11.77,1,0,5,3,2020
29-03-2020,272.9,9,5,14.16,0,0,6,3,2020
30-03-2020,182.7,9,5,76.18,0,0,0,3,2020
31-03-2020,169.1,9,5,91.15,0,0,1,3,2020
01-04-2020,240.2,9,5,39.61,0,0,2,4,2020
02-04-2020,264.1,9,5,11.04,0,0,3,4,2020
03-04-2020,321.7,9,5,12.08,1,0,4,4,2020
04-04-2020,166.4,9,5,76.28,0,0,5,4,2020
05-04-2020,240.1,9,5,37.65,0,0,6,4,2020
06-04-2020,156.4,9,5,97.25,0,0,0,4,2020
07-04-2020,171.5,9,5,64.01,0,0,1,4,2020
08-04-2020,270.0,9,5,19.88,0,0,2,4,2020
09-04-2020,390.4,9,5,27.57,1,1,3,4,2020
10-04-2020,267.8,9,5,13.21,0,0,4,4,2020
11-04-2020,318.2,9,5,17.5,1,0,5,4,2020
12-04-2020,241.0,9,5,94.94,1,1,6,4,2020
13-04-2020,213.3,9,5,66.77,1,0,0,4,2020
14-04-2020,213.9,9,5,47.68,0,0,1,4,2020
15-04-2020,275.7,9,5,47.51,1,0,2,4,2020
16-04-2020,198.0,9,5,83.92,1,0,3,4,2020
17-04-2020,216.7,9,5,83.41,1,0,4,4,2020
18-04-2020,137.5,9,5,98.61,0,0,5,4,2020
19-04-2020,200.6,9,5,68.48,0,0,6,4,2020
20-04-2020,151.4,9,5,92.03,0,0,0,4,2020
21-04-2020,219.1,9,5,90.15,0,1,1,4,2020
22-04-2020,280.8,9,5,15.59,0,0,2,4,2020
23-04-2020,223.9,9,5,38.9,0,0,3,4,2020
24-04-2020,183.1,9,5,67.26,0,0,4,4,2020
25-04-2020,282.1,9,5,44.58,0,1,5,4,2020
26-04-2020,185.7,9,5,81.51,0,0,6,4,2020
27-04-2020,215.1,9,5,47.18,0,0,0,4,2020
28-04-2020,199.8,9,5,64.2,0,0,1,4,2020
29-04-2020,183.2,9,5,94.05,1,0,2,4,2020
30-04-2020,295.4,9,5,17.8,1,0,3,4,2020
01-05-2020,218.4,9,5,24.15,0,0,4,5,2020
02-05-2020,224.3,9,5,27.15,0,0,5,5,2020
03-05-2020,216.6,9,5,28.76,0,0,6,5,2020
04-05-2020,145.7,9,5,91.57,1,0,0,5,2020
05-05-2020,196.0,9,5,31.92,0,0,1,5,2020
06-05-2020,161.4,9,5,75.29,1,0,2,5,2020
07-05-2020,132.5,9,5,91.85,0,0,3,5,2020
08-05-2020,237.5,9,5,21.82,0,0,4,5,2020
09-05-2020,163.6,9,5,75.55,0,0,5,5,2020
10-05-2020,225.7,9,5,47.65,1,0,6,5,2020
11-05-2020,233.3,9,5,10.57,0,0,0,5,2020
12-05-2020,211.3,9,5,36.64,0,0,1,5,2020
13-05-2020,213.5,9,5,65.95,1,0,2,5,2020
14-05-2020,215.4,9,5,78.96,0,1,3,5,2020
15-05-2020,304.6,9,5,48.13,1,1,4,5,2020
16-05-2020,198.0,9,5,31.98,0,0,5,5,2020
17-05-2020,261.3,9,5,25.23,1,0,6,5,2020
18-05-2020,227.2,9,5,20.33,0,0,0,5,2020
19-05-2020,252.8,9,5,33.32,1,0,1,5,2020
20-05-2020,229.1,9,5,42.36,1,0,2,5,2020
21-05-2020,133.7,9,5,94.61,0,0,3,5,2020
22-05-2020,145.5,9,5,85,0,0,4,5,2020
23-05-2020,202.9,9,5,82.24,0,1,5,5,2020
24-05-2020,171.5,9,5,40.86,0,0,6,5,2020
25-05-2020,225.1,9,5,17.48,0,0,0,5,2020
26-05-2020,148.8,9,5,65.45,0,0,1,5,2020
27-05-2020,230.9,9,5,40.22,1,0,2,5,2020
28-05-2020,176.8,9,5,51.92,0,0,3,5,2020
29-05-2020,208.1,9,5,32.64,0,0,4,5,2020
30-05-2020,176.3,9,5,76.66,1,0,5,5,2020
31-05-2020,291.8,9,5,56.96,1,1,6,5,2020
01-06-2020,112.1,9,5,88.92,0,0,0,6,2020
02-06-2020,161.0,9,5,45.26,0,0,1,6,2020
03-06-2020,165.9,9,5,72.02,1,0,2,6,2020
04-06-2020,212.6,9,5,26.56,1,0,3,6,2020
05-06-2020,152.2,9,5,64.99,0,0,4,6,2020
06-06-2020,122.9,9,5,73.33,0,0,5,6,2020
07-06-2020,205.4,9,5,32.56,1,0,6,6,2020
08-06-2020,159.7,9,5,55.81,0,0,0,6,2020
09-06-2020,181.6,9,5,10.32,0,0,1,6,2020
10-06-2020,195.8,9,5,16.45,0,0,2,6,2020
11-06-2020,154.9,9,5,18.18,0,0,3,6,2020
12-06-2020,203.2,9,5,17.44,1,0,4,6,2020
13-06-2020,113.6,9,5,95.46,0,0,5,6,2020
14-06-2020,143.5,9,5,37.95,0,0,6,6,2020
15-06-2020,104.5,9,5,77.83,0,0,0,6,2020
16-06-2020,163.4,9,5,72.06,1,0,1,6,2020
17-06-2020,153.2,9,5,80.51,1,0,2,6,2020
18-06-2020,292.7,9,5,11.83,1,1,3,6,2020
19-06-2020,144.0,9,5,95.51,1,0,4,6,2020
20-06-2020,186.5,9,5,13.53,0,0,5,6,2020
21-06-2020,157.7,9,5,40.94,0,0,6,6,2020
22-06-2020,216.9,9,5,47.65,0,1,0,6,2020
23-06-2020,137.0,9,5,43.9,0,0,1,6,2020
24-06-2020,154.5,9,5,36.76,0,0,2,6,2020
25-06-2020,151.5,9,5,46.07,0,0,3,6,2020
26-06-2020,174.1,9,5,64.74,0,1,4,6,2020
27-06-2020,184.8,9,5,25.44,0,0,5,6,2020
28-06-2020,168.4,9,5,56.04,1,0,6,6,2020
29-06-2020,208.6,9,5,18.42,1,0,0,6,2020
30-06-2020,195.3,9,5,16.1,0,0,1,6,2020
01-07-2020,112.5,9,5,50.37,0,0,2,7,2020
02-07-2020,128.0,9,5,48.43,1,0,3,7,2020
03-07-2020,156.8,9,5,28.45,1,0,4,7,2020
04-07-2020,125.5,9,5,25.89,0,0,5,7,2020
05-07-2020,125.2,9,5,17.96,0,0,6,7,2020
06-07-2020,112.6,9,5,62.94,1,0,0,7,2020
07-07-2020,91.1,9,5,76.37,0,0,1,7,2020
08-07-2020,105.6,9,5,57.52,0,0,2,7,2020
09-07-2020,135.5,9,5,29.56,0,0,3,7,2020
10-07-2020,88.4,9,5,79.23,0,0,4,7,2020
11-07-2020,129.3,9,5,62.82,0,1,5,7,2020
12-07-2020,82.5,9,5,84.19,0,0,6,7,2020
13-07-2020,101.9,9,5,81.47,0,0,0,7,2020
01-01-2020,214.3,10,1,34.61,0,0,2,1,2020
02-01-2020,135.5,10,1,98.54,0,0,3,1,2020
03-01-2020,191.8,10,1,54.22,0,0,4,1,2020
04-01-2020,147.7,10,1,93.65,0,0,5,1,2020
05-01-2020,341.1,10,1,22.48,1,1,6,1,2020
06-01-2020,164.7,10,1,73.85,0,0,0,1,2020
07-01-2020,238.2,10,1,18.93,0,0,1,1,2020
08-01-2020,179.7,10,1,95.12,0,1,2,1,2020
09-01-2020,190.1,10,1,51.26,0,0,3,1,2020
10-01-2020,158.6,10,1,98.34,1,0,4,1,2020
11-01-2020,179.6,10,1,48.54,0,0,5,1,2020
12-01-2020,223.7,10,1,33.39,0,0,6,1,2020
13-01-2020,208.3,10,1,35.99,0,0,0,1,2020
14-01-2020,238.5,10,1,35.97,1,0,1,1,2020
15-01-2020,297.7,10,1,13.88,0,1,2,1,2020
16-01-2020,222.5,10,1,52.69,1,0,3,1,2020
17-01-2020,210.1,10,1,31.98,0,0,4,1,2020
18-01-2020,137.0,10,1,78.36,0,0,5,1,2020
19-01-2020,177.4,10,1,56.65,0,0,6,1,2020
20-01-2020,129.4,10,1,94.61,0,0,0,1,2020
21-01-2020,150.8,10,1,68.89,0,0,1,1,2020
22-01-2020,161.5,10,1,82.95,1,0,2,1,2020
23-01-2020,188.1,10,1,84.76,1,0,3,1,2020
24-01-2020,223.8,10,1,22.06,0,0,4,1,2020
25-01-2020,146.9,10,1,86.11,0,0,5,1,2020
26-01-2020,207.6,10,1,83.33,0,1,6,1,2020
27-01-2020,133.5,10,1,91.49,0,0,0,1,2020
28-01-2020,170.8,10,1,51.52,0,0,1,1,2020
29-01-2020,160.6,10,1,64.87,0,0,2,1,2020
30-01-2020,137.4,10,1,86.38,0,0,3,1,2020
31-01-2020,244.3,10,1,16.11,0,0,4,1,2020
01-02-2020,190.6,10,1,94.29,1,0,5,2,2020
02-02-2020,160.2,10,1,88.28,0,0,6,2,2020
03-02-2020,165.2,10,1,84.97,0,0,0,2,2020
04-02-2020,262.3,10,1,13.76,0,0,1,2,2020
05-02-2020,134.8,10,1,86.15,0,0,2,2,2020
06-02-2020,319.4,10,1,11.88,1,0,3,2,2020
07-02-2020,256.3,10,1,24.44,0,0,4,2,2020
08-02-2020,232.2,10,1,36.31,0,0,5,2,2020
09-02-2020,247.3,10,1,56.47,1,0,6,2,2020
10-02-2020,162.1,10,1,91.91,0,0,0,2,2020
11-02-2020,241.0,10,1,16.61,0,0,1,2,2020
12-02-2020,249.6,10,1,15.21,0,0,2,2,2020
13-02-2020,156.7,10,1,86.72,0,0,3,2,2020
14-02-2020,286.0,10,1,44.74,0,1,4,2,2020
15-02-2020,265.1,10,1,52.13,1,0,5,2,2020
16-02-2020,205.2,10,1,88.39,0,1,6,2,2020
17-02-2020,232.2,10,1,39.73,0,0,0,2,2020
18-02-2020,179.7,10,1,79.78,0,0,1,2,2020
19-02-2020,207.0,10,1,49.85,0,0,2,2,2020
20-02-2020,167.2,10,1,86.53,0,0,3,2,2020
21-02-2020,265.2,10,1,54.72,1,0,4,2,2020
22-02-2020,164.7,10,1,77.17,0,0,5,2,2020
23-02-2020,262.6,10,1,11.72,0,0,6,2,2020
24-02-2020,161.0,10,1,83.78,0,0,0,2,2020
25-02-2020,241.2,10,1,29.18,0,0,1,2,2020
26-02-2020,241.3,10,1,40.29,0,0,2,2,2020
27-02-2020,155.2,10,1,98.85,0,0,3,2,2020
28-02-2020,257.0,10,1,54.43,1,0,4,2,2020
29-02-2020,274.5,10,1,32.61,1,0,5,2,2020
01-03-2020,194.4,10,1,68.61,0,0,6,3,2020
02-03-2020,185.6,10,1,90.67,0,0,0,3,2020
03-03-2020,227.3,10,1,53.66,0,0,1,3,2020
04-03-2020,198.0,10,1,91.9,1,0,2,3,2020
05-03-2020,286.8,10,1,11.03,0,0,3,3,2020
06-03-2020,154.9,10,1,96.54,0,0,4,3,2020
07-03-2020,252.0,10,1,59.08,1,0,5,3,2020
08-03-2020,219.8,10,1,86.33,1,0,6,3,2020
09-03-2020,150.0,10,1,97.43,0,0,0,3,2020
10-03-2020,223.2,10,1,58.83,0,0,1,3,2020
11-03-2020,218.0,10,1,76.21,1,0,2,3,2020
12-03-2020,202.7,10,1,94.51,1,0,3,3,2020
13-03-2020,324.1,10,1,37.4,0,1,4,3,2020
14-03-2020,196.6,10,1,67.26,0,0,5,3,2020
15-03-2020,334.2,10,1,14.2,1,0,6,3,2020
16-03-2020,282.3,10,1,44.29,1,0,0,3,2020
17-03-2020,294.0,10,1,42.02,1,0,1,3,2020
18-03-2020,194.1,10,1,63.28,0,0,2,3,2020
19-03-2020,195.6,10,1,67.83,0,0,3,3,2020
20-03-2020,300.0,10,1,50.86,0,1,4,3,2020
21-03-2020,270.1,10,1,21.27,0,0,5,3,2020
22-03-2020,214.0,10,1,76.04,0,0,6,3,2020
23-03-2020,239.5,10,1,35.65,0,0,0,3,2020
24-03-2020,347.3,10,1,48.66,1,1,1,3,2020
25-03-2020,209.3,10,1,61.36,0,0,2,3,2020
26-03-2020,200.6,10,1,67.59,0,0,3,3,2020
27-03-2020,218.7,10,1,81.69,1,0,4,3,2020
28-03-2020,298.3,10,1,31.73,1,0,5,3,2020
29-03-2020,271.5,10,1,13.3,0,0,6,3,2020
30-03-2020,209.9,10,1,53.59,0,0,0,3,2020
31-03-2020,239.4,10,1,29.26,0,0,1,3,2020
01-04-2020,136.0,10,1,95.92,0,0,2,4,2020
02-04-2020,395.0,10,1,17.16,1,1,3,4,2020
03-04-2020,211.8,10,1,59.95,0,0,4,4,2020
04-04-2020,289.1,10,1,32.47,1,0,5,4,2020
05-04-2020,310.7,10,1,23.21,1,0,6,4,2020
06-04-2020,259.3,10,1,24.24,0,0,0,4,2020
07-04-2020,261.9,10,1,20.2,0,0,1,4,2020
08-04-2020,274.6,10,1,51.11,0,1,2,4,2020
09-04-2020,226.1,10,1,93.78,1,1,3,4,2020
10-04-2020,267.9,10,1,47.25,1,0,4,4,2020
11-04-2020,274.9,10,1,40.13,1,0,5,4,2020
12-04-2020,247.0,10,1,55.91,1,0,6,4,2020
13-04-2020,281.2,10,1,37.66,1,0,0,4,2020
14-04-2020,156.7,10,1,84.58,0,0,1,4,2020
15-04-2020,198.2,10,1,60.11,0,0,2,4,2020
16-04-2020,183.0,10,1,67.89,0,0,3,4,2020
17-04-2020,222.2,10,1,59.42,1,0,4,4,2020
18-04-2020,235.7,10,1,28.8,0,0,5,4,2020
19-04-2020,211.5,10,1,65.67,0,0,6,4,2020
20-04-2020,200.4,10,1,55.28,0,0,0,4,2020
21-04-2020,251.2,10,1,26.4,0,0,1,4,2020
22-04-2020,259.6,10,1,24.88,0,0,2,4,2020
23-04-2020,307.2,10,1,24.7,1,0,3,4,2020
24-04-2020,233.1,10,1,42.1,0,0,4,4,2020
25-04-2020,164.7,10,1,84.58,0,0,5,4,2020
26-04-2020,268.5,10,1,12.93,0,0,6,4,2020
27-04-2020,210.3,10,1,72.06,1,0,0,4,2020
28-04-2020,232.1,10,1,36.08,0,0,1,4,2020
29-04-2020,261.7,10,1,28.95,0,0,2,4,2020
30-04-2020,172.7,10,1,70.88,0,0,3,4,2020
01-05-2020,181.8,10,1,47.86,0,0,4,5,2020
02-05-2020,182.5,10,1,83.32,1,0,5,5,2020
03-05-2020,251.3,10,1,32.62,1,0,6,5,2020
04-05-2020,196.7,10,1,56.82,1,0,0,5,2020
05-05-2020,144.6,10,1,96.6,1,0,1,5,2020
06-05-2020,180.1,10,1,44.54,0,0,2,5,2020
07-05-2020,152.9,10,1,79.69,0,0,3,5,2020
08-05-2020,240.6,10,1,22.03,0,0,4,5,2020
09-05-2020,162.3,10,1,96.11,1,0,5,5,2020
10-05-2020,141.6,10,1,88.9,0,0,6,5,2020
11-05-2020,264.5,10,1,30.53,1,0,0,5,2020
12-05-2020,190.4,10,1,74.76,1,0,1,5,2020
13-05-2020,201.7,10,1,45.45,0,0,2,5,2020
14-05-2020,133.1,10,1,80.99,0,0,3,5,2020
15-05-2020,159.8,10,1,65.26,0,0,4,5,2020
16-05-2020,192.5,10,1,76.65,1,0,5,5,2020
17-05-2020,223.4,10,1,26.75,0,0,6,5,2020
18-05-2020,339.6,10,1,18.21,1,1,0,5,2020
19-05-2020,312.2,10,1,36.9,1,1,1,5,2020
20-05-2020,178.2,10,1,50.33,0,0,2,5,2020
21-05-2020,253.5,10,1,26.36,1,0,3,5,2020
22-05-2020,233.4,10,1,46.06,1,0,4,5,2020
23-05-2020,216.0,10,1,55.45,1,0,5,5,2020
24-05-2020,165.5,10,1,70.68,0,0,6,5,2020
25-05-2020,247.5,10,1,43.3,1,0,0,5,2020
26-05-2020,221.0,10,1,14.12,0,0,1,5,2020
27-05-2020,286.7,10,1,10.02,1,0,2,5,2020
28-05-2020,195.6,10,1,46.06,0,0,3,5,2020
29-05-2020,236.5,10,1,12.11,0,0,4,5,2020
30-05-2020,205.5,10,1,37.83,0,0,5,5,2020
31-05-2020,243.0,10,1,10.17,0,0,6,5,2020
01-06-2020,169.0,10,1,23.85,0,0,0,6,2020
02-06-2020,158.7,10,1,40.76,0,0,1,6,2020
03-06-2020,135.9,10,1,51.7,0,0,2,6,2020
04-06-2020,124.4,10,1,91.94,1,0,3,6,2020
05-06-2020,121.9,10,1,96.17,1,0,4,6,2020
06-06-2020,151.6,10,1,64.11,1,0,5,6,2020
07-06-2020,181.9,10,1,20.73,0,0,6,6,2020
08-06-2020,168.9,10,1,96.64,1,1,0,6,2020
09-06-2020,131.8,10,1,64.86,0,0,1,6,2020
10-06-2020,216.6,10,1,54.82,1,1,2,6,2020
11-06-2020,130.2,10,1,89.19,1,0,3,6,2020
12-06-2020,166.7,10,1,78.92,1,0,4,6,2020
13-06-2020,134.3,10,1,79.54,1,0,5,6,2020
14-06-2020,133.6,10,1,84.14,1,0,6,6,2020
15-06-2020,145.2,10,1,64.87,0,0,0,6,2020
16-06-2020,134.3,10,1,52.44,0,0,1,6,2020
17-06-2020,211.1,10,1,12.29,1,0,2,6,2020
18-06-2020,208.9,10,1,25.7,1,0,3,6,2020
19-06-2020,176.7,10,1,59.08,1,0,4,6,2020
20-06-2020,146.1,10,1,83.49,1,0,5,6,2020
21-06-2020,194.1,10,1,39,1,0,6,6,2020
22-06-2020,163.0,10,1,18.67,0,0,0,6,2020
23-06-2020,192.4,10,1,18.13,0,0,1,6,2020
24-06-2020,191.6,10,1,22.14,0,0,2,6,2020
25-06-2020,173.8,10,1,58.83,1,0,3,6,2020
26-06-2020,158.7,10,1,38.98,0,0,4,6,2020
27-06-2020,176.2,10,1,12.6,0,0,5,6,2020
28-06-2020,149.1,10,1,52.09,0,0,6,6,2020
29-06-2020,98.1,10,1,88.63,0,0,0,6,2020
30-06-2020,157.7,10,1,76.15,0,1,1,6,2020
01-07-2020,92.6,10,1,75.15,0,0,2,7,2020
02-07-2020,139.1,10,1,13.64,0,0,3,7,2020
03-07-2020,139.6,10,1,53.63,1,0,4,7,2020
04-07-2020,161.6,10,1,26.85,1,0,5,7,2020
05-07-2020,165.3,10,1,20.51,1,0,6,7,2020
06-07-2020,115.4,10,1,24.93,0,0,0,7,2020
07-07-2020,150.2,10,1,20.28,0,0,1,7,2020
08-07-2020,123.4,10,1,69.2,0,1,2,7,2020
09-07-2020,105.2,10,1,71.85,0,0,3,7,2020
10-07-2020,141.6,10,1,47.77,1,0,4,7,2020
11-07-2020,114.5,10,1,71.28,1,0,5,7,2020
12-07-2020,119.4,10,1,97.94,1,1,6,7,2020
13-07-2020,143.4,10,1,25.87,0,0,0,7,2020
