synthetic_sales_data.csv
date,sales,store_id,product_id,price,promotion,holiday,weekday,month,year
01-01-2020,189.5,10,2,53.08,0,0,2,1,2020
02-01-2020,255.1,10,2,10.03,0,0,3,1,2020
03-01-2020,235.4,10,2,68.6,0,1,4,1,2020
04-01-2020,172.3,10,2,53.88,0,0,5,1,2020
05-01-2020,206.4,10,2,35.33,0,0,6,1,2020
06-01-2020,260.4,10,2,12.19,0,0,0,1,2020
07-01-2020,176.4,10,2,86.93,1,0,1,1,2020
08-01-2020,139.2,10,2,94.23,0,0,2,1,2020
09-01-2020,181.0,10,2,87.28,1,0,3,1,2020
10-01-2020,230.6,10,2,25.23,0,0,4,1,2020
11-01-2020,180.9,10,2,64.76,0,0,5,1,2020
12-01-2020,233.3,10,2,14.52,0,0,6,1,2020
13-01-2020,201.2,10,2,40.41,0,0,0,1,2020
14-01-2020,226.6,10,2,17.45,0,0,1,1,2020
15-01-2020,165.5,10,2,58.98,0,0,2,1,2020
16-01-2020,221.0,10,2,17.92,0,0,3,1,2020
17-01-2020,186.9,10,2,60.68,1,0,4,1,2020
18-01-2020,217.1,10,2,68.59,1,0,5,1,2020
19-01-2020,234.1,10,2,41.04,1,0,6,1,2020
20-01-2020,152.3,10,2,99.11,0,0,0,1,2020
21-01-2020,266.7,10,2,24.78,1,0,1,1,2020
22-01-2020,164.2,10,2,76.24,0,0,2,1,2020
23-01-2020,158.7,10,2,87.88,1,0,3,1,2020
24-01-2020,205.4,10,2,62.68,1,0,4,1,2020
25-01-2020,181.4,10,2,60.8,0,0,5,1,2020
26-01-2020,174.9,10,2,51.87,0,0,6,1,2020
27-01-2020,178.6,10,2,51.35,0,0,0,1,2020
28-01-2020,264.5,10,2,59.36,1,1,1,1,2020
29-01-2020,312.9,10,2,12.34,0,1,2,1,2020
30-01-2020,231.4,10,2,54.4,1,0,3,1,2020
31-01-2020,233.8,10,2,38.19,0,0,4,1,2020
01-02-2020,257.7,10,2,48.98,1,0,5,2,2020
02-02-2020,270.0,10,2,33.89,1,0,6,2,2020
03-02-2020,242.4,10,2,23.19,0,0,0,2,2020
04-02-2020,153.9,10,2,97.89,1,0,1,2,2020
05-02-2020,214.2,10,2,70.25,1,0,2,2,2020
06-02-2020,169.4,10,2,92.79,1,0,3,2,2020
07-02-2020,233.5,10,2,31.7,0,0,4,2,2020
08-02-2020,359.2,10,2,29.89,1,1,5,2,2020
09-02-2020,209.7,10,2,74.01,1,0,6,2,2020
10-02-2020,160.5,10,2,85.16,0,0,0,2,2020
11-02-2020,189.1,10,2,99.06,0,1,1,2,2020
12-02-2020,266.7,10,2,37.69,1,0,2,2,2020
13-02-2020,255.7,10,2,17.33,0,0,3,2,2020
14-02-2020,166.1,10,2,97.29,0,0,4,2,2020
15-02-2020,243.2,10,2,58.16,1,0,5,2,2020
16-02-2020,174.5,10,2,85.7,0,0,6,2,2020
17-02-2020,204.5,10,2,76.57,1,0,0,2,2020
18-02-2020,254.1,10,2,29.02,0,0,1,2,2020
19-02-2020,320.8,10,2,25.85,0,1,2,2,2020
20-02-2020,188.2,10,2,63.91,0,0,3,2,2020
21-02-2020,320.8,10,2,60.23,1,1,4,2,2020
22-02-2020,245.4,10,2,34.95,0,0,5,2,2020
23-02-2020,250.7,10,2,24.58,0,0,6,2,2020
24-02-2020,191.2,10,2,73.34,0,0,0,2,2020
25-02-2020,158.3,10,2,95.94,1,0,1,2,2020
26-02-2020,233.4,10,2,41.58,0,0,2,2,2020
27-02-2020,212.9,10,2,72.6,1,0,3,2,2020
28-02-2020,196.0,10,2,55.98,0,0,4,2,2020
29-02-2020,374.3,10,2,31.46,1,1,5,2,2020
01-03-2020,311.2,10,2,38.99,0,1,6,3,2020
02-03-2020,261.3,10,2,50.52,1,0,0,3,2020
03-03-2020,274.3,10,2,20.04,0,0,1,3,2020
04-03-2020,231.5,10,2,42.32,0,0,2,3,2020
05-03-2020,307.9,10,2,32.17,1,0,3,3,2020
06-03-2020,281.8,10,2,14.9,0,0,4,3,2020
07-03-2020,253.6,10,2,20.96,0,0,5,3,2020
08-03-2020,241.3,10,2,38.46,0,0,6,3,2020
09-03-2020,308.0,10,2,69.83,1,1,0,3,2020
10-03-2020,224.4,10,2,48.99,0,0,1,3,2020
11-03-2020,264.9,10,2,69.26,0,1,2,3,2020
12-03-2020,245.5,10,2,33.53,0,0,3,3,2020
13-03-2020,249.1,10,2,96.29,1,1,4,3,2020
14-03-2020,290.3,10,2,18.81,0,0,5,3,2020
15-03-2020,230.0,10,2,87.79,0,1,6,3,2020
16-03-2020,247.7,10,2,40.34,0,0,0,3,2020
17-03-2020,341.5,10,2,31.61,0,1,1,3,2020
18-03-2020,256.2,10,2,32.37,0,0,2,3,2020
19-03-2020,199.5,10,2,87.31,1,0,3,3,2020
20-03-2020,289.6,10,2,14.49,0,0,4,3,2020
21-03-2020,268.7,10,2,83.71,1,1,5,3,2020
22-03-2020,252.4,10,2,57.07,1,0,6,3,2020
23-03-2020,178.1,10,2,89.1,0,0,0,3,2020
24-03-2020,180.3,10,2,96.79,1,0,1,3,2020
25-03-2020,245.1,10,2,38.52,0,0,2,3,2020
26-03-2020,218.9,10,2,46.2,0,0,3,3,2020
27-03-2020,198.9,10,2,71.7,0,0,4,3,2020
28-03-2020,318.4,10,2,15.2,1,0,5,3,2020
29-03-2020,178.7,10,2,93.63,0,0,6,3,2020
30-03-2020,289.8,10,2,51.97,1,0,0,3,2020
31-03-2020,326.8,10,2,13.75,1,0,1,3,2020
01-04-2020,233.7,10,2,81.19,0,1,2,4,2020
02-04-2020,159.3,10,2,91.3,0,0,3,4,2020
03-04-2020,178.9,10,2,74.16,0,0,4,4,2020
04-04-2020,210.4,10,2,54.94,0,0,5,4,2020
05-04-2020,267.0,10,2,59.54,0,1,6,4,2020
06-04-2020,217.6,10,2,42.85,0,0,0,4,2020
07-04-2020,332.0,10,2,22.98,0,1,1,4,2020
08-04-2020,194.6,10,2,65.25,0,0,2,4,2020
09-04-2020,193.5,10,2,89.29,0,1,3,4,2020
10-04-2020,186.9,10,2,58.35,0,0,4,4,2020
11-04-2020,278.3,10,2,10.05,0,0,5,4,2020
12-04-2020,240.9,10,2,30.21,0,0,6,4,2020
13-04-2020,264.9,10,2,17.77,0,0,0,4,2020
14-04-2020,202.0,10,2,74.48,1,0,1,4,2020
15-04-2020,164.7,10,2,86.22,0,0,2,4,2020
16-04-2020,258.0,10,2,36.06,0,0,3,4,2020
17-04-2020,145.4,10,2,78.22,0,0,4,4,2020
18-04-2020,143.2,10,2,99.52,0,0,5,4,2020
19-04-2020,172.4,10,2,68.47,0,0,6,4,2020
20-04-2020,200.7,10,2,60.16,0,0,0,4,2020
21-04-2020,149.4,10,2,93.81,0,0,1,4,2020
22-04-2020,137.9,10,2,97.11,0,0,2,4,2020
23-04-2020,206.3,10,2,77.32,1,0,3,4,2020
24-04-2020,156.4,10,2,77.86,0,0,4,4,2020
25-04-2020,200.9,10,2,59.55,0,0,5,4,2020
26-04-2020,178.7,10,2,99.95,1,0,6,4,2020
27-04-2020,245.7,10,2,26.61,0,0,0,4,2020
28-04-2020,164.4,10,2,86.39,1,0,1,4,2020
29-04-2020,318.7,10,2,64.32,1,1,2,4,2020
30-04-2020,249.1,10,2,56.87,1,0,3,4,2020
01-05-2020,204.9,10,2,57.05,1,0,4,5,2020
02-05-2020,184.8,10,2,66.17,0,0,5,5,2020
03-05-2020,148.3,10,2,97.77,1,0,6,5,2020
04-05-2020,278.1,10,2,19.47,1,0,0,5,2020
05-05-2020,214.5,10,2,29.59,0,0,1,5,2020
06-05-2020,203.0,10,2,30.96,0,0,2,5,2020
07-05-2020,281.0,10,2,59.09,1,1,3,5,2020
08-05-2020,170.5,10,2,60.47,0,0,4,5,2020
09-05-2020,117.7,10,2,99.14,0,0,5,5,2020
10-05-2020,170.9,10,2,97.64,1,0,6,5,2020
11-05-2020,239.1,10,2,11.28,0,0,0,5,2020
12-05-2020,355.5,10,2,20.21,1,1,1,5,2020
13-05-2020,136.5,10,2,79.1,0,0,2,5,2020
14-05-2020,115.3,10,2,99.94,0,0,3,5,2020
15-05-2020,167.8,10,2,62.96,0,0,4,5,2020
16-05-2020,156.6,10,2,64.71,0,0,5,5,2020
17-05-2020,181.1,10,2,55.17,0,0,6,5,2020
18-05-2020,129.7,10,2,89.71,0,0,0,5,2020
19-05-2020,211.3,10,2,39.77,0,0,1,5,2020
20-05-2020,185.2,10,2,54.75,0,0,2,5,2020
21-05-2020,168.5,10,2,59.58,0,0,3,5,2020
22-05-2020,157.3,10,2,80.22,0,0,4,5,2020
23-05-2020,197.6,10,2,29.4,0,0,5,5,2020
24-05-2020,249.7,10,2,22.37,1,0,6,5,2020
25-05-2020,207.4,10,2,53.88,1,0,0,5,2020
26-05-2020,152.5,10,2,77.6,0,0,1,5,2020
27-05-2020,360.8,10,2,10.57,1,1,2,5,2020
28-05-2020,165.2,10,2,65.53,0,0,3,5,2020
29-05-2020,345.3,10,2,25.29,1,1,4,5,2020
30-05-2020,164.7,10,2,58.11,0,0,5,5,2020
31-05-2020,210.3,10,2,32.78,0,0,6,5,2020
01-06-2020,167.5,10,2,32.8,0,0,0,6,2020
02-06-2020,112.1,10,2,98.31,0,0,1,6,2020
03-06-2020,113.7,10,2,99.49,1,0,2,6,2020
04-06-2020,116.0,10,2,90.34,0,0,3,6,2020
05-06-2020,155.3,10,2,40.8,0,0,4,6,2020
06-06-2020,226.7,10,2,23.08,1,0,5,6,2020
07-06-2020,213.1,10,2,18.21,1,0,6,6,2020
08-06-2020,107.4,10,2,91.16,0,0,0,6,2020
09-06-2020,188.7,10,2,74.55,1,1,1,6,2020
10-06-2020,89.6,10,2,96.95,0,0,2,6,2020
11-06-2020,214.3,10,2,12.43,1,0,3,6,2020
12-06-2020,182.1,10,2,13.57,0,0,4,6,2020
13-06-2020,186.4,10,2,16.11,0,0,5,6,2020
14-06-2020,172.0,10,2,31.86,0,0,6,6,2020
15-06-2020,213.1,10,2,13.44,1,0,0,6,2020
16-06-2020,161.0,10,2,43.36,0,0,1,6,2020
17-06-2020,100.6,10,2,98.44,0,0,2,6,2020
18-06-2020,140.1,10,2,48.12,0,0,3,6,2020
19-06-2020,180.9,10,2,16.29,0,0,4,6,2020
20-06-2020,162.1,10,2,44.23,0,0,5,6,2020
21-06-2020,169.4,10,2,46.4,1,0,6,6,2020
22-06-2020,184.7,10,2,22.22,0,0,0,6,2020
23-06-2020,127.3,10,2,78.18,0,0,1,6,2020
24-06-2020,150.4,10,2,71.55,1,0,2,6,2020
25-06-2020,129.7,10,2,59.44,0,0,3,6,2020
26-06-2020,159.3,10,2,35.09,0,0,4,6,2020
27-06-2020,193.4,10,2,46.9,0,1,5,6,2020
28-06-2020,122.4,10,2,90.09,0,0,6,6,2020
29-06-2020,123.0,10,2,81.96,0,0,0,6,2020
30-06-2020,124.3,10,2,69.3,0,0,1,6,2020
01-07-2020,154.2,10,2,51.55,1,0,2,7,2020
02-07-2020,125.1,10,2,39.66,0,0,3,7,2020
03-07-2020,126.5,10,2,37.96,0,0,4,7,2020
04-07-2020,67.2,10,2,99.18,0,0,5,7,2020
05-07-2020,108.4,10,2,52.31,0,0,6,7,2020
06-07-2020,147.9,10,2,37.78,1,0,0,7,2020
07-07-2020,79.9,10,2,86.96,0,0,1,7,2020
08-07-2020,166.6,10,2,17.41,1,0,2,7,2020
09-07-2020,115.4,10,2,38.99,0,0,3,7,2020
10-07-2020,131.7,10,2,16.53,0,0,4,7,2020
11-07-2020,110.4,10,2,47.9,0,0,5,7,2020
12-07-2020,167.9,10,2,32.09,0,1,6,7,2020
13-07-2020,102.4,10,2,51.75,0,0,0,7,2020
01-01-2020,163.0,10,3,87.16,0,0,2,1,2020
02-01-2020,239.9,10,3,11.32,0,0,3,1,2020
03-01-2020,184.6,10,3,45.85,0,0,4,1,2020
04-01-2020,196.4,10,3,41.33,0,0,5,1,2020
05-01-2020,227.0,10,3,27.16,0,0,6,1,2020
06-01-2020,139.1,10,3,87.92,0,0,0,1,2020
07-01-2020,200.0,10,3,54.78,0,0,1,1,2020
08-01-2020,162.8,10,3,94.12,1,0,2,1,2020
09-01-2020,155.6,10,3,88.06,1,0,3,1,2020
10-01-2020,211.4,10,3,32.04,0,0,4,1,2020
11-01-2020,232.7,10,3,19.58,0,0,5,1,2020
12-01-2020,241.6,10,3,40.44,0,1,6,1,2020
13-01-2020,206.7,10,3,70.99,1,0,0,1,2020
14-01-2020,222.7,10,3,27.19,0,0,1,1,2020
15-01-2020,187.4,10,3,52,0,0,2,1,2020
16-01-2020,182.5,10,3,51.57,0,0,3,1,2020
17-01-2020,142.7,10,3,98.09,0,0,4,1,2020
18-01-2020,293.5,10,3,38.5,0,1,5,1,2020
19-01-2020,250.7,10,3,22.14,1,0,6,1,2020
20-01-2020,178.2,10,3,48.56,0,0,0,1,2020
21-01-2020,206.4,10,3,43.59,0,0,1,1,2020
22-01-2020,228.6,10,3,14.16,0,0,2,1,2020
23-01-2020,150.3,10,3,93.7,0,0,3,1,2020
24-01-2020,144.0,10,3,94.58,0,0,4,1,2020
25-01-2020,194.0,10,3,59.07,0,0,5,1,2020
26-01-2020,164.3,10,3,78.42,0,0,6,1,2020
27-01-2020,255.6,10,3,21.06,1,0,0,1,2020
28-01-2020,290.9,10,3,12.8,1,0,1,1,2020
29-01-2020,164.5,10,3,67.45,0,0,2,1,2020
30-01-2020,210.2,10,3,23,0,0,3,1,2020
31-01-2020,159.4,10,3,63.46,0,0,4,1,2020
01-02-2020,220.7,10,3,73.03,1,0,5,2,2020
02-02-2020,159.5,10,3,80.45,0,0,6,2,2020
03-02-2020,177.5,10,3,77.11,0,0,0,2,2020
04-02-2020,243.1,10,3,51.7,1,0,1,2,2020
05-02-2020,202.7,10,3,86.62,1,0,2,2,2020
06-02-2020,202.6,10,3,89.64,1,0,3,2,2020
07-02-2020,314.2,10,3,26.67,1,0,4,2,2020
08-02-2020,314.6,10,3,28.94,1,0,5,2,2020
09-02-2020,182.2,10,3,90.19,1,0,6,2,2020
10-02-2020,170.1,10,3,86.75,0,0,0,2,2020
11-02-2020,269.4,10,3,13.02,0,0,1,2,2020
12-02-2020,230.1,10,3,28.92,0,0,2,2,2020
13-02-2020,165.0,10,3,95.78,0,0,3,2,2020
14-02-2020,153.4,10,3,91.78,0,0,4,2,2020
15-02-2020,199.7,10,3,43.03,0,0,5,2,2020
16-02-2020,140.8,10,3,91.22,0,0,6,2,2020
17-02-2020,176.7,10,3,70.64,0,0,0,2,2020
18-02-2020,306.1,10,3,20.92,1,0,1,2,2020
19-02-2020,189.0,10,3,93.02,1,0,2,2,2020
20-02-2020,260.2,10,3,53.47,1,0,3,2,2020
21-02-2020,223.2,10,3,66.52,1,0,4,2,2020
22-02-2020,180.4,10,3,91.57,1,0,5,2,2020
23-02-2020,303.0,10,3,17.53,1,0,6,2,2020
24-02-2020,195.3,10,3,66.49,0,0,0,2,2020
25-02-2020,206.6,10,3,70.62,0,0,1,2,2020
26-02-2020,318.0,10,3,14.37,1,0,2,2,2020
27-02-2020,151.1,10,3,85.13,0,0,3,2,2020
28-02-2020,183.8,10,3,97.87,1,0,4,2,2020
29-02-2020,191.4,10,3,68.78,0,0,5,2,2020
01-03-2020,254.8,10,3,27.74,0,0,6,3,2020
02-03-2020,177.3,10,3,86.73,0,0,0,3,2020
03-03-2020,304.0,10,3,28.22,1,0,1,3,2020
04-03-2020,256.0,10,3,30.96,0,0,2,3,2020
05-03-2020,236.4,10,3,50.95,0,0,3,3,2020
06-03-2020,147.9,10,3,94.84,0,0,4,3,2020
07-03-2020,267.2,10,3,55.59,1,0,5,3,2020
08-03-2020,209.8,10,3,58.34,0,0,6,3,2020
09-03-2020,211.5,10,3,58.14,0,0,0,3,2020
10-03-2020,265.3,10,3,16.61,0,0,1,3,2020
11-03-2020,241.8,10,3,42.64,0,0,2,3,2020
12-03-2020,226.5,10,3,51.66,0,0,3,3,2020
13-03-2020,177.3,10,3,98.88,1,0,4,3,2020
14-03-2020,265.0,10,3,31.24,0,0,5,3,2020
15-03-2020,234.9,10,3,73.25,1,0,6,3,2020
16-03-2020,290.6,10,3,52.68,0,1,0,3,2020
17-03-2020,180.0,10,3,97.03,1,0,1,3,2020
18-03-2020,191.0,10,3,85.87,1,0,2,3,2020
19-03-2020,243.0,10,3,41.76,0,0,3,3,2020
20-03-2020,258.2,10,3,67.98,1,0,4,3,2020
21-03-2020,227.0,10,3,47.18,0,0,5,3,2020
22-03-2020,196.4,10,3,54.26,0,0,6,3,2020
23-03-2020,292.6,10,3,19.06,0,0,0,3,2020
24-03-2020,174.7,10,3,79.56,0,0,1,3,2020
25-03-2020,176.9,10,3,80.91,0,0,2,3,2020
26-03-2020,279.8,10,3,23.9,0,0,3,3,2020
27-03-2020,148.7,10,3,98.28,0,0,4,3,2020
28-03-2020,218.8,10,3,47.65,0,0,5,3,2020
29-03-2020,255.4,10,3,35.26,0,0,6,3,2020
30-03-2020,210.3,10,3,90.35,1,0,0,3,2020
31-03-2020,248.2,10,3,46.19,0,0,1,3,2020
01-04-2020,246.0,10,3,31.38,0,0,2,4,2020
02-04-2020,246.5,10,3,43.62,0,0,3,4,2020
03-04-2020,212.0,10,3,66.14,0,0,4,4,2020
04-04-2020,231.6,10,3,61.49,1,0,5,4,2020
05-04-2020,250.0,10,3,18.89,0,0,6,4,2020
06-04-2020,250.5,10,3,48.64,1,0,0,4,2020
07-04-2020,228.5,10,3,58.78,1,0,1,4,2020
08-04-2020,299.8,10,3,63.98,1,1,2,4,2020
09-04-2020,149.7,10,3,86.33,0,0,3,4,2020
10-04-2020,248.6,10,3,20.1,0,0,4,4,2020
11-04-2020,291.0,10,3,29.93,1,0,5,4,2020
12-04-2020,227.8,10,3,46.36,0,0,6,4,2020
13-04-2020,249.7,10,3,26.95,0,0,0,4,2020
14-04-2020,338.4,10,3,51.4,1,1,1,4,2020
15-04-2020,173.8,10,3,80.11,0,0,2,4,2020
16-04-2020,198.0,10,3,56.61,0,0,3,4,2020
17-04-2020,154.4,10,3,82.16,0,0,4,4,2020
18-04-2020,161.7,10,3,93.78,0,0,5,4,2020
19-04-2020,262.8,10,3,44.34,1,0,6,4,2020
20-04-2020,193.2,10,3,60.83,0,0,0,4,2020
21-04-2020,251.2,10,3,16.81,0,0,1,4,2020
22-04-2020,234.8,10,3,61.59,1,0,2,4,2020
23-04-2020,226.1,10,3,37.96,0,0,3,4,2020
24-04-2020,309.9,10,3,15.34,1,0,4,4,2020
25-04-2020,254.3,10,3,34.52,0,0,5,4,2020
26-04-2020,254.2,10,3,28.04,0,0,6,4,2020
27-04-2020,267.7,10,3,42.84,1,0,0,4,2020
28-04-2020,192.0,10,3,62.9,0,0,1,4,2020
29-04-2020,223.3,10,3,72.7,1,0,2,4,2020
30-04-2020,188.2,10,3,93.87,1,0,3,4,2020
01-05-2020,207.8,10,3,61.95,1,0,4,5,2020
02-05-2020,154.4,10,3,64.01,0,0,5,5,2020
03-05-2020,187.3,10,3,56.81,0,0,6,5,2020
04-05-2020,154.5,10,3,69.14,0,0,0,5,2020
05-05-2020,267.6,10,3,25.53,1,0,1,5,2020
06-05-2020,220.7,10,3,48.25,1,0,2,5,2020
07-05-2020,144.9,10,3,93.43,0,0,3,5,2020
08-05-2020,195.2,10,3,39.17,0,0,4,5,2020
09-05-2020,242.7,10,3,27.48,1,0,5,5,2020
10-05-2020,203.1,10,3,39.4,0,0,6,5,2020
11-05-2020,143.6,10,3,77.17,0,0,0,5,2020
12-05-2020,180.1,10,3,55.65,0,0,1,5,2020
13-05-2020,269.5,10,3,21.94,1,0,2,5,2020
14-05-2020,235.5,10,3,49.31,1,0,3,5,2020
15-05-2020,210.9,10,3,38.83,0,0,4,5,2020
16-05-2020,126.3,10,3,98.57,0,0,5,5,2020
17-05-2020,255.9,10,3,40.73,1,0,6,5,2020
18-05-2020,174.8,10,3,53.33,0,0,0,5,2020
19-05-2020,220.7,10,3,53.17,1,0,1,5,2020
20-05-2020,245.2,10,3,15.05,0,0,2,5,2020
21-05-2020,215.9,10,3,31.16,0,0,3,5,2020
22-05-2020,111.6,10,3,96.68,0,0,4,5,2020
23-05-2020,248.9,10,3,15.71,0,0,5,5,2020
24-05-2020,223.8,10,3,28.79,0,0,6,5,2020
25-05-2020,215.5,10,3,19.28,0,0,0,5,2020
26-05-2020,226.9,10,3,21.19,0,0,1,5,2020
27-05-2020,178.3,10,3,81.76,1,0,2,5,2020
28-05-2020,182.5,10,3,70.86,1,0,3,5,2020
29-05-2020,227.7,10,3,57.71,0,1,4,5,2020
30-05-2020,225.2,10,3,51.52,1,0,5,5,2020
31-05-2020,213.9,10,3,24,0,0,6,5,2020
01-06-2020,125.0,10,3,96.19,0,0,0,6,2020
02-06-2020,140.4,10,3,62.51,0,0,1,6,2020
03-06-2020,191.4,10,3,13.51,0,0,2,6,2020
04-06-2020,132.9,10,3,71.98,0,0,3,6,2020
05-06-2020,140.1,10,3,80.41,1,0,4,6,2020
06-06-2020,128.9,10,3,59.29,0,0,5,6,2020
07-06-2020,152.7,10,3,37.06,0,0,6,6,2020
08-06-2020,172.0,10,3,17.56,0,0,0,6,2020
09-06-2020,228.5,10,3,14.26,1,0,1,6,2020
10-06-2020,141.0,10,3,80.05,1,0,2,6,2020
11-06-2020,145.3,10,3,57.33,0,0,3,6,2020
12-06-2020,178.7,10,3,10.58,0,0,4,6,2020
13-06-2020,164.9,10,3,58.46,1,0,5,6,2020
14-06-2020,108.4,10,3,88.89,0,0,6,6,2020
15-06-2020,166.1,10,3,29.39,0,0,0,6,2020
16-06-2020,118.6,10,3,86.93,0,0,1,6,2020
17-06-2020,123.0,10,3,81.81,0,0,2,6,2020
18-06-2020,155.5,10,3,64.95,1,0,3,6,2020
19-06-2020,151.2,10,3,83.15,1,0,4,6,2020
20-06-2020,127.3,10,3,60.09,0,0,5,6,2020
21-06-2020,217.2,10,3,53.48,1,1,6,6,2020
22-06-2020,181.6,10,3,43.75,1,0,0,6,2020
23-06-2020,168.1,10,3,62.22,0,1,1,6,2020
24-06-2020,100.4,10,3,94.97,0,0,2,6,2020
25-06-2020,159.0,10,3,59.13,0,0,3,6,2020
26-06-2020,165.6,10,3,25.69,0,0,4,6,2020
27-06-2020,164.1,10,3,34.91,0,0,5,6,2020
28-06-2020,193.4,10,3,82.29,1,1,6,6,2020
29-06-2020,146.0,10,3,77.05,0,1,0,6,2020
30-06-2020,125.1,10,3,99.24,1,0,1,6,2020
01-07-2020,123.8,10,3,64.01,0,1,2,7,2020
02-07-2020,168.5,10,3,20.92,0,1,3,7,2020
03-07-2020,101.0,10,3,76.52,1,0,4,7,2020
04-07-2020,91.4,10,3,74.66,0,0,5,7,2020
05-07-2020,83.2,10,3,70.52,0,0,6,7,2020
06-07-2020,188.4,10,3,34.15,1,1,0,7,2020
07-07-2020,128.0,10,3,20.87,0,0,1,7,2020
08-07-2020,112.1,10,3,86.7,0,1,2,7,2020
09-07-2020,202.0,10,3,39.43,1,1,3,7,2020
10-07-2020,121.5,10,3,24.84,0,0,4,7,2020
11-07-2020,143.6,10,3,21.01,0,0,5,7,2020
12-07-2020,111.8,10,3,39.74,0,0,6,7,2020
13-07-2020,88.7,10,3,96.74,0,0,0,7,2020
