synthetic_sales_data.csv
date,sales,store_id,product_id,price,promotion,holiday,weekday,month,year
01-01-2020,143.3,10,4,86.18,0,0,2,1,2020
02-01-2020,232.3,10,4,59.28,1,0,3,1,2020
03-01-2020,167.1,10,4,60.28,0,0,4,1,2020
04-01-2020,179.3,10,4,45.35,0,0,5,1,2020
05-01-2020,190.2,10,4,39.74,0,0,6,1,2020
06-01-2020,217.9,10,4,25.42,0,0,0,1,2020
07-01-2020,197.8,10,4,73.58,1,0,1,1,2020
08-01-2020,212.5,10,4,40.56,0,0,2,1,2020
09-01-2020,198.8,10,4,66.44,1,0,3,1,2020
10-01-2020,238.3,10,4,10.39,0,0,4,1,2020
11-01-2020,234.5,10,4,61.85,0,1,5,1,2020
12-01-2020,237.3,10,4,14.29,0,0,6,1,2020
13-01-2020,121.8,10,4,85.61,0,0,0,1,2020
14-01-2020,195.1,10,4,52.49,0,0,1,1,2020
15-01-2020,149.6,10,4,89.14,0,0,2,1,2020
16-01-2020,177.1,10,4,83.66,1,0,3,1,2020
17-01-2020,192.4,10,4,42.67,0,0,4,1,2020
18-01-2020,201.4,10,4,63.62,1,0,5,1,2020
19-01-2020,114.7,10,4,97.9,0,0,6,1,2020
20-01-2020,149.1,10,4,82.95,0,0,0,1,2020
21-01-2020,198.9,10,4,68.35,1,0,1,1,2020
22-01-2020,183.9,10,4,50.94,0,0,2,1,2020
23-01-2020,341.2,10,4,30.86,1,1,3,1,2020
24-01-2020,149.1,10,4,79.97,0,0,4,1,2020
25-01-2020,158.9,10,4,87.09,1,0,5,1,2020
26-01-2020,275.9,10,4,20.56,1,0,6,1,2020
27-01-2020,181.9,10,4,85.28,1,0,0,1,2020
28-01-2020,228.3,10,4,10.73,0,0,1,1,2020
29-01-2020,182.4,10,4,48.35,0,0,2,1,2020
30-01-2020,182.5,10,4,42.87,0,0,3,1,2020
31-01-2020,228.5,10,4,32.59,0,0,4,1,2020
01-02-2020,260.2,10,4,29.27,0,0,5,2,2020
02-02-2020,197.7,10,4,49.22,0,0,6,2,2020
03-02-2020,234.9,10,4,19.56,0,0,0,2,2020
04-02-2020,143.7,10,4,88.66,0,0,1,2,2020
05-02-2020,212.4,10,4,59.44,0,0,2,2,2020
06-02-2020,160.3,10,4,92.81,0,0,3,2,2020
07-02-2020,312.3,10,4,27.95,0,1,4,2,2020
08-02-2020,231.2,10,4,37.35,0,0,5,2,2020
09-02-2020,212.3,10,4,91.61,0,1,6,2,2020
10-02-2020,239.5,10,4,27.47,0,0,0,2,2020
11-02-2020,169.2,10,4,83.61,0,0,1,2,2020
12-02-2020,180.4,10,4,79.35,0,0,2,2,2020
13-02-2020,291.7,10,4,29.58,1,0,3,2,2020
14-02-2020,231.9,10,4,40.3,0,0,4,2,2020
15-02-2020,214.9,10,4,69.82,1,0,5,2,2020
16-02-2020,209.7,10,4,42.24,0,0,6,2,2020
17-02-2020,220.7,10,4,75.88,1,0,0,2,2020
18-02-2020,228.6,10,4,70.8,0,1,1,2,2020
19-02-2020,240.8,10,4,57.41,1,0,2,2,2020
20-02-2020,204.5,10,4,53.72,0,0,3,2,2020
21-02-2020,208.5,10,4,49.46,0,0,4,2,2020
22-02-2020,259.6,10,4,16.88,0,0,5,2,2020
23-02-2020,280.0,10,4,54.41,0,1,6,2,2020
24-02-2020,243.4,10,4,28.23,0,0,0,2,2020
25-02-2020,335.1,10,4,19.67,0,1,1,2,2020
26-02-2020,272.1,10,4,48.63,1,0,2,2,2020
27-02-2020,174.8,10,4,91.48,1,0,3,2,2020
28-02-2020,312.3,10,4,20.71,1,0,4,2,2020
29-02-2020,215.3,10,4,70.62,1,0,5,2,2020
01-03-2020,196.9,10,4,79.34,0,0,6,3,2020
02-03-2020,187.4,10,4,72.36,0,0,0,3,2020
03-03-2020,179.8,10,4,79.44,0,0,1,3,2020
04-03-2020,221.3,10,4,41.46,0,0,2,3,2020
05-03-2020,241.2,10,4,78.18,1,0,3,3,2020
06-03-2020,206.6,10,4,61.53,0,0,4,3,2020
07-03-2020,181.6,10,4,73.69,0,0,5,3,2020
08-03-2020,194.9,10,4,95.17,1,0,6,3,2020
09-03-2020,191.5,10,4,88.43,1,0,0,3,2020
10-03-2020,237.0,10,4,40.71,0,0,1,3,2020
11-03-2020,205.3,10,4,93.7,1,0,2,3,2020
12-03-2020,281.7,10,4,19.85,0,0,3,3,2020
13-03-2020,361.3,10,4,18.38,0,1,4,3,2020
14-03-2020,162.2,10,4,98.71,0,0,5,3,2020
15-03-2020,228.0,10,4,76.68,1,0,6,3,2020
16-03-2020,205.2,10,4,64.41,0,0,0,3,2020
17-03-2020,245.3,10,4,25.04,0,0,1,3,2020
18-03-2020,182.8,10,4,69.06,0,0,2,3,2020
19-03-2020,238.5,10,4,74.66,1,0,3,3,2020
20-03-2020,233.3,10,4,45.69,0,0,4,3,2020
21-03-2020,206.5,10,4,79.76,1,0,5,3,2020
22-03-2020,285.8,10,4,12.1,0,0,6,3,2020
23-03-2020,190.6,10,4,73.26,0,0,0,3,2020
24-03-2020,262.1,10,4,49.76,1,0,1,3,2020
25-03-2020,196.5,10,4,73.04,0,0,2,3,2020
26-03-2020,289.6,10,4,15.74,0,0,3,3,2020
27-03-2020,213.9,10,4,56.86,0,0,4,3,2020
28-03-2020,185.2,10,4,99.03,0,0,5,3,2020
29-03-2020,273.8,10,4,44.67,1,0,6,3,2020
30-03-2020,166.1,10,4,85.32,0,0,0,3,2020
31-03-2020,225.6,10,4,59.19,0,0,1,3,2020
01-04-2020,277.3,10,4,36.46,1,0,2,4,2020
02-04-2020,204.8,10,4,61.6,0,0,3,4,2020
03-04-2020,191.5,10,4,85.99,1,0,4,4,2020
04-04-2020,223.5,10,4,85,0,1,5,4,2020
05-04-2020,228.9,10,4,43.47,0,0,6,4,2020
06-04-2020,202.6,10,4,47.99,0,0,0,4,2020
07-04-2020,316.6,10,4,67,1,1,1,4,2020
08-04-2020,233.3,10,4,55.98,1,0,2,4,2020
09-04-2020,251.4,10,4,30.36,0,0,3,4,2020
10-04-2020,264.3,10,4,20.11,0,0,4,4,2020
11-04-2020,162.2,10,4,82.62,0,0,5,4,2020
12-04-2020,270.0,10,4,20.94,0,0,6,4,2020
13-04-2020,216.1,10,4,85.51,0,1,0,4,2020
14-04-2020,225.1,10,4,47.36,0,0,1,4,2020
15-04-2020,242.2,10,4,34.23,0,0,2,4,2020
16-04-2020,216.2,10,4,70.29,1,0,3,4,2020
17-04-2020,190.6,10,4,66.85,0,0,4,4,2020
18-04-2020,207.2,10,4,92.01,1,0,5,4,2020
19-04-2020,204.3,10,4,59.61,0,0,6,4,2020
20-04-2020,331.5,10,4,26.46,0,1,0,4,2020
21-04-2020,156.0,10,4,88.24,0,0,1,4,2020
22-04-2020,222.2,10,4,54.14,0,0,2,4,2020
23-04-2020,232.4,10,4,91.23,1,1,3,4,2020
24-04-2020,157.8,10,4,95.61,0,0,4,4,2020
25-04-2020,300.1,10,4,48.91,0,1,5,4,2020
26-04-2020,239.0,10,4,22.06,0,0,6,4,2020
27-04-2020,211.8,10,4,60.59,0,0,0,4,2020
28-04-2020,236.3,10,4,30.79,0,0,1,4,2020
29-04-2020,160.8,10,4,85.77,0,0,2,4,2020
30-04-2020,188.1,10,4,91.23,1,0,3,4,2020
01-05-2020,173.3,10,4,52.26,0,0,4,5,2020
02-05-2020,178.4,10,4,57.04,0,0,5,5,2020
03-05-2020,228.6,10,4,38.15,1,0,6,5,2020
04-05-2020,124.4,10,4,97.91,0,0,0,5,2020
05-05-2020,134.6,10,4,88.19,0,0,1,5,2020
06-05-2020,255.1,10,4,64.24,1,1,2,5,2020
07-05-2020,257.2,10,4,80.53,1,1,3,5,2020
08-05-2020,156.7,10,4,80.64,0,0,4,5,2020
09-05-2020,200.7,10,4,44.7,0,0,5,5,2020
10-05-2020,187.4,10,4,87.35,0,1,6,5,2020
11-05-2020,208.6,10,4,29.48,0,0,0,5,2020
12-05-2020,222.9,10,4,18.93,0,0,1,5,2020
13-05-2020,114.9,10,4,99.15,0,0,2,5,2020
14-05-2020,191.5,10,4,77.53,1,0,3,5,2020
15-05-2020,141.5,10,4,89.88,0,0,4,5,2020
16-05-2020,178.5,10,4,81.44,1,0,5,5,2020
17-05-2020,202.6,10,4,25.53,0,0,6,5,2020
18-05-2020,189.0,10,4,32.66,0,0,0,5,2020
19-05-2020,214.4,10,4,36,0,0,1,5,2020
20-05-2020,258.0,10,4,33.46,1,0,2,5,2020
21-05-2020,174.3,10,4,71.09,0,0,3,5,2020
22-05-2020,157.0,10,4,76.72,0,0,4,5,2020
23-05-2020,182.6,10,4,88.59,0,1,5,5,2020
24-05-2020,168.9,10,4,65.65,0,0,6,5,2020
25-05-2020,188.7,10,4,67.17,1,0,0,5,2020
26-05-2020,250.6,10,4,10.08,0,0,1,5,2020
27-05-2020,178.8,10,4,95.43,1,0,2,5,2020
28-05-2020,152.0,10,4,90.98,1,0,3,5,2020
29-05-2020,133.1,10,4,98.14,0,0,4,5,2020
30-05-2020,202.5,10,4,40.63,0,0,5,5,2020
31-05-2020,246.1,10,4,25.7,1,0,6,5,2020
01-06-2020,203.4,10,4,18.21,1,0,0,6,2020
02-06-2020,155.0,10,4,96.03,0,1,1,6,2020
03-06-2020,113.3,10,4,84.07,0,0,2,6,2020
04-06-2020,178.5,10,4,51.94,1,0,3,6,2020
05-06-2020,181.0,10,4,49.57,1,0,4,6,2020
06-06-2020,152.6,10,4,77.47,1,0,5,6,2020
07-06-2020,148.6,10,4,55.76,0,0,6,6,2020
08-06-2020,137.8,10,4,41.29,0,0,0,6,2020
09-06-2020,195.5,10,4,10.03,0,0,1,6,2020
10-06-2020,171.9,10,4,54.61,1,0,2,6,2020
11-06-2020,217.4,10,4,39.79,1,0,3,6,2020
12-06-2020,129.5,10,4,72.26,0,0,4,6,2020
13-06-2020,166.0,10,4,28.84,0,0,5,6,2020
14-06-2020,163.1,10,4,40.31,0,0,6,6,2020
15-06-2020,126.7,10,4,79.98,0,0,0,6,2020
16-06-2020,160.0,10,4,53.97,1,0,1,6,2020
17-06-2020,143.2,10,4,75.14,0,0,2,6,2020
18-06-2020,162.0,10,4,40.79,0,0,3,6,2020
19-06-2020,157.0,10,4,41.26,0,0,4,6,2020
20-06-2020,118.2,10,4,86.52,0,0,5,6,2020
21-06-2020,162.1,10,4,25.94,0,0,6,6,2020
22-06-2020,224.5,10,4,10.1,1,0,0,6,2020
23-06-2020,146.9,10,4,70.06,1,0,1,6,2020
24-06-2020,168.1,10,4,34.66,0,0,2,6,2020
25-06-2020,109.9,10,4,96.53,0,0,3,6,2020
26-06-2020,187.8,10,4,39.71,1,0,4,6,2020
27-06-2020,100.9,10,4,98.73,0,0,5,6,2020
28-06-2020,124.4,10,4,87.99,0,0,6,6,2020
29-06-2020,122.8,10,4,84.83,0,0,0,6,2020
30-06-2020,195.5,10,4,40.79,1,0,1,6,2020
01-07-2020,115.4,10,4,74.02,1,0,2,7,2020
02-07-2020,159.6,10,4,40.48,0,1,3,7,2020
03-07-2020,133.8,10,4,14.08,0,0,4,7,2020
04-07-2020,141.7,10,4,39.53,1,0,5,7,2020
05-07-2020,115.7,10,4,67.43,1,0,6,7,2020
06-07-2020,148.0,10,4,37.92,1,0,0,7,2020
07-07-2020,85.7,10,4,70.2,0,0,1,7,2020
08-07-2020,89.9,10,4,57.13,0,0,2,7,2020
09-07-2020,146.0,10,4,21.22,0,0,3,7,2020
10-07-2020,77.7,10,4,97.97,0,0,4,7,2020
11-07-2020,78.2,10,4,90.25,0,0,5,7,2020
12-07-2020,117.7,10,4,77.24,1,0,6,7,2020
13-07-2020,105.7,10,4,70.98,1,0,0,7,2020
01-01-2020,167.7,10,5,61.82,0,0,2,1,2020
02-01-2020,213.2,10,5,37.66,0,0,3,1,2020
03-01-2020,235.6,10,5,79.93,1,1,4,1,2020
04-01-2020,219.7,10,5,28.73,0,0,5,1,2020
05-01-2020,245.5,10,5,38.76,0,1,6,1,2020
06-01-2020,154.7,10,5,90.38,0,0,0,1,2020
07-01-2020,157.7,10,5,77.9,0,0,1,1,2020
08-01-2020,136.5,10,5,92.42,0,0,2,1,2020
09-01-2020,175.2,10,5,60.84,0,0,3,1,2020
10-01-2020,273.2,10,5,16.88,1,0,4,1,2020
11-01-2020,176.5,10,5,52.75,0,0,5,1,2020
12-01-2020,173.8,10,5,56.68,0,0,6,1,2020
13-01-2020,210.8,10,5,26.51,0,0,0,1,2020
14-01-2020,207.5,10,5,34.18,0,0,1,1,2020
15-01-2020,205.7,10,5,51.08,0,0,2,1,2020
16-01-2020,211.0,10,5,71.34,0,1,3,1,2020
17-01-2020,188.0,10,5,78.59,1,0,4,1,2020
18-01-2020,175.6,10,5,94.92,1,0,5,1,2020
19-01-2020,160.0,10,5,97.94,1,0,6,1,2020
20-01-2020,217.8,10,5,66.51,1,0,0,1,2020
21-01-2020,171.1,10,5,86.12,1,0,1,1,2020
22-01-2020,223.0,10,5,49.35,1,0,2,1,2020
23-01-2020,133.9,10,5,84.01,0,0,3,1,2020
24-01-2020,288.1,10,5,10.71,1,0,4,1,2020
25-01-2020,197.3,10,5,48.18,0,0,5,1,2020
26-01-2020,172.4,10,5,60.96,0,0,6,1,2020
27-01-2020,203.8,10,5,20.1,0,0,0,1,2020
28-01-2020,203.6,10,5,31.4,0,0,1,1,2020
29-01-2020,219.5,10,5,28.61,0,0,2,1,2020
30-01-2020,199.3,10,5,45.31,0,0,3,1,2020
31-01-2020,196.7,10,5,36.45,0,0,4,1,2020
01-02-2020,208.5,10,5,43.83,0,0,5,2,2020
02-02-2020,265.2,10,5,50.98,1,0,6,2,2020
03-02-2020,261.7,10,5,31.65,0,0,0,2,2020
04-02-2020,228.1,10,5,69.73,1,0,1,2,2020
05-02-2020,185.5,10,5,73.49,0,0,2,2,2020
06-02-2020,238.5,10,5,36.24,0,0,3,2,2020
07-02-2020,251.5,10,5,16.02,0,0,4,2,2020
08-02-2020,161.2,10,5,76.35,0,0,5,2,2020
09-02-2020,227.6,10,5,75.66,0,1,6,2,2020
10-02-2020,270.3,10,5,43.29,1,0,0,2,2020
11-02-2020,222.8,10,5,84.33,0,1,1,2,2020
12-02-2020,168.9,10,5,77.84,0,0,2,2,2020
13-02-2020,177.8,10,5,83.82,0,0,3,2,2020
14-02-2020,212.6,10,5,42.57,0,0,4,2,2020
15-02-2020,258.7,10,5,16.75,0,0,5,2,2020
16-02-2020,184.7,10,5,68.13,0,0,6,2,2020
17-02-2020,264.6,10,5,18.45,0,0,0,2,2020
18-02-2020,274.9,10,5,40.47,1,0,1,2,2020
19-02-2020,340.9,10,5,17.98,0,1,2,2,2020
20-02-2020,229.8,10,5,32.52,0,0,3,2,2020
21-02-2020,247.8,10,5,20.64,0,0,4,2,2020
22-02-2020,171.4,10,5,89.01,0,0,5,2,2020
23-02-2020,211.7,10,5,55.59,0,0,6,2,2020
24-02-2020,190.7,10,5,66.74,0,0,0,2,2020
25-02-2020,232.8,10,5,44.44,0,0,1,2,2020
26-02-2020,203.8,10,5,60.66,0,0,2,2,2020
27-02-2020,228.1,10,5,32.8,0,0,3,2,2020
28-02-2020,284.9,10,5,35.32,1,0,4,2,2020
29-02-2020,209.6,10,5,61.96,0,0,5,2,2020
01-03-2020,221.9,10,5,61.85,0,0,6,3,2020
02-03-2020,253.5,10,5,38.53,0,0,0,3,2020
03-03-2020,331.5,10,5,13.11,1,0,1,3,2020
04-03-2020,239.3,10,5,72.45,1,0,2,3,2020
05-03-2020,233.3,10,5,50.83,0,0,3,3,2020
06-03-2020,204.4,10,5,83.34,1,0,4,3,2020
07-03-2020,279.7,10,5,48.44,1,0,5,3,2020
08-03-2020,232.8,10,5,68.6,1,0,6,3,2020
09-03-2020,229.8,10,5,39.6,0,0,0,3,2020
10-03-2020,247.4,10,5,66.27,1,0,1,3,2020
11-03-2020,251.8,10,5,40.1,0,0,2,3,2020
12-03-2020,229.6,10,5,73.03,1,0,3,3,2020
13-03-2020,252.2,10,5,29.23,0,0,4,3,2020
14-03-2020,174.8,10,5,96.7,0,0,5,3,2020
15-03-2020,238.2,10,5,28.94,0,0,6,3,2020
16-03-2020,183.4,10,5,92.79,1,0,0,3,2020
17-03-2020,255.6,10,5,36.61,0,0,1,3,2020
18-03-2020,215.1,10,5,80.22,1,0,2,3,2020
19-03-2020,313.3,10,5,27.64,1,0,3,3,2020
20-03-2020,326.0,10,5,11.58,1,0,4,3,2020
21-03-2020,191.9,10,5,68.81,0,0,5,3,2020
22-03-2020,236.6,10,5,39.82,0,0,6,3,2020
23-03-2020,249.8,10,5,38.43,0,0,0,3,2020
24-03-2020,200.4,10,5,91.95,1,0,1,3,2020
25-03-2020,317.3,10,5,39.74,0,1,2,3,2020
26-03-2020,228.0,10,5,82.91,0,1,3,3,2020
27-03-2020,264.1,10,5,80.04,1,1,4,3,2020
28-03-2020,202.0,10,5,90.64,1,0,5,3,2020
29-03-2020,141.1,10,5,95.89,0,0,6,3,2020
30-03-2020,214.9,10,5,55.92,0,0,0,3,2020
31-03-2020,281.7,10,5,39.63,1,0,1,3,2020
01-04-2020,252.3,10,5,24.14,0,0,2,4,2020
02-04-2020,258.1,10,5,24.95,0,0,3,4,2020
03-04-2020,308.4,10,5,23.56,1,0,4,4,2020
04-04-2020,230.9,10,5,29.82,0,0,5,4,2020
05-04-2020,230.2,10,5,44.76,0,0,6,4,2020
06-04-2020,193.6,10,5,68.72,0,0,0,4,2020
07-04-2020,176.0,10,5,76.48,0,0,1,4,2020
08-04-2020,218.5,10,5,62.8,0,0,2,4,2020
09-04-2020,153.6,10,5,98.71,0,0,3,4,2020
10-04-2020,257.0,10,5,18.29,0,0,4,4,2020
11-04-2020,223.5,10,5,72.53,1,0,5,4,2020
12-04-2020,169.6,10,5,82.29,0,0,6,4,2020
13-04-2020,277.6,10,5,34.36,1,0,0,4,2020
14-04-2020,273.8,10,5,57.72,0,1,1,4,2020
15-04-2020,197.5,10,5,58.61,0,0,2,4,2020
16-04-2020,265.3,10,5,22.56,0,0,3,4,2020
17-04-2020,165.0,10,5,96.61,0,0,4,4,2020
18-04-2020,181.6,10,5,66.28,0,0,5,4,2020
19-04-2020,227.8,10,5,80.25,0,1,6,4,2020
20-04-2020,357.9,10,5,42.5,1,1,0,4,2020
21-04-2020,239.0,10,5,26.6,0,0,1,4,2020
22-04-2020,200.3,10,5,48.99,0,0,2,4,2020
23-04-2020,251.7,10,5,31.1,0,0,3,4,2020
24-04-2020,215.7,10,5,52.84,0,0,4,4,2020
25-04-2020,152.9,10,5,93.29,0,0,5,4,2020
26-04-2020,174.3,10,5,82.01,0,0,6,4,2020
27-04-2020,302.6,10,5,41.3,0,1,0,4,2020
28-04-2020,202.2,10,5,45.53,0,0,1,4,2020
29-04-2020,292.4,10,5,18.4,1,0,2,4,2020
30-04-2020,268.9,10,5,40.1,1,0,3,4,2020
01-05-2020,282.0,10,5,52.04,1,1,4,5,2020
02-05-2020,226.8,10,5,30,0,0,5,5,2020
03-05-2020,203.4,10,5,41.91,0,0,6,5,2020
04-05-2020,209.2,10,5,38.32,0,0,0,5,2020
05-05-2020,171.0,10,5,68.13,0,0,1,5,2020
06-05-2020,230.9,10,5,10.68,0,0,2,5,2020
07-05-2020,130.8,10,5,94.76,0,0,3,5,2020
08-05-2020,163.9,10,5,59.01,0,0,4,5,2020
09-05-2020,258.0,10,5,28.02,1,0,5,5,2020
10-05-2020,190.1,10,5,77.71,1,0,6,5,2020
11-05-2020,237.7,10,5,42.54,1,0,0,5,2020
12-05-2020,224.1,10,5,18.82,0,0,1,5,2020
13-05-2020,215.4,10,5,21.39,0,0,2,5,2020
14-05-2020,178.9,10,5,53.48,0,0,3,5,2020
15-05-2020,277.6,10,5,52.54,1,1,4,5,2020
16-05-2020,182.0,10,5,56.34,0,0,5,5,2020
17-05-2020,197.6,10,5,53.2,1,0,6,5,2020
18-05-2020,200.9,10,5,69.71,1,0,0,5,2020
19-05-2020,292.8,10,5,11.64,1,0,1,5,2020
20-05-2020,232.6,10,5,17.86,0,0,2,5,2020
21-05-2020,222.1,10,5,15.55,0,0,3,5,2020
22-05-2020,140.3,10,5,98.34,0,0,4,5,2020
23-05-2020,194.7,10,5,43.4,0,0,5,5,2020
24-05-2020,152.1,10,5,76.69,0,0,6,5,2020
25-05-2020,278.6,10,5,30.22,0,1,0,5,2020
26-05-2020,196.0,10,5,41.78,0,0,1,5,2020
27-05-2020,197.7,10,5,62.33,0,0,2,5,2020
28-05-2020,201.2,10,5,45.15,0,0,3,5,2020
29-05-2020,255.8,10,5,38.48,0,1,4,5,2020
30-05-2020,224.7,10,5,62.06,0,1,5,5,2020
31-05-2020,141.6,10,5,92.07,0,0,6,5,2020
01-06-2020,194.5,10,5,39.48,1,0,0,6,2020
02-06-2020,199.6,10,5,87.39,1,1,1,6,2020
03-06-2020,232.6,10,5,52.39,1,1,2,6,2020
04-06-2020,181.0,10,5,39.33,1,0,3,6,2020
05-06-2020,137.5,10,5,48.48,0,0,4,6,2020
06-06-2020,160.5,10,5,61.68,1,0,5,6,2020
07-06-2020,196.4,10,5,41.69,1,0,6,6,2020
08-06-2020,164.8,10,5,48.92,0,0,0,6,2020
09-06-2020,120.7,10,5,76.18,0,0,1,6,2020
10-06-2020,135.8,10,5,57.7,0,0,2,6,2020
11-06-2020,167.2,10,5,44.73,0,0,3,6,2020
12-06-2020,115.5,10,5,89.76,0,0,4,6,2020
13-06-2020,158.4,10,5,34.73,0,0,5,6,2020
14-06-2020,193.6,10,5,86.02,1,1,6,6,2020
15-06-2020,200.9,10,5,23.81,1,0,0,6,2020
16-06-2020,192.0,10,5,54.14,1,0,1,6,2020
17-06-2020,171.5,10,5,33.48,0,0,2,6,2020
18-06-2020,136.4,10,5,87.01,0,0,3,6,2020
19-06-2020,121.9,10,5,81.66,0,0,4,6,2020
20-06-2020,144.5,10,5,64.59,0,0,5,6,2020
21-06-2020,246.0,10,5,11.74,0,1,6,6,2020
22-06-2020,146.9,10,5,35.83,0,0,0,6,2020
23-06-2020,137.1,10,5,65.66,0,0,1,6,2020
24-06-2020,171.0,10,5,15.69,0,0,2,6,2020
25-06-2020,158.3,10,5,31.87,0,0,3,6,2020
26-06-2020,123.7,10,5,76.96,0,0,4,6,2020
27-06-2020,159.9,10,5,33.29,0,0,5,6,2020
28-06-2020,133.4,10,5,90.05,0,1,6,6,2020
29-06-2020,217.5,10,5,26.77,1,0,0,6,2020
30-06-2020,204.6,10,5,20.17,0,0,1,6,2020
01-07-2020,125.5,10,5,32.1,0,0,2,7,2020
02-07-2020,115.4,10,5,46.96,0,0,3,7,2020
03-07-2020,87.5,10,5,83.65,0,0,4,7,2020
04-07-2020,140.7,10,5,56.57,1,0,5,7,2020
05-07-2020,105.9,10,5,91.14,1,0,6,7,2020
06-07-2020,65.1,10,5,97.03,0,0,0,7,2020
07-07-2020,140.0,10,5,28.55,0,0,1,7,2020
08-07-2020,112.7,10,5,25.62,0,0,2,7,2020
09-07-2020,140.1,10,5,18.26,0,0,3,7,2020
10-07-2020,168.0,10,5,13.95,1,0,4,7,2020
11-07-2020,143.0,10,5,40.91,1,0,5,7,2020
12-07-2020,70.2,10,5,92.01,0,0,6,7,2020
13-07-2020,99.3,10,5,68.18,0,0,0,7,2020
